******************************************************************************
            TI ARM Clang Linker Unix v1.3.0                    
******************************************************************************
>> Linked Fri Mar 25 02:50:18 2022

OUTPUT FILE NAME:   <sbl_ospi.debug.out>
ENTRY POINT SYMBOL: "_vectors_sbl"  address: 70000000


MEMORY CONFIGURATION

         name            origin    length      used     unused   attr    fill
----------------------  --------  ---------  --------  --------  ----  --------
  R5F_VECS              00000000   00000040  00000000  00000040  RWIX
  R5F_TCMA              00000040   00007fc0  00000000  00007fc0  RWIX
  R5F_TCMB0             41010000   00008000  00000000  00008000  RWIX
  MSRAM_VECS            70000000   00000100  00000040  000000c0  RWIX
  MSRAM_0               70000100   0006ff00  00031e30  0003e0d0  RWIX
  MSRAM_1               70070000   00010000  00007780  00008880  RWIX


SEGMENT ALLOCATION MAP

run origin  load origin   length   init length attrs members
----------  ----------- ---------- ----------- ----- -------
70000000    70000000    00000040   00000040    r-x
  70000000    70000000    00000040   00000040    r-x .vectors
70000100    70000100    0002d8d0   0002d8d0    r-x
  70000100    70000100    0002bfa0   0002bfa0    r-x .text
  7002c0a0    7002c0a0    00000e90   00000e90    r-x .text.hwi
  7002cf30    7002cf30    00000550   00000550    r-x .text.cache
  7002d480    7002d480    000003f0   000003f0    r-x .text.mpu
  7002d870    7002d870    00000160   00000160    r-x .text.boot
7002d9d0    7002d9d0    00002900   00002900    rw-
  7002d9d0    7002d9d0    00002900   00002900    rw- .data
700302d0    700302d0    00001c60   00001c60    r--
  700302d0    700302d0    00001c60   00001c60    r-- .rodata
70070000    70070000    00006380   00000000    rw-
  70070000    70070000    00004000   00000000    rw- .stack
  70074000    70074000    00002380   00000000    rw- .bss
70076380    70076380    00001400   00000000    r--
  70076380    70076380    00001000   00000000    r-- .irqstack
  70077380    70077380    00000100   00000000    r-- .fiqstack
  70077480    70077480    00000100   00000000    r-- .svcstack
  70077580    70077580    00000100   00000000    r-- .abortstack
  70077680    70077680    00000100   00000000    r-- .undefinedstack


SECTION ALLOCATION MAP

 output                                  attributes/
section   page    origin      length       input sections
--------  ----  ----------  ----------   ----------------
.vectors   0    70000000    00000040     
                  70000000    00000040     nortos.am64x.r5f.ti-arm-clang.debug.lib : HwiP_armv7r_vectors_nortos_sbl_asm.obj (.vectors)

.text      0    70000100    0002bfa0     
                  70000100    000011d0     nortos.am64x.r5f.ti-arm-clang.debug.lib : printf.obj (.text._vsnprintf)
                  700012d0    00000de8     drivers.am64x.r5f.ti-arm-clang.debug.lib : ospi_phy.obj (.text.OSPI_phyFindOTP1)
                  700020b8    00000008     libc.a : exit.c.obj (.text:abort)
                  700020c0    00000980     drivers.am64x.r5f.ti-arm-clang.debug.lib : sciclient_rm_irq.obj (.text.Sciclient_rmIrqRouteValidate)
                  70002a40    0000095c                                              : udma_rm.obj (.text.Udma_rmInit)
                  7000339c    00000004     libclang_rt.builtins.a : aeabi_memcpy.S.obj (.text)
                  700033a0    0000089c     drivers.am64x.r5f.ti-arm-clang.debug.lib : ospi_phy.obj (.text.OSPI_phyFindOTP2)
                  70003c3c    00000004     --HOLE-- [fill = 0]
                  70003c40    0000078c     nortos.am64x.r5f.ti-arm-clang.debug.lib : printf.obj (.text._ftoa)
                  700043cc    00000004     --HOLE-- [fill = 0]
                  700043d0    00000644     drivers.am64x.r5f.ti-arm-clang.debug.lib : udma_ch.obj (.text.Udma_chAllocResource)
                  70004a14    0000000c     --HOLE-- [fill = 0]
                  70004a20    00000620     nortos.am64x.r5f.ti-arm-clang.debug.lib : printf.obj (.text._etoa)
                  70005040    000005e8     drivers.am64x.r5f.ti-arm-clang.debug.lib : udma_ch.obj (.text.Udma_chDisableTxChan)
                  70005628    00000008     --HOLE-- [fill = 0]
                  70005630    000005ac                                              : udma_rmcfg_common.obj (.text.UdmaRmInitPrms_init)
                  70005bdc    00000004     --HOLE-- [fill = 0]
                  70005be0    00000574                                              : udma_event.obj (.text.Udma_eventConfig)
                  70006154    0000000c     --HOLE-- [fill = 0]
                  70006160    00000554                                              : udma_soc.obj (.text.Udma_initDrvHandle)
                  700066b4    0000000c     --HOLE-- [fill = 0]
                  700066c0    00000524                                              : sciclient_rm_irq.obj (.text.Sciclient_rmIrqGetRoute)
                  70006be4    0000000c     --HOLE-- [fill = 0]
                  70006bf0    000004e8                                              : sciclient.obj (.text.Sciclient_service)
                  700070d8    00000008     --HOLE-- [fill = 0]
                  700070e0    000004e4                                              : udma_ch.obj (.text.Udma_chDisableRxChan)
                  700075c4    0000000c     --HOLE-- [fill = 0]
                  700075d0    000004c0                                              : udma_event.obj (.text.Udma_eventReset)
                  70007a90    000004bc     main.obj (.text.main)
                  70007f4c    00000004     --HOLE-- [fill = 0]
                  70007f50    00000438     drivers.am64x.r5f.ti-arm-clang.debug.lib : csl_bcdma.obj (.text.CSL_bcdmaChanOpCfgChan)
                  70008388    00000008     --HOLE-- [fill = 0]
                  70008390    0000042c     nortos.am64x.r5f.ti-arm-clang.debug.lib : TimerP.obj (.text.TimerP_setup)
                  700087bc    00000004     --HOLE-- [fill = 0]
                  700087c0    00000408     drivers.am64x.r5f.ti-arm-clang.debug.lib : uart_v0.obj (.text.UART_open)
                  70008bc8    00000008     --HOLE-- [fill = 0]
                  70008bd0    00000404     nortos.am64x.r5f.ti-arm-clang.debug.lib : printf.obj (.text._ntoa_format)
                  70008fd4    0000000c     --HOLE-- [fill = 0]
                  70008fe0    00000400     drivers.am64x.r5f.ti-arm-clang.debug.lib : sciclient_rm_irq.obj (.text.Sciclient_rmIrqFindRoute)
                  700093e0    000003f8                                              : ospi_v0.obj (.text.OSPI_programInstance)
                  700097d8    00000008     --HOLE-- [fill = 0]
                  700097e0    000003f8                                              : udma_event.obj (.text.Udma_eventAllocResource)
                  70009bd8    00000008     --HOLE-- [fill = 0]
                  70009be0    000003e0                                              : udma_event.obj (.text.Udma_eventRegister)
                  70009fc0    000003d8                                              : udma_rm.obj (.text.Udma_rmSetSharedResRmInitPrms)
                  7000a398    00000008     --HOLE-- [fill = 0]
                  7000a3a0    000003d4                                              : uart_v0.obj (.text.UART_fifoConfig)
                  7000a774    0000000c     --HOLE-- [fill = 0]
                  7000a780    000003c4                                              : ospi_dma_udma.obj (.text.OspiDma_udmaOpen)
                  7000ab44    0000000c     --HOLE-- [fill = 0]
                  7000ab50    000003c0                                              : uart_v0.obj (.text.UART_masterIsr)
                  7000af10    000003b8                                              : udma_ch.obj (.text.Udma_chConfigRx)
                  7000b2c8    00000008     --HOLE-- [fill = 0]
                  7000b2d0    000003b0                                              : udma_ch.obj (.text.Udma_chDisableBlkCpyChan)
                  7000b680    000003a8                                              : udma_rm.obj (.text.Udma_rmDeinit)
                  7000ba28    00000008     --HOLE-- [fill = 0]
                  7000ba30    000003a4                                              : lpddr4_16bit.obj (.text.LPDDR4_INTR_SanityFunction1)
                  7000bdd4    0000000c     --HOLE-- [fill = 0]
                  7000bde0    0000039c                                              : udma_ring_common.obj (.text.Udma_ringAlloc)
                  7000c17c    00000004     --HOLE-- [fill = 0]
                  7000c180    00000384                                              : udma_ch.obj (.text.Udma_chFreeResource)
                  7000c504    0000000c     --HOLE-- [fill = 0]
                  7000c510    00000380                                              : lpddr4_16bit.obj (.text.LPDDR4_INTR_SanityFunction2)
                  7000c890    0000036c                                              : uart_v0.obj (.text.UART_write)
                  7000cbfc    00000004     --HOLE-- [fill = 0]
                  7000cc00    00000368     board.am64x.r5f.ti-arm-clang.debug.lib : flash_nor_xspi.obj (.text.Flash_norXspiOpen)
                  7000cf68    00000008     --HOLE-- [fill = 0]
                  7000cf70    00000334     drivers.am64x.r5f.ti-arm-clang.debug.lib : bootloader_soc.obj (.text.Bootloader_socCpuResetRelease)
                  7000d2a4    0000000c     --HOLE-- [fill = 0]
                  7000d2b0    0000032c                                              : soc.obj (.text.SOC_moduleSetClockFrequency)
                  7000d5dc    00000004     --HOLE-- [fill = 0]
                  7000d5e0    00000310                                              : udma_flow.obj (.text.Udma_flowConfig)
                  7000d8f0    0000030c                                              : ospi_v0.obj (.text.OSPI_open)
                  7000dbfc    00000004     --HOLE-- [fill = 0]
                  7000dc00    000002e0                                              : bootloader_soc.obj (.text.Bootloader_socCpuPowerOnResetR5f)
                  7000dee0    000002b8                                              : sciclient_rm_irq.obj (.text.Sciclient_rmClearInterruptRoute)
                  7000e198    00000008     --HOLE-- [fill = 0]
                  7000e1a0    000002a8                                              : ospi_v0.obj (.text.OSPI_readDirect)
                  7000e448    00000008     --HOLE-- [fill = 0]
                  7000e450    000002a8                                              : sciclient_rm_irq.obj (.text.Sciclient_rmProgramInterruptRoute)
                  7000e6f8    00000008     --HOLE-- [fill = 0]
                  7000e700    0000029c                                              : ospi_dma_udma.obj (.text.OspiDma_udmaUpdateSubmitTR)
                  7000e99c    00000004     --HOLE-- [fill = 0]
                  7000e9a0    00000298                                              : csl_bcdma.obj (.text.CSL_bcdmaChanOp)
                  7000ec38    00000008     --HOLE-- [fill = 0]
                  7000ec40    00000298                                              : udma_ch.obj (.text.Udma_chConfigTx)
                  7000eed8    00000008     --HOLE-- [fill = 0]
                  7000eee0    00000290                                              : sciclient_rm_irq.obj (.text.Sciclient_rmIrqProgramRoute)
                  7000f170    00000290                                              : udma_ch.obj (.text.Udma_chOpen)
                  7000f400    00000284                                              : bootloader_soc.obj (.text.Bootloader_socCpuResetReleaseSelf)
                  7000f684    0000000c     --HOLE-- [fill = 0]
                  7000f690    00000280                                              : csl_lcdma_ringacc.obj (.text.CSL_lcdma_ringaccDequeue)
                  7000f910    0000027c                                              : csl_bcdma.obj (.text.CSL_bcdmaChanOpTeardownChan)
                  7000fb8c    00000004     --HOLE-- [fill = 0]
                  7000fb90    0000027c                                              : uart_v0.obj (.text.UART_close)
                  7000fe0c    00000004     --HOLE-- [fill = 0]
                  7000fe10    00000270                                              : ospi_v0.obj (.text.OSPI_writeIndirect)
                  70010080    00000268                                              : bootloader.obj (.text.Bootloader_verifyMulticoreImage)
                  700102e8    00000008     --HOLE-- [fill = 0]
                  700102f0    00000264                                              : udma_ch.obj (.text.Udma_chEnableLocal)
                  70010554    0000000c     --HOLE-- [fill = 0]
                  70010560    00000260                                              : sciclient_rm_irq.obj (.text.Sciclient_rmIrqDeleteRoute)
                  700107c0    00000260                                              : uart_v0.obj (.text.UART_procLineStatusErr)
                  70010a20    00000258                                              : ospi_v0.obj (.text.OSPI_readCmd)
                  70010c78    00000008     --HOLE-- [fill = 0]
                  70010c80    00000250                                              : csl_bcdma.obj (.text.CSL_bcdmaChanOpGetChanStats)
                  70010ed0    00000250     board.am64x.r5f.ti-arm-clang.debug.lib : flash_nor_xspi.obj (.text.Flash_norXspiWrite)
                  70011120    00000250     drivers.am64x.r5f.ti-arm-clang.debug.lib : uart_v0.obj (.text.UART_configInstance)
                  70011370    00000248                                              : udma_rm.obj (.text.Udma_rmAllocMappedRxCh)
                  700115b8    00000008     --HOLE-- [fill = 0]
                  700115c0    00000248                                              : udma_rm.obj (.text.Udma_rmAllocMappedTxCh)
                  70011808    00000008     --HOLE-- [fill = 0]
                  70011810    00000244                                              : lpddr4.obj (.text.LPDDR4_INTR_SanityFunction3)
                  70011a54    0000000c     --HOLE-- [fill = 0]
                  70011a60    00000244                                              : ospi_v0.obj (.text.OSPI_writeCmd)
                  70011ca4    0000000c     --HOLE-- [fill = 0]
                  70011cb0    0000023c                                              : sciclient.obj (.text.Sciclient_sendMessage)
                  70011eec    00000004     --HOLE-- [fill = 0]
                  70011ef0    00000220                                              : lpddr4.obj (.text.LPDDR4_INTR_SanityFunction4)
                  70012110    00000218                                              : bootloader.obj (.text.Bootloader_parseMultiCoreAppImage)
                  70012328    00000008     --HOLE-- [fill = 0]
                  70012330    00000218                                              : sciclient_rm_irq.obj (.text.Sciclient_rmIrqVintDelete)
                  70012548    00000008     --HOLE-- [fill = 0]
                  70012550    00000214                                              : udma_event.obj (.text.Udma_eventCheckParams)
                  70012764    0000000c     --HOLE-- [fill = 0]
                  70012770    00000210                                              : udma_rm.obj (.text.Udma_rmAllocMappedRing)
                  70012980    0000020c                                              : udma_ch.obj (.text.Udma_chAssignRegOverlay)
                  70012b8c    00000004     --HOLE-- [fill = 0]
                  70012b90    00000204                                              : bootloader.obj (.text.Bootloader_rprcImageLoad)
                  70012d94    0000000c     --HOLE-- [fill = 0]
                  70012da0    00000200     nortos.am64x.r5f.ti-arm-clang.debug.lib : ClockP_nortos_r5.obj (.text.ClockP_init)
                  70012fa0    00000200     drivers.am64x.r5f.ti-arm-clang.debug.lib : sciclient_rm_irq.obj (.text.Sciclient_rmIaValidateMapping)
                  700131a0    000001fc                                              : udma_rm.obj (.text.Udma_rmAllocBlkCopyCh)
                  7001339c    00000004     --HOLE-- [fill = 0]
                  700133a0    000001fc                                              : udma_rm.obj (.text.Udma_rmAllocBlkCopyHcCh)
                  7001359c    00000004     --HOLE-- [fill = 0]
                  700135a0    000001fc                                              : udma_rm.obj (.text.Udma_rmAllocBlkCopyUhcCh)
                  7001379c    00000004     --HOLE-- [fill = 0]
                  700137a0    000001fc                                              : udma_rm.obj (.text.Udma_rmAllocIrIntr)
                  7001399c    00000004     --HOLE-- [fill = 0]
                  700139a0    000001fc                                              : udma_rm.obj (.text.Udma_rmAllocRxCh)
                  70013b9c    00000004     --HOLE-- [fill = 0]
                  70013ba0    000001fc                                              : udma_rm.obj (.text.Udma_rmAllocRxHcCh)
                  70013d9c    00000004     --HOLE-- [fill = 0]
                  70013da0    000001fc                                              : udma_rm.obj (.text.Udma_rmAllocRxUhcCh)
                  70013f9c    00000004     --HOLE-- [fill = 0]
                  70013fa0    000001fc                                              : udma_rm.obj (.text.Udma_rmAllocTxCh)
                  7001419c    00000004     --HOLE-- [fill = 0]
                  700141a0    000001fc                                              : udma_rm.obj (.text.Udma_rmAllocTxHcCh)
                  7001439c    00000004     --HOLE-- [fill = 0]
                  700143a0    000001fc                                              : udma_rm.obj (.text.Udma_rmAllocTxUhcCh)
                  7001459c    00000004     --HOLE-- [fill = 0]
                  700145a0    000001f8                                              : sciclient.obj (.text.Sciclient_recvMessage)
                  70014798    00000008     --HOLE-- [fill = 0]
                  700147a0    000001f8                                              : udma_ring_lcdma.obj (.text.Udma_ringSetCfgLcdma)
                  70014998    00000008     --HOLE-- [fill = 0]
                  700149a0    000001f4                                              : sciclient_rm_irq.obj (.text.Sciclient_rmIrqVintAdd)
                  70014b94    0000000c     --HOLE-- [fill = 0]
                  70014ba0    000001f4     nortos.am64x.r5f.ti-arm-clang.debug.lib : printf.obj (.text._ntoa_long_long)
                  70014d94    0000000c     --HOLE-- [fill = 0]
                  70014da0    000001ec     drivers.am64x.r5f.ti-arm-clang.debug.lib : csl_lcdma_ringacc.obj (.text.CSL_lcdma_ringaccPop64MultiAccess)
                  70014f8c    00000004     --HOLE-- [fill = 0]
                  70014f90    000001ec                                              : ddr.obj (.text.DDR_start)
                  7001517c    00000004     --HOLE-- [fill = 0]
                  70015180    000001e8                                              : bootloader.obj (.text.Bootloader_getMsgLen)
                  70015368    00000008     --HOLE-- [fill = 0]
                  70015370    000001e4                                              : csl_lcdma_ringacc.obj (.text.CSL_lcdma_ringaccPush64MultiAccess)
                  70015554    0000000c     --HOLE-- [fill = 0]
                  70015560    000001e0                                              : bootloader.obj (.text.Bootloader_loadSelfCpu)
                  70015740    000001d0                                              : udma_event.obj (.text.Udma_eventIsrFxn)
                  70015910    000001cc                                              : csl_bcdma.obj (.text.CSL_bcdmaChanOpDecChanStats)
                  70015adc    00000004     --HOLE-- [fill = 0]
                  70015ae0    000001cc                                              : lpddr4_16bit.obj (.text.LPDDR4_AckCtlInterrupt_4)
                  70015cac    00000004     --HOLE-- [fill = 0]
                  70015cb0    000001c8                                              : csl_pktdma.obj (.text.CSL_pktdmaTeardownChan)
                  70015e78    00000008     --HOLE-- [fill = 0]
                  70015e80    000001c4                                              : lpddr4_16bit.obj (.text.LPDDR4_AckCtlInterrupt)
                  70016044    0000000c     --HOLE-- [fill = 0]
                  70016050    000001c4                                              : sciclient_pm.obj (.text.Sciclient_pmQueryModuleClkFreq)
                  70016214    0000000c     --HOLE-- [fill = 0]
                  70016220    000001c4     nortos.am64x.r5f.ti-arm-clang.debug.lib : SemaphoreP_nortos.obj (.text.SemaphoreP_pend)
                  700163e4    0000000c     --HOLE-- [fill = 0]
                  700163f0    000001c4     drivers.am64x.r5f.ti-arm-clang.debug.lib : uart_v0.obj (.text.UART_divisorLatchWrite)
                  700165b4    0000000c     --HOLE-- [fill = 0]
                  700165c0    000001c0                                              : sciclient_rm_irq.obj (.text.Sciclient_rmIaValidateEvt)
                  70016780    000001b4                                              : lpddr4_16bit.obj (.text.LPDDR4_CheckCtlInterrupt)
                  70016934    0000000c     --HOLE-- [fill = 0]
                  70016940    000001b0                                              : bootloader_soc.obj (.text.Bootloader_socCpuPowerOnResetM4f)
                  70016af0    000001b0     board.am64x.r5f.ti-arm-clang.debug.lib : flash_nor_xspi.obj (.text.Flash_norXspiErase)
                  70016ca0    000001b0     drivers.am64x.r5f.ti-arm-clang.debug.lib : sciclient_rm_irq.obj (.text.Sciclient_rmIrGetOutp)
                  70016e50    000001a8     nortos.am64x.r5f.ti-arm-clang.debug.lib : printf.obj (.text._ntoa_long)
                  70016ff8    00000008     --HOLE-- [fill = 0]
                  70017000    000001a0     drivers.am64x.r5f.ti-arm-clang.debug.lib : udma.obj (.text.Udma_init)
                  700171a0    0000019c                                              : udma_event.obj (.text.Udma_eventFreeResource)
                  7001733c    00000004     --HOLE-- [fill = 0]
                  70017340    00000198     board.am64x.r5f.ti-arm-clang.debug.lib : flash_nor_xspi.obj (.text.Flash_norXspiWaitReady)
                  700174d8    00000008     --HOLE-- [fill = 0]
                  700174e0    00000194     drivers.am64x.r5f.ti-arm-clang.debug.lib : sciclient_rm_irq.obj (.text.Sciclient_rmTranslateIntOutput)
                  70017674    0000000c     --HOLE-- [fill = 0]
                  70017680    00000190     board.am64x.r5f.ti-arm-clang.debug.lib : flash_nor_xspi.obj (.text.Flash_norXspiReadId)
                  70017810    0000018c     nortos.am64x.r5f.ti-arm-clang.debug.lib : AddrTranslateP.obj (.text.AddrTranslateP_getLocalAddr)
                  7001799c    00000004     --HOLE-- [fill = 0]
                  700179a0    0000018c     drivers.am64x.r5f.ti-arm-clang.debug.lib : sciclient.obj (.text.Sciclient_getVersionCheck)
                  70017b2c    00000004     --HOLE-- [fill = 0]
                  70017b30    00000188                                              : sciclient_pm.obj (.text.Sciclient_pmSetModuleClkFreq)
                  70017cb8    00000008     --HOLE-- [fill = 0]
                  70017cc0    00000184                                              : ddr.obj (.text.DDR_changeFreqAck)
                  70017e44    0000000c     --HOLE-- [fill = 0]
                  70017e50    00000184                                              : udma_event.obj (.text.Udma_eventCheckUnRegister)
                  70017fd4    0000000c     --HOLE-- [fill = 0]
                  70017fe0    00000180                                              : csl_bcdma.obj (.text.CSL_bcdmaChanOpGetChanRT)
                  70018160    00000180                                              : lpddr4_16bit.obj (.text.LPDDR4_AckCtlInterrupt_3)
                  700182e0    00000180                                              : udma_rm.obj (.text.Udma_rmGetSciclientDefaultBoardCfgRmRange)
                  70018460    0000017c                                              : lpddr4_16bit.obj (.text.LPDDR4_CheckCtlInterrupt_2)
                  700185dc    00000004     --HOLE-- [fill = 0]
                  700185e0    0000017c                                              : sciclient_rm_irq.obj (.text.Sciclient_rmIrqGetNode)
                  7001875c    00000004     --HOLE-- [fill = 0]
                  70018760    0000017c                                              : sciclient.obj (.text.Sciclient_waitForMessage)
                  700188dc    00000004     --HOLE-- [fill = 0]
                  700188e0    0000017c                                              : udma_event.obj (.text.Udma_eventUnRegister)
                  70018a5c    00000004     --HOLE-- [fill = 0]
                  70018a60    00000178                                              : udma_ring_common.obj (.text.Udma_ringCheckParams)
                  70018bd8    00000008     --HOLE-- [fill = 0]
                  70018be0    00000170                                              : uart_v0.obj (.text.UART_writePolling)
                  70018d50    00000170                                              : udma_ring_common.obj (.text.Udma_ringFree)
                  70018ec0    00000168                                              : uart_v0.obj (.text.UART_intrEnable)
                  70019028    00000008     --HOLE-- [fill = 0]
                  70019030    00000164                                              : csl_bcdma.obj (.text.CSL_bcdmaChanOpSetBurstSize)
                  70019194    0000000c     --HOLE-- [fill = 0]
                  700191a0    00000164                                              : ospi_phy.obj (.text.OSPI_phyResyncDLL)
                  70019304    0000000c     --HOLE-- [fill = 0]
                  70019310    00000164                                              : sciclient_soc_priv.obj (.text.Sciclient_getContext)
                  70019474    0000000c     --HOLE-- [fill = 0]
                  70019480    00000164                                              : udma_ch.obj (.text.Udma_chClose)
                  700195e4    0000000c     --HOLE-- [fill = 0]
                  700195f0    00000160     board.am64x.r5f.ti-arm-clang.debug.lib : flash_nor_xspi.obj (.text.Flash_norXspiSetDummyCycles)
                  70019750    00000160     drivers.am64x.r5f.ti-arm-clang.debug.lib : sciclient_rm_irq.obj (.text.Sciclient_rmIrInpIsFree)
                  700198b0    00000160                                              : sciclient_rm_irq.obj (.text.Sciclient_rmIrqIsVintRouteSet)
                  70019a10    00000160                                              : uart_v0.obj (.text.UART_intrDisable)
                  70019b70    00000154                                              : csl_bcdma.obj (.text.CSL_bcdmaChanOpAccessRemotePeerReg)
                  70019cc4    0000000c     --HOLE-- [fill = 0]
                  70019cd0    00000154     nortos.am64x.r5f.ti-arm-clang.debug.lib : printf.obj (.text._out_rev)
                  70019e24    0000000c     --HOLE-- [fill = 0]
                  70019e30    00000150     drivers.am64x.r5f.ti-arm-clang.debug.lib : lpddr4_16bit.obj (.text.LPDDR4_AckCtlInterrupt_2)
                  70019f80    00000150                                              : ospi_dma_udma.obj (.text.OspiDma_udmaCopy)
                  7001a0d0    00000150                                              : pinmux.obj (.text.Pinmux_unlockMMR)
                  7001a220    0000014c     nortos.am64x.r5f.ti-arm-clang.debug.lib : ClockP_nortos.obj (.text.ClockP_stop)
                  7001a36c    00000004     --HOLE-- [fill = 0]
                  7001a370    0000014c     board.am64x.r5f.ti-arm-clang.debug.lib : flash.obj (.text.Flash_offsetToBlkPage)
                  7001a4bc    00000004     --HOLE-- [fill = 0]
                  7001a4c0    0000014c     drivers.am64x.r5f.ti-arm-clang.debug.lib : sciclient_procboot.obj (.text.Sciclient_procBootWaitProcessorState)
                  7001a60c    00000004     --HOLE-- [fill = 0]
                  7001a610    00000148                                              : lpddr4.obj (.text.LPDDR4_ReadReg)
                  7001a758    00000008     --HOLE-- [fill = 0]
                  7001a760    00000148                                              : udma.obj (.text.Udma_deinit)
                  7001a8a8    00000008     --HOLE-- [fill = 0]
                  7001a8b0    00000144                                              : udma_rm.obj (.text.Udma_rmAllocVintrBit)
                  7001a9f4    0000000c     --HOLE-- [fill = 0]
                  7001aa00    00000140                                              : csl_pktdma.obj (.text.CSL_pktdmaAccessChanPeerReg)
                  7001ab40    00000140                                              : uart_v0.obj (.text.UART_fifoWrite)
                  7001ac80    00000140                                              : uart_v0.obj (.text.UART_flushTxFifo)
                  7001adc0    00000140                                              : udma_ch.obj (.text.UdmaChRxPrms_init)
                  7001af00    00000140                                              : udma_soc.obj (.text.Udma_getMappedChRingAttributes)
                  7001b040    0000013c     nortos.am64x.r5f.ti-arm-clang.debug.lib : ClockP_nortos.obj (.text.ClockP_timerTickIsr)
                  7001b17c    00000004     --HOLE-- [fill = 0]
                  7001b180    0000013c     drivers.am64x.r5f.ti-arm-clang.debug.lib : lpddr4_16bit.obj (.text.LPDDR4_CheckCtlInterrupt_4)
                  7001b2bc    00000004     --HOLE-- [fill = 0]
                  7001b2c0    0000013c                                              : ospi_v0.obj (.text.OSPI_flashExecCmd)
                  7001b3fc    00000004     --HOLE-- [fill = 0]
                  7001b400    0000013c                                              : udma_ch.obj (.text.UdmaChTxPrms_init)
                  7001b53c    00000004     --HOLE-- [fill = 0]
                  7001b540    0000013c                                              : udma_ring_lcdma.obj (.text.Udma_ringSetDoorBellLcdma)
                  7001b67c    00000004     --HOLE-- [fill = 0]
                  7001b680    00000138     nortos.am64x.r5f.ti-arm-clang.debug.lib : ClockP_nortos.obj (.text.ClockP_addToList)
                  7001b7b8    00000008     --HOLE-- [fill = 0]
                  7001b7c0    00000138     drivers.am64x.r5f.ti-arm-clang.debug.lib : lpddr4.obj (.text.LPDDR4_WriteReg)
                  7001b8f8    00000008     --HOLE-- [fill = 0]
                  7001b900    00000138                                              : udma_ch.obj (.text.Udma_chDisable)
                  7001ba38    00000008     --HOLE-- [fill = 0]
                  7001ba40    00000130     ti_board_open_close.obj (.text.Board_flashOpen)
                  7001bb70    00000130     drivers.am64x.r5f.ti-arm-clang.debug.lib : ospi_v0.obj (.text.OSPI_close)
                  7001bca0    0000012c                                              : bootloader_profile.obj (.text.Bootloader_profilePrintProfileLog)
                  7001bdcc    00000004     --HOLE-- [fill = 0]
                  7001bdd0    0000012c                                              : udma_ch.obj (.text.Udma_chCheckParams)
                  7001befc    00000004     --HOLE-- [fill = 0]
                  7001bf00    00000128                                              : sciclient_pm.obj (.text.Sciclient_pmGetModuleClkNumParent)
                  7001c028    00000008     --HOLE-- [fill = 0]
                  7001c030    00000124     nortos.am64x.r5f.ti-arm-clang.debug.lib : ClockP_nortos.obj (.text.ClockP_destruct)
                  7001c154    0000000c     --HOLE-- [fill = 0]
                  7001c160    00000120     drivers.am64x.r5f.ti-arm-clang.debug.lib : udma_flow.obj (.text.UdmaFlowPrms_init)
                  7001c280    0000011c                                              : csl_bcdma.obj (.text.CSL_bcdmaChanOpSetChanRT)
                  7001c39c    00000004     --HOLE-- [fill = 0]
                  7001c3a0    0000011c     ti_drivers_open_close.obj (.text.Drivers_uartOpen)
                  7001c4bc    00000004     --HOLE-- [fill = 0]
                  7001c4c0    0000011c     drivers.am64x.r5f.ti-arm-clang.debug.lib : ospi_phy.obj (.text.OSPI_phyTuneDDR)
                  7001c5dc    00000004     --HOLE-- [fill = 0]
                  7001c5e0    0000011c                                              : sciclient_pm.obj (.text.Sciclient_pmGetModuleClkFreq)
                  7001c6fc    00000004     --HOLE-- [fill = 0]
                  7001c700    00000118     ti_drivers_open_close.obj (.text.Drivers_ospiOpen)
                  7001c818    00000008     --HOLE-- [fill = 0]
                  7001c820    00000118     drivers.am64x.r5f.ti-arm-clang.debug.lib : udma_ring_common.obj (.text.Udma_ringQueueRaw)
                  7001c938    00000118     libclang_rt.builtins.a : udivmoddi4.S.obj (.text)
                  7001ca50    00000114     drivers.am64x.r5f.ti-arm-clang.debug.lib : bootloader.obj (.text.Bootloader_runCpu)
                  7001cb64    0000000c     --HOLE-- [fill = 0]
                  7001cb70    00000114     board.am64x.r5f.ti-arm-clang.debug.lib : flash_nor_xspi.obj (.text.Flash_norXspiRead)
                  7001cc84    0000000c     --HOLE-- [fill = 0]
                  7001cc90    00000114     drivers.am64x.r5f.ti-arm-clang.debug.lib : sciclient_pm.obj (.text.Sciclient_pmGetModuleClkParent)
                  7001cda4    0000000c     --HOLE-- [fill = 0]
                  7001cdb0    00000114                                              : uart_v0.obj (.text.UART_init)
                  7001cec4    0000000c     --HOLE-- [fill = 0]
                  7001ced0    00000114                                              : uart_v0.obj (.text.UART_writeCancelNoCB)
                  7001cfe4    0000000c     --HOLE-- [fill = 0]
                  7001cff0    00000110                                              : csl_bcdma.obj (.text.CSL_bcdmaChanOpSetChanPause)
                  7001d100    00000110                                              : soc.obj (.text.SOC_moduleClockEnable)
                  7001d210    00000110                                              : sciclient_pm.obj (.text.Sciclient_pmModuleGetClkStatus)
                  7001d320    00000110                                              : sciclient_procboot.obj (.text.Sciclient_procBootSetSequenceCtrl)
                  7001d430    00000110                                              : udma_ring_common.obj (.text.Udma_ringDequeueRaw)
                  7001d540    0000010c                                              : bootloader_soc.obj (.text.Bootloader_socTranslateSectionAddr)
                  7001d64c    00000004     --HOLE-- [fill = 0]
                  7001d650    0000010c                                              : ddr.obj (.text.DDR_initDrv)
                  7001d75c    00000004     --HOLE-- [fill = 0]
                  7001d760    0000010c                                              : sciclient_pm.obj (.text.Sciclient_pmSetModuleClkParent)
                  7001d86c    00000004     --HOLE-- [fill = 0]
                  7001d870    0000010c                                              : udma_rm.obj (.text.Udma_rmAllocEvent)
                  7001d97c    00000004     --HOLE-- [fill = 0]
                  7001d980    0000010c                                              : udma_rm.obj (.text.Udma_rmAllocVintr)
                  7001da8c    00000004     --HOLE-- [fill = 0]
                  7001da90    00000108                                              : sciclient_pm.obj (.text.Sciclient_pmSetModuleState)
                  7001db98    00000008     --HOLE-- [fill = 0]
                  7001dba0    00000108                                              : udma_ring_lcdma.obj (.text.Udma_ringFlushRawLcdma)
                  7001dca8    00000008     --HOLE-- [fill = 0]
                  7001dcb0    00000104     board.am64x.r5f.ti-arm-clang.debug.lib : flash_nor_xspi.obj (.text.Flash_norXspiRegWrite)
                  7001ddb4    0000000c     --HOLE-- [fill = 0]
                  7001ddc0    00000104     drivers.am64x.r5f.ti-arm-clang.debug.lib : sciclient_rm_irq.obj (.text.Sciclient_rmIrInpRomMapped)
                  7001dec4    0000000c     --HOLE-- [fill = 0]
                  7001ded0    00000104                                              : sciclient_rm_irq.obj (.text.Sciclient_rmIrOutpRomMapped)
                  7001dfd4    0000000c     --HOLE-- [fill = 0]
                  7001dfe0    00000100                                              : csl_bcdma.obj (.text.CSL_bcdmaGetCfg)
                  7001e0e0    00000100                                              : csl_intaggr.obj (.text.CSL_intaggrIsIntrPending)
                  7001e1e0    00000100     board.am64x.r5f.ti-arm-clang.debug.lib : flash_nor_xspi.obj (.text.Flash_norXspiHybridSectorConfig)
                  7001e2e0    00000100     drivers.am64x.r5f.ti-arm-clang.debug.lib : ospi_dma_udma.obj (.text.OspiDma_udmaClose)
                  7001e3e0    00000100                                              : sciclient_pm.obj (.text.Sciclient_pmGetModuleState)
                  7001e4e0    00000100                                              : sciclient_rm_irq.obj (.text.Sciclient_rmIrOutpIsFree)
                  7001e5e0    00000100                                              : udma_ring_common.obj (.text.Udma_ringFlushRaw)
                  7001e6e0    000000fc                                              : ospi_v0.obj (.text.OSPI_enablePhy)
                  7001e7dc    00000004     --HOLE-- [fill = 0]
                  7001e7e0    000000fc                                              : sciclient.obj (.text.Sciclient_init)
                  7001e8dc    00000004     --HOLE-- [fill = 0]
                  7001e8e0    000000fc     ti_drivers_config.obj (.text.System_init)
                  7001e9dc    00000004     --HOLE-- [fill = 0]
                  7001e9e0    000000fc     drivers.am64x.r5f.ti-arm-clang.debug.lib : uart_v0.obj (.text.UART_subConfigTCRTLRModeEn)
                  7001eadc    00000004     --HOLE-- [fill = 0]
                  7001eae0    000000f8                                              : bootloader_soc.obj (.text.Bootloader_socCpuSetClock)
                  7001ebd8    00000008     --HOLE-- [fill = 0]
                  7001ebe0    000000f8                                              : csl_bcdma.obj (.text.CSL_bcdmaMapChanIdx)
                  7001ecd8    00000008     --HOLE-- [fill = 0]
                  7001ece0    000000f8                                              : ddr.obj (.text.DDR_setClock)
                  7001edd8    00000008     --HOLE-- [fill = 0]
                  7001ede0    000000f8                                              : ospi_v0.obj (.text.OSPI_setXferOpCodes)
                  7001eed8    00000008     --HOLE-- [fill = 0]
                  7001eee0    000000f8                                              : sciclient_procboot.obj (.text.Sciclient_procBootReleaseProcessor)
                  7001efd8    00000008     --HOLE-- [fill = 0]
                  7001efe0    000000f8                                              : sciclient_rm_irq.obj (.text.Sciclient_rmIrqCheckLoop)
                  7001f0d8    00000008     --HOLE-- [fill = 0]
                  7001f0e0    000000f0                                              : ospi_v0.obj (.text.OSPI_waitIdle)
                  7001f1d0    000000f0                                              : sciclient.obj (.text.Sciclient_waitForBootNotification)
                  7001f2c0    000000f0                                              : udma_ch.obj (.text.Udma_chPair)
                  7001f3b0    000000f0                                              : udma_ch.obj (.text.Udma_chUnpair)
                  7001f4a0    000000f0                                              : udma_rm.obj (.text.Udma_rmFreeMappedRing)
                  7001f590    000000ec                                              : bootloader.obj (.text.Bootloader_findSeq)
                  7001f67c    00000004     --HOLE-- [fill = 0]
                  7001f680    000000ec                                              : ddr.obj (.text.DDR_initHwRegs)
                  7001f76c    00000004     --HOLE-- [fill = 0]
                  7001f770    000000ec                                              : ospi_phy.obj (.text.OSPI_phyFindRxHigh)
                  7001f85c    00000004     --HOLE-- [fill = 0]
                  7001f860    000000ec                                              : ospi_phy.obj (.text.OSPI_phyFindRxLow)
                  7001f94c    00000004     --HOLE-- [fill = 0]
                  7001f950    000000ec                                              : ospi_phy.obj (.text.OSPI_phyFindTxHigh)
                  7001fa3c    00000004     --HOLE-- [fill = 0]
                  7001fa40    000000ec                                              : ospi_phy.obj (.text.OSPI_phyFindTxLow)
                  7001fb2c    00000004     --HOLE-- [fill = 0]
                  7001fb30    000000ec                                              : ospi_phy.obj (.text.OSPI_phySetRdDelayTxRxDLL)
                  7001fc1c    00000004     --HOLE-- [fill = 0]
                  7001fc20    000000ec                                              : sciclient_pm.obj (.text.Sciclient_pmModuleClkRequest)
                  7001fd0c    00000004     --HOLE-- [fill = 0]
                  7001fd10    000000ec                                              : sciclient_rm_irq.obj (.text.Sciclient_rmPsPop)
                  7001fdfc    00000004     --HOLE-- [fill = 0]
                  7001fe00    000000ec                                              : uart_v0.obj (.text.UART_Params_init)
                  7001feec    00000004     --HOLE-- [fill = 0]
                  7001fef0    000000ec                                              : uart_dma.obj (.text.UART_dmaDisableChannel)
                  7001ffdc    00000004     --HOLE-- [fill = 0]
                  7001ffe0    000000ec                                              : uart_v0.obj (.text.UART_readData)
                  700200cc    00000004     --HOLE-- [fill = 0]
                  700200d0    000000e8                                              : lpddr4.obj (.text.LPDDR4_PollCtlIrq)
                  700201b8    00000008     --HOLE-- [fill = 0]
                  700201c0    000000e8                                              : lpddr4.obj (.text.LPDDR4_PollPhyIndepIrq)
                  700202a8    00000008     --HOLE-- [fill = 0]
                  700202b0    000000e8                                              : ospi_v0.obj (.text.OSPI_setXferLines)
                  70020398    00000008     --HOLE-- [fill = 0]
                  700203a0    000000e8                                              : ospi_v0.obj (.text.OSPI_waitIndWriteComplete)
                  70020488    00000008     --HOLE-- [fill = 0]
                  70020490    000000e8                                              : soc.obj (.text.SOC_controlModuleUnlockMMR)
                  70020578    00000008     --HOLE-- [fill = 0]
                  70020580    000000e4                                              : csl_bcdma.obj (.text.CSL_bcdmaChanOpIsValidChanIdx)
                  70020664    0000000c     --HOLE-- [fill = 0]
                  70020670    000000e4                                              : csl_bcdma.obj (.text.CSL_bcdmaChanOpSetChanEnable)
                  70020754    0000000c     --HOLE-- [fill = 0]
                  70020760    000000e4     nortos.am64x.r5f.ti-arm-clang.debug.lib : ClockP_nortos.obj (.text.ClockP_getTimeUsec)
                  70020844    0000000c     --HOLE-- [fill = 0]
                  70020850    000000e4     drivers.am64x.r5f.ti-arm-clang.debug.lib : ospi_v0.obj (.text.OSPI_init)
                  70020934    0000000c     --HOLE-- [fill = 0]
                  70020940    000000e4                                              : ospi_v0.obj (.text.OSPI_isDmaRestrictedRegion)
                  70020a24    0000000c     --HOLE-- [fill = 0]
                  70020a30    000000e4                                              : uart_dma.obj (.text.UART_dmaClose)
                  70020b14    0000000c     --HOLE-- [fill = 0]
                  70020b20    000000e4                                              : uart_v0.obj (.text.UART_tcrTlrBitValRestore)
                  70020c04    0000000c     --HOLE-- [fill = 0]
                  70020c10    000000e0                                              : csl_bcdma.obj (.text.CSL_bcdmaDoChanOp)
                  70020cf0    000000e0                                              : ospi_v0.obj (.text.OSPI_disablePhy)
                  70020dd0    000000e0                                              : sciclient_rm_irq.obj (.text.Sciclient_rmIaEvtRomMapped)
                  70020eb0    000000e0                                              : uart_dma.obj (.text.UART_dmaOpen)
                  70020f90    000000dc                                              : bootloader.obj (.text.Bootloader_getX509CertLen)
                  7002106c    00000004     --HOLE-- [fill = 0]
                  70021070    000000dc                                              : bootloader_soc.obj (.text.Bootloader_socCpuGetClock)
                  7002114c    00000004     --HOLE-- [fill = 0]
                  70021150    000000dc                                              : csl_pktdma.obj (.text.CSL_pktdmaGetCfg)
                  7002122c    00000004     --HOLE-- [fill = 0]
                  70021230    000000d8                                              : bootloader.obj (.text.Bootloader_open)
                  70021308    00000008     --HOLE-- [fill = 0]
                  70021310    000000d8                                              : csl_bcdma.obj (.text.CSL_bcdmaChanOpIsChanEnabled)
                  700213e8    00000008     --HOLE-- [fill = 0]
                  700213f0    000000d8                                              : csl_lcdma_ringacc.obj (.text.CSL_lcdma_ringaccAckReverseRing)
                  700214c8    00000008     --HOLE-- [fill = 0]
                  700214d0    000000d8                                              : bootloader_flash.obj (.text.Flash_imgRead)
                  700215a8    00000008     --HOLE-- [fill = 0]
                  700215b0    000000d8                                              : lpddr4_16bit.obj (.text.LPDDR4_CheckCtlInterrupt_3)
                  70021688    00000008     --HOLE-- [fill = 0]
                  70021690    000000d8                                              : ospi_dma.obj (.text.OSPI_dmaOpen)
                  70021768    00000008     --HOLE-- [fill = 0]
                  70021770    000000d8     ti_drivers_config.obj (.text.System_deinit)
                  70021848    00000008     --HOLE-- [fill = 0]
                  70021850    000000d8     drivers.am64x.r5f.ti-arm-clang.debug.lib : udma_ch.obj (.text.Udma_chGetCqRingHandle)
                  70021928    00000008     --HOLE-- [fill = 0]
                  70021930    000000d8                                              : udma_ch.obj (.text.Udma_chGetFqRingHandle)
                  70021a08    00000008     --HOLE-- [fill = 0]
                  70021a10    000000d4                                              : csl_bcdma.obj (.text.CSL_bcdmaChanOpClearError)
                  70021ae4    0000000c     --HOLE-- [fill = 0]
                  70021af0    000000d4                                              : udma_utils.obj (.text.CSL_udmapCppi5SetReturnPolicy)
                  70021bc4    0000000c     --HOLE-- [fill = 0]
                  70021bd0    000000d4                                              : lpddr4.obj (.text.LPDDR4_StartSequenceController)
                  70021ca4    0000000c     --HOLE-- [fill = 0]
                  70021cb0    000000d4                                              : ospi_v0.obj (.text.OSPI_waitWriteSRAMLevel)
                  70021d84    0000000c     --HOLE-- [fill = 0]
                  70021d90    000000d4                                              : sciclient_rm.obj (.text.Sciclient_rmGetResourceRange)
                  70021e64    0000000c     --HOLE-- [fill = 0]
                  70021e70    000000d4                                              : udma_ch.obj (.text.Udma_chEnable)
                  70021f44    0000000c     --HOLE-- [fill = 0]
                  70021f50    000000d4                                              : udma_ring_lcdma.obj (.text.Udma_ringPrimeReadLcdma)
                  70022024    0000000c     --HOLE-- [fill = 0]
                  70022030    000000d0     board.am64x.r5f.ti-arm-clang.debug.lib : flash_nor_xspi.obj (.text.Flash_norXspiSetOpcodes)
                  70022100    000000d0     drivers.am64x.r5f.ti-arm-clang.debug.lib : uart_v0.obj (.text.UART_divisorValCompute)
                  700221d0    000000d0                                              : udma_rm.obj (.text.Udma_rmFreeVintrBit)
                  700222a0    000000cc                                              : csl_bcdma.obj (.text.CSL_bcdmaChanOpTriggerChan)
                  7002236c    00000004     --HOLE-- [fill = 0]
                  70022370    000000cc     nortos.am64x.r5f.ti-arm-clang.debug.lib : ClockP_nortos.obj (.text.ClockP_construct)
                  7002243c    00000004     --HOLE-- [fill = 0]
                  70022440    000000cc     drivers.am64x.r5f.ti-arm-clang.debug.lib : lpddr4.obj (.text.LPDDR4_WriteCtlConfig)
                  7002250c    00000004     --HOLE-- [fill = 0]
                  70022510    000000cc                                              : lpddr4.obj (.text.LPDDR4_WritePhyConfig)
                  700225dc    00000004     --HOLE-- [fill = 0]
                  700225e0    000000cc                                              : lpddr4.obj (.text.LPDDR4_WritePhyIndepConfig)
                  700226ac    00000004     --HOLE-- [fill = 0]
                  700226b0    000000cc                                              : ospi_phy.obj (.text.OSPI_phyReadAttackVector)
                  7002277c    00000004     --HOLE-- [fill = 0]
                  70022780    000000cc                                              : udma_rm.obj (.text.Udma_rmCheckResLeak)
                  7002284c    00000004     --HOLE-- [fill = 0]
                  70022850    000000c8                                              : bootloader_soc.obj (.text.Bootloader_socCpuSetEntryPoint)
                  70022918    00000008     --HOLE-- [fill = 0]
                  70022920    000000c8                                              : bootloader_soc.obj (.text.Bootloader_socGetR5fBtcmAddrAndSize)
                  700229e8    00000008     --HOLE-- [fill = 0]
                  700229f0    000000c8     nortos.am64x.r5f.ti-arm-clang.debug.lib : DebugP_log.obj (.text._DebugP_assert)
                  70022ab8    00000008     --HOLE-- [fill = 0]
                  70022ac0    000000c4     drivers.am64x.r5f.ti-arm-clang.debug.lib : bootloader_soc.obj (.text.Bootloader_socGetR5fAtcmAddrAndSize)
                  70022b84    0000000c     --HOLE-- [fill = 0]
                  70022b90    000000c4                                              : ddr.obj (.text.DDR_init)
                  70022c54    0000000c     --HOLE-- [fill = 0]
                  70022c60    000000c4                                              : pinmux.obj (.text.Pinmux_config)
                  70022d24    0000000c     --HOLE-- [fill = 0]
                  70022d30    000000c4                                              : sciclient_rm_irq.obj (.text.Sciclient_rmIaVintGetInfo)
                  70022df4    0000000c     --HOLE-- [fill = 0]
                  70022e00    000000c0                                              : csl_lcdma_ringacc.obj (.text.CSL_lcdma_ringaccCommitToForwardRing)
                  70022ec0    000000c0                                              : sciclient_pm.obj (.text.Sciclient_pmSetModuleRst_flags)
                  70022f80    000000c0                                              : sciclient_rm_irq.obj (.text.Sciclient_rmIrqCfgIsDirectEvent)
                  70023040    000000c0                                              : sciclient_rm_irq.obj (.text.Sciclient_rmIrqCfgIsDirectNonEvent)
                  70023100    000000c0                                              : sciclient_rm_irq.obj (.text.Sciclient_rmIrqCfgIsEventToVintMappingOnly)
                  700231c0    000000c0                                              : sciclient_rm_irq.obj (.text.Sciclient_rmIrqCfgIsOesOnly)
                  70023280    000000c0                                              : sciclient_rm_irq.obj (.text.Sciclient_rmIrqCfgIsUnmappedVintDirectEvent)
                  70023340    000000c0                                              : udma_utils.obj (.text.UdmaUtils_makeTrpd)
                  70023400    000000bc     nortos.am64x.r5f.ti-arm-clang.debug.lib : ClockP_nortos.obj (.text.ClockP_usleep)
                  700234bc    00000004     --HOLE-- [fill = 0]
                  700234c0    000000bc     board.am64x.r5f.ti-arm-clang.debug.lib : flash_nor_xspi.obj (.text.Flash_norXspiEnableDDR)
                  7002357c    00000004     --HOLE-- [fill = 0]
                  70023580    000000bc                                            : flash_nor_xspi.obj (.text.Flash_norXspiEnableSDR)
                  7002363c    00000004     --HOLE-- [fill = 0]
                  70023640    000000bc                                            : flash.obj (.text.Flash_open)
                  700236fc    00000004     --HOLE-- [fill = 0]
                  70023700    000000bc     drivers.am64x.r5f.ti-arm-clang.debug.lib : pinmux.obj (.text.Pinmux_lockMMR)
                  700237bc    00000004     --HOLE-- [fill = 0]
                  700237c0    000000bc                                              : sciclient.obj (.text.Sciclient_getCurrentContext)
                  7002387c    00000004     --HOLE-- [fill = 0]
                  70023880    000000bc                                              : uart_v0.obj (.text.UART_writeData)
                  7002393c    00000004     --HOLE-- [fill = 0]
                  70023940    000000bc                                              : udma_ch.obj (.text.UdmaChPrms_init)
                  700239fc    00000004     --HOLE-- [fill = 0]
                  70023a00    000000bc                                              : udma_event.obj (.text.UdmaEventPrms_init)
                  70023abc    00000004     --HOLE-- [fill = 0]
                  70023ac0    000000bc                                              : udma_rm.obj (.text.Udma_rmFreeMappedRxCh)
                  70023b7c    00000004     --HOLE-- [fill = 0]
                  70023b80    000000bc                                              : udma_rm.obj (.text.Udma_rmFreeMappedTxCh)
                  70023c3c    00000004     --HOLE-- [fill = 0]
                  70023c40    000000b8                                              : lpddr4_16bit.obj (.text.LPDDR4_EnablePIInitiator)
                  70023cf8    00000008     --HOLE-- [fill = 0]
                  70023d00    000000b8                                              : udma_utils.obj (.text.Udma_phyToVirtFxn)
                  70023db8    00000008     --HOLE-- [fill = 0]
                  70023dc0    000000b8                                              : udma_utils.obj (.text.Udma_virtToPhyFxn)
                  70023e78    00000008     --HOLE-- [fill = 0]
                  70023e80    000000b4                                              : udma_utils.obj (.text.CSL_udmapCppi5SetIds)
                  70023f34    0000000c     --HOLE-- [fill = 0]
                  70023f40    000000b4     nortos.am64x.r5f.ti-arm-clang.debug.lib : SemaphoreP_nortos.obj (.text.SemaphoreP_post)
                  70023ff4    0000000c     --HOLE-- [fill = 0]
                  70024000    000000b0     drivers.am64x.r5f.ti-arm-clang.debug.lib : bootloader.obj (.text.Bootloader_loadCpu)
                  700240b0    000000b0                                              : bootloader_soc.obj (.text.Bootloader_socCpuPowerOnResetA53)
                  70024160    000000b0                                              : bootloader_soc.obj (.text.Bootloader_socInitR5FAtcmBtcm)
                  70024210    000000b0                                              : csl_intaggr.obj (.text.CSL_intaggrClrIntr)
                  700242c0    000000ac                                              : lpddr4.obj (.text.LPDDR4_SanityFunction4)
                  7002436c    00000004     --HOLE-- [fill = 0]
                  70024370    000000ac                                              : ospi_v0.obj (.text.OSPI_getCmdExt)
                  7002441c    00000004     --HOLE-- [fill = 0]
                  70024420    000000ac                                              : ospi_v0.obj (.text.OSPI_setNumAddrBytes)
                  700244cc    00000004     --HOLE-- [fill = 0]
                  700244d0    000000ac                                              : sciclient_pm.obj (.text.Sciclient_pmSetModuleRst)
                  7002457c    00000004     --HOLE-- [fill = 0]
                  70024580    000000ac                                              : sciclient_procboot.obj (.text.Sciclient_procBootGetProcessorState)
                  7002462c    00000004     --HOLE-- [fill = 0]
                  70024630    000000a8                                              : lpddr4.obj (.text.LPDDR4_PollAndAckIrq)
                  700246d8    00000008     --HOLE-- [fill = 0]
                  700246e0    000000a8                                              : ospi_dma.obj (.text.OSPI_dmaCopy)
                  70024788    00000008     --HOLE-- [fill = 0]
                  70024790    000000a8                                              : ospi_v0.obj (.text.OSPI_writeFifoData)
                  70024838    00000008     --HOLE-- [fill = 0]
                  70024840    000000a8                                              : sciclient_rm_irq.obj (.text.Sciclient_rmIrqUnmappedVintRouteDelete)
                  700248e8    00000008     --HOLE-- [fill = 0]
                  700248f0    000000a8                                              : udma_rm.obj (.text.Udma_rmFreeBlkCopyCh)
                  70024998    00000008     --HOLE-- [fill = 0]
                  700249a0    000000a8                                              : udma_rm.obj (.text.Udma_rmFreeBlkCopyHcCh)
                  70024a48    00000008     --HOLE-- [fill = 0]
                  70024a50    000000a8                                              : udma_rm.obj (.text.Udma_rmFreeBlkCopyUhcCh)
                  70024af8    00000008     --HOLE-- [fill = 0]
                  70024b00    000000a8                                              : udma_rm.obj (.text.Udma_rmFreeEvent)
                  70024ba8    00000008     --HOLE-- [fill = 0]
                  70024bb0    000000a8                                              : udma_rm.obj (.text.Udma_rmFreeIrIntr)
                  70024c58    00000008     --HOLE-- [fill = 0]
                  70024c60    000000a8                                              : udma_rm.obj (.text.Udma_rmFreeRxCh)
                  70024d08    00000008     --HOLE-- [fill = 0]
                  70024d10    000000a8                                              : udma_rm.obj (.text.Udma_rmFreeRxHcCh)
                  70024db8    00000008     --HOLE-- [fill = 0]
                  70024dc0    000000a8                                              : udma_rm.obj (.text.Udma_rmFreeRxUhcCh)
                  70024e68    00000008     --HOLE-- [fill = 0]
                  70024e70    000000a8                                              : udma_rm.obj (.text.Udma_rmFreeTxCh)
                  70024f18    00000008     --HOLE-- [fill = 0]
                  70024f20    000000a8                                              : udma_rm.obj (.text.Udma_rmFreeTxHcCh)
                  70024fc8    00000008     --HOLE-- [fill = 0]
                  70024fd0    000000a8                                              : udma_rm.obj (.text.Udma_rmFreeTxUhcCh)
                  70025078    00000008     --HOLE-- [fill = 0]
                  70025080    000000a8                                              : udma_rm.obj (.text.Udma_rmFreeVintr)
                  70025128    00000008     --HOLE-- [fill = 0]
                  70025130    000000a4                                              : bootloader_soc.obj (.text.Bootloader_socCpuRelease)
                  700251d4    0000000c     --HOLE-- [fill = 0]
                  700251e0    000000a4                                              : uart_v0.obj (.text.UART_getChar)
                  70025284    0000000c     --HOLE-- [fill = 0]
                  70025290    000000a4                                              : uart_dma.obj (.text.UART_writeInterruptDma)
                  70025334    0000000c     --HOLE-- [fill = 0]
                  70025340    000000a0                                              : bootloader_soc.obj (.text.Bootloader_socCpuRequest)
                  700253e0    000000a0                                              : sciclient_soc_priv.obj (.text.Sciclient_getDevId)
                  70025480    000000a0                                              : sciclient_procboot.obj (.text.Sciclient_procBootAuthAndStart)
                  70025520    000000a0                                              : sciclient_procboot.obj (.text.Sciclient_procBootRequestProcessor)
                  700255c0    000000a0                                              : sciclient_rm.obj (.text.Sciclient_rmIrqSetRaw)
                  70025660    000000a0                                              : sciclient_rm.obj (.text.Sciclient_rmRingCfg)
                  70025700    000000a0                                              : sciclient_rm.obj (.text.Sciclient_rmUdmapFlowCfg)
                  700257a0    000000a0                                              : sciclient_rm.obj (.text.Sciclient_rmUdmapFlowSizeThreshCfg)
                  70025840    000000a0                                              : sciclient_rm.obj (.text.Sciclient_rmUdmapRxChCfg)
                  700258e0    000000a0                                              : sciclient_rm.obj (.text.Sciclient_rmUdmapTxChCfg)
                  70025980    000000a0                                              : sciclient_rm_irq.obj (.text.Sciclient_rmUnmappedVintRouteCreate)
                  70025a20    000000a0                                              : udma_ring_lcdma.obj (.text.Udma_ringPrimeLcdma)
                  70025ac0    0000009c                                              : bootloader_soc.obj (.text.Bootloader_socCpuPowerOnReset)
                  70025b5c    00000004     --HOLE-- [fill = 0]
                  70025b60    0000009c                                              : lpddr4.obj (.text.LPDDR4_CheckPhyIndepInterrupt)
                  70025bfc    00000004     --HOLE-- [fill = 0]
                  70025c00    0000009c                                              : sciclient_rm.obj (.text.Sciclient_rmIrqReleaseRaw)
                  70025c9c    00000004     --HOLE-- [fill = 0]
                  70025ca0    0000009c                                              : sciclient_rm.obj (.text.Sciclient_rmPsilPair)
                  70025d3c    00000004     --HOLE-- [fill = 0]
                  70025d40    0000009c                                              : sciclient_rm.obj (.text.Sciclient_rmPsilUnpair)
                  70025ddc    00000004     --HOLE-- [fill = 0]
                  70025de0    0000009c                                              : uart_v0.obj (.text.UART_regConfigModeEnable)
                  70025e7c    00000004     --HOLE-- [fill = 0]
                  70025e80    00000098                                              : csl_pktdma.obj (.text.CSL_pktdmaIsValidChanIdx)
                  70025f18    00000008     --HOLE-- [fill = 0]
                  70025f20    00000098                                              : ddr.obj (.text.DDR_probe)
                  70025fb8    00000008     --HOLE-- [fill = 0]
                  70025fc0    00000098     board.am64x.r5f.ti-arm-clang.debug.lib : flash_nor_xspi.obj (.text.Flash_norXspiResetMemory)
                  70026058    00000008     --HOLE-- [fill = 0]
                  70026060    00000098     drivers.am64x.r5f.ti-arm-clang.debug.lib : sciclient_procboot.obj (.text.Sciclient_procBootSetProcessorCfg)
                  700260f8    00000008     --HOLE-- [fill = 0]
                  70026100    00000098                                              : sciclient_rm_irq.obj (.text.Sciclient_rmIaValidateGlobalEvt)
                  70026198    00000008     --HOLE-- [fill = 0]
                  700261a0    00000098                                              : udma_ring_common.obj (.text.UdmaRingPrms_init)
                  70026238    00000008     --HOLE-- [fill = 0]
                  70026240    00000094                                              : bootloader_soc.obj (.text.Bootloader_socRprcToCslCoreId)
                  700262d4    0000000c     --HOLE-- [fill = 0]
                  700262e0    00000094     board.am64x.r5f.ti-arm-clang.debug.lib : flash.obj (.text.Flash_read)
                  70026374    0000000c     --HOLE-- [fill = 0]
                  70026380    00000094     drivers.am64x.r5f.ti-arm-clang.debug.lib : ospi_dma.obj (.text.OSPI_dmaClose)
                  70026414    0000000c     --HOLE-- [fill = 0]
                  70026420    00000090                                              : bootloader_soc.obj (.text.Bootloader_socIsAuthRequired)
                  700264b0    00000090                                              : lpddr4.obj (.text.LPDDR4_Init)
                  70026540    00000090                                              : soc.obj (.text.SOC_controlModuleLockMMR)
                  700265d0    00000090                                              : sciclient_rm_irq.obj (.text.Sciclient_rmPsPush)
                  70026660    00000090     nortos.am64x.r5f.ti-arm-clang.debug.lib : SemaphoreP_nortos.obj (.text.SemaphoreP_construct)
                  700266f0    00000090     drivers.am64x.r5f.ti-arm-clang.debug.lib : udma_utils.obj (.text.UdmaUtils_getTrSizeEncoded)
                  70026780    00000090                                              : udma_utils.obj (.text.UdmaUtils_makeTrpdTr15)
                  70026810    0000008c                                              : csl_intaggr.obj (.text.CSL_intaggrGetCfg)
                  7002689c    00000004     --HOLE-- [fill = 0]
                  700268a0    0000008c                                              : lpddr4.obj (.text.LPDDR4_AckPhyIndepInterrupt)
                  7002692c    00000004     --HOLE-- [fill = 0]
                  70026930    0000008c                                              : ospi_v0.obj (.text.OSPI_setDeviceSize)
                  700269bc    00000004     --HOLE-- [fill = 0]
                  700269c0    0000008c                                              : ospi_v0.obj (.text.OSPI_setRdDataCaptureDelay)
                  70026a4c    00000004     --HOLE-- [fill = 0]
                  70026a50    0000008c                                              : sciclient_rm_irq.obj (.text.Sciclient_rmIrGetInst)
                  70026adc    00000004     --HOLE-- [fill = 0]
                  70026ae0    0000008c                                              : udma_event.obj (.text.Udma_eventGetId)
                  70026b6c    00000004     --HOLE-- [fill = 0]
                  70026b70    0000008c                                              : udma_rmcfg.obj (.text.Udma_rmGetSharedResPrms)
                  70026bfc    00000004     --HOLE-- [fill = 0]
                  70026c00    00000088     ti_board_open_close.obj (.text.Board_flashClose)
                  70026c88    00000008     --HOLE-- [fill = 0]
                  70026c90    00000088     ti_drivers_open_close.obj (.text.Drivers_ospiClose)
                  70026d18    00000008     --HOLE-- [fill = 0]
                  70026d20    00000088     ti_drivers_open_close.obj (.text.Drivers_uartClose)
                  70026da8    00000008     --HOLE-- [fill = 0]
                  70026db0    00000088     board.am64x.r5f.ti-arm-clang.debug.lib : flash_nor_xspi.obj (.text.Flash_norXspiCmdRead)
                  70026e38    00000008     --HOLE-- [fill = 0]
                  70026e40    00000088                                            : flash_nor_xspi.obj (.text.Flash_norXspiCmdWrite)
                  70026ec8    00000008     --HOLE-- [fill = 0]
                  70026ed0    00000088     drivers.am64x.r5f.ti-arm-clang.debug.lib : lpddr4.obj (.text.LPDDR4_SanityFunction5)
                  70026f58    00000008     --HOLE-- [fill = 0]
                  70026f60    00000088                                              : ospi_v0.obj (.text.OSPI_getHandle)
                  70026fe8    00000008     --HOLE-- [fill = 0]
                  70026ff0    00000088                                              : uart_v0.obj (.text.UART_getHandle)
                  70027078    00000008     --HOLE-- [fill = 0]
                  70027080    00000088     nortos.am64x.r5f.ti-arm-clang.debug.lib : printf.obj (.text._strnlen_s)
                  70027108    00000008     --HOLE-- [fill = 0]
                  70027110    00000084     drivers.am64x.r5f.ti-arm-clang.debug.lib : csl_pktdma.obj (.text.CSL_pktdmaIsChanEnabled)
                  70027194    0000000c     --HOLE-- [fill = 0]
                  700271a0    00000084     ti_power_clock_config.obj (.text.Module_clockSetFrequency)
                  70027224    0000000c     --HOLE-- [fill = 0]
                  70027230    00000084     drivers.am64x.r5f.ti-arm-clang.debug.lib : sciclient_rm_irq.obj (.text.Sciclient_rmIaGetInst)
                  700272b4    0000000c     --HOLE-- [fill = 0]
                  700272c0    00000084                                              : uart_v0.obj (.text.UART_checkOpenParams)
                  70027344    0000000c     --HOLE-- [fill = 0]
                  70027350    00000080                                              : csl_bcdma.obj (.text.CSL_bcdmaGetChanPeerReg)
                  700273d0    00000080                                              : csl_pktdma.obj (.text.CSL_pktdmaGetRxRT)
                  70027450    00000080                                              : csl_pktdma.obj (.text.CSL_pktdmaGetTxRT)
                  700274d0    00000080                                              : udma_ring_lcdma.obj (.text.Udma_lcdmaRingaccMemOps)
                  70027550    0000007c                                              : udma_utils.obj (.text.CSL_udmapCppi5SetPktLen)
                  700275cc    00000004     --HOLE-- [fill = 0]
                  700275d0    0000007c                                              : ddr.obj (.text.DDR_setFreq)
                  7002764c    00000004     --HOLE-- [fill = 0]
                  70027650    0000007c                                              : ospi_v0.obj (.text.OSPI_enableDacMode)
                  700276cc    00000004     --HOLE-- [fill = 0]
                  700276d0    0000007c                                              : uart_v0.obj (.text.UART_fifoRegisterWrite)
                  7002774c    00000004     --HOLE-- [fill = 0]
                  70027750    0000007c                                              : uart_v0.obj (.text.UART_lineCharConfig)
                  700277cc    00000004     --HOLE-- [fill = 0]
                  700277d0    00000078                                              : bootloader.obj (.text.Bootloader_BootImageInfo_init)
                  70027848    00000008     --HOLE-- [fill = 0]
                  70027850    00000078                                              : bootloader_profile.obj (.text.Bootloader_profileAddProfilePoint)
                  700278c8    00000008     --HOLE-- [fill = 0]
                  700278d0    00000078                                              : ospi_v0.obj (.text.OSPI_setCmdDummyCycles)
                  70027948    00000008     --HOLE-- [fill = 0]
                  70027950    00000078                                              : ospi_v0.obj (.text.OSPI_setReadDummyCycles)
                  700279c8    00000008     --HOLE-- [fill = 0]
                  700279d0    00000078                                              : uart_v0.obj (.text.UART_getIntrIdentityStatus)
                  70027a48    00000008     --HOLE-- [fill = 0]
                  70027a50    00000078                                              : udma_ring_lcdma.obj (.text.Udma_ringGetForwardRingOccLcdma)
                  70027ac8    00000008     --HOLE-- [fill = 0]
                  70027ad0    00000078                                              : udma_ring_lcdma.obj (.text.Udma_ringGetReverseRingOccLcdma)
                  70027b48    00000008     --HOLE-- [fill = 0]
                  70027b50    00000078     nortos.am64x.r5f.ti-arm-clang.debug.lib : DebugP_nortos.obj (.text._DebugP_logZone)
                  70027bc8    00000008     --HOLE-- [fill = 0]
                  70027bd0    00000074     drivers.am64x.r5f.ti-arm-clang.debug.lib : bootloader.obj (.text.Bootloader_close)
                  70027c44    0000000c     --HOLE-- [fill = 0]
                  70027c50    00000074                                              : bootloader.obj (.text.Bootloader_rprcImageParseEntryPoint)
                  70027cc4    0000000c     --HOLE-- [fill = 0]
                  70027cd0    00000074     ti_power_clock_config.obj (.text.Module_clockDisable)
                  70027d44    0000000c     --HOLE-- [fill = 0]
                  70027d50    00000074     ti_power_clock_config.obj (.text.Module_clockEnable)
                  70027dc4    0000000c     --HOLE-- [fill = 0]
                  70027dd0    00000074     drivers.am64x.r5f.ti-arm-clang.debug.lib : sciclient.obj (.text.Sciclient_secProxyWaitThread)
                  70027e44    0000000c     --HOLE-- [fill = 0]
                  70027e50    00000074                                              : uart_v0.obj (.text.UART_readLineStatus)
                  70027ec4    0000000c     --HOLE-- [fill = 0]
                  70027ed0    00000074                                              : uart_v0.obj (.text.UART_writeDataPolling)
                  70027f44    0000000c     --HOLE-- [fill = 0]
                  70027f50    00000074                                              : udma_ch.obj (.text.Udma_chInitRegs)
                  70027fc4    0000000c     --HOLE-- [fill = 0]
                  70027fd0    00000070                                              : csl_bcdma.obj (.text.CSL_bcdmaSetChanPeerReg)
                  70028040    00000070                                              : csl_bcdma.obj (.text.CSL_bcdmaTeardownRxChan)
                  700280b0    00000070                                              : csl_bcdma.obj (.text.CSL_bcdmaTeardownTxChan)
                  70028120    00000070     nortos.am64x.r5f.ti-arm-clang.debug.lib : ClockP_nortos.obj (.text.ClockP_start)
                  70028190    00000070     drivers.am64x.r5f.ti-arm-clang.debug.lib : sciclient_rm_irq.obj (.text.Sciclient_rmIrqGetNodeItf)
                  70028200    00000070                                              : udma_utils.obj (.text.UdmaUtils_getRingMemSize)
                  70028270    0000006c     board.am64x.r5f.ti-arm-clang.debug.lib : flash.obj (.text.Flash_close)
                  700282dc    00000004     --HOLE-- [fill = 0]
                  700282e0    0000006c                                            : flash_nor_xspi.obj (.text.Flash_norXspiRegRead)
                  7002834c    00000004     --HOLE-- [fill = 0]
                  70028350    0000006c     drivers.am64x.r5f.ti-arm-clang.debug.lib : lpddr4.obj (.text.LPDDR4_SanityFunction2)
                  700283bc    00000004     --HOLE-- [fill = 0]
                  700283c0    0000006c                                              : ospi_v0.obj (.text.OSPI_disablePhyPipeline)
                  7002842c    00000004     --HOLE-- [fill = 0]
                  70028430    0000006c                                              : ospi_v0.obj (.text.OSPI_enableDDR)
                  7002849c    00000004     --HOLE-- [fill = 0]
                  700284a0    0000006c                                              : ospi_v0.obj (.text.OSPI_enablePhyPipeline)
                  7002850c    00000004     --HOLE-- [fill = 0]
                  70028510    0000006c                                              : ospi_v0.obj (.text.OSPI_enableSDR)
                  7002857c    00000004     --HOLE-- [fill = 0]
                  70028580    0000006c                                              : ospi_v0.obj (.text.OSPI_utilLog2)
                  700285ec    00000004     --HOLE-- [fill = 0]
                  700285f0    0000006c                                              : uart_v0.obj (.text.UART_checkTransaction)
                  7002865c    00000004     --HOLE-- [fill = 0]
                  70028660    0000006c                                              : uart_v0.obj (.text.UART_spaceAvail)
                  700286cc    00000004     --HOLE-- [fill = 0]
                  700286d0    0000006c     nortos.am64x.r5f.ti-arm-clang.debug.lib : printf.obj (.text._atoi)
                  7002873c    00000004     --HOLE-- [fill = 0]
                  70028740    00000068     drivers.am64x.r5f.ti-arm-clang.debug.lib : lpddr4.obj (.text.LPDDR4_SanityFunction1)
                  700287a8    00000008     --HOLE-- [fill = 0]
                  700287b0    00000068                                              : sciclient_rm_irq.obj (.text.Sciclient_rmPsSetInp)
                  70028818    00000008     --HOLE-- [fill = 0]
                  70028820    00000068                                              : sciclient_rm_irq.obj (.text.Sciclient_rmPsSetOutp)
                  70028888    00000008     --HOLE-- [fill = 0]
                  70028890    00000064                                              : csl_bcdma.obj (.text.CSL_REG32_FINS_RAW)
                  700288f4    0000000c     --HOLE-- [fill = 0]
                  70028900    00000064                                              : ospi_phy.obj (.text.CSL_REG32_FINS_RAW)
                  70028964    0000000c     --HOLE-- [fill = 0]
                  70028970    00000064                                              : ospi_v0.obj (.text.CSL_REG32_FINS_RAW)
                  700289d4    0000000c     --HOLE-- [fill = 0]
                  700289e0    00000064                                              : csl_lcdma_ringacc.obj (.text.CSL_lcdma_ringaccIsTeardownComplete)
                  70028a44    0000000c     --HOLE-- [fill = 0]
[...]
7002e858  DDRSS_phyIndepReg                                                             
7002edbc  DDRSS_phyRegNum                                                               
7002f1b2  DDRSS_ctlRegNum                                                               
7002f500  DDRSS_phyIndepRegNum                                                          
7002f8e4  gAddrTranslateInfo                                                            
7002f9a8  vint_usage_count_DMASS0_INTAGGR_0                                             
7002fa60  gCoreBootInfo                                                                 
7002fe34  gRmIrInstances                                                                
7002fe94  gUdmaRmSharedResPrms                                                          
7002feec  gUartParams                                                                   
7002ff40  gMpuRegionConfig                                                              
7002ffe0  gFlashNorXspiDeviceDefines_S28HS512T                                          
70030058  gFlashNorXspiAttrs_S28HS512T                                                  
70030080  gPhyTuneWindowParamsGTE133                                                    
700300a8  gPhyTuneWindowParamsLT133                                                     
700300d0  gSocModulesClockFrequency                                                     
70030114  gRmIaInstances                                                                
70030134  gBootloaderConfigNum                                                          
70030138  gSciclientSecProxyCfg                                                         
70030158  gOspiUdma0Args                                                                
70030174  gSocModules                                                                   
700301a8  gBootloaderFlashFxns                                                          
700301bc  gClockConfig                                                                  
700301d0  gFlashNorXspiFxns                                                             
700301e4  gResMemSection                                                                
7003020c  gFlashConfig                                                                  
7003022c  gAddrTranslateConfig                                                          
70030238  gBootloader0Args                                                              
70030244  gBootloaderConfig                                                             
70030250  gMpuConfig                                                                    
7003025c  gOspiDmaUdmaFxns                                                              
70030268  gCacheConfig                                                                  
70030270  gOspiConfig                                                                   
70030278  gOspiDmaConfig                                                                
70030290  gUartConfig                                                                   
70030298  gCacheL1dCacheLineSize                                                        
7003029c  gCacheL1pCacheLineSize                                                        
700302a0  gDebugLogZone                                                                 
700302a4  gDebugP_uartDrvIndex                                                          
700302a8  gFlashConfigNum                                                               
700302ac  gHwiConfig                                                                    
700302b0  gOspiConfigNum                                                                
700302b4  gOspiDmaConfigNum                                                             
700302b8  gOspiParams                                                                   
700302bc  gPhyTuneWindowParams                                                          
700302c0  gUartConfigNum                                                                
700302c4  gUartDmaConfigNum                                                             
7003070c  gUdmaRmDefBoardCfg_Pktdma                                                     
70030a54  gUdmaTxMappedChRingAttributes                                                 
70030df8  gSciclientMap                                                                 
700313ac  gUdmaRxMappedChRingAttributes                                                 
700314d4  gUdmaRmDefBoardCfg_Bcdma                                                      
70031634  tisci_if_TIMESYNC_EVENT_INTROUTER0                                            
7003175c  gRmIrqTree                                                                    
700317b4  gRmIrqTreeCount                                                               
700318a0  gSOC_r5fVectors                                                               
70031930  tisci_if_MAIN_GPIOMUX_INTROUTER0                                              
70031964  tisci_if_DMASS0_INTAGGR_0                                                     
700319c4  tisci_if_MCU_MCU_GPIOMUX_INTROUTER0                                           
700319e8  tisci_if_CPTS0                                                                
70031a24  tisci_if_PRU_ICSSG0                                                           
70031a40  tisci_if_PRU_ICSSG1                                                           
70031a5c  tisci_if_CMP_EVENT_INTROUTER0                                                 
70031a74  tisci_if_PCIE0                                                                
70031aac  tisci_if_CPSW0                                                                
70031abc  CMP_EVENT_INTROUTER0_outp_0_15_to_GICSS0_spi_48_63                            
70031ac4  CMP_EVENT_INTROUTER0_outp_16_23_to_R5FSS0_CORE0_intr_48_55                    
70031acc  CMP_EVENT_INTROUTER0_outp_16_23_to_R5FSS0_CORE1_intr_48_55                    
70031ad4  CMP_EVENT_INTROUTER0_outp_24_31_to_R5FSS1_CORE0_intr_48_55                    
70031adc  CMP_EVENT_INTROUTER0_outp_24_31_to_R5FSS1_CORE1_intr_48_55                    
70031ae4  CMP_EVENT_INTROUTER0_outp_32_39_to_DMASS0_INTAGGR_0_intaggr_levi_pend_0_7     
70031aec  CPSW0_cpts_comp_0_0_to_CMP_EVENT_INTROUTER0_in_80_80                          
70031af4  CPSW0_cpts_genf0_1_1_to_TIMESYNC_EVENT_INTROUTER0_in_21_21                    
70031afc  CPSW0_cpts_genf1_2_2_to_TIMESYNC_EVENT_INTROUTER0_in_22_22                    
70031b04  CPSW0_cpts_sync_3_3_to_TIMESYNC_EVENT_INTROUTER0_in_34_34                     
70031b0c  CPTS0_cpts_comp_0_0_to_CMP_EVENT_INTROUTER0_in_82_82                          
70031b14  CPTS0_cpts_genf0_1_1_to_TIMESYNC_EVENT_INTROUTER0_in_16_16                    
70031b1c  CPTS0_cpts_genf1_2_2_to_TIMESYNC_EVENT_INTROUTER0_in_17_17                    
70031b24  CPTS0_cpts_genf2_3_3_to_TIMESYNC_EVENT_INTROUTER0_in_18_18                    
70031b2c  CPTS0_cpts_genf3_4_4_to_TIMESYNC_EVENT_INTROUTER0_in_19_19                    
70031b34  CPTS0_cpts_genf4_5_5_to_TIMESYNC_EVENT_INTROUTER0_in_20_20                    
70031b3c  CPTS0_cpts_genf5_6_6_to_TIMESYNC_EVENT_INTROUTER0_in_24_24                    
70031b44  CPTS0_cpts_sync_7_7_to_TIMESYNC_EVENT_INTROUTER0_in_35_35                     
70031b4c  DMASS0_INTAGGR_0_intaggr_vintr_pend_0_39_to_GICSS0_spi_64_103                 
70031b54  DMASS0_INTAGGR_0_intaggr_vintr_pend_120_127_to_R5FSS1_CORE0_intr_8_15         
70031b5c  DMASS0_INTAGGR_0_intaggr_vintr_pend_128_135_to_R5FSS1_CORE1_intr_8_15         
70031b64  DMASS0_INTAGGR_0_intaggr_vintr_pend_152_159_to_PRU_ICSSG0_pr1_slv_intr_16_23  
70031b6c  DMASS0_INTAGGR_0_intaggr_vintr_pend_160_167_to_PRU_ICSSG1_pr1_slv_intr_16_23  
70031b74  DMASS0_INTAGGR_0_intaggr_vintr_pend_168_183_to_MCU_M4FSS0_CORE0_nvic_32_47    
70031b7c  DMASS0_INTAGGR_0_intaggr_vintr_pend_40_71_to_R5FSS0_CORE0_intr_64_95          
70031b84  DMASS0_INTAGGR_0_intaggr_vintr_pend_40_71_to_R5FSS0_CORE1_intr_64_95          
70031b8c  DMASS0_INTAGGR_0_intaggr_vintr_pend_72_79_to_R5FSS0_CORE0_intr_8_15           
70031b94  DMASS0_INTAGGR_0_intaggr_vintr_pend_80_87_to_R5FSS0_CORE1_intr_8_15           
70031b9c  DMASS0_INTAGGR_0_intaggr_vintr_pend_88_119_to_R5FSS1_CORE0_intr_64_95         
70031ba4  DMASS0_INTAGGR_0_intaggr_vintr_pend_88_119_to_R5FSS1_CORE1_intr_64_95         
70031bac  EPWM0_epwm_synco_o_0_0_to_TIMESYNC_EVENT_INTROUTER0_in_39_39                  
70031bb4  EPWM3_epwm_synco_o_0_0_to_TIMESYNC_EVENT_INTROUTER0_in_40_40                  
70031bbc  EPWM6_epwm_synco_o_0_0_to_TIMESYNC_EVENT_INTROUTER0_in_41_41                  
70031bc4  GPIO0_gpio_0_89_to_MAIN_GPIOMUX_INTROUTER0_in_0_89                            
70031bcc  GPIO0_gpio_bank_90_98_to_MAIN_GPIOMUX_INTROUTER0_in_190_198                   
70031bd4  GPIO1_gpio_0_89_to_MAIN_GPIOMUX_INTROUTER0_in_90_179                          
70031bdc  GPIO1_gpio_bank_90_98_to_MAIN_GPIOMUX_INTROUTER0_in_180_188                   
70031be4  GPMC0_gpmc_sdmareq_0_0_to_DMASS0_INTAGGR_0_intaggr_levi_pend_29_29            
70031bec  GTC0_gtc_push_event_0_0_to_TIMESYNC_EVENT_INTROUTER0_in_36_36                 
70031bf4  MAIN_GPIOMUX_INTROUTER0_outp_0_15_to_GICSS0_spi_32_47                         
70031bfc  MAIN_GPIOMUX_INTROUTER0_outp_0_15_to_R5FSS0_CORE0_intr_32_47                  
70031c04  MAIN_GPIOMUX_INTROUTER0_outp_0_15_to_R5FSS0_CORE1_intr_32_47                  
70031c0c  MAIN_GPIOMUX_INTROUTER0_outp_0_15_to_R5FSS1_CORE0_intr_32_47                  
70031c14  MAIN_GPIOMUX_INTROUTER0_outp_0_15_to_R5FSS1_CORE1_intr_32_47                  
70031c1c  MAIN_GPIOMUX_INTROUTER0_outp_16_17_to_DMASS0_INTAGGR_0_intaggr_levi_pend_24_25
70031c24  MAIN_GPIOMUX_INTROUTER0_outp_18_23_to_PRU_ICSSG0_pr1_iep0_cap_intr_req_4_9    
70031c2c  MAIN_GPIOMUX_INTROUTER0_outp_18_23_to_PRU_ICSSG1_pr1_iep0_cap_intr_req_4_9    
70031c34  MAIN_GPIOMUX_INTROUTER0_outp_24_29_to_PRU_ICSSG0_pr1_iep1_cap_intr_req_10_15  
70031c3c  MAIN_GPIOMUX_INTROUTER0_outp_24_29_to_PRU_ICSSG1_pr1_iep1_cap_intr_req_10_15  
70031c44  MAIN_GPIOMUX_INTROUTER0_outp_30_37_to_DMASS0_INTAGGR_0_intaggr_levi_pend_16_23
70031c4c  MAIN_GPIOMUX_INTROUTER0_outp_38_45_to_PRU_ICSSG0_pr1_slv_intr_46_53           
70031c54  MAIN_GPIOMUX_INTROUTER0_outp_46_53_to_PRU_ICSSG1_pr1_slv_intr_46_53           
70031c5c  MCU_GPIO0_gpio_0_29_to_MCU_MCU_GPIOMUX_INTROUTER0_in_0_29                     
70031c64  MCU_GPIO0_gpio_bank_30_31_to_MCU_MCU_GPIOMUX_INTROUTER0_in_30_31              
70031c6c  MCU_MCU_GPIOMUX_INTROUTER0_outp_0_3_to_GICSS0_spi_104_107                     
70031c74  MCU_MCU_GPIOMUX_INTROUTER0_outp_0_3_to_R5FSS0_CORE0_intr_104_107              
70031c7c  MCU_MCU_GPIOMUX_INTROUTER0_outp_0_3_to_R5FSS0_CORE1_intr_104_107              
70031c84  MCU_MCU_GPIOMUX_INTROUTER0_outp_0_3_to_R5FSS1_CORE0_intr_104_107              
70031c8c  MCU_MCU_GPIOMUX_INTROUTER0_outp_0_3_to_R5FSS1_CORE1_intr_104_107              
70031c94  MCU_MCU_GPIOMUX_INTROUTER0_outp_4_7_to_MCU_M4FSS0_CORE0_nvic_0_3              
70031c9c  MCU_MCU_GPIOMUX_INTROUTER0_outp_8_11_to_MCU_ESM0_esm_pls_event0_88_91         
70031ca4  MCU_MCU_GPIOMUX_INTROUTER0_outp_8_11_to_MCU_ESM0_esm_pls_event1_92_95         
70031cac  MCU_MCU_GPIOMUX_INTROUTER0_outp_8_11_to_MCU_ESM0_esm_pls_event2_96_99         
70031cb4  PCIE0_pcie_cpts_comp_0_0_to_CMP_EVENT_INTROUTER0_in_81_81                     
70031cbc  PCIE0_pcie_cpts_genf0_1_1_to_TIMESYNC_EVENT_INTROUTER0_in_23_23               
70031cc4  PCIE0_pcie_cpts_hw1_push_2_2_to_TIMESYNC_EVENT_INTROUTER0_in_37_37            
70031ccc  PCIE0_pcie_cpts_sync_3_3_to_TIMESYNC_EVENT_INTROUTER0_in_33_33                
70031cd4  PCIE0_pcie_ptm_valid_pulse_4_4_to_TIMESYNC_EVENT_INTROUTER0_in_38_38          
70031cdc  PRU_ICSSG0_pr1_edc0_sync0_out_0_0_to_TIMESYNC_EVENT_INTROUTER0_in_25_25       
70031ce4  PRU_ICSSG0_pr1_edc0_sync1_out_1_1_to_TIMESYNC_EVENT_INTROUTER0_in_26_26       
70031cec  PRU_ICSSG0_pr1_edc1_sync0_out_2_2_to_TIMESYNC_EVENT_INTROUTER0_in_27_27       
70031cf4  PRU_ICSSG0_pr1_edc1_sync1_out_3_3_to_TIMESYNC_EVENT_INTROUTER0_in_28_28       
70031cfc  PRU_ICSSG0_pr1_host_intr_req_4_11_to_CMP_EVENT_INTROUTER0_in_0_7              
70031d04  PRU_ICSSG0_pr1_iep0_cmp_intr_req_12_27_to_CMP_EVENT_INTROUTER0_in_16_31       
70031d0c  PRU_ICSSG0_pr1_iep1_cmp_intr_req_28_43_to_CMP_EVENT_INTROUTER0_in_32_47       
70031d14  PRU_ICSSG1_pr1_edc0_sync0_out_0_0_to_TIMESYNC_EVENT_INTROUTER0_in_29_29       
70031d1c  PRU_ICSSG1_pr1_edc0_sync1_out_1_1_to_TIMESYNC_EVENT_INTROUTER0_in_30_30       
70031d24  PRU_ICSSG1_pr1_edc1_sync0_out_2_2_to_TIMESYNC_EVENT_INTROUTER0_in_31_31       
70031d2c  PRU_ICSSG1_pr1_edc1_sync1_out_3_3_to_TIMESYNC_EVENT_INTROUTER0_in_32_32       
70031d34  PRU_ICSSG1_pr1_host_intr_req_4_11_to_CMP_EVENT_INTROUTER0_in_8_15             
70031d3c  PRU_ICSSG1_pr1_iep0_cmp_intr_req_12_27_to_CMP_EVENT_INTROUTER0_in_48_63       
70031d44  PRU_ICSSG1_pr1_iep1_cmp_intr_req_28_43_to_CMP_EVENT_INTROUTER0_in_64_79       
70031d4c  TIMER0_timer_pwm_0_0_to_TIMESYNC_EVENT_INTROUTER0_in_0_0                      
70031d54  TIMER1_timer_pwm_0_0_to_TIMESYNC_EVENT_INTROUTER0_in_1_1                      
70031d5c  TIMER2_timer_pwm_0_0_to_TIMESYNC_EVENT_INTROUTER0_in_2_2                      
70031d64  TIMER3_timer_pwm_0_0_to_TIMESYNC_EVENT_INTROUTER0_in_3_3                      
70031d6c  TIMESYNC_EVENT_INTROUTER0_outl_0_7_to_DMASS0_INTAGGR_0_intaggr_levi_pend_8_15 
70031d74  TIMESYNC_EVENT_INTROUTER0_outl_10_10_to_PRU_ICSSG0_pr1_edc1_latch0_in_2_2     
70031d7c  TIMESYNC_EVENT_INTROUTER0_outl_11_11_to_PRU_ICSSG0_pr1_edc1_latch1_in_3_3     
70031d84  TIMESYNC_EVENT_INTROUTER0_outl_12_12_to_PRU_ICSSG1_pr1_edc0_latch0_in_0_0     
70031d8c  TIMESYNC_EVENT_INTROUTER0_outl_13_13_to_PRU_ICSSG1_pr1_edc0_latch1_in_1_1     
70031d94  TIMESYNC_EVENT_INTROUTER0_outl_14_14_to_PRU_ICSSG1_pr1_edc1_latch0_in_2_2     
70031d9c  TIMESYNC_EVENT_INTROUTER0_outl_15_15_to_PRU_ICSSG1_pr1_edc1_latch1_in_3_3     
70031da4  TIMESYNC_EVENT_INTROUTER0_outl_16_16_to_CPTS0_cpts_hw1_push_0_0               
70031dac  TIMESYNC_EVENT_INTROUTER0_outl_17_17_to_CPTS0_cpts_hw2_push_1_1               
70031db4  TIMESYNC_EVENT_INTROUTER0_outl_18_18_to_CPTS0_cpts_hw3_push_2_2               
70031dbc  TIMESYNC_EVENT_INTROUTER0_outl_19_19_to_CPTS0_cpts_hw4_push_3_3               
70031dc4  TIMESYNC_EVENT_INTROUTER0_outl_20_20_to_CPTS0_cpts_hw5_push_4_4               
70031dcc  TIMESYNC_EVENT_INTROUTER0_outl_21_21_to_CPTS0_cpts_hw6_push_5_5               
70031dd4  TIMESYNC_EVENT_INTROUTER0_outl_22_22_to_CPTS0_cpts_hw7_push_6_6               
70031ddc  TIMESYNC_EVENT_INTROUTER0_outl_23_23_to_CPTS0_cpts_hw8_push_7_7               
70031de4  TIMESYNC_EVENT_INTROUTER0_outl_29_29_to_PCIE0_pcie_cpts_hw2_push_0_0          
70031dec  TIMESYNC_EVENT_INTROUTER0_outl_30_30_to_CPSW0_cpts_hw1_push_0_0               
70031df4  TIMESYNC_EVENT_INTROUTER0_outl_31_31_to_CPSW0_cpts_hw2_push_1_1               
70031dfc  TIMESYNC_EVENT_INTROUTER0_outl_32_32_to_CPSW0_cpts_hw3_push_2_2               
70031e04  TIMESYNC_EVENT_INTROUTER0_outl_33_33_to_CPSW0_cpts_hw4_push_3_3               
70031e0c  TIMESYNC_EVENT_INTROUTER0_outl_34_34_to_CPSW0_cpts_hw5_push_4_4               
70031e14  TIMESYNC_EVENT_INTROUTER0_outl_35_35_to_CPSW0_cpts_hw6_push_5_5               
70031e1c  TIMESYNC_EVENT_INTROUTER0_outl_36_36_to_CPSW0_cpts_hw7_push_6_6               
70031e24  TIMESYNC_EVENT_INTROUTER0_outl_37_37_to_CPSW0_cpts_hw8_push_7_7               
70031e2c  TIMESYNC_EVENT_INTROUTER0_outl_8_8_to_PRU_ICSSG0_pr1_edc0_latch0_in_0_0       
70031e34  TIMESYNC_EVENT_INTROUTER0_outl_9_9_to_PRU_ICSSG0_pr1_edc0_latch1_in_1_1       
70031e3c  gSOC_a53WhileLoop                                                             
70031e44  tisci_if_GPIO0                                                                
70031e4c  tisci_if_GPIO1                                                                
70031e54  tisci_if_MCU_GPIO0                                                            
70031f0c  tisci_if_EPWM0                                                                
70031f10  tisci_if_EPWM3                                                                
70031f14  tisci_if_EPWM6                                                                
70031f18  tisci_if_GPMC0                                                                
70031f1c  tisci_if_GTC0                                                                 
70031f20  tisci_if_TIMER0                                                               
70031f24  tisci_if_TIMER1                                                               
70031f28  tisci_if_TIMER2                                                               
70031f2c  tisci_if_TIMER3                                                               
70070000  __stack                                                                       
70070000  __start___llvm_prf_cnts                                                       
70070000  __stop___llvm_prf_cnts                                                        
70074000  __BSS_START                                                                   
70074000  __STACK_END                                                                   
70074000  gHwiCtrl                                                                      
70075008  gUdmaDrvObj                                                                   
70076050  gProfileObj                                                                   
7007617c  gFlashHandle                                                                  
70076300  gClockCtrl                                                                    
7007635c  gFlashObject_S28HS512T                                                        
70076368  gOspiHandle                                                                   
7007636c  gUartHandle                                                                   
70076380  __BSS_END                                                                     
70076380  __IRQ_STACK_START                                                             
70077380  __FIQ_STACK_START                                                             
70077380  __IRQ_STACK_END                                                               
70077480  __FIQ_STACK_END                                                               
70077480  __SVC_STACK_START                                                             
70077580  __ABORT_STACK_START                                                           
70077580  __SVC_STACK_END                                                               
70077680  __ABORT_STACK_END                                                             
70077680  __UNDEFINED_STACK_START                                                       
70077780  __UNDEFINED_STACK_END                                                         
ffffffff  __TI_pprof_out_hndl                                                           
ffffffff  __TI_prof_data_size                                                           
ffffffff  __TI_prof_data_start                                                          
ffffffff  __binit__                                                                     
ffffffff  binit                                                                         
UNDEFED   __TI_CINIT_Base                                                               
UNDEFED   __TI_CINIT_Limit                                                              
UNDEFED   __TI_Handler_Table_Base                                                       
UNDEFED   __TI_Handler_Table_Limit                                                      
UNDEFED   _system_post_cinit                                                            

[691 symbols]
