******************************************************************************
            TI ARM Clang Linker Unix v1.3.1                    
******************************************************************************
>> Linked Mon Jun 20 12:48:42 2022

OUTPUT FILE NAME:   <sbl_ospi.release.out>
ENTRY POINT SYMBOL: "_vectors_sbl"  address: 70000000


MEMORY CONFIGURATION

         name            origin    length      used     unused   attr    fill
----------------------  --------  ---------  --------  --------  ----  --------
  R5F_VECS              00000000   00000040  00000000  00000040  RWIX
  R5F_TCMA              00000040   00007fc0  00000000  00007fc0  RWIX
  R5F_TCMB0             41010000   00008000  00000000  00008000  RWIX
  MSRAM_VECS            70000000   00000100  00000040  000000c0  RWIX
  MSRAM_0               70000100   0006ff00  00013f50  0005bfb0  RWIX
  MSRAM_1               70070000   00010000  00007800  00008800  RWIX


SEGMENT ALLOCATION MAP

run origin  load origin   length   init length attrs members
----------  ----------- ---------- ----------- ----- -------
70000000    70000000    00000040   00000040    r-x
  70000000    70000000    00000040   00000040    r-x .vectors
70000100    70000100    0000f810   0000f810    r-x
  70000100    70000100    0000e8d0   0000e8d0    r-x .text
  7000e9d0    7000e9d0    00000770   00000770    r-x .text.hwi
  7000f140    7000f140    00000460   00000460    r-x .text.cache
  7000f5a0    7000f5a0    00000240   00000240    r-x .text.mpu
  7000f7e0    7000f7e0    00000130   00000130    r-x .text.boot
7000f910    7000f910    00002748   00002748    rw-
  7000f910    7000f910    00002748   00002748    rw- .data
70012058    70012058    00001ff8   00001ff8    r--
  70012058    70012058    00001ff8   00001ff8    r-- .rodata
70070000    70070000    00006400   00000000    rw-
  70070000    70070000    00004000   00000000    rw- .stack
  70074000    70074000    00002400   00000000    rw- .bss
70076400    70076400    00001400   00000000    r--
  70076400    70076400    00001000   00000000    r-- .irqstack
  70077400    70077400    00000100   00000000    r-- .fiqstack
  70077500    70077500    00000100   00000000    r-- .svcstack
  70077600    70077600    00000100   00000000    r-- .abortstack
  70077700    70077700    00000100   00000000    r-- .undefinedstack


SECTION ALLOCATION MAP

 output                                  attributes/
section   page    origin      length       input sections
--------  ----  ----------  ----------   ----------------
.vectors   0    70000000    00000040     
                  70000000    00000040     nortos.am64x.r5f.ti-arm-clang.release.lib : HwiP_armv7r_vectors_nortos_sbl_asm.obj (.vectors)

.text      0    70000100    0000e8d0     
                  70000100    000006be     drivers.am64x.r5f.ti-arm-clang.release.lib : sciclient_rm_irq.obj (.text.Sciclient_rmIrqFindRoute)
                  700007be    00000002     --HOLE-- [fill = 0]
                  700007c0    000005d4                                                : ospi_phy.obj (.text.OSPI_phyFindOTP1)
                  70000d94    00000008     libc.a : exit.c.obj (.text:abort)
                  70000d9c    00000004     libclang_rt.builtins.a : aeabi_memcpy.S.obj (.text)
                  70000da0    0000055e     nortos.am64x.r5f.ti-arm-clang.release.lib : printf.obj (.text._vsnprintf)
                  700012fe    00000002     --HOLE-- [fill = 0]
                  70001300    0000052a     drivers.am64x.r5f.ti-arm-clang.release.lib : udma_ch.obj (.text.Udma_chDisable)
                  7000182a    00000006     --HOLE-- [fill = 0]
                  70001830    000004f2                                                : udma_rm.obj (.text.Udma_rmDeinit)
                  70001d22    00000002     --HOLE-- [fill = 0]
                  70001d24    00000008     nortos.am64x.r5f.ti-arm-clang.release.lib : PmuP_armv7r_asm.obj (.tramp.PmuP_enableCounters.1)
                  70001d2c    00000004     --HOLE-- [fill = 0]
                  70001d30    0000048e     drivers.am64x.r5f.ti-arm-clang.release.lib : csl_bcdma.obj (.text.CSL_bcdmaChanOp)
                  700021be    00000002     --HOLE-- [fill = 0]
                  700021c0    0000046e                                                : udma_event.obj (.text.Udma_eventRegister)
                  7000262e    00000002     --HOLE-- [fill = 0]
                  70002630    000003d8                                                : uart_v0.obj (.text.UART_open)
                  70002a08    00000008     nortos.am64x.r5f.ti-arm-clang.release.lib : CacheP_armv7r_asm.obj (.tramp.CacheP_wb.1)
                  70002a10    000003b4     drivers.am64x.r5f.ti-arm-clang.release.lib : udma_ch.obj (.text.Udma_chOpen)
                  70002dc4    00000008     nortos.am64x.r5f.ti-arm-clang.release.lib : HwiP_armv7r_asm.obj (.tramp.HwiP_enable.1)
                  70002dcc    00000004     --HOLE-- [fill = 0]
                  70002dd0    0000039c     board.am64x.r5f.ti-arm-clang.release.lib : flash_nor_xspi.obj (.text.Flash_norXspiOpen)
                  7000316c    00000004     --HOLE-- [fill = 0]
                  70003170    00000376     drivers.am64x.r5f.ti-arm-clang.release.lib : sciclient.obj (.text.Sciclient_service)
                  700034e6    00000002     --HOLE-- [fill = 0]
                  700034e8    00000008     nortos.am64x.r5f.ti-arm-clang.release.lib : HwiP_armv7r_asm.obj (.tramp.HwiP_restore.1)
                  700034f0    0000036a     drivers.am64x.r5f.ti-arm-clang.release.lib : sciclient_rm_irq.obj (.text.Sciclient_rmIrqGetRoute)
                  7000385a    00000006     --HOLE-- [fill = 0]
                  70003860    00000364     main.obj (.text.main)
                  70003bc4    0000000c     --HOLE-- [fill = 0]
                  70003bd0    00000360     drivers.am64x.r5f.ti-arm-clang.release.lib : udma_rm.obj (.text.Udma_rmInit)
                  70003f30    00000350     nortos.am64x.r5f.ti-arm-clang.release.lib : printf.obj (.text._ftoa)
                  70004280    00000326     drivers.am64x.r5f.ti-arm-clang.release.lib : ospi_phy.obj (.text.OSPI_phyFindOTP2)
                  700045a6    0000000a     --HOLE-- [fill = 0]
                  700045b0    000002e8     nortos.am64x.r5f.ti-arm-clang.release.lib : printf.obj (.text._etoa)
                  70004898    00000008     --HOLE-- [fill = 0]
                  700048a0    000002ba     drivers.am64x.r5f.ti-arm-clang.release.lib : ddr.obj (.text.DDR_init)
                  70004b5a    00000006     --HOLE-- [fill = 0]
                  70004b60    000002a0                                                : udma_rmcfg_common.obj (.text.UdmaRmInitPrms_init)
                  70004e00    00000290                                                : ospi_v0.obj (.text.OSPI_open)
                  70005090    00000282                                                : udma_soc.obj (.text.Udma_initDrvHandle)
                  70005312    0000000e     --HOLE-- [fill = 0]
                  70005320    0000024c                                                : sciclient_rm_irq.obj (.text.Sciclient_rmProgramInterruptRoute)
                  7000556c    00000004     --HOLE-- [fill = 0]
                  70005570    00000226                                                : bootloader_soc.obj (.text.Bootloader_socCpuResetRelease)
                  70005796    0000000a     --HOLE-- [fill = 0]
                  700057a0    0000021a                                                : uart_v0.obj (.text.UART_masterIsr)
                  700059ba    00000006     --HOLE-- [fill = 0]
                  700059c0    00000204                                                : udma_event.obj (.text.Udma_eventUnRegister)
                  70005bc4    0000000c     --HOLE-- [fill = 0]
                  70005bd0    00000202                                                : sciclient_rm_irq.obj (.text.Sciclient_rmClearInterruptRoute)
                  70005dd2    0000000e     --HOLE-- [fill = 0]
                  70005de0    000001ec                                                : bootloader_soc.obj (.text.Bootloader_socCpuPowerOnResetR5f)
                  70005fcc    00000004     --HOLE-- [fill = 0]
                  70005fd0    000001de                                                : uart_v0.obj (.text.UART_write)
                  700061ae    00000002     --HOLE-- [fill = 0]
                  700061b0    000001d0                                                : uart_v0.obj (.text.UART_fifoConfig)
                  70006380    000001cc     nortos.am64x.r5f.ti-arm-clang.release.lib : TimerP.obj (.text.TimerP_setup)
                  7000654c    00000004     --HOLE-- [fill = 0]
                  70006550    0000019e     drivers.am64x.r5f.ti-arm-clang.release.lib : udma_ring_common.obj (.text.Udma_ringAlloc)
                  700066ee    00000002     --HOLE-- [fill = 0]
                  700066f0    00000174                                                : sciclient_rm_irq.obj (.text.Sciclient_rmIrqProgramRoute)
                  70006864    0000000c     --HOLE-- [fill = 0]
                  70006870    00000160                                                : sciclient_rm_irq.obj (.text.Sciclient_rmIrqDeleteRoute)
                  700069d0    00000148                                                : bootloader_profile.obj (.text.Bootloader_profilePrintProfileLog)
                  70006b18    00000008     --HOLE-- [fill = 0]
                  70006b20    00000146     nortos.am64x.r5f.ti-arm-clang.release.lib : printf.obj (.text._ntoa_format)
                  70006c66    0000000a     --HOLE-- [fill = 0]
                  70006c70    00000144     drivers.am64x.r5f.ti-arm-clang.release.lib : ospi_dma_udma.obj (.text.OspiDma_udmaOpen)
                  70006db4    0000000c     --HOLE-- [fill = 0]
                  70006dc0    00000144                                                : uart_v0.obj (.text.UART_close)
                  70006f04    0000000c     --HOLE-- [fill = 0]
                  70006f10    00000140                                                : udma_ch.obj (.text.Udma_chConfigRx)
                  70007050    0000012c                                                : soc.obj (.text.SOC_moduleSetClockFrequency)
                  7000717c    00000004     --HOLE-- [fill = 0]
                  70007180    00000124                                                : lpddr4_16bit.obj (.text.LPDDR4_CheckCtlInterrupt)
                  700072a4    0000000c     --HOLE-- [fill = 0]
                  700072b0    0000011a                                                : ospi_dma_udma.obj (.text.OspiDma_udmaUpdateSubmitTR)
                  700073ca    00000006     --HOLE-- [fill = 0]
                  700073d0    00000118                                                : bootloader_soc.obj (.text.Bootloader_socCpuPowerOnResetM4f)
                  700074e8    00000008     --HOLE-- [fill = 0]
                  700074f0    00000118                                                : lpddr4_16bit.obj (.text.LPDDR4_AckCtlInterrupt)
                  70007608    00000008     --HOLE-- [fill = 0]
                  70007610    00000118                                                : ospi_v0.obj (.text.OSPI_readCmd)
                  70007728    00000008     --HOLE-- [fill = 0]
                  70007730    00000118                                                : ospi_v0.obj (.text.OSPI_writeCmd)
                  70007848    00000118     libclang_rt.builtins.a : udivmoddi4.S.obj (.text)
                  70007960    00000114     drivers.am64x.r5f.ti-arm-clang.release.lib : bootloader_soc.obj (.text.Bootloader_socCpuResetReleaseSelf)
                  70007a74    0000000c     --HOLE-- [fill = 0]
                  70007a80    0000010a     board.am64x.r5f.ti-arm-clang.release.lib : flash_nor_xspi.obj (.text.Flash_norXspiWrite)
                  70007b8a    00000006     --HOLE-- [fill = 0]
                  70007b90    00000102     drivers.am64x.r5f.ti-arm-clang.release.lib : udma_flow.obj (.text.Udma_flowConfig)
                  70007c92    0000000e     --HOLE-- [fill = 0]
                  70007ca0    00000100                                                : csl_lcdma_ringacc.obj (.text.CSL_lcdma_ringaccPop64MultiAccess)
                  70007da0    00000100                                                : udma_rm.obj (.text.Udma_rmSetSharedResRmInitPrms)
                  70007ea0    000000fc     nortos.am64x.r5f.ti-arm-clang.release.lib : ClockP_nortos_r5.obj (.text.ClockP_init)
                  70007f9c    00000004     --HOLE-- [fill = 0]
                  70007fa0    000000f2     drivers.am64x.r5f.ti-arm-clang.release.lib : udma_ch.obj (.text.Udma_chEnable)
                  70008092    0000000e     --HOLE-- [fill = 0]
                  700080a0    000000f0                                                : udma_ch.obj (.text.Udma_chFreeResource)
                  70008190    000000e6                                                : ospi_v0.obj (.text.OSPI_writeIndirect)
                  70008276    0000000a     --HOLE-- [fill = 0]
                  70008280    000000e0                                                : bootloader.obj (.text.Bootloader_verifyMulticoreImage)
                  70008360    000000d8                                                : csl_lcdma_ringacc.obj (.text.CSL_lcdma_ringaccPush64MultiAccess)
                  70008438    00000008     --HOLE-- [fill = 0]
                  70008440    000000d8                                                : udma_ch.obj (.text.Udma_chConfigTx)
                  70008518    00000008     --HOLE-- [fill = 0]
                  70008520    000000d6                                                : bootloader.obj (.text.Bootloader_rprcImageLoad)
                  700085f6    0000000a     --HOLE-- [fill = 0]
                  70008600    000000ca                                                : csl_lcdma_ringacc.obj (.text.CSL_lcdma_ringaccDequeue)
                  700086ca    00000006     --HOLE-- [fill = 0]
                  700086d0    000000c8                                                : sciclient.obj (.text.Sciclient_getVersionCheck)
                  70008798    00000008     --HOLE-- [fill = 0]
                  700087a0    000000c2                                                : bootloader.obj (.text.Bootloader_parseMultiCoreAppImage)
                  70008862    0000000e     --HOLE-- [fill = 0]
                  70008870    000000be                                                : ospi_v0.obj (.text.OSPI_readDirect)
                  7000892e    00000002     --HOLE-- [fill = 0]
                  70008930    000000b6     board.am64x.r5f.ti-arm-clang.release.lib : flash_nor_xspi.obj (.text.Flash_norXspiErase)
                  700089e6    0000000a     --HOLE-- [fill = 0]
                  700089f0    000000b6                                              : flash_nor_xspi.obj (.text.Flash_norXspiWaitReady)
                  70008aa6    0000000a     --HOLE-- [fill = 0]
                  70008ab0    000000b6     drivers.am64x.r5f.ti-arm-clang.release.lib : uart_v0.obj (.text.UART_divisorLatchWrite)
                  70008b66    0000000a     --HOLE-- [fill = 0]
                  70008b70    000000b2                                                : uart_v0.obj (.text.UART_flushTxFifo)
                  70008c22    0000000e     --HOLE-- [fill = 0]
                  70008c30    000000ac     board.am64x.r5f.ti-arm-clang.release.lib : flash_nor_xspi.obj (.text.Flash_norXspiReadId)
                  70008cdc    00000004     --HOLE-- [fill = 0]
                  70008ce0    000000aa     drivers.am64x.r5f.ti-arm-clang.release.lib : udma_rm.obj (.text.Udma_rmAllocMappedRxCh)
                  70008d8a    00000006     --HOLE-- [fill = 0]
                  70008d90    000000aa                                                : udma_rm.obj (.text.Udma_rmAllocMappedTxCh)
                  70008e3a    00000006     --HOLE-- [fill = 0]
                  70008e40    000000a8                                                : bootloader.obj (.text.Bootloader_loadSelfCpu)
                  70008ee8    00000008     --HOLE-- [fill = 0]
                  70008ef0    000000a8                                                : pinmux.obj (.text.Pinmux_config)
                  70008f98    00000008     --HOLE-- [fill = 0]
                  70008fa0    000000a4                                                : sciclient_rm_irq.obj (.text.Sciclient_rmIrInpIsFree)
                  70009044    0000000c     --HOLE-- [fill = 0]
                  70009050    000000a4                                                : uart_v0.obj (.text.UART_procLineStatusErr)
                  700090f4    0000000c     --HOLE-- [fill = 0]
                  70009100    000000a2                                                : udma_rm.obj (.text.Udma_rmAllocBlkCopyCh)
                  700091a2    0000000e     --HOLE-- [fill = 0]
                  700091b0    000000a2                                                : udma_rm.obj (.text.Udma_rmAllocBlkCopyHcCh)
                  70009252    0000000e     --HOLE-- [fill = 0]
                  70009260    000000a2                                                : udma_rm.obj (.text.Udma_rmAllocBlkCopyUhcCh)
                  70009302    0000000e     --HOLE-- [fill = 0]
                  70009310    000000a2                                                : udma_rm.obj (.text.Udma_rmAllocIrIntr)
                  700093b2    0000000e     --HOLE-- [fill = 0]
                  700093c0    000000a2                                                : udma_rm.obj (.text.Udma_rmAllocRxCh)
                  70009462    0000000e     --HOLE-- [fill = 0]
                  70009470    000000a2                                                : udma_rm.obj (.text.Udma_rmAllocRxHcCh)
                  70009512    0000000e     --HOLE-- [fill = 0]
                  70009520    000000a2                                                : udma_rm.obj (.text.Udma_rmAllocRxUhcCh)
                  700095c2    0000000e     --HOLE-- [fill = 0]
                  700095d0    000000a2                                                : udma_rm.obj (.text.Udma_rmAllocTxCh)
                  70009672    0000000e     --HOLE-- [fill = 0]
                  70009680    000000a2                                                : udma_rm.obj (.text.Udma_rmAllocTxHcCh)
                  70009722    0000000e     --HOLE-- [fill = 0]
                  70009730    000000a2                                                : udma_rm.obj (.text.Udma_rmAllocTxUhcCh)
                  700097d2    0000000e     --HOLE-- [fill = 0]
                  700097e0    000000a2     nortos.am64x.r5f.ti-arm-clang.release.lib : printf.obj (.text._ntoa_long_long)
                  70009882    0000000e     --HOLE-- [fill = 0]
                  70009890    0000009e     drivers.am64x.r5f.ti-arm-clang.release.lib : sciclient_pm.obj (.text.Sciclient_pmQueryModuleClkFreq)
                  7000992e    00000002     --HOLE-- [fill = 0]
                  70009930    0000009e                                                : udma.obj (.text.Udma_init)
                  700099ce    00000002     --HOLE-- [fill = 0]
                  700099d0    0000009a                                                : udma_rm.obj (.text.Udma_rmAllocMappedRing)
                  70009a6a    00000006     --HOLE-- [fill = 0]
                  70009a70    00000098                                                : sciclient.obj (.text.Sciclient_init)
                  70009b08    00000008     --HOLE-- [fill = 0]
                  70009b10    00000094                                                : bootloader.obj (.text.Bootloader_getMsgLen)
                  70009ba4    0000000c     --HOLE-- [fill = 0]
                  70009bb0    00000094                                                : ospi_phy.obj (.text.OSPI_phyTuneDDR)
                  70009c44    0000000c     --HOLE-- [fill = 0]
                  70009c50    00000094                                                : sciclient_rm_irq.obj (.text.Sciclient_rmTranslateIntOutput)
                  70009ce4    0000000c     --HOLE-- [fill = 0]
                  70009cf0    00000094                                                : sciclient.obj (.text.Sciclient_sendMessage)
                  70009d84    0000000c     --HOLE-- [fill = 0]
                  70009d90    00000094     nortos.am64x.r5f.ti-arm-clang.release.lib : SemaphoreP_nortos.obj (.text.SemaphoreP_pend)
                  70009e24    0000000c     --HOLE-- [fill = 0]
                  70009e30    00000094     drivers.am64x.r5f.ti-arm-clang.release.lib : uart_v0.obj (.text.UART_init)
                  70009ec4    0000000c     --HOLE-- [fill = 0]
                  70009ed0    00000092                                                : udma_ch.obj (.text.Udma_chClose)
                  70009f62    0000000e     --HOLE-- [fill = 0]
                  70009f70    00000092                                                : udma_event.obj (.text.Udma_eventFreeResource)
                  7000a002    0000000e     --HOLE-- [fill = 0]
                  7000a010    00000092     nortos.am64x.r5f.ti-arm-clang.release.lib : printf.obj (.text._ntoa_long)
                  7000a0a2    0000000e     --HOLE-- [fill = 0]
                  7000a0b0    0000008c     drivers.am64x.r5f.ti-arm-clang.release.lib : sciclient_pm.obj (.text.Sciclient_pmSetModuleClkFreq)
                  7000a13c    00000004     --HOLE-- [fill = 0]
                  7000a140    0000008c                                                : udma_ring_lcdma.obj (.text.Udma_ringSetCfgLcdma)
                  7000a1cc    00000004     --HOLE-- [fill = 0]
                  7000a1d0    0000008a     board.am64x.r5f.ti-arm-clang.release.lib : flash_nor_xspi.obj (.text.Flash_norXspiRegWrite)
                  7000a25a    00000006     --HOLE-- [fill = 0]
                  7000a260    0000008a     drivers.am64x.r5f.ti-arm-clang.release.lib : udma_rm.obj (.text.Udma_rmGetSciclientDefaultBoardCfgRmRange)
                  7000a2ea    00000006     --HOLE-- [fill = 0]
                  7000a2f0    0000008a     nortos.am64x.r5f.ti-arm-clang.release.lib : printf.obj (.text._out_rev)
                  7000a37a    00000006     --HOLE-- [fill = 0]
                  7000a380    00000086     drivers.am64x.r5f.ti-arm-clang.release.lib : udma_event.obj (.text.Udma_eventIsrFxn)
                  7000a406    0000000a     --HOLE-- [fill = 0]
                  7000a410    00000084                                                : csl_pktdma.obj (.text.CSL_pktdmaTeardownChan)
                  7000a494    0000000c     --HOLE-- [fill = 0]
                  7000a4a0    00000084                                                : ospi_dma_udma.obj (.text.OspiDma_udmaCopy)
                  7000a524    0000000c     --HOLE-- [fill = 0]
                  7000a530    00000082                                                : ospi_v0.obj (.text.OSPI_init)
                  7000a5b2    0000000e     --HOLE-- [fill = 0]
                  7000a5c0    00000080                                                : sciclient_procboot.obj (.text.Sciclient_procBootWaitProcessorState)
                  7000a640    0000007e                                                : sciclient_rm_irq.obj (.text.Sciclient_rmIrOutpIsFree)
                  7000a6be    00000002     --HOLE-- [fill = 0]
                  7000a6c0    0000007c                                                : bootloader_soc.obj (.text.Bootloader_socOpenFirewalls)
                  7000a73c    00000004     --HOLE-- [fill = 0]
                  7000a740    0000007a                                                : bootloader_soc.obj (.text.Bootloader_socCpuSetClock)
                  7000a7ba    00000006     --HOLE-- [fill = 0]
                  7000a7c0    0000007a                                                : sciclient_pm.obj (.text.Sciclient_pmGetModuleClkNumParent)
                  7000a83a    00000006     --HOLE-- [fill = 0]
                  7000a840    00000078                                                : bootloader_soc.obj (.text.Bootloader_socCpuSetEntryPoint)
                  7000a8b8    00000008     --HOLE-- [fill = 0]
                  7000a8c0    00000078                                                : bootloader_soc.obj (.text.Bootloader_socOpenFirewallRegion)
                  7000a938    00000008     --HOLE-- [fill = 0]
                  7000a940    00000078                                                : udma_rm.obj (.text.Udma_rmAllocVintrBit)
                  7000a9b8    00000008     --HOLE-- [fill = 0]
                  7000a9c0    00000076                                                : sciclient_rm_irq.obj (.text.Sciclient_rmIrqGetNode)
                  7000aa36    0000000a     --HOLE-- [fill = 0]
                  7000aa40    00000076     ti_drivers_config.obj (.text.System_init)
                  7000aab6    0000000a     --HOLE-- [fill = 0]
                  7000aac0    00000072     drivers.am64x.r5f.ti-arm-clang.release.lib : bootloader_soc.obj (.text.Bootloader_socCpuPowerOnResetA53)
                  7000ab32    0000000e     --HOLE-- [fill = 0]
                  7000ab40    00000070                                                : bootloader_soc.obj (.text.Bootloader_socMemInitCpu)
                  7000abb0    00000070                                                : ospi_phy.obj (.text.OSPI_phyResyncDLL)
                  7000ac20    00000070                                                : soc.obj (.text.SOC_moduleClockEnable)
                  7000ac90    0000006e                                                : csl_pktdma.obj (.text.CSL_pktdmaAccessChanPeerReg)
                  7000acfe    00000002     --HOLE-- [fill = 0]
                  7000ad00    0000006e                                                : lpddr4.obj (.text.LPDDR4_Start)
                  7000ad6e    00000002     --HOLE-- [fill = 0]
                  7000ad70    0000006e                                                : sciclient_pm.obj (.text.Sciclient_pmGetModuleState)
                  7000adde    00000002     --HOLE-- [fill = 0]
                  7000ade0    0000006c     nortos.am64x.r5f.ti-arm-clang.release.lib : ClockP_nortos.obj (.text.ClockP_timerTickIsr)
                  7000ae4c    00000004     --HOLE-- [fill = 0]
                  7000ae50    0000006a     drivers.am64x.r5f.ti-arm-clang.release.lib : bootloader_soc.obj (.text.Bootloader_socCpuGetClock)
                  7000aeba    00000006     --HOLE-- [fill = 0]
                  7000aec0    0000006a                                                : ospi_dma_udma.obj (.text.OspiDma_udmaClose)
                  7000af2a    00000006     --HOLE-- [fill = 0]
                  7000af30    0000006a                                                : uart_v0.obj (.text.UART_writeCancelNoCB)
                  7000af9a    00000006     --HOLE-- [fill = 0]
                  7000afa0    00000068     nortos.am64x.r5f.ti-arm-clang.release.lib : AddrTranslateP.obj (.text.AddrTranslateP_getLocalAddr)
                  7000b008    00000008     --HOLE-- [fill = 0]
                  7000b010    00000066     drivers.am64x.r5f.ti-arm-clang.release.lib : bootloader_soc.obj (.text.Bootloader_socCpuRelease)
                  7000b076    0000000a     --HOLE-- [fill = 0]
                  7000b080    00000066                                                : csl_bcdma.obj (.text.CSL_bcdmaDoChanOp)
                  7000b0e6    0000000a     --HOLE-- [fill = 0]
                  7000b0f0    00000066                                                : sciclient_pm.obj (.text.Sciclient_pmGetModuleClkFreq)
                  7000b156    0000000a     --HOLE-- [fill = 0]
                  7000b160    00000066                                                : sciclient_pm.obj (.text.Sciclient_pmGetModuleClkParent)
                  7000b1c6    0000000a     --HOLE-- [fill = 0]
                  7000b1d0    00000064                                                : bootloader_soc.obj (.text.Bootloader_socCpuRequest)
                  7000b234    0000000c     --HOLE-- [fill = 0]
                  7000b240    00000064                                                : ospi_v0.obj (.text.OSPI_close)
                  7000b2a4    0000000c     --HOLE-- [fill = 0]
                  7000b2b0    00000064                                                : sciclient_pm.obj (.text.Sciclient_pmModuleGetClkStatus)
                  7000b314    0000000c     --HOLE-- [fill = 0]
                  7000b320    00000064                                                : udma_utils.obj (.text.UdmaUtils_makeTrpd)
                  7000b384    0000000c     --HOLE-- [fill = 0]
                  7000b390    00000062     ti_board_open_close.obj (.text.Board_flashOpen)
                  7000b3f2    0000000e     --HOLE-- [fill = 0]
                  7000b400    00000062     drivers.am64x.r5f.ti-arm-clang.release.lib : ospi_v0.obj (.text.OSPI_setXferOpCodes)
                  7000b462    0000000e     --HOLE-- [fill = 0]
                  7000b470    00000062                                                : udma_ring_lcdma.obj (.text.Udma_ringFlushRawLcdma)
                  7000b4d2    0000000e     --HOLE-- [fill = 0]
                  7000b4e0    00000062                                                : udma_ring_common.obj (.text.Udma_ringFree)
                  7000b542    0000000e     --HOLE-- [fill = 0]
                  7000b550    00000062                                                : udma_ring_common.obj (.text.Udma_ringQueueRaw)
                  7000b5b2    0000000e     --HOLE-- [fill = 0]
                  7000b5c0    00000060                                                : sciclient_pm.obj (.text.Sciclient_pmSetModuleClkParent)
                  7000b620    00000060                                                : sciclient.obj (.text.Sciclient_waitForBootNotification)
                  7000b680    0000005e                                                : ospi_phy.obj (.text.OSPI_phyFindRxHigh)
                  7000b6de    00000002     --HOLE-- [fill = 0]
                  7000b6e0    0000005e                                                : ospi_phy.obj (.text.OSPI_phyFindRxLow)
                  7000b73e    00000002     --HOLE-- [fill = 0]
                  7000b740    0000005e                                                : ospi_phy.obj (.text.OSPI_phyFindTxHigh)
                  7000b79e    00000002     --HOLE-- [fill = 0]
                  7000b7a0    0000005e                                                : ospi_phy.obj (.text.OSPI_phyFindTxLow)
                  7000b7fe    00000002     --HOLE-- [fill = 0]
                  7000b800    0000005e                                                : sciclient_pm.obj (.text.Sciclient_pmModuleClkRequest)
                  7000b85e    00000002     --HOLE-- [fill = 0]
                  7000b860    0000005e                                                : udma_rm.obj (.text.Udma_rmFreeMappedRing)
                  7000b8be    00000002     --HOLE-- [fill = 0]
                  7000b8c0    0000005c                                                : bootloader.obj (.text.Bootloader_runCpu)
                  7000b91c    00000004     --HOLE-- [fill = 0]
                  7000b920    0000005c     board.am64x.r5f.ti-arm-clang.release.lib : flash_nor_xspi.obj (.text.Flash_norXspiRead)
                  7000b97c    00000004     --HOLE-- [fill = 0]
                  7000b980    0000005c     ti_drivers_config.obj (.text.System_deinit)
                  7000b9dc    00000004     --HOLE-- [fill = 0]
                  7000b9e0    0000005c     drivers.am64x.r5f.ti-arm-clang.release.lib : udma_rm.obj (.text.Udma_rmAllocEvent)
                  7000ba3c    00000004     --HOLE-- [fill = 0]
                  7000ba40    0000005c                                                : udma_rm.obj (.text.Udma_rmAllocVintr)
                  7000ba9c    00000004     --HOLE-- [fill = 0]
                  7000baa0    0000005c     nortos.am64x.r5f.ti-arm-clang.release.lib : DebugP_log.obj (.text._DebugP_assert)
                  7000bafc    0000005c     libc.a : autoinit.c.obj (.text:__TI_auto_init_nobinit_nopinit)
                  7000bb58    00000008     --HOLE-- [fill = 0]
                  7000bb60    0000005a     drivers.am64x.r5f.ti-arm-clang.release.lib : udma_ring_common.obj (.text.Udma_ringDequeueRaw)
                  7000bbba    00000006     --HOLE-- [fill = 0]
                  7000bbc0    00000058                                                : lpddr4.obj (.text.LPDDR4_ReadReg)
                  7000bc18    00000008     --HOLE-- [fill = 0]
                  7000bc20    00000058                                                : sciclient_procboot.obj (.text.Sciclient_procBootSetSequenceCtrl)
                  7000bc78    00000008     --HOLE-- [fill = 0]
                  7000bc80    00000058                                                : uart_dma.obj (.text.UART_dmaDisableChannel)
                  7000bcd8    00000008     --HOLE-- [fill = 0]
                  7000bce0    00000058                                                : udma_rm.obj (.text.Udma_rmFreeVintrBit)
                  7000bd38    00000008     --HOLE-- [fill = 0]
                  7000bd40    00000056     board.am64x.r5f.ti-arm-clang.release.lib : flash.obj (.text.Flash_offsetToBlkPage)
                  7000bd96    0000000a     --HOLE-- [fill = 0]
                  7000bda0    00000056     drivers.am64x.r5f.ti-arm-clang.release.lib : sciclient_rm_irq.obj (.text.Sciclient_rmIrqUnmappedVintRouteDelete)
                  7000bdf6    0000000a     --HOLE-- [fill = 0]
                  7000be00    00000056                                                : udma.obj (.text.Udma_deinit)
                  7000be56    0000000a     --HOLE-- [fill = 0]
                  7000be60    00000054                                                : csl_intaggr.obj (.text.CSL_intaggrIsIntrPending)
                  7000beb4    0000000c     --HOLE-- [fill = 0]
                  7000bec0    00000054                                                : uart_dma.obj (.text.UART_dmaClose)
                  7000bf14    0000000c     --HOLE-- [fill = 0]
                  7000bf20    00000052                                                : sciclient_pm.obj (.text.Sciclient_pmSetModuleState)
                  7000bf72    0000000e     --HOLE-- [fill = 0]
                  7000bf80    00000050                                                : bootloader.obj (.text.Bootloader_findSeq)
                  7000bfd0    00000050                                                : sciclient_procboot.obj (.text.Sciclient_procBootReleaseProcessor)
                  7000c020    0000004e                                                : csl_intaggr.obj (.text.CSL_intaggrClrIntr)
                  7000c06e    00000002     --HOLE-- [fill = 0]
                  7000c070    0000004e                                                : sciclient_soc_priv.obj (.text.Sciclient_getContext)
                  7000c0be    00000002     --HOLE-- [fill = 0]
                  7000c0c0    0000004c                                                : bootloader_soc.obj (.text.Bootloader_socTranslateSectionAddr)
                  7000c10c    00000004     --HOLE-- [fill = 0]
                  7000c110    0000004c     nortos.am64x.r5f.ti-arm-clang.release.lib : ClockP_nortos.obj (.text.ClockP_addToList)
                  7000c15c    00000004     --HOLE-- [fill = 0]
                  7000c160    0000004c                                               : ClockP_nortos.obj (.text.ClockP_getTimeUsec)
                  7000c1ac    00000004     --HOLE-- [fill = 0]
                  7000c1b0    0000004c     ti_drivers_open_close.obj (.text.Drivers_ospiOpen)
                  7000c1fc    00000004     --HOLE-- [fill = 0]
                  7000c200    0000004c     ti_drivers_open_close.obj (.text.Drivers_uartOpen)
                  7000c24c    00000004     --HOLE-- [fill = 0]
                  7000c250    0000004c     drivers.am64x.r5f.ti-arm-clang.release.lib : bootloader_flash.obj (.text.Flash_imgRead)
                  7000c29c    00000004     --HOLE-- [fill = 0]
                  7000c2a0    0000004c                                                : ospi_phy.obj (.text.OSPI_phyReadAttackVector)
                  7000c2ec    00000004     --HOLE-- [fill = 0]
                  7000c2f0    0000004c                                                : sciclient_rm.obj (.text.Sciclient_rmGetResourceRange)
                  7000c33c    00000004     --HOLE-- [fill = 0]
                  7000c340    0000004c                                                : udma_ring_lcdma.obj (.text.Udma_ringSetDoorBellLcdma)
                  7000c38c    00000004     --HOLE-- [fill = 0]
                  7000c390    0000004a     nortos.am64x.r5f.ti-arm-clang.release.lib : ClockP_nortos.obj (.text.ClockP_construct)
                  7000c3da    00000006     --HOLE-- [fill = 0]
                  7000c3e0    00000048     drivers.am64x.r5f.ti-arm-clang.release.lib : ospi_phy.obj (.text.OSPI_phySetRdDelayTxRxDLL)
                  7000c428    00000008     --HOLE-- [fill = 0]
                  7000c430    00000048                                                : udma_ch.obj (.text.UdmaChTxPrms_init)
                  7000c478    00000008     --HOLE-- [fill = 0]
                  7000c480    00000048                                                : udma_rm.obj (.text.Udma_rmFreeMappedRxCh)
                  7000c4c8    00000008     --HOLE-- [fill = 0]
                  7000c4d0    00000048                                                : udma_rm.obj (.text.Udma_rmFreeMappedTxCh)
                  7000c518    00000008     --HOLE-- [fill = 0]
                  7000c520    00000046                                                : csl_bcdma.obj (.text.CSL_bcdmaChanOpSetChanPause)
                  7000c566    0000000a     --HOLE-- [fill = 0]
                  7000c570    00000046                                                : sciclient_pm.obj (.text.Sciclient_pmSetModuleRst_flags)
                  7000c5b6    0000000a     --HOLE-- [fill = 0]
                  7000c5c0    00000046                                                : sciclient_procboot.obj (.text.Sciclient_procBootGetProcessorState)
                  7000c606    0000000a     --HOLE-- [fill = 0]
                  7000c610    00000046                                                : udma_flow.obj (.text.UdmaFlowPrms_init)
                  7000c656    0000000a     --HOLE-- [fill = 0]
                  7000c660    00000044     nortos.am64x.r5f.ti-arm-clang.release.lib : ClockP_nortos.obj (.text.ClockP_stop)
                  7000c6a4    0000000c     --HOLE-- [fill = 0]
                  7000c6b0    00000044     drivers.am64x.r5f.ti-arm-clang.release.lib : lpddr4.obj (.text.LPDDR4_WritePhyIndepConfig)
                  7000c6f4    0000000c     --HOLE-- [fill = 0]
                  7000c700    00000044                                                : sciclient_pm.obj (.text.Sciclient_pmSetModuleRst)
                  7000c744    0000000c     --HOLE-- [fill = 0]
                  7000c750    00000044                                                : sciclient_procboot.obj (.text.Sciclient_procBootRequestProcessor)
                  7000c794    0000000c     --HOLE-- [fill = 0]
                  7000c7a0    00000042                                                : ddr_soc.obj (.text.DDR_socEnableVttRegulator)
                  7000c7e2    0000000e     --HOLE-- [fill = 0]
                  7000c7f0    00000042                                                : lpddr4.obj (.text.LPDDR4_WritePhyConfig)
                  7000c832    0000000e     --HOLE-- [fill = 0]
                  7000c840    00000042                                                : ospi_v0.obj (.text.OSPI_enablePhy)
                  7000c882    0000000e     --HOLE-- [fill = 0]
                  7000c890    00000042                                                : sciclient_procboot.obj (.text.Sciclient_procBootAuthAndStart)
                  7000c8d2    0000000e     --HOLE-- [fill = 0]
                  7000c8e0    00000042                                                : sciclient_rm.obj (.text.Sciclient_rmIrqReleaseRaw)
                  7000c922    0000000e     --HOLE-- [fill = 0]
                  7000c930    00000042                                                : sciclient_rm.obj (.text.Sciclient_rmPsilPair)
                  7000c972    0000000e     --HOLE-- [fill = 0]
                  7000c980    00000042                                                : sciclient_rm.obj (.text.Sciclient_rmPsilUnpair)
                  7000c9c2    0000000e     --HOLE-- [fill = 0]
                  7000c9d0    00000042                                                : udma_ch.obj (.text.UdmaChPrms_init)
                  7000ca12    0000000e     --HOLE-- [fill = 0]
                  7000ca20    00000042                                                : udma_ch.obj (.text.UdmaChRxPrms_init)
                  7000ca62    0000000e     --HOLE-- [fill = 0]
                  7000ca70    00000040                                                : bootloader.obj (.text.Bootloader_loadCpu)
                  7000cab0    00000040                                                : bootloader_profile.obj (.text.Bootloader_profileReset)
                  7000caf0    00000040     ti_dpl_config.obj (.text.Dpl_init)
                  7000cb30    00000040     drivers.am64x.r5f.ti-arm-clang.release.lib : sciclient_firewall.obj (.text.Sciclient_firewallChangeOwnerInfo)
                  7000cb70    00000040                                                : sciclient_firewall.obj (.text.Sciclient_firewallSetRegion)
                  7000cbb0    00000040                                                : sciclient_rm.obj (.text.Sciclient_rmIrqSetRaw)
                  7000cbf0    00000040                                                : sciclient_rm.obj (.text.Sciclient_rmRingCfg)
                  7000cc30    00000040                                                : sciclient_rm.obj (.text.Sciclient_rmUdmapFlowCfg)
                  7000cc70    00000040                                                : sciclient_rm.obj (.text.Sciclient_rmUdmapFlowSizeThreshCfg)
                  7000ccb0    00000040                                                : sciclient_rm.obj (.text.Sciclient_rmUdmapRxChCfg)
                  7000ccf0    00000040                                                : sciclient_rm.obj (.text.Sciclient_rmUdmapTxChCfg)
                  7000cd30    00000040     nortos.am64x.r5f.ti-arm-clang.release.lib : SemaphoreP_nortos.obj (.text.SemaphoreP_constructBinary)
                  7000cd70    00000040     drivers.am64x.r5f.ti-arm-clang.release.lib : udma_ring_lcdma.obj (.text.Udma_ringPrimeReadLcdma)
                  7000cdb0    00000040                                                : udma_rm.obj (.text.Udma_rmFreeBlkCopyCh)
                  7000cdf0    00000040                                                : udma_rm.obj (.text.Udma_rmFreeBlkCopyHcCh)
                  7000ce30    00000040                                                : udma_rm.obj (.text.Udma_rmFreeBlkCopyUhcCh)
                  7000ce70    00000040                                                : udma_rm.obj (.text.Udma_rmFreeEvent)
                  7000ceb0    00000040                                                : udma_rm.obj (.text.Udma_rmFreeIrIntr)
                  7000cef0    00000040                                                : udma_rm.obj (.text.Udma_rmFreeRxCh)
                  7000cf30    00000040                                                : udma_rm.obj (.text.Udma_rmFreeRxHcCh)
                  7000cf70    00000040                                                : udma_rm.obj (.text.Udma_rmFreeRxUhcCh)
                  7000cfb0    00000040                                                : udma_rm.obj (.text.Udma_rmFreeTxCh)
                  7000cff0    00000040                                                : udma_rm.obj (.text.Udma_rmFreeTxHcCh)
                  7000d030    00000040                                                : udma_rm.obj (.text.Udma_rmFreeTxUhcCh)
                  7000d070    00000040                                                : udma_rm.obj (.text.Udma_rmFreeVintr)
                  7000d0b0    0000003e                                                : bootloader.obj (.text.Bootloader_open)
                  7000d0ee    00000002     --HOLE-- [fill = 0]
                  7000d0f0    0000003e                                                : lpddr4.obj (.text.LPDDR4_WriteCtlConfig)
                  7000d12e    00000002     --HOLE-- [fill = 0]
                  7000d130    0000003e                                                : soc.obj (.text.SOC_controlModuleUnlockMMR)
                  7000d16e    00000002     --HOLE-- [fill = 0]
                  7000d170    0000003e                                                : sciclient_procboot.obj (.text.Sciclient_procBootSetProcessorCfg)
                  7000d1ae    00000002     --HOLE-- [fill = 0]
                  7000d1b0    0000003e                                                : udma_soc.obj (.text.Udma_getMappedChRingAttributes)
                  7000d1ee    00000002     --HOLE-- [fill = 0]
                  7000d1f0    0000003c     nortos.am64x.r5f.ti-arm-clang.release.lib : SemaphoreP_nortos.obj (.text.SemaphoreP_constructMutex)
                  7000d22c    00000004     --HOLE-- [fill = 0]
                  7000d230    0000003c     drivers.am64x.r5f.ti-arm-clang.release.lib : udma_event.obj (.text.UdmaEventPrms_init)
                  7000d26c    00000004     --HOLE-- [fill = 0]
                  7000d270    0000003c                                                : udma_ring_common.obj (.text.Udma_ringFlushRaw)
                  7000d2ac    00000004     --HOLE-- [fill = 0]
                  7000d2b0    0000003a     nortos.am64x.r5f.ti-arm-clang.release.lib : ClockP_nortos.obj (.text.ClockP_destruct)
                  7000d2ea    00000006     --HOLE-- [fill = 0]
                  7000d2f0    0000003a                                               : DebugP_uartLogWriter.obj (.text.DebugP_uartLogWriterPutChar)
                  7000d32a    00000006     --HOLE-- [fill = 0]
                  7000d330    0000003a     drivers.am64x.r5f.ti-arm-clang.release.lib : ospi_dma.obj (.text.OSPI_dmaOpen)
                  7000d36a    00000006     --HOLE-- [fill = 0]
                  7000d370    0000003a                                                : uart_dma.obj (.text.UART_dmaOpen)
                  7000d3aa    00000006     --HOLE-- [fill = 0]
                  7000d3b0    00000038                                                : bootloader.obj (.text.Bootloader_getX509CertLen)
                  7000d3e8    00000008     --HOLE-- [fill = 0]
                  7000d3f0    00000038     ti_power_clock_config.obj (.text.Module_clockSetFrequency)
                  7000d428    00000008     --HOLE-- [fill = 0]
                  7000d430    00000038     drivers.am64x.r5f.ti-arm-clang.release.lib : sciclient.obj (.text.Sciclient_getCurrentContext)
                  7000d468    00000008     --HOLE-- [fill = 0]
                  7000d470    00000038                                                : udma_ring_lcdma.obj (.text.Udma_lcdmaRingaccMemOps)
                  7000d4a8    00000008     --HOLE-- [fill = 0]
                  7000d4b0    00000038     nortos.am64x.r5f.ti-arm-clang.release.lib : DebugP_nortos.obj (.text._DebugP_logZone)
                  7000d4e8    00000008     --HOLE-- [fill = 0]
                  7000d4f0    00000036     drivers.am64x.r5f.ti-arm-clang.release.lib : csl_bcdma.obj (.text.CSL_bcdmaGetCfg)
                  7000d526    0000000a     --HOLE-- [fill = 0]
                  7000d530    00000036                                                : csl_pktdma.obj (.text.CSL_pktdmaGetCfg)
                  7000d566    0000000a     --HOLE-- [fill = 0]
                  7000d570    00000036     board.am64x.r5f.ti-arm-clang.release.lib : flash.obj (.text.Flash_open)
                  7000d5a6    0000000a     --HOLE-- [fill = 0]
                  7000d5b0    00000034     nortos.am64x.r5f.ti-arm-clang.release.lib : ClockP_nortos.obj (.text.ClockP_start)
                  7000d5e4    0000000c     --HOLE-- [fill = 0]
                  7000d5f0    00000034     drivers.am64x.r5f.ti-arm-clang.release.lib : lpddr4_16bit.obj (.text.LPDDR4_EnablePIInitiator)
                  7000d624    0000000c     --HOLE-- [fill = 0]
                  7000d630    00000034                                                : lpddr4.obj (.text.LPDDR4_PollCtlIrq)
                  7000d664    0000000c     --HOLE-- [fill = 0]
                  7000d670    00000034                                                : ospi_v0.obj (.text.OSPI_disablePhy)
                  7000d6a4    0000000c     --HOLE-- [fill = 0]
                  7000d6b0    00000034                                                : ospi_v0.obj (.text.OSPI_setXferLines)
                  7000d6e4    0000000c     --HOLE-- [fill = 0]
                  7000d6f0    00000034                                                : udma_rmcfg.obj (.text.Udma_rmGetSharedResPrms)
                  7000d724    0000000c     --HOLE-- [fill = 0]
                  7000d730    00000032                                                : bootloader.obj (.text.Bootloader_BootImageInfo_init)
                  7000d762    0000000e     --HOLE-- [fill = 0]
                  7000d770    00000032     nortos.am64x.r5f.ti-arm-clang.release.lib : ClockP_nortos.obj (.text.ClockP_usleep)
                  7000d7a2    0000000e     --HOLE-- [fill = 0]
                  7000d7b0    00000032                                               : SemaphoreP_nortos.obj (.text.SemaphoreP_post)
                  7000d7e2    0000000e     --HOLE-- [fill = 0]
                  7000d7f0    00000030     drivers.am64x.r5f.ti-arm-clang.release.lib : csl_intaggr.obj (.text.CSL_intaggrGetCfg)
                  7000d820    00000030     ti_power_clock_config.obj (.text.Module_clockDisable)
                  7000d850    00000030     ti_power_clock_config.obj (.text.Module_clockEnable)
                  7000d880    00000030     nortos.am64x.r5f.ti-arm-clang.release.lib : PmuP_armv7r_asm.obj (.text.pmu)
                  7000d8b0    0000002e     drivers.am64x.r5f.ti-arm-clang.release.lib : ddr.obj (.text.DDR_setFreq)
                  7000d8de    00000002     --HOLE-- [fill = 0]
                  7000d8e0    0000002e                                                : uart_v0.obj (.text.UART_getHandle)
                  7000d90e    00000002     --HOLE-- [fill = 0]
                  7000d910    0000002e                                                : udma_ring_common.obj (.text.UdmaRingPrms_init)
                  7000d93e    00000002     --HOLE-- [fill = 0]
                  7000d940    0000002e                                                : udma_ch.obj (.text.Udma_chGetCqRingNum)
                  7000d96e    00000002     --HOLE-- [fill = 0]
                  7000d970    0000002c                                                : csl_pktdma.obj (.text.CSL_pktdmaGetRxRT)
                  7000d99c    00000004     --HOLE-- [fill = 0]
                  7000d9a0    0000002c                                                : csl_pktdma.obj (.text.CSL_pktdmaGetTxRT)
                  7000d9cc    00000004     --HOLE-- [fill = 0]
                  7000d9d0    0000002c     ti_drivers_open_close.obj (.text.Drivers_close)
                  7000d9fc    00000004     --HOLE-- [fill = 0]
                  7000da00    0000002c     drivers.am64x.r5f.ti-arm-clang.release.lib : ospi_v0.obj (.text.OSPI_getHandle)
                  7000da2c    00000004     --HOLE-- [fill = 0]
                  7000da30    0000002a                                                : bootloader_soc.obj (.text.Bootloader_socIsAuthRequired)
                  7000da5a    00000006     --HOLE-- [fill = 0]
                  7000da60    0000002a                                                : ospi_v0.obj (.text.OSPI_setDeviceSize)
                  7000da8a    00000006     --HOLE-- [fill = 0]
                  7000da90    0000002a                                                : soc.obj (.text.SOC_controlModuleLockMMR)
                  7000daba    00000006     --HOLE-- [fill = 0]
                  7000dac0    0000002a                                                : udma_utils.obj (.text.Udma_phyToVirtFxn)
                  7000daea    00000006     --HOLE-- [fill = 0]
                  7000daf0    00000028                                                : bootloader_soc.obj (.text.Bootloader_socCpuPowerOnReset)
                  7000db18    00000008     --HOLE-- [fill = 0]
                  7000db20    00000028     nortos.am64x.r5f.ti-arm-clang.release.lib : ClockP_nortos.obj (.text.ClockP_sleepTicks)
                  7000db48    00000008     --HOLE-- [fill = 0]
                  7000db50    00000028     drivers.am64x.r5f.ti-arm-clang.release.lib : udma_ch.obj (.text.Udma_chGetCqRingHandle)
                  7000db78    00000008     --HOLE-- [fill = 0]
                  7000db80    00000028                                                : udma_ch.obj (.text.Udma_chGetFqRingHandle)
                  7000dba8    00000008     --HOLE-- [fill = 0]
                  7000dbb0    00000028                                                : udma_ring_lcdma.obj (.text.Udma_ringGetForwardRingOccLcdma)
                  7000dbd8    00000008     --HOLE-- [fill = 0]
                  7000dbe0    00000028                                                : udma_ring_lcdma.obj (.text.Udma_ringGetReverseRingOccLcdma)
                  7000dc08    00000008     --HOLE-- [fill = 0]
                  7000dc10    00000026                                                : csl_bcdma.obj (.text.CSL_bcdmaGetChanPeerReg)
                  7000dc36    0000000a     --HOLE-- [fill = 0]
                  7000dc40    00000026                                                : udma_ring_lcdma.obj (.text.Udma_ringPrimeLcdma)
                  7000dc66    0000000a     --HOLE-- [fill = 0]
                  7000dc70    00000024                                                : bootloader_profile.obj (.text.Bootloader_profileAddProfilePoint)
                  7000dc94    0000000c     --HOLE-- [fill = 0]
                  7000dca0    00000024                                                : ospi_dma.obj (.text.OSPI_dmaCopy)
                  7000dcc4    0000000c     --HOLE-- [fill = 0]
                  7000dcd0    00000024     nortos.am64x.r5f.ti-arm-clang.release.lib : PmuP_armv7r.obj (.text.pmu)
                  7000dcf4    00000024     libclang_rt.builtins.a : aeabi_uldivmod.S.obj (.text)
                  7000dd18    00000008     --HOLE-- [fill = 0]
                  7000dd20    00000022     drivers.am64x.r5f.ti-arm-clang.release.lib : bootloader.obj (.text.Bootloader_runSelfCpu)
                  7000dd42    0000000e     --HOLE-- [fill = 0]
                  7000dd50    00000022                                                : csl_bcdma.obj (.text.CSL_bcdmaChanOpIsChanEnabled)
                  7000dd72    0000000e     --HOLE-- [fill = 0]
                  7000dd80    00000022                                                : csl_bcdma.obj (.text.CSL_bcdmaSetChanPeerReg)
                  7000dda2    0000000e     --HOLE-- [fill = 0]
                  7000ddb0    00000022                                                : ospi_v0.obj (.text.OSPI_setNumAddrBytes)
                  7000ddd2    0000000e     --HOLE-- [fill = 0]
                  7000dde0    00000022     ti_pinmux_config.obj (.text.Pinmux_init)
                  7000de02    0000000e     --HOLE-- [fill = 0]
                  7000de10    00000022     drivers.am64x.r5f.ti-arm-clang.release.lib : udma_utils.obj (.text.Udma_virtToPhyFxn)
                  7000de32    0000000e     --HOLE-- [fill = 0]
                  7000de40    00000020                                                : bootloader_soc.obj (.text.Bootloader_socGetCoreName)
                  7000de60    00000020                                                : bootloader_soc.obj (.text.Bootloader_socRprcToCslCoreId)
                  7000de80    00000020                                                : csl_bcdma.obj (.text.CSL_bcdmaTeardownRxChan)
                  7000dea0    00000020                                                : csl_bcdma.obj (.text.CSL_bcdmaTeardownTxChan)
                  7000dec0    00000020                                                : csl_pktdma.obj (.text.CSL_pktdmaSetRxRT)
                  7000dee0    00000020                                                : csl_pktdma.obj (.text.CSL_pktdmaSetTxRT)
                  7000df00    00000020     nortos.am64x.r5f.ti-arm-clang.release.lib : DebugP_log.obj (.text.DebugP_logZoneEnable)
                  7000df20    00000020     board.am64x.r5f.ti-arm-clang.release.lib : flash.obj (.text.Flash_getAttrs)
                  7000df40    00000020                                              : flash.obj (.text.Flash_getHandle)
                  7000df60    00000020     drivers.am64x.r5f.ti-arm-clang.release.lib : soc.obj (.text.SOC_getSelfCpuClk)
                  7000df80    00000020                                                : udma_utils.obj (.text.UdmaUtils_makeTrpdTr15)
                  7000dfa0    00000020     nortos.am64x.r5f.ti-arm-clang.release.lib : printf.obj (.text.vprintf_)
                  7000dfc0    0000001e     board.am64x.r5f.ti-arm-clang.release.lib : flash.obj (.text.Flash_read)
                  7000dfde    00000002     --HOLE-- [fill = 0]
                  7000dfe0    0000001e     drivers.am64x.r5f.ti-arm-clang.release.lib : ospi_v0.obj (.text.OSPI_enableDacMode)
                  7000dffe    00000002     --HOLE-- [fill = 0]
                  7000e000    0000001e     nortos.am64x.r5f.ti-arm-clang.release.lib : TimerP.obj (.text.TimerP_Params_init)
                  7000e01e    00000002     --HOLE-- [fill = 0]
                  7000e020    0000001e     drivers.am64x.r5f.ti-arm-clang.release.lib : udma_ring_lcdma.obj (.text.Udma_ringDequeueRawLcdma)
                  7000e03e    00000002     --HOLE-- [fill = 0]
                  7000e040    0000001e                                                : udma_ring_common.obj (.text.Udma_ringGetNum)
                  7000e05e    00000002     --HOLE-- [fill = 0]
                  7000e060    0000001e                                                : udma_ring_lcdma.obj (.text.Udma_ringQueueRawLcdma)
                  7000e07e    00000002     --HOLE-- [fill = 0]
                  7000e080    0000001c                                                : bootloader_soc.obj (.text.Bootloader_socCpuGetClkDefault)
                  7000e09c    00000004     --HOLE-- [fill = 0]
                  7000e0a0    0000001c                                                : csl_lcdma_ringacc.obj (.text.CSL_lcdma_ringaccPush64)
                  7000e0bc    00000004     --HOLE-- [fill = 0]
                  7000e0c0    0000001c                                                : ospi_v0.obj (.text.OSPI_setRdDataCaptureDelay)
                  7000e0dc    00000004     --HOLE-- [fill = 0]
                  7000e0e0    0000001c                                                : soc.obj (.text.SOC_getCoreName)
                  7000e0fc    00000004     --HOLE-- [fill = 0]
                  7000e100    0000001c                                                : udma_utils.obj (.text.UdmaUtils_getRingMemSize)
                  7000e11c    00000004     --HOLE-- [fill = 0]
                  7000e120    0000001c     nortos.am64x.r5f.ti-arm-clang.release.lib : boot_armv7r.obj (.text._system_pre_init)
                  7000e13c    0000001c     libsysbm.a : memcpy32.S.obj (.text:TI_memcpy_small)
                  7000e158    0000001c     libclang_rt.builtins.a : aeabi_memset.S.obj (.text)
                  7000e174    0000000c     --HOLE-- [fill = 0]
                  7000e180    0000001a     drivers.am64x.r5f.ti-arm-clang.release.lib : bootloader_profile.obj (.text.Bootloader_profileAddCore)
                  7000e19a    00000006     --HOLE-- [fill = 0]
                  7000e1a0    0000001a                                                : csl_pktdma.obj (.text.CSL_pktdmaGetChanPeerReg)
                  7000e1ba    00000006     --HOLE-- [fill = 0]
                  7000e1c0    0000001a                                                : csl_pktdma.obj (.text.CSL_pktdmaSetChanPeerReg)
                  7000e1da    00000006     --HOLE-- [fill = 0]
                  7000e1e0    0000001a                                                : ospi_v0.obj (.text.OSPI_deinit)
                  7000e1fa    00000006     --HOLE-- [fill = 0]
                  7000e200    0000001a                                                : uart_v0.obj (.text.UART_deinit)
                  7000e21a    00000006     --HOLE-- [fill = 0]
                  7000e220    0000001a                                                : uart_dma.obj (.text.UART_writeInterruptDma)
                  7000e23a    00000006     --HOLE-- [fill = 0]
                  7000e240    0000001a                                                : udma_rmcfg.obj (.text.Udma_rmGetDefBoardCfgPrms)
                  7000e25a    00000006     --HOLE-- [fill = 0]
                  7000e260    00000018                                                : bootloader_soc.obj (.text.Bootloader_socAuthImage)
                  7000e278    00000008     --HOLE-- [fill = 0]
                  7000e280    00000018                                                : lpddr4.obj (.text.LPDDR4_Init)
                  7000e298    00000008     --HOLE-- [fill = 0]
                  7000e2a0    00000018                                                : ospi_v0.obj (.text.OSPI_disablePhyPipeline)
                  7000e2b8    00000008     --HOLE-- [fill = 0]
                  7000e2c0    00000018                                                : ospi_dma.obj (.text.OSPI_dmaClose)
                  7000e2d8    00000008     --HOLE-- [fill = 0]
                  7000e2e0    00000018                                                : ospi_v0.obj (.text.OSPI_enableDDR)
                  7000e2f8    00000008     --HOLE-- [fill = 0]
                  7000e300    00000018                                                : ospi_v0.obj (.text.OSPI_enablePhyPipeline)
                  7000e318    00000008     --HOLE-- [fill = 0]
                  7000e320    00000018                                                : ospi_v0.obj (.text.OSPI_enableSDR)
                  7000e338    00000008     --HOLE-- [fill = 0]
                  7000e340    00000018                                                : ospi_v0.obj (.text.OSPI_setCmdDummyCycles)
                  7000e358    00000008     --HOLE-- [fill = 0]
                  7000e360    00000018                                                : sciclient_soc_priv.obj (.text.Sciclient_getDevId)
                  7000e378    00000008     --HOLE-- [fill = 0]
                  7000e380    00000018                                                : udma_ring_lcdma.obj (.text.Udma_ringGetElementCntLcdma)
                  7000e398    00000008     --HOLE-- [fill = 0]
                  7000e3a0    00000018                                                : udma_ring_lcdma.obj (.text.Udma_ringGetMemPtrLcdma)
                  7000e3b8    00000008     --HOLE-- [fill = 0]
                  7000e3c0    00000018                                                : udma_ring_lcdma.obj (.text.Udma_ringGetModeLcdma)
                  7000e3d8    00000008     --HOLE-- [fill = 0]
                  7000e3e0    00000018                                                : udma_ring_lcdma.obj (.text.Udma_ringGetRdIdxLcdma)
                  7000e3f8    00000008     --HOLE-- [fill = 0]
                  7000e400    00000018                                                : udma_ring_lcdma.obj (.text.Udma_ringGetWrIdxLcdma)
                  7000e418    00000018     libsysbm.a : memset32.S.obj (.text:TI_memset_small)
                  7000e430    00000016     drivers.am64x.r5f.ti-arm-clang.release.lib : csl_bcdma.obj (.text.CSL_bcdmaGetRxRT)
                  7000e446    0000000a     --HOLE-- [fill = 0]
                  7000e450    00000016                                                : csl_bcdma.obj (.text.CSL_bcdmaGetTxRT)
                  7000e466    0000000a     --HOLE-- [fill = 0]
                  7000e470    00000016                                                : csl_bcdma.obj (.text.CSL_bcdmaSetRxRT)
                  7000e486    0000000a     --HOLE-- [fill = 0]
                  7000e490    00000016                                                : csl_bcdma.obj (.text.CSL_bcdmaSetTxRT)
                  7000e4a6    0000000a     --HOLE-- [fill = 0]
                  7000e4b0    00000016                                                : ospi_v0.obj (.text.OSPI_ReadCmdParams_init)
                  7000e4c6    0000000a     --HOLE-- [fill = 0]
                  7000e4d0    00000016                                                : ospi_v0.obj (.text.OSPI_WriteCmdParams_init)
                  7000e4e6    0000000a     --HOLE-- [fill = 0]
                  7000e4f0    00000014     board.am64x.r5f.ti-arm-clang.release.lib : flash.obj (.text.Flash_getPhyTuningOffset)
                  7000e504    0000000c     --HOLE-- [fill = 0]
                  7000e510    00000014     drivers.am64x.r5f.ti-arm-clang.release.lib : ospi_v0.obj (.text.OSPI_Transaction_init)
                  7000e524    0000000c     --HOLE-- [fill = 0]
                  7000e530    00000014                                                : ospi_v0.obj (.text.OSPI_setReadDummyCycles)
                  7000e544    0000000c     --HOLE-- [fill = 0]
                  7000e550    00000012                                                : csl_lcdma_ringacc.obj (.text.CSL_lcdma_ringaccGetReverseRingOcc)
                  7000e562    0000000e     --HOLE-- [fill = 0]
                  7000e570    00000010                                                : bootloader.obj (.text.Bootloader_close)
                  7000e580    00000010                                                : bootloader.obj (.text.Bootloader_isCorePresent)
                  7000e590    00000010                                                : csl_lcdma_ringacc.obj (.text.CSL_lcdma_ringaccIsTeardownComplete)
                  7000e5a0    00000010                                                : csl_lcdma_ringacc.obj (.text.CSL_lcdma_ringaccPop64)
                  7000e5b0    00000010                                                : lpddr4.obj (.text.LPDDR4_Probe)
                  7000e5c0    00000010                                                : ospi_phy.obj (.text.OSPI_phyGetTuningData)
                  7000e5d0    00000010                                                : ospi_v0.obj (.text.OSPI_setDualOpCodeMode)
                  7000e5e0    00000010                                                : sciclient_rm.obj (.text.Sciclient_rmIrqRelease)
                  7000e5f0    00000010     nortos.am64x.r5f.ti-arm-clang.release.lib : TimerP.obj (.text.TimerP_clearOverflowInt)
                  7000e600    00000010     drivers.am64x.r5f.ti-arm-clang.release.lib : udma_rm.obj (.text.Udma_rmTranslateCoreIntrInput)
                  7000e610    00000010                                                : udma_rm.obj (.text.Udma_rmTranslateIrOutput)
                  7000e620    0000000e                                                : bootloader_profile.obj (.text.Bootloader_profileUpdateAppimageSize)
                  7000e62e    00000002     --HOLE-- [fill = 0]
                  7000e630    0000000e                                                : bootloader_profile.obj (.text.Bootloader_profileUpdateMediaAndClk)
                  7000e63e    00000002     --HOLE-- [fill = 0]
                  7000e640    0000000e                                                : csl_lcdma_ringacc.obj (.text.CSL_lcdma_ringaccGetForwardRingOcc)
                  7000e64e    00000002     --HOLE-- [fill = 0]
                  7000e650    0000000e                                                : csl_lcdma_ringacc.obj (.text.CSL_lcdma_ringaccInitRingObj)
                  7000e65e    00000002     --HOLE-- [fill = 0]
                  7000e660    0000000e     ti_drivers_open_close.obj (.text.Drivers_open)
                  7000e66e    00000002     --HOLE-- [fill = 0]
                  7000e670    0000000e     board.am64x.r5f.ti-arm-clang.release.lib : flash.obj (.text.Flash_close)
                  7000e67e    00000002     --HOLE-- [fill = 0]
                  7000e680    0000000e     ti_power_clock_config.obj (.text.PowerClock_init)
                  7000e68e    00000002     --HOLE-- [fill = 0]
                  7000e690    0000000c     drivers.am64x.r5f.ti-arm-clang.release.lib : bootloader.obj (.text.Bootloader_Params_init)
                  7000e69c    00000004     --HOLE-- [fill = 0]
                  7000e6a0    0000000c     nortos.am64x.r5f.ti-arm-clang.release.lib : ClockP_nortos.obj (.text.ClockP_getTicks)
                  7000e6ac    00000004     --HOLE-- [fill = 0]
                  7000e6b0    0000000c                                               : DebugP_uartLogWriter.obj (.text.DebugP_uartSetDrvIndex)
                  7000e6bc    00000004     --HOLE-- [fill = 0]
                  7000e6c0    0000000c     drivers.am64x.r5f.ti-arm-clang.release.lib : ospi_v0.obj (.text.OSPI_getFlashDataBaseAddr)
                  7000e6cc    00000004     --HOLE-- [fill = 0]
                  7000e6d0    0000000c                                                : ospi_v0.obj (.text.OSPI_getInputClk)
                  7000e6dc    00000004     --HOLE-- [fill = 0]
                  7000e6e0    0000000c                                                : sciclient.obj (.text.Sciclient_getSelfDevIdCore)
                  7000e6ec    00000004     --HOLE-- [fill = 0]
                  7000e6f0    0000000a                                                : bootloader.obj (.text.Bootloader_getMulticoreImageSize)
                  7000e6fa    00000006     --HOLE-- [fill = 0]
                  7000e700    0000000a                                                : bootloader_soc.obj (.text.Bootloader_socGetSBLMem)
                  7000e70a    00000006     --HOLE-- [fill = 0]
                  7000e710    0000000a                                                : csl_sec_proxy.obj (.text.CSL_secProxyGetDataAddr)
                  7000e71a    00000006     --HOLE-- [fill = 0]
                  7000e720    0000000a     nortos.am64x.r5f.ti-arm-clang.release.lib : ClockP_nortos.obj (.text.ClockP_Params_init)
                  7000e72a    00000006     --HOLE-- [fill = 0]
                  7000e730    0000000a                                               : ClockP_nortos.obj (.text.ClockP_isActive)
                  7000e73a    00000006     --HOLE-- [fill = 0]
                  7000e740    0000000a     drivers.am64x.r5f.ti-arm-clang.release.lib : ospi_v0.obj (.text.OSPI_setPhyEnableSuccess)
                  7000e74a    00000006     --HOLE-- [fill = 0]
                  7000e750    0000000a     nortos.am64x.r5f.ti-arm-clang.release.lib : TimerP.obj (.text.TimerP_start)
                  7000e75a    00000006     --HOLE-- [fill = 0]
                  7000e760    0000000a                                               : printf.obj (.text._out_char)
                  7000e76a    00000006     --HOLE-- [fill = 0]
                  7000e770    00000008     drivers.am64x.r5f.ti-arm-clang.release.lib : bootloader_flash.obj (.text.Flash_imgOpen)
                  7000e778    00000008     --HOLE-- [fill = 0]
                  7000e780    00000008                                                : bootloader_flash.obj (.text.Flash_imgSeek)
                  7000e788    00000008     --HOLE-- [fill = 0]
                  7000e790    00000008     board.am64x.r5f.ti-arm-clang.release.lib : flash_nor_xspi.obj (.text.Flash_norXspiClose)
                  7000e798    00000008     --HOLE-- [fill = 0]
                  7000e7a0    00000008     drivers.am64x.r5f.ti-arm-clang.release.lib : ospi_v0.obj (.text.OSPI_setCmdExtType)
                  7000e7a8    00000008     --HOLE-- [fill = 0]
                  7000e7b0    00000008                                                : udma_ring_common.obj (.text.Udma_ringGetForwardRingOcc)
                  7000e7b8    00000008     --HOLE-- [fill = 0]
                  7000e7c0    00000008                                                : udma_ring_common.obj (.text.Udma_ringGetReverseRingOcc)
                  7000e7c8    00000008     --HOLE-- [fill = 0]
                  7000e7d0    00000008                                                : udma_ring_lcdma.obj (.text.Udma_ringHandleClearRegsLcdma)
                  7000e7d8    00000008     --HOLE-- [fill = 0]
                  7000e7e0    00000006                                                : csl_pktdma.obj (.text.CSL_pktdmaTeardownRxChan)
                  7000e7e6    0000000a     --HOLE-- [fill = 0]
                  7000e7f0    00000006                                                : csl_pktdma.obj (.text.CSL_pktdmaTeardownTxChan)
                  7000e7f6    0000000a     --HOLE-- [fill = 0]
                  7000e800    00000006                                                : ospi_v0.obj (.text.OSPI_getXferLines)
                  7000e806    0000000a     --HOLE-- [fill = 0]
                  7000e810    00000006                                                : ospi_v0.obj (.text.OSPI_isDtrEnable)
                  7000e816    0000000a     --HOLE-- [fill = 0]
                  7000e820    00000006                                                : ospi_v0.obj (.text.OSPI_isPhyEnable)
                  7000e826    0000000a     --HOLE-- [fill = 0]
                  7000e830    00000006                                                : udma_rm.obj (.text.Udma_rmAllocFreeRing)
                  7000e836    0000000a     --HOLE-- [fill = 0]
                  7000e840    00000004     ti_board_open_close.obj (.text.Board_driversOpen)
                  7000e844    0000000c     --HOLE-- [fill = 0]
                  7000e850    00000004     drivers.am64x.r5f.ti-arm-clang.release.lib : bootloader_soc.obj (.text.Bootloader_socWaitForFWBoot)
                  7000e854    0000000c     --HOLE-- [fill = 0]
                  7000e860    00000004                                                : lpddr4.obj (.text.CPS_UncachedRead32)
                  7000e864    0000000c     --HOLE-- [fill = 0]
                  7000e870    00000004                                                : lpddr4.obj (.text.CPS_UncachedWrite32)
                  7000e874    0000000c     --HOLE-- [fill = 0]
                  7000e880    00000004     nortos.am64x.r5f.ti-arm-clang.release.lib : ClockP_nortos_r5.obj (.text.ClockP_getTimerCount)
                  7000e884    0000000c     --HOLE-- [fill = 0]
                  7000e890    00000004                                               : ClockP_nortos_r5.obj (.text.ClockP_timerClearOverflowInt)
                  7000e894    0000000c     --HOLE-- [fill = 0]
                  7000e8a0    00000004     drivers.am64x.r5f.ti-arm-clang.release.lib : bootloader_flash.obj (.text.Flash_imgGetCurOffset)
                  7000e8a4    0000000c     --HOLE-- [fill = 0]
                  7000e8b0    00000004     ti_power_clock_config.obj (.text.PowerClock_deinit)
                  7000e8b4    0000000c     --HOLE-- [fill = 0]
                  7000e8c0    00000004     drivers.am64x.r5f.ti-arm-clang.release.lib : sciclient.obj (.text.Sciclient_deinit)
                  7000e8c4    0000000c     --HOLE-- [fill = 0]
                  7000e8d0    00000004                                                : sciclient_rm.obj (.text.Sciclient_rmIrqSet)
                  7000e8d4    0000000c     --HOLE-- [fill = 0]
                  7000e8e0    00000004                                                : sciclient_rm.obj (.text.Sciclient_rmIrqTranslateIaOutput)
                  7000e8e4    0000000c     --HOLE-- [fill = 0]
                  7000e8f0    00000004     nortos.am64x.r5f.ti-arm-clang.release.lib : TimerP.obj (.text.TimerP_getCount)
                  7000e8f4    0000000c     --HOLE-- [fill = 0]
                  7000e900    00000004                                               : TimerP.obj (.text.TimerP_getReloadCount)
                  7000e904    0000000c     --HOLE-- [fill = 0]
                  7000e910    00000004     drivers.am64x.r5f.ti-arm-clang.release.lib : udma_utils.obj (.text.Udma_defaultVirtToPhyFxn)
                  7000e914    0000000c     --HOLE-- [fill = 0]
                  7000e920    00000004                                                : udma_soc.obj (.text.Udma_isCacheCoherent)
                  7000e924    0000000c     --HOLE-- [fill = 0]
                  7000e930    00000004     libclang_rt.builtins.a : aeabi_div0.c.obj (.text.__aeabi_ldiv0)
                  7000e934    0000000c     --HOLE-- [fill = 0]
                  7000e940    00000004     ti_dpl_config.obj (.text.putchar_)
                  7000e944    0000000c     --HOLE-- [fill = 0]
                  7000e950    00000002     ti_dpl_config.obj (.text.Dpl_deinit)
                  7000e952    0000000e     --HOLE-- [fill = 0]
                  7000e960    00000002     drivers.am64x.r5f.ti-arm-clang.release.lib : bootloader_flash.obj (.text.Flash_imgClose)
                  7000e962    0000000e     --HOLE-- [fill = 0]
                  7000e970    00000002                                                : ospi_v0.obj (.text.OSPI_isr)
                  7000e972    0000000e     --HOLE-- [fill = 0]
                  7000e980    00000002     nortos.am64x.r5f.ti-arm-clang.release.lib : SemaphoreP_nortos.obj (.text.SemaphoreP_destruct)
                  7000e982    0000000e     --HOLE-- [fill = 0]
                  7000e990    00000002                                               : TaskP_nortos.obj (.text.TaskP_yield)
                  7000e992    0000000e     --HOLE-- [fill = 0]
                  7000e9a0    00000002     drivers.am64x.r5f.ti-arm-clang.release.lib : udma_utils.obj (.text.Udma_defaultPhyToVirtFxn)
                  7000e9a2    0000000e     --HOLE-- [fill = 0]
                  7000e9b0    00000002                                                : udma_rm.obj (.text.Udma_rmFreeFreeRing)
                  7000e9b2    0000000e     --HOLE-- [fill = 0]
                  7000e9c0    00000002     nortos.am64x.r5f.ti-arm-clang.release.lib : printf.obj (.text._out_null)
                  7000e9c2    0000000e     --HOLE-- [fill = 0]

.text.hwi 
*          0    7000e9d0    00000770     
                  7000e9d0    00000442     nortos.am64x.r5f.ti-arm-clang.release.lib : HwiP_armv7r_vim.obj (.text.hwi)
                  7000ee12    00000002     --HOLE-- [fill = 0]
                  7000ee14    00000008                                               : HwiP_armv7r_asm.obj (.tramp.HwiP_enableFIQ.1)
                  7000ee1c    00000004     --HOLE-- [fill = 0]
                  7000ee20    0000022e                                               : HwiP_armv7r_handlers_nortos.obj (.text.hwi)
[...]
700100fc  DDRSS_ctlReg                                                                  
70010798  DDRSS_phyIndepReg                                                             
70010cfc  DDRSS_phyRegNum                                                               
700110f2  DDRSS_ctlRegNum                                                               
70011440  DDRSS_phyIndepRegNum                                                          
700116f4  gAddrTranslateInfo                                                            
700117b8  vint_usage_count_DMASS0_INTAGGR_0                                             
70011870  gCoreBootInfo                                                                 
70011bc0  gRmIrInstances                                                                
70011c20  gUdmaRmSharedResPrms                                                          
70011c78  gUartParams                                                                   
70011ccc  gMpuRegionConfig                                                              
70011d6c  gFlashNorXspiDeviceDefines_S28HS512T                                          
70011db4  gBootloaderConfigNum                                                          
70011de8  gFlashNorXspiAttrs_S28HS512T                                                  
70011e10  gPhyTuneWindowParamsGTE133                                                    
70011e38  gPhyTuneWindowParamsLT133                                                     
70011e60  gSocModulesClockFrequency                                                     
70011ea4  gRmIaInstances                                                                
70011ec4  gCacheL1dCacheLineSize                                                        
70011ec8  gSciclientSecProxyCfg                                                         
70011ee8  gOspiUdma0Args                                                                
70011f04  gSocModules                                                                   
70011f20  gBootloaderConfig                                                             
70011f34  gBootloaderFlashFxns                                                          
70011f48  gClockConfig                                                                  
70011f5c  gFlashNorXspiFxns                                                             
70011f70  gResMemSection                                                                
70011f98  gFlashConfig                                                                  
70011fb8  gAddrTranslateConfig                                                          
70011fc4  gBootloader0Args                                                              
70011fd0  gMpuConfig                                                                    
70011fdc  gOspiDmaUdmaFxns                                                              
70011fe8  gCacheConfig                                                                  
70011ff0  gOspiConfig                                                                   
70011ff8  gOspiDmaConfig                                                                
70012010  gUartConfig                                                                   
70012018  gCacheL1pCacheLineSize                                                        
7001201c  gDebugLogZone                                                                 
70012020  gDebugP_uartDrvIndex                                                          
70012024  gFlashConfigNum                                                               
70012028  gHwiConfig                                                                    
7001202c  gOspiConfigNum                                                                
70012030  gOspiDmaConfigNum                                                             
70012034  gOspiParams                                                                   
70012038  gPhyTuneWindowParams                                                          
70012050  gUartConfigNum                                                                
70012054  gUartDmaConfigNum                                                             
70012494  gUdmaRmDefBoardCfg_Pktdma                                                     
70012934  gUdmaTxMappedChRingAttributes                                                 
70012e0c  gSciclientMap                                                                 
700133f8  gUdmaRxMappedChRingAttributes                                                 
70013520  gUdmaRmDefBoardCfg_Bcdma                                                      
70013710  tisci_if_TIMESYNC_EVENT_INTROUTER0                                            
70013838  gRmIrqTree                                                                    
70013978  gSOC_r5fVectors                                                               
70013a08  tisci_if_MAIN_GPIOMUX_INTROUTER0                                              
70013a3c  tisci_if_DMASS0_INTAGGR_0                                                     
70013a9c  tisci_if_MCU_MCU_GPIOMUX_INTROUTER0                                           
70013ae0  tisci_if_CPTS0                                                                
70013b1c  tisci_if_PRU_ICSSG0                                                           
70013b38  tisci_if_PRU_ICSSG1                                                           
70013b6c  tisci_if_CMP_EVENT_INTROUTER0                                                 
70013b84  tisci_if_PCIE0                                                                
70013bac  tisci_if_CPSW0                                                                
70013bd4  CMP_EVENT_INTROUTER0_outp_0_15_to_GICSS0_spi_48_63                            
70013bdc  CMP_EVENT_INTROUTER0_outp_16_23_to_R5FSS0_CORE0_intr_48_55                    
70013be4  CMP_EVENT_INTROUTER0_outp_16_23_to_R5FSS0_CORE1_intr_48_55                    
70013bec  CMP_EVENT_INTROUTER0_outp_24_31_to_R5FSS1_CORE0_intr_48_55                    
70013bf4  CMP_EVENT_INTROUTER0_outp_24_31_to_R5FSS1_CORE1_intr_48_55                    
70013bfc  CMP_EVENT_INTROUTER0_outp_32_39_to_DMASS0_INTAGGR_0_intaggr_levi_pend_0_7     
70013c04  CPSW0_cpts_comp_0_0_to_CMP_EVENT_INTROUTER0_in_80_80                          
70013c0c  CPSW0_cpts_genf0_1_1_to_TIMESYNC_EVENT_INTROUTER0_in_21_21                    
70013c14  CPSW0_cpts_genf1_2_2_to_TIMESYNC_EVENT_INTROUTER0_in_22_22                    
70013c1c  CPSW0_cpts_sync_3_3_to_TIMESYNC_EVENT_INTROUTER0_in_34_34                     
70013c24  CPTS0_cpts_comp_0_0_to_CMP_EVENT_INTROUTER0_in_82_82                          
70013c2c  CPTS0_cpts_genf0_1_1_to_TIMESYNC_EVENT_INTROUTER0_in_16_16                    
70013c34  CPTS0_cpts_genf1_2_2_to_TIMESYNC_EVENT_INTROUTER0_in_17_17                    
70013c3c  CPTS0_cpts_genf2_3_3_to_TIMESYNC_EVENT_INTROUTER0_in_18_18                    
70013c44  CPTS0_cpts_genf3_4_4_to_TIMESYNC_EVENT_INTROUTER0_in_19_19                    
70013c4c  CPTS0_cpts_genf4_5_5_to_TIMESYNC_EVENT_INTROUTER0_in_20_20                    
70013c54  CPTS0_cpts_genf5_6_6_to_TIMESYNC_EVENT_INTROUTER0_in_24_24                    
70013c5c  CPTS0_cpts_sync_7_7_to_TIMESYNC_EVENT_INTROUTER0_in_35_35                     
70013c64  DMASS0_INTAGGR_0_intaggr_vintr_pend_0_39_to_GICSS0_spi_64_103                 
70013c6c  DMASS0_INTAGGR_0_intaggr_vintr_pend_120_127_to_R5FSS1_CORE0_intr_8_15         
70013c74  DMASS0_INTAGGR_0_intaggr_vintr_pend_128_135_to_R5FSS1_CORE1_intr_8_15         
70013c7c  DMASS0_INTAGGR_0_intaggr_vintr_pend_152_159_to_PRU_ICSSG0_pr1_slv_intr_16_23  
70013c84  DMASS0_INTAGGR_0_intaggr_vintr_pend_160_167_to_PRU_ICSSG1_pr1_slv_intr_16_23  
70013c8c  DMASS0_INTAGGR_0_intaggr_vintr_pend_168_183_to_MCU_M4FSS0_CORE0_nvic_32_47    
70013c94  DMASS0_INTAGGR_0_intaggr_vintr_pend_40_71_to_R5FSS0_CORE0_intr_64_95          
70013c9c  DMASS0_INTAGGR_0_intaggr_vintr_pend_40_71_to_R5FSS0_CORE1_intr_64_95          
70013ca4  DMASS0_INTAGGR_0_intaggr_vintr_pend_72_79_to_R5FSS0_CORE0_intr_8_15           
70013cac  DMASS0_INTAGGR_0_intaggr_vintr_pend_80_87_to_R5FSS0_CORE1_intr_8_15           
70013cb4  DMASS0_INTAGGR_0_intaggr_vintr_pend_88_119_to_R5FSS1_CORE0_intr_64_95         
70013cbc  DMASS0_INTAGGR_0_intaggr_vintr_pend_88_119_to_R5FSS1_CORE1_intr_64_95         
70013cc4  EPWM0_epwm_synco_o_0_0_to_TIMESYNC_EVENT_INTROUTER0_in_39_39                  
70013ccc  EPWM3_epwm_synco_o_0_0_to_TIMESYNC_EVENT_INTROUTER0_in_40_40                  
70013cd4  EPWM6_epwm_synco_o_0_0_to_TIMESYNC_EVENT_INTROUTER0_in_41_41                  
70013cdc  GPIO0_gpio_0_89_to_MAIN_GPIOMUX_INTROUTER0_in_0_89                            
70013ce4  GPIO0_gpio_bank_90_98_to_MAIN_GPIOMUX_INTROUTER0_in_190_198                   
70013cec  GPIO1_gpio_0_89_to_MAIN_GPIOMUX_INTROUTER0_in_90_179                          
70013cf4  GPIO1_gpio_bank_90_98_to_MAIN_GPIOMUX_INTROUTER0_in_180_188                   
70013cfc  GPMC0_gpmc_sdmareq_0_0_to_DMASS0_INTAGGR_0_intaggr_levi_pend_29_29            
70013d04  GTC0_gtc_push_event_0_0_to_TIMESYNC_EVENT_INTROUTER0_in_36_36                 
70013d0c  MAIN_GPIOMUX_INTROUTER0_outp_0_15_to_GICSS0_spi_32_47                         
70013d14  MAIN_GPIOMUX_INTROUTER0_outp_0_15_to_R5FSS0_CORE0_intr_32_47                  
70013d1c  MAIN_GPIOMUX_INTROUTER0_outp_0_15_to_R5FSS0_CORE1_intr_32_47                  
70013d24  MAIN_GPIOMUX_INTROUTER0_outp_0_15_to_R5FSS1_CORE0_intr_32_47                  
70013d2c  MAIN_GPIOMUX_INTROUTER0_outp_0_15_to_R5FSS1_CORE1_intr_32_47                  
70013d34  MAIN_GPIOMUX_INTROUTER0_outp_16_17_to_DMASS0_INTAGGR_0_intaggr_levi_pend_24_25
70013d3c  MAIN_GPIOMUX_INTROUTER0_outp_18_23_to_PRU_ICSSG0_pr1_iep0_cap_intr_req_4_9    
70013d44  MAIN_GPIOMUX_INTROUTER0_outp_18_23_to_PRU_ICSSG1_pr1_iep0_cap_intr_req_4_9    
70013d4c  MAIN_GPIOMUX_INTROUTER0_outp_24_29_to_PRU_ICSSG0_pr1_iep1_cap_intr_req_10_15  
70013d54  MAIN_GPIOMUX_INTROUTER0_outp_24_29_to_PRU_ICSSG1_pr1_iep1_cap_intr_req_10_15  
70013d5c  MAIN_GPIOMUX_INTROUTER0_outp_30_37_to_DMASS0_INTAGGR_0_intaggr_levi_pend_16_23
70013d64  MAIN_GPIOMUX_INTROUTER0_outp_38_45_to_PRU_ICSSG0_pr1_slv_intr_46_53           
70013d6c  MAIN_GPIOMUX_INTROUTER0_outp_46_53_to_PRU_ICSSG1_pr1_slv_intr_46_53           
70013d74  MCU_GPIO0_gpio_0_29_to_MCU_MCU_GPIOMUX_INTROUTER0_in_0_29                     
70013d7c  MCU_GPIO0_gpio_bank_30_31_to_MCU_MCU_GPIOMUX_INTROUTER0_in_30_31              
70013d84  MCU_MCU_GPIOMUX_INTROUTER0_outp_0_3_to_GICSS0_spi_104_107                     
70013d8c  MCU_MCU_GPIOMUX_INTROUTER0_outp_0_3_to_R5FSS0_CORE0_intr_104_107              
70013d94  MCU_MCU_GPIOMUX_INTROUTER0_outp_0_3_to_R5FSS0_CORE1_intr_104_107              
70013d9c  MCU_MCU_GPIOMUX_INTROUTER0_outp_0_3_to_R5FSS1_CORE0_intr_104_107              
70013da4  MCU_MCU_GPIOMUX_INTROUTER0_outp_0_3_to_R5FSS1_CORE1_intr_104_107              
70013dac  MCU_MCU_GPIOMUX_INTROUTER0_outp_4_7_to_MCU_M4FSS0_CORE0_nvic_0_3              
70013db4  MCU_MCU_GPIOMUX_INTROUTER0_outp_8_11_to_MCU_ESM0_esm_pls_event0_88_91         
70013dbc  MCU_MCU_GPIOMUX_INTROUTER0_outp_8_11_to_MCU_ESM0_esm_pls_event1_92_95         
70013dc4  MCU_MCU_GPIOMUX_INTROUTER0_outp_8_11_to_MCU_ESM0_esm_pls_event2_96_99         
70013dcc  PCIE0_pcie_cpts_comp_0_0_to_CMP_EVENT_INTROUTER0_in_81_81                     
70013dd4  PCIE0_pcie_cpts_genf0_1_1_to_TIMESYNC_EVENT_INTROUTER0_in_23_23               
70013ddc  PCIE0_pcie_cpts_hw1_push_2_2_to_TIMESYNC_EVENT_INTROUTER0_in_37_37            
70013de4  PCIE0_pcie_cpts_sync_3_3_to_TIMESYNC_EVENT_INTROUTER0_in_33_33                
70013dec  PCIE0_pcie_ptm_valid_pulse_4_4_to_TIMESYNC_EVENT_INTROUTER0_in_38_38          
70013df4  PRU_ICSSG0_pr1_edc0_sync0_out_0_0_to_TIMESYNC_EVENT_INTROUTER0_in_25_25       
70013dfc  PRU_ICSSG0_pr1_edc0_sync1_out_1_1_to_TIMESYNC_EVENT_INTROUTER0_in_26_26       
70013e04  PRU_ICSSG0_pr1_edc1_sync0_out_2_2_to_TIMESYNC_EVENT_INTROUTER0_in_27_27       
70013e0c  PRU_ICSSG0_pr1_edc1_sync1_out_3_3_to_TIMESYNC_EVENT_INTROUTER0_in_28_28       
70013e14  PRU_ICSSG0_pr1_host_intr_req_4_11_to_CMP_EVENT_INTROUTER0_in_0_7              
70013e1c  PRU_ICSSG0_pr1_iep0_cmp_intr_req_12_27_to_CMP_EVENT_INTROUTER0_in_16_31       
70013e24  PRU_ICSSG0_pr1_iep1_cmp_intr_req_28_43_to_CMP_EVENT_INTROUTER0_in_32_47       
70013e2c  PRU_ICSSG1_pr1_edc0_sync0_out_0_0_to_TIMESYNC_EVENT_INTROUTER0_in_29_29       
70013e34  PRU_ICSSG1_pr1_edc0_sync1_out_1_1_to_TIMESYNC_EVENT_INTROUTER0_in_30_30       
70013e3c  PRU_ICSSG1_pr1_edc1_sync0_out_2_2_to_TIMESYNC_EVENT_INTROUTER0_in_31_31       
70013e44  PRU_ICSSG1_pr1_edc1_sync1_out_3_3_to_TIMESYNC_EVENT_INTROUTER0_in_32_32       
70013e4c  PRU_ICSSG1_pr1_host_intr_req_4_11_to_CMP_EVENT_INTROUTER0_in_8_15             
70013e54  PRU_ICSSG1_pr1_iep0_cmp_intr_req_12_27_to_CMP_EVENT_INTROUTER0_in_48_63       
70013e5c  PRU_ICSSG1_pr1_iep1_cmp_intr_req_28_43_to_CMP_EVENT_INTROUTER0_in_64_79       
70013e64  TIMER0_timer_pwm_0_0_to_TIMESYNC_EVENT_INTROUTER0_in_0_0                      
70013e6c  TIMER1_timer_pwm_0_0_to_TIMESYNC_EVENT_INTROUTER0_in_1_1                      
70013e74  TIMER2_timer_pwm_0_0_to_TIMESYNC_EVENT_INTROUTER0_in_2_2                      
70013e7c  TIMER3_timer_pwm_0_0_to_TIMESYNC_EVENT_INTROUTER0_in_3_3                      
70013e84  TIMESYNC_EVENT_INTROUTER0_outl_0_7_to_DMASS0_INTAGGR_0_intaggr_levi_pend_8_15 
70013e8c  TIMESYNC_EVENT_INTROUTER0_outl_10_10_to_PRU_ICSSG0_pr1_edc1_latch0_in_2_2     
70013e94  TIMESYNC_EVENT_INTROUTER0_outl_11_11_to_PRU_ICSSG0_pr1_edc1_latch1_in_3_3     
70013e9c  TIMESYNC_EVENT_INTROUTER0_outl_12_12_to_PRU_ICSSG1_pr1_edc0_latch0_in_0_0     
70013ea4  TIMESYNC_EVENT_INTROUTER0_outl_13_13_to_PRU_ICSSG1_pr1_edc0_latch1_in_1_1     
70013eac  TIMESYNC_EVENT_INTROUTER0_outl_14_14_to_PRU_ICSSG1_pr1_edc1_latch0_in_2_2     
70013eb4  TIMESYNC_EVENT_INTROUTER0_outl_15_15_to_PRU_ICSSG1_pr1_edc1_latch1_in_3_3     
70013ebc  TIMESYNC_EVENT_INTROUTER0_outl_16_16_to_CPTS0_cpts_hw1_push_0_0               
70013ec4  TIMESYNC_EVENT_INTROUTER0_outl_17_17_to_CPTS0_cpts_hw2_push_1_1               
70013ecc  TIMESYNC_EVENT_INTROUTER0_outl_18_18_to_CPTS0_cpts_hw3_push_2_2               
70013ed4  TIMESYNC_EVENT_INTROUTER0_outl_19_19_to_CPTS0_cpts_hw4_push_3_3               
70013edc  TIMESYNC_EVENT_INTROUTER0_outl_20_20_to_CPTS0_cpts_hw5_push_4_4               
70013ee4  TIMESYNC_EVENT_INTROUTER0_outl_21_21_to_CPTS0_cpts_hw6_push_5_5               
70013eec  TIMESYNC_EVENT_INTROUTER0_outl_22_22_to_CPTS0_cpts_hw7_push_6_6               
70013ef4  TIMESYNC_EVENT_INTROUTER0_outl_23_23_to_CPTS0_cpts_hw8_push_7_7               
70013efc  TIMESYNC_EVENT_INTROUTER0_outl_29_29_to_PCIE0_pcie_cpts_hw2_push_0_0          
70013f04  TIMESYNC_EVENT_INTROUTER0_outl_30_30_to_CPSW0_cpts_hw1_push_0_0               
70013f0c  TIMESYNC_EVENT_INTROUTER0_outl_31_31_to_CPSW0_cpts_hw2_push_1_1               
70013f14  TIMESYNC_EVENT_INTROUTER0_outl_32_32_to_CPSW0_cpts_hw3_push_2_2               
70013f1c  TIMESYNC_EVENT_INTROUTER0_outl_33_33_to_CPSW0_cpts_hw4_push_3_3               
70013f24  TIMESYNC_EVENT_INTROUTER0_outl_34_34_to_CPSW0_cpts_hw5_push_4_4               
70013f2c  TIMESYNC_EVENT_INTROUTER0_outl_35_35_to_CPSW0_cpts_hw6_push_5_5               
70013f34  TIMESYNC_EVENT_INTROUTER0_outl_36_36_to_CPSW0_cpts_hw7_push_6_6               
70013f3c  TIMESYNC_EVENT_INTROUTER0_outl_37_37_to_CPSW0_cpts_hw8_push_7_7               
70013f44  TIMESYNC_EVENT_INTROUTER0_outl_8_8_to_PRU_ICSSG0_pr1_edc0_latch0_in_0_0       
70013f4c  TIMESYNC_EVENT_INTROUTER0_outl_9_9_to_PRU_ICSSG0_pr1_edc0_latch1_in_1_1       
70013f54  tisci_if_GPIO0                                                                
70013f5c  tisci_if_GPIO1                                                                
70013f64  tisci_if_MCU_GPIO0                                                            
70014024  gRmIrqTreeCount                                                               
70014028  tisci_if_EPWM0                                                                
7001402c  tisci_if_EPWM3                                                                
70014030  tisci_if_EPWM6                                                                
70014034  tisci_if_GPMC0                                                                
70014038  tisci_if_GTC0                                                                 
7001403c  tisci_if_TIMER0                                                               
70014040  tisci_if_TIMER1                                                               
70014044  tisci_if_TIMER2                                                               
70014048  tisci_if_TIMER3                                                               
70070000  __stack                                                                       
70070000  __start___llvm_prf_cnts                                                       
70070000  __stop___llvm_prf_cnts                                                        
70074000  __BSS_START                                                                   
70074000  __STACK_END                                                                   
70074000  gHwiCtrl                                                                      
70075008  gUdmaDrvObj                                                                   
70076050  gProfileObj                                                                   
70076300  gClockCtrl                                                                    
70076370  gFlashObject_S28HS512T                                                        
70076380  gFlashHandle                                                                  
70076384  gOspiHandle                                                                   
70076388  gUartHandle                                                                   
70076400  __BSS_END                                                                     
70076400  __IRQ_STACK_START                                                             
70077400  __FIQ_STACK_START                                                             
70077400  __IRQ_STACK_END                                                               
70077500  __FIQ_STACK_END                                                               
70077500  __SVC_STACK_START                                                             
70077600  __ABORT_STACK_START                                                           
70077600  __SVC_STACK_END                                                               
70077700  __ABORT_STACK_END                                                             
70077700  __UNDEFINED_STACK_START                                                       
70077800  __UNDEFINED_STACK_END                                                         
ffffffff  __TI_pprof_out_hndl                                                           
ffffffff  __TI_prof_data_size                                                           
ffffffff  __TI_prof_data_start                                                          
ffffffff  __binit__                                                                     
ffffffff  binit                                                                         
UNDEFED   __TI_CINIT_Base                                                               
UNDEFED   __TI_CINIT_Limit                                                              
UNDEFED   __TI_Handler_Table_Base                                                       
UNDEFED   __TI_Handler_Table_Limit                                                      
UNDEFED   _system_post_cinit                                                            

[677 symbols]
