******************************************************************************
            TI ARM Clang Linker Unix v1.3.1                    
******************************************************************************
>> Linked Mon Jun 20 12:45:42 2022

OUTPUT FILE NAME:   <sbl_ospi.debug.out>
ENTRY POINT SYMBOL: "_vectors_sbl"  address: 70000000


MEMORY CONFIGURATION

         name            origin    length      used     unused   attr    fill
----------------------  --------  ---------  --------  --------  ----  --------
  R5F_VECS              00000000   00000040  00000000  00000040  RWIX
  R5F_TCMA              00000040   00007fc0  00000000  00007fc0  RWIX
  R5F_TCMB0             41010000   00008000  00000000  00008000  RWIX
  MSRAM_VECS            70000000   00000100  00000040  000000c0  RWIX
  MSRAM_0               70000100   0006ff00  000208b8  0004f648  RWIX
  MSRAM_1               70070000   00010000  00007800  00008800  RWIX


SEGMENT ALLOCATION MAP

run origin  load origin   length   init length attrs members
----------  ----------- ---------- ----------- ----- -------
70000000    70000000    00000040   00000040    r-x
  70000000    70000000    00000040   00000040    r-x .vectors
70000100    70000100    0001c190   0001c190    r-x
  70000100    70000100    0001ae70   0001ae70    r-x .text
  7001af70    7001af70    00000a80   00000a80    r-x .text.hwi
  7001b9f0    7001b9f0    00000490   00000490    r-x .text.cache
  7001be80    7001be80    000002d0   000002d0    r-x .text.mpu
  7001c150    7001c150    00000140   00000140    r-x .text.boot
7001c290    7001c290    00002928   00002928    rw-
  7001c290    7001c290    00002928   00002928    rw- .data
7001ebb8    7001ebb8    00001e00   00001e00    r--
  7001ebb8    7001ebb8    00001e00   00001e00    r-- .rodata
70070000    70070000    00006400   00000000    rw-
  70070000    70070000    00004000   00000000    rw- .stack
  70074000    70074000    00002400   00000000    rw- .bss
70076400    70076400    00001400   00000000    r--
  70076400    70076400    00001000   00000000    r-- .irqstack
  70077400    70077400    00000100   00000000    r-- .fiqstack
  70077500    70077500    00000100   00000000    r-- .svcstack
  70077600    70077600    00000100   00000000    r-- .abortstack
  70077700    70077700    00000100   00000000    r-- .undefinedstack


SECTION ALLOCATION MAP

 output                                  attributes/
section   page    origin      length       input sections
--------  ----  ----------  ----------   ----------------
.vectors   0    70000000    00000040     
                  70000000    00000040     nortos.am64x.r5f.ti-arm-clang.debug.lib : HwiP_armv7r_vectors_nortos_sbl_asm.obj (.vectors)

.text      0    70000100    0001ae70     
                  70000100    00000a34     nortos.am64x.r5f.ti-arm-clang.debug.lib : printf.obj (.text._vsnprintf)
                  70000b34    00000008     libc.a : exit.c.obj (.text:abort)
                  70000b3c    00000004     libclang_rt.builtins.a : aeabi_memcpy.S.obj (.text)
                  70000b40    00000826     drivers.am64x.r5f.ti-arm-clang.debug.lib : ospi_phy.obj (.text.OSPI_phyFindOTP1)
                  70001366    0000000a     --HOLE-- [fill = 0]
                  70001370    000005f4                                              : sciclient_rm_irq.obj (.text.Sciclient_rmIrqRouteValidate)
                  70001964    0000000c     --HOLE-- [fill = 0]
                  70001970    00000550                                              : ospi_phy.obj (.text.OSPI_phyFindOTP2)
                  70001ec0    00000550                                              : udma_rm.obj (.text.Udma_rmInit)
                  70002410    00000526     nortos.am64x.r5f.ti-arm-clang.debug.lib : printf.obj (.text._ftoa)
                  70002936    0000000a     --HOLE-- [fill = 0]
                  70002940    00000478                                             : printf.obj (.text._etoa)
                  70002db8    00000008     --HOLE-- [fill = 0]
                  70002dc0    00000446     main.obj (.text.main)
                  70003206    0000000a     --HOLE-- [fill = 0]
                  70003210    000003bc     drivers.am64x.r5f.ti-arm-clang.debug.lib : udma_soc.obj (.text.Udma_initDrvHandle)
                  700035cc    00000004     --HOLE-- [fill = 0]
                  700035d0    0000039c                                              : udma_ch.obj (.text.Udma_chAllocResource)
                  7000396c    00000004     --HOLE-- [fill = 0]
                  70003970    00000372                                              : udma_rmcfg_common.obj (.text.UdmaRmInitPrms_init)
                  70003ce2    0000000e     --HOLE-- [fill = 0]
                  70003cf0    00000360                                              : udma_ch.obj (.text.Udma_chDisableTxChan)
                  70004050    0000035a                                              : udma_event.obj (.text.Udma_eventConfig)
                  700043aa    00000006     --HOLE-- [fill = 0]
                  700043b0    00000306                                              : sciclient_rm_irq.obj (.text.Sciclient_rmIrqGetRoute)
                  700046b6    0000000a     --HOLE-- [fill = 0]
                  700046c0    000002f4                                              : udma_event.obj (.text.Udma_eventReset)
                  700049b4    0000000c     --HOLE-- [fill = 0]
                  700049c0    000002da                                              : sciclient.obj (.text.Sciclient_service)
                  70004c9a    00000006     --HOLE-- [fill = 0]
                  70004ca0    000002c8                                              : udma_ch.obj (.text.Udma_chDisableRxChan)
                  70004f68    00000008     --HOLE-- [fill = 0]
                  70004f70    000002ae     nortos.am64x.r5f.ti-arm-clang.debug.lib : TimerP.obj (.text.TimerP_setup)
                  7000521e    00000002     --HOLE-- [fill = 0]
                  70005220    00000294     drivers.am64x.r5f.ti-arm-clang.debug.lib : csl_bcdma.obj (.text.CSL_bcdmaChanOpCfgChan)
                  700054b4    0000000c     --HOLE-- [fill = 0]
                  700054c0    00000286                                              : uart_v0.obj (.text.UART_open)
                  70005746    0000000a     --HOLE-- [fill = 0]
                  70005750    0000026a                                              : lpddr4_16bit.obj (.text.LPDDR4_INTR_SanityFunction1)
                  700059ba    00000006     --HOLE-- [fill = 0]
                  700059c0    00000264                                              : ospi_v0.obj (.text.OSPI_programInstance)
                  70005c24    0000000c     --HOLE-- [fill = 0]
                  70005c30    00000262                                              : ospi_dma_udma.obj (.text.OspiDma_udmaOpen)
                  70005e92    0000000e     --HOLE-- [fill = 0]
                  70005ea0    00000260                                              : udma_ch.obj (.text.Udma_chConfigRx)
                  70006100    0000025a                                              : lpddr4_16bit.obj (.text.LPDDR4_INTR_SanityFunction2)
                  7000635a    00000006     --HOLE-- [fill = 0]
                  70006360    00000248                                              : sciclient_rm_irq.obj (.text.Sciclient_rmIrqFindRoute)
                  700065a8    00000008     --HOLE-- [fill = 0]
                  700065b0    00000242                                              : uart_v0.obj (.text.UART_fifoConfig)
                  700067f2    0000000e     --HOLE-- [fill = 0]
                  70006800    0000023e     nortos.am64x.r5f.ti-arm-clang.debug.lib : printf.obj (.text._ntoa_format)
                  70006a3e    00000002     --HOLE-- [fill = 0]
                  70006a40    0000022a     drivers.am64x.r5f.ti-arm-clang.debug.lib : udma_rm.obj (.text.Udma_rmDeinit)
                  70006c6a    00000006     --HOLE-- [fill = 0]
                  70006c70    00000228                                              : uart_v0.obj (.text.UART_masterIsr)
                  70006e98    00000008     --HOLE-- [fill = 0]
                  70006ea0    00000222                                              : udma_event.obj (.text.Udma_eventRegister)
                  700070c2    0000000e     --HOLE-- [fill = 0]
                  700070d0    0000021e                                              : udma_event.obj (.text.Udma_eventAllocResource)
                  700072ee    00000002     --HOLE-- [fill = 0]
                  700072f0    00000218                                              : bootloader_profile.obj (.text.Bootloader_profilePrintProfileLog)
                  70007508    00000008     --HOLE-- [fill = 0]
                  70007510    00000214                                              : udma_rm.obj (.text.Udma_rmSetSharedResRmInitPrms)
                  70007724    0000000c     --HOLE-- [fill = 0]
                  70007730    0000020e                                              : bootloader_soc.obj (.text.Bootloader_socCpuResetRelease)
                  7000793e    00000002     --HOLE-- [fill = 0]
                  70007940    0000020c                                              : udma_ch.obj (.text.Udma_chFreeResource)
                  70007b4c    00000004     --HOLE-- [fill = 0]
                  70007b50    0000020a                                              : udma_ring_common.obj (.text.Udma_ringAlloc)
                  70007d5a    00000006     --HOLE-- [fill = 0]
                  70007d60    000001f4     board.am64x.r5f.ti-arm-clang.debug.lib : flash_nor_xspi.obj (.text.Flash_norXspiOpen)
                  70007f54    0000000c     --HOLE-- [fill = 0]
                  70007f60    000001ec     drivers.am64x.r5f.ti-arm-clang.debug.lib : uart_v0.obj (.text.UART_write)
                  7000814c    00000004     --HOLE-- [fill = 0]
                  70008150    000001ea                                              : ospi_v0.obj (.text.OSPI_open)
                  7000833a    00000006     --HOLE-- [fill = 0]
                  70008340    000001e6                                              : udma_ch.obj (.text.Udma_chDisableBlkCpyChan)
                  70008526    0000000a     --HOLE-- [fill = 0]
                  70008530    000001d8                                              : bootloader_soc.obj (.text.Bootloader_socCpuPowerOnResetR5f)
                  70008708    00000008     --HOLE-- [fill = 0]
                  70008710    000001d8                                              : udma_flow.obj (.text.Udma_flowConfig)
                  700088e8    00000008     --HOLE-- [fill = 0]
                  700088f0    000001b4                                              : soc.obj (.text.SOC_moduleSetClockFrequency)
                  70008aa4    0000000c     --HOLE-- [fill = 0]
                  70008ab0    000001b0                                              : uart_v0.obj (.text.UART_close)
                  70008c60    00000198                                              : bootloader.obj (.text.Bootloader_verifyMulticoreImage)
                  70008df8    00000008     --HOLE-- [fill = 0]
                  70008e00    00000198                                              : sciclient_rm_irq.obj (.text.Sciclient_rmClearInterruptRoute)
                  70008f98    00000008     --HOLE-- [fill = 0]
                  70008fa0    00000196                                              : udma_ch.obj (.text.Udma_chConfigTx)
                  70009136    0000000a     --HOLE-- [fill = 0]
                  70009140    00000194                                              : ospi_dma_udma.obj (.text.OspiDma_udmaUpdateSubmitTR)
                  700092d4    0000000c     --HOLE-- [fill = 0]
                  700092e0    0000018a                                              : bootloader_soc.obj (.text.Bootloader_socCpuResetReleaseSelf)
                  7000946a    00000006     --HOLE-- [fill = 0]
                  70009470    0000018a                                              : sciclient_rm_irq.obj (.text.Sciclient_rmIrqDeleteRoute)
                  700095fa    00000006     --HOLE-- [fill = 0]
                  70009600    0000018a                                              : sciclient_rm_irq.obj (.text.Sciclient_rmProgramInterruptRoute)
                  7000978a    00000006     --HOLE-- [fill = 0]
                  70009790    00000186                                              : sciclient_rm_irq.obj (.text.Sciclient_rmIrqProgramRoute)
                  70009916    0000000a     --HOLE-- [fill = 0]
                  70009920    00000182                                              : udma_ch.obj (.text.Udma_chEnableLocal)
                  70009aa2    0000000e     --HOLE-- [fill = 0]
                  70009ab0    00000178                                              : uart_v0.obj (.text.UART_configInstance)
                  70009c28    00000008     --HOLE-- [fill = 0]
                  70009c30    00000172     nortos.am64x.r5f.ti-arm-clang.debug.lib : ClockP_nortos_r5.obj (.text.ClockP_init)
                  70009da2    0000000e     --HOLE-- [fill = 0]
                  70009db0    0000016c     drivers.am64x.r5f.ti-arm-clang.debug.lib : csl_bcdma.obj (.text.CSL_bcdmaChanOpTeardownChan)
                  70009f1c    00000004     --HOLE-- [fill = 0]
                  70009f20    0000016c                                              : ospi_v0.obj (.text.OSPI_readDirect)
                  7000a08c    00000004     --HOLE-- [fill = 0]
                  7000a090    00000168                                              : csl_bcdma.obj (.text.CSL_bcdmaChanOp)
                  7000a1f8    00000008     --HOLE-- [fill = 0]
                  7000a200    00000168                                              : udma_ch.obj (.text.Udma_chOpen)
                  7000a368    00000008     --HOLE-- [fill = 0]
                  7000a370    00000162                                              : lpddr4.obj (.text.LPDDR4_INTR_SanityFunction3)
                  7000a4d2    0000000e     --HOLE-- [fill = 0]
                  7000a4e0    0000015c                                              : ospi_v0.obj (.text.OSPI_readCmd)
                  7000a63c    00000004     --HOLE-- [fill = 0]
                  7000a640    0000015a                                              : udma_rm.obj (.text.Udma_rmAllocMappedRxCh)
                  7000a79a    00000006     --HOLE-- [fill = 0]
                  7000a7a0    0000015a                                              : udma_rm.obj (.text.Udma_rmAllocMappedTxCh)
                  7000a8fa    00000006     --HOLE-- [fill = 0]
                  7000a900    00000158                                              : csl_bcdma.obj (.text.CSL_bcdmaChanOpGetChanStats)
                  7000aa58    00000008     --HOLE-- [fill = 0]
                  7000aa60    00000152                                              : lpddr4.obj (.text.LPDDR4_INTR_SanityFunction4)
                  7000abb2    0000000e     --HOLE-- [fill = 0]
                  7000abc0    00000150                                              : csl_lcdma_ringacc.obj (.text.CSL_lcdma_ringaccDequeue)
                  7000ad10    00000150                                              : ospi_v0.obj (.text.OSPI_writeCmd)
                  7000ae60    00000150                                              : uart_v0.obj (.text.UART_procLineStatusErr)
                  7000afb0    0000014e                                              : ospi_v0.obj (.text.OSPI_writeIndirect)
                  7000b0fe    00000002     --HOLE-- [fill = 0]
                  7000b100    00000146                                              : ddr.obj (.text.DDR_start)
                  7000b246    0000000a     --HOLE-- [fill = 0]
                  7000b250    00000146                                              : udma_ch.obj (.text.Udma_chAssignRegOverlay)
                  7000b396    0000000a     --HOLE-- [fill = 0]
                  7000b3a0    00000142                                              : sciclient.obj (.text.Sciclient_sendMessage)
                  7000b4e2    0000000e     --HOLE-- [fill = 0]
                  7000b4f0    00000140                                              : sciclient_rm_irq.obj (.text.Sciclient_rmIaValidateMapping)
                  7000b630    00000140                                              : udma_rm.obj (.text.Udma_rmAllocMappedRing)
                  7000b770    0000013e                                              : lpddr4_16bit.obj (.text.LPDDR4_AckCtlInterrupt_4)
                  7000b8ae    00000002     --HOLE-- [fill = 0]
                  7000b8b0    0000013c     board.am64x.r5f.ti-arm-clang.debug.lib : flash_nor_xspi.obj (.text.Flash_norXspiWrite)
                  7000b9ec    00000004     --HOLE-- [fill = 0]
                  7000b9f0    0000013a     drivers.am64x.r5f.ti-arm-clang.debug.lib : lpddr4_16bit.obj (.text.LPDDR4_AckCtlInterrupt)
                  7000bb2a    00000006     --HOLE-- [fill = 0]
                  7000bb30    00000138     nortos.am64x.r5f.ti-arm-clang.debug.lib : printf.obj (.text._ntoa_long_long)
                  7000bc68    00000008     --HOLE-- [fill = 0]
                  7000bc70    00000136     drivers.am64x.r5f.ti-arm-clang.debug.lib : sciclient_rm_irq.obj (.text.Sciclient_rmIrqVintDelete)
                  7000bda6    0000000a     --HOLE-- [fill = 0]
                  7000bdb0    00000134                                              : bootloader.obj (.text.Bootloader_parseMultiCoreAppImage)
                  7000bee4    0000000c     --HOLE-- [fill = 0]
                  7000bef0    0000012e                                              : sciclient.obj (.text.Sciclient_recvMessage)
                  7000c01e    00000002     --HOLE-- [fill = 0]
                  7000c020    0000012e                                              : udma_rm.obj (.text.Udma_rmAllocIrIntr)
                  7000c14e    00000002     --HOLE-- [fill = 0]
                  7000c150    00000126                                              : bootloader.obj (.text.Bootloader_rprcImageLoad)
                  7000c276    0000000a     --HOLE-- [fill = 0]
                  7000c280    00000122                                              : udma_rm.obj (.text.Udma_rmAllocBlkCopyCh)
                  7000c3a2    0000000e     --HOLE-- [fill = 0]
                  7000c3b0    00000122                                              : udma_rm.obj (.text.Udma_rmAllocBlkCopyHcCh)
                  7000c4d2    0000000e     --HOLE-- [fill = 0]
                  7000c4e0    00000122                                              : udma_rm.obj (.text.Udma_rmAllocBlkCopyUhcCh)
                  7000c602    0000000e     --HOLE-- [fill = 0]
                  7000c610    00000122                                              : udma_rm.obj (.text.Udma_rmAllocRxCh)
                  7000c732    0000000e     --HOLE-- [fill = 0]
                  7000c740    00000122                                              : udma_rm.obj (.text.Udma_rmAllocRxHcCh)
                  7000c862    0000000e     --HOLE-- [fill = 0]
                  7000c870    00000122                                              : udma_rm.obj (.text.Udma_rmAllocRxUhcCh)
                  7000c992    0000000e     --HOLE-- [fill = 0]
                  7000c9a0    00000122                                              : udma_rm.obj (.text.Udma_rmAllocTxCh)
                  7000cac2    0000000e     --HOLE-- [fill = 0]
                  7000cad0    00000122                                              : udma_rm.obj (.text.Udma_rmAllocTxHcCh)
                  7000cbf2    0000000e     --HOLE-- [fill = 0]
                  7000cc00    00000122                                              : udma_rm.obj (.text.Udma_rmAllocTxUhcCh)
                  7000cd22    0000000e     --HOLE-- [fill = 0]
                  7000cd30    00000120                                              : bootloader.obj (.text.Bootloader_getMsgLen)
                  7000ce50    0000011e                                              : sciclient_rm_irq.obj (.text.Sciclient_rmIaValidateEvt)
                  7000cf6e    00000002     --HOLE-- [fill = 0]
                  7000cf70    0000011e                                              : sciclient_rm_irq.obj (.text.Sciclient_rmIrqVintAdd)
                  7000d08e    00000002     --HOLE-- [fill = 0]
                  7000d090    00000118                                              : lpddr4_16bit.obj (.text.LPDDR4_CheckCtlInterrupt)
                  7000d1a8    00000008     --HOLE-- [fill = 0]
                  7000d1b0    00000118                                              : udma_ring_lcdma.obj (.text.Udma_ringSetCfgLcdma)
                  7000d2c8    00000118     libclang_rt.builtins.a : udivmoddi4.S.obj (.text)
                  7000d3e0    00000116     drivers.am64x.r5f.ti-arm-clang.debug.lib : csl_bcdma.obj (.text.CSL_bcdmaChanOpDecChanStats)
                  7000d4f6    0000000a     --HOLE-- [fill = 0]
                  7000d500    00000116                                              : uart_v0.obj (.text.UART_divisorLatchWrite)
                  7000d616    0000000a     --HOLE-- [fill = 0]
                  7000d620    00000114                                              : sciclient.obj (.text.Sciclient_getVersionCheck)
                  7000d734    0000000c     --HOLE-- [fill = 0]
                  7000d740    00000114     nortos.am64x.r5f.ti-arm-clang.debug.lib : printf.obj (.text._ntoa_long)
                  7000d854    0000000c     --HOLE-- [fill = 0]
                  7000d860    0000010e     drivers.am64x.r5f.ti-arm-clang.debug.lib : ddr.obj (.text.DDR_changeFreqAck)
                  7000d96e    00000002     --HOLE-- [fill = 0]
                  7000d970    00000108                                              : bootloader.obj (.text.Bootloader_loadSelfCpu)
                  7000da78    00000008     --HOLE-- [fill = 0]
                  7000da80    00000106                                              : lpddr4_16bit.obj (.text.LPDDR4_AckCtlInterrupt_3)
                  7000db86    0000000a     --HOLE-- [fill = 0]
                  7000db90    00000106                                              : udma_event.obj (.text.Udma_eventCheckParams)
                  7000dc96    0000000a     --HOLE-- [fill = 0]
                  7000dca0    00000104                                              : csl_pktdma.obj (.text.CSL_pktdmaTeardownChan)
                  7000dda4    0000000c     --HOLE-- [fill = 0]
                  7000ddb0    00000100                                              : csl_lcdma_ringacc.obj (.text.CSL_lcdma_ringaccPop64MultiAccess)
                  7000deb0    000000fe                                              : bootloader_soc.obj (.text.Bootloader_socCpuPowerOnResetM4f)
                  7000dfae    00000002     --HOLE-- [fill = 0]
                  7000dfb0    000000fe                                              : sciclient_rm_irq.obj (.text.Sciclient_rmIrGetOutp)
                  7000e0ae    00000002     --HOLE-- [fill = 0]
                  7000e0b0    000000fe                                              : udma.obj (.text.Udma_init)
                  7000e1ae    00000002     --HOLE-- [fill = 0]
                  7000e1b0    000000fa                                              : csl_lcdma_ringacc.obj (.text.CSL_lcdma_ringaccPush64MultiAccess)
                  7000e2aa    00000006     --HOLE-- [fill = 0]
                  7000e2b0    000000fa     board.am64x.r5f.ti-arm-clang.debug.lib : flash_nor_xspi.obj (.text.Flash_norXspiReadId)
                  7000e3aa    00000006     --HOLE-- [fill = 0]
                  7000e3b0    000000fa                                            : flash_nor_xspi.obj (.text.Flash_norXspiWaitReady)
                  7000e4aa    00000006     --HOLE-- [fill = 0]
                  7000e4b0    000000f8     drivers.am64x.r5f.ti-arm-clang.debug.lib : sciclient_pm.obj (.text.Sciclient_pmQueryModuleClkFreq)
                  7000e5a8    00000008     --HOLE-- [fill = 0]
                  7000e5b0    000000f4                                              : sciclient_rm_irq.obj (.text.Sciclient_rmTranslateIntOutput)
                  7000e6a4    0000000c     --HOLE-- [fill = 0]
                  7000e6b0    000000f0     nortos.am64x.r5f.ti-arm-clang.debug.lib : SemaphoreP_nortos.obj (.text.SemaphoreP_pend)
                  7000e7a0    000000ee     board.am64x.r5f.ti-arm-clang.debug.lib : flash_nor_xspi.obj (.text.Flash_norXspiErase)
                  7000e88e    00000002     --HOLE-- [fill = 0]
                  7000e890    000000ec     drivers.am64x.r5f.ti-arm-clang.debug.lib : udma_event.obj (.text.Udma_eventIsrFxn)
                  7000e97c    00000004     --HOLE-- [fill = 0]
                  7000e980    000000ea     nortos.am64x.r5f.ti-arm-clang.debug.lib : AddrTranslateP.obj (.text.AddrTranslateP_getLocalAddr)
                  7000ea6a    00000006     --HOLE-- [fill = 0]
                  7000ea70    000000ea     drivers.am64x.r5f.ti-arm-clang.debug.lib : lpddr4_16bit.obj (.text.LPDDR4_CheckCtlInterrupt_2)
                  7000eb5a    00000006     --HOLE-- [fill = 0]
                  7000eb60    000000e8                                              : lpddr4_16bit.obj (.text.LPDDR4_AckCtlInterrupt_2)
                  7000ec48    00000008     --HOLE-- [fill = 0]
                  7000ec50    000000e8                                              : udma_event.obj (.text.Udma_eventFreeResource)
                  7000ed38    00000008     --HOLE-- [fill = 0]
                  7000ed40    000000e2                                              : sciclient_rm_irq.obj (.text.Sciclient_rmIrqGetNode)
                  7000ee22    0000000e     --HOLE-- [fill = 0]
                  7000ee30    000000de                                              : sciclient_pm.obj (.text.Sciclient_pmSetModuleClkFreq)
                  7000ef0e    00000002     --HOLE-- [fill = 0]
                  7000ef10    000000de                                              : sciclient.obj (.text.Sciclient_waitForMessage)
                  7000efee    00000002     --HOLE-- [fill = 0]
                  7000eff0    000000de                                              : uart_v0.obj (.text.UART_intrEnable)
                  7000f0ce    00000002     --HOLE-- [fill = 0]
                  7000f0d0    000000da                                              : sciclient_rm_irq.obj (.text.Sciclient_rmIrInpIsFree)
                  7000f1aa    00000006     --HOLE-- [fill = 0]
                  7000f1b0    000000da                                              : uart_v0.obj (.text.UART_intrDisable)
                  7000f28a    00000006     --HOLE-- [fill = 0]
                  7000f290    000000da                                              : udma_rm.obj (.text.Udma_rmGetSciclientDefaultBoardCfgRmRange)
                  7000f36a    00000006     --HOLE-- [fill = 0]
                  7000f370    000000d4                                              : bootloader_soc.obj (.text.Bootloader_socOpenFirewalls)
                  7000f444    0000000c     --HOLE-- [fill = 0]
                  7000f450    000000d4                                              : csl_bcdma.obj (.text.CSL_bcdmaChanOpGetChanRT)
                  7000f524    0000000c     --HOLE-- [fill = 0]
                  7000f530    000000d4                                              : pinmux.obj (.text.Pinmux_unlockMMR)
                  7000f604    0000000c     --HOLE-- [fill = 0]
                  7000f610    000000d4                                              : sciclient_procboot.obj (.text.Sciclient_procBootWaitProcessorState)
                  7000f6e4    0000000c     --HOLE-- [fill = 0]
                  7000f6f0    000000cc                                              : uart_v0.obj (.text.UART_flushTxFifo)
                  7000f7bc    00000004     --HOLE-- [fill = 0]
                  7000f7c0    000000cc                                              : udma_rm.obj (.text.Udma_rmAllocVintrBit)
                  7000f88c    00000004     --HOLE-- [fill = 0]
                  7000f890    000000ca                                              : csl_bcdma.obj (.text.CSL_bcdmaChanOpSetBurstSize)
                  7000f95a    00000006     --HOLE-- [fill = 0]
                  7000f960    000000ca                                              : ospi_phy.obj (.text.OSPI_phyResyncDLL)
                  7000fa2a    00000006     --HOLE-- [fill = 0]
                  7000fa30    000000ca                                              : ospi_dma_udma.obj (.text.OspiDma_udmaCopy)
                  7000fafa    00000006     --HOLE-- [fill = 0]
                  7000fb00    000000ca                                              : udma_ring_common.obj (.text.Udma_ringCheckParams)
                  7000fbca    00000006     --HOLE-- [fill = 0]
                  7000fbd0    000000c8                                              : udma_event.obj (.text.Udma_eventCheckUnRegister)
                  7000fc98    00000008     --HOLE-- [fill = 0]
                  7000fca0    000000c8                                              : udma_ring_common.obj (.text.Udma_ringFree)
                  7000fd68    00000008     --HOLE-- [fill = 0]
                  7000fd70    000000c6                                              : udma_event.obj (.text.Udma_eventUnRegister)
                  7000fe36    0000000a     --HOLE-- [fill = 0]
                  7000fe40    000000c4                                              : sciclient_rm_irq.obj (.text.Sciclient_rmIrqIsVintRouteSet)
                  7000ff04    0000000c     --HOLE-- [fill = 0]
                  7000ff10    000000c2     board.am64x.r5f.ti-arm-clang.debug.lib : flash_nor_xspi.obj (.text.Flash_norXspiSetDummyCycles)
                  7000ffd2    0000000e     --HOLE-- [fill = 0]
                  7000ffe0    000000c2     drivers.am64x.r5f.ti-arm-clang.debug.lib : uart_v0.obj (.text.UART_writePolling)
                  700100a2    0000000e     --HOLE-- [fill = 0]
                  700100b0    000000c2                                              : udma_ch.obj (.text.Udma_chClose)
                  70010172    0000000e     --HOLE-- [fill = 0]
                  70010180    000000c0                                              : csl_bcdma.obj (.text.CSL_bcdmaChanOpAccessRemotePeerReg)
                  70010240    000000c0                                              : lpddr4_16bit.obj (.text.LPDDR4_CheckCtlInterrupt_4)
                  70010300    000000c0                                              : lpddr4.obj (.text.LPDDR4_ReadReg)
                  700103c0    000000c0     nortos.am64x.r5f.ti-arm-clang.debug.lib : printf.obj (.text._out_rev)
                  70010480    000000bc     drivers.am64x.r5f.ti-arm-clang.debug.lib : ddr.obj (.text.DDR_setClock)
                  7001053c    00000004     --HOLE-- [fill = 0]
                  70010540    000000ba     nortos.am64x.r5f.ti-arm-clang.debug.lib : ClockP_nortos.obj (.text.ClockP_stop)
                  700105fa    00000006     --HOLE-- [fill = 0]
                  70010600    000000ba     drivers.am64x.r5f.ti-arm-clang.debug.lib : uart_v0.obj (.text.UART_init)
                  700106ba    00000006     --HOLE-- [fill = 0]
                  700106c0    000000b8     ti_board_open_close.obj (.text.Board_flashOpen)
                  70010778    00000008     --HOLE-- [fill = 0]
                  70010780    000000b8     nortos.am64x.r5f.ti-arm-clang.debug.lib : ClockP_nortos.obj (.text.ClockP_timerTickIsr)
                  70010838    00000008     --HOLE-- [fill = 0]
                  70010840    000000b8     board.am64x.r5f.ti-arm-clang.debug.lib : flash.obj (.text.Flash_offsetToBlkPage)
                  700108f8    00000008     --HOLE-- [fill = 0]
                  70010900    000000b8     drivers.am64x.r5f.ti-arm-clang.debug.lib : lpddr4.obj (.text.LPDDR4_WriteReg)
                  700109b8    00000008     --HOLE-- [fill = 0]
                  700109c0    000000b6                                              : csl_pktdma.obj (.text.CSL_pktdmaAccessChanPeerReg)
                  70010a76    0000000a     --HOLE-- [fill = 0]
                  70010a80    000000b6                                              : ddr.obj (.text.DDR_initDrv)
                  70010b36    0000000a     --HOLE-- [fill = 0]
                  70010b40    000000b6                                              : ospi_phy.obj (.text.OSPI_phyTuneDDR)
                  70010bf6    0000000a     --HOLE-- [fill = 0]
                  70010c00    000000b4                                              : ospi_v0.obj (.text.OSPI_close)
                  70010cb4    0000000c     --HOLE-- [fill = 0]
                  70010cc0    000000b4     ti_drivers_config.obj (.text.System_init)
                  70010d74    0000000c     --HOLE-- [fill = 0]
                  70010d80    000000b4     drivers.am64x.r5f.ti-arm-clang.debug.lib : udma.obj (.text.Udma_deinit)
                  70010e34    0000000c     --HOLE-- [fill = 0]
                  70010e40    000000b2                                              : sciclient.obj (.text.Sciclient_getCurrentContext)
                  70010ef2    0000000e     --HOLE-- [fill = 0]
                  70010f00    000000b0                                              : udma_ch.obj (.text.Udma_chCheckParams)
                  70010fb0    000000ae                                              : udma_soc.obj (.text.Udma_getMappedChRingAttributes)
                  7001105e    00000002     --HOLE-- [fill = 0]
                  70011060    000000ac     ti_drivers_open_close.obj (.text.Drivers_uartOpen)
                  7001110c    00000004     --HOLE-- [fill = 0]
                  70011110    000000ac     drivers.am64x.r5f.ti-arm-clang.debug.lib : udma_ch.obj (.text.UdmaChRxPrms_init)
                  700111bc    00000004     --HOLE-- [fill = 0]
                  700111c0    000000ac                                              : udma_ch.obj (.text.UdmaChTxPrms_init)
                  7001126c    00000004     --HOLE-- [fill = 0]
                  70011270    000000ac                                              : udma_ch.obj (.text.Udma_chDisable)
                  7001131c    00000004     --HOLE-- [fill = 0]
                  70011320    000000aa                                              : csl_bcdma.obj (.text.CSL_bcdmaChanOpSetChanPause)
                  700113ca    00000006     --HOLE-- [fill = 0]
                  700113d0    000000aa                                              : csl_bcdma.obj (.text.CSL_bcdmaChanOpSetChanRT)
                  7001147a    00000006     --HOLE-- [fill = 0]
                  70011480    000000aa     ti_drivers_open_close.obj (.text.Drivers_ospiOpen)
                  7001152a    00000006     --HOLE-- [fill = 0]
                  70011530    000000aa     drivers.am64x.r5f.ti-arm-clang.debug.lib : uart_v0.obj (.text.UART_fifoWrite)
                  700115da    00000006     --HOLE-- [fill = 0]
                  700115e0    000000a8     nortos.am64x.r5f.ti-arm-clang.debug.lib : ClockP_nortos.obj (.text.ClockP_addToList)
                  70011688    00000008     --HOLE-- [fill = 0]
                  70011690    000000a8                                             : ClockP_nortos.obj (.text.ClockP_destruct)
                  70011738    00000008     --HOLE-- [fill = 0]
                  70011740    000000a8     board.am64x.r5f.ti-arm-clang.debug.lib : flash_nor_xspi.obj (.text.Flash_norXspiHybridSectorConfig)
                  700117e8    00000008     --HOLE-- [fill = 0]
                  700117f0    000000a8     drivers.am64x.r5f.ti-arm-clang.debug.lib : ospi_dma_udma.obj (.text.OspiDma_udmaClose)
                  70011898    00000008     --HOLE-- [fill = 0]
                  700118a0    000000a8                                              : sciclient_rm_irq.obj (.text.Sciclient_rmIrInpRomMapped)
                  70011948    00000008     --HOLE-- [fill = 0]
                  70011950    000000a8                                              : sciclient_rm_irq.obj (.text.Sciclient_rmIrOutpRomMapped)
                  700119f8    00000008     --HOLE-- [fill = 0]
                  70011a00    000000a8                                              : udma_ring_lcdma.obj (.text.Udma_ringSetDoorBellLcdma)
                  70011aa8    00000008     --HOLE-- [fill = 0]
                  70011ab0    000000a6                                              : ospi_v0.obj (.text.OSPI_setXferOpCodes)
                  70011b56    0000000a     --HOLE-- [fill = 0]
                  70011b60    000000a6                                              : sciclient_pm.obj (.text.Sciclient_pmGetModuleClkNumParent)
                  70011c06    0000000a     --HOLE-- [fill = 0]
                  70011c10    000000a4                                              : bootloader_soc.obj (.text.Bootloader_socOpenFirewallRegion)
                  70011cb4    0000000c     --HOLE-- [fill = 0]
                  70011cc0    000000a4                                              : csl_intaggr.obj (.text.CSL_intaggrIsIntrPending)
                  70011d64    0000000c     --HOLE-- [fill = 0]
                  70011d70    000000a4                                              : ospi_v0.obj (.text.OSPI_flashExecCmd)
                  70011e14    0000000c     --HOLE-- [fill = 0]
                  70011e20    000000a4                                              : sciclient_rm_irq.obj (.text.Sciclient_rmIrqCheckLoop)
                  70011ec4    0000000c     --HOLE-- [fill = 0]
                  70011ed0    000000a0                                              : udma_rm.obj (.text.Udma_rmAllocEvent)
                  70011f70    000000a0                                              : udma_rm.obj (.text.Udma_rmAllocVintr)
                  70012010    0000009e                                              : bootloader_soc.obj (.text.Bootloader_socCpuSetClock)
                  700120ae    00000002     --HOLE-- [fill = 0]
                  700120b0    0000009e                                              : sciclient_soc_priv.obj (.text.Sciclient_getContext)
                  7001214e    00000002     --HOLE-- [fill = 0]
                  70012150    0000009c                                              : udma_ring_lcdma.obj (.text.Udma_ringFlushRawLcdma)
                  700121ec    00000004     --HOLE-- [fill = 0]
                  700121f0    0000009a                                              : bootloader.obj (.text.Bootloader_runCpu)
                  7001228a    00000006     --HOLE-- [fill = 0]
                  70012290    0000009a                                              : bootloader_soc.obj (.text.Bootloader_socTranslateSectionAddr)
                  7001232a    00000006     --HOLE-- [fill = 0]
                  70012330    0000009a     board.am64x.r5f.ti-arm-clang.debug.lib : flash_nor_xspi.obj (.text.Flash_norXspiRegWrite)
                  700123ca    00000006     --HOLE-- [fill = 0]
                  700123d0    0000009a     drivers.am64x.r5f.ti-arm-clang.debug.lib : soc.obj (.text.SOC_controlModuleUnlockMMR)
                  7001246a    00000006     --HOLE-- [fill = 0]
                  70012470    0000009a                                              : sciclient_pm.obj (.text.Sciclient_pmGetModuleClkFreq)
                  7001250a    00000006     --HOLE-- [fill = 0]
                  70012510    0000009a                                              : sciclient_pm.obj (.text.Sciclient_pmGetModuleClkParent)
                  700125aa    00000006     --HOLE-- [fill = 0]
                  700125b0    0000009a                                              : sciclient_pm.obj (.text.Sciclient_pmSetModuleClkParent)
                  7001264a    00000006     --HOLE-- [fill = 0]
                  70012650    0000009a                                              : sciclient_procboot.obj (.text.Sciclient_procBootSetSequenceCtrl)
                  700126ea    00000006     --HOLE-- [fill = 0]
                  700126f0    0000009a                                              : sciclient_rm_irq.obj (.text.Sciclient_rmIrOutpIsFree)
                  7001278a    00000006     --HOLE-- [fill = 0]
                  70012790    0000009a                                              : udma_ring_common.obj (.text.Udma_ringQueueRaw)
                  7001282a    00000006     --HOLE-- [fill = 0]
                  70012830    00000098                                              : csl_bcdma.obj (.text.CSL_bcdmaChanOpSetChanEnable)
                  700128c8    00000008     --HOLE-- [fill = 0]
                  700128d0    00000098                                              : ospi_v0.obj (.text.OSPI_init)
                  70012968    00000008     --HOLE-- [fill = 0]
                  70012970    00000098                                              : sciclient_pm.obj (.text.Sciclient_pmModuleGetClkStatus)
                  70012a08    00000008     --HOLE-- [fill = 0]
                  70012a10    00000096                                              : sciclient.obj (.text.Sciclient_init)
                  70012aa6    0000000a     --HOLE-- [fill = 0]
                  70012ab0    00000096                                              : uart_v0.obj (.text.UART_subConfigTCRTLRModeEn)
                  70012b46    0000000a     --HOLE-- [fill = 0]
                  70012b50    00000096                                              : udma_flow.obj (.text.UdmaFlowPrms_init)
                  70012be6    0000000a     --HOLE-- [fill = 0]
                  70012bf0    00000096                                              : udma_ring_common.obj (.text.Udma_ringDequeueRaw)
                  70012c86    0000000a     --HOLE-- [fill = 0]
                  70012c90    00000094     ti_drivers_config.obj (.text.System_deinit)
                  70012d24    0000000c     --HOLE-- [fill = 0]
                  70012d30    00000092     drivers.am64x.r5f.ti-arm-clang.debug.lib : soc.obj (.text.SOC_moduleClockEnable)
                  70012dc2    0000000e     --HOLE-- [fill = 0]
                  70012dd0    00000092                                              : sciclient_rm_irq.obj (.text.Sciclient_rmPsPop)
                  70012e62    0000000e     --HOLE-- [fill = 0]
                  70012e70    00000092                                              : sciclient.obj (.text.Sciclient_waitForBootNotification)
                  70012f02    0000000e     --HOLE-- [fill = 0]
                  70012f10    00000092                                              : uart_v0.obj (.text.UART_writeCancelNoCB)
                  70012fa2    0000000e     --HOLE-- [fill = 0]
                  70012fb0    00000090                                              : ddr.obj (.text.DDR_initHwRegs)
                  70013040    0000008e     board.am64x.r5f.ti-arm-clang.debug.lib : flash_nor_xspi.obj (.text.Flash_norXspiRead)
                  700130ce    00000002     --HOLE-- [fill = 0]
                  700130d0    0000008e     drivers.am64x.r5f.ti-arm-clang.debug.lib : udma_rm.obj (.text.Udma_rmFreeMappedRing)
                  7001315e    00000002     --HOLE-- [fill = 0]
                  70013160    0000008c                                              : bootloader_soc.obj (.text.Bootloader_socCpuGetClock)
                  700131ec    00000004     --HOLE-- [fill = 0]
                  700131f0    0000008c                                              : bootloader_soc.obj (.text.Bootloader_socCpuSetEntryPoint)
                  7001327c    00000004     --HOLE-- [fill = 0]
                  70013280    0000008c                                              : sciclient_pm.obj (.text.Sciclient_pmGetModuleState)
                  7001330c    00000004     --HOLE-- [fill = 0]
                  70013310    0000008c                                              : sciclient_pm.obj (.text.Sciclient_pmModuleClkRequest)
                  7001339c    00000004     --HOLE-- [fill = 0]
                  700133a0    0000008c                                              : sciclient_pm.obj (.text.Sciclient_pmSetModuleState)
                  7001342c    00000004     --HOLE-- [fill = 0]
                  70013430    0000008c                                              : sciclient_rm_irq.obj (.text.Sciclient_rmIaEvtRomMapped)
                  700134bc    00000004     --HOLE-- [fill = 0]
                  700134c0    0000008a                                              : lpddr4.obj (.text.LPDDR4_PollCtlIrq)
                  7001354a    00000006     --HOLE-- [fill = 0]
                  70013550    0000008a                                              : lpddr4.obj (.text.LPDDR4_PollPhyIndepIrq)
                  700135da    00000006     --HOLE-- [fill = 0]
                  700135e0    0000008a                                              : ospi_phy.obj (.text.OSPI_phySetRdDelayTxRxDLL)
                  7001366a    00000006     --HOLE-- [fill = 0]
                  70013670    0000008a                                              : udma_ring_common.obj (.text.Udma_ringFlushRaw)
                  700136fa    00000006     --HOLE-- [fill = 0]
                  70013700    00000088                                              : csl_bcdma.obj (.text.CSL_bcdmaGetCfg)
                  70013788    00000008     --HOLE-- [fill = 0]
                  70013790    00000088     nortos.am64x.r5f.ti-arm-clang.debug.lib : ClockP_nortos.obj (.text.ClockP_getTimeUsec)
                  70013818    00000008     --HOLE-- [fill = 0]
                  70013820    00000088     drivers.am64x.r5f.ti-arm-clang.debug.lib : sciclient_procboot.obj (.text.Sciclient_procBootReleaseProcessor)
                  700138a8    00000008     --HOLE-- [fill = 0]
                  700138b0    00000088                                              : udma_rm.obj (.text.Udma_rmFreeVintrBit)
                  70013938    00000008     --HOLE-- [fill = 0]
                  70013940    00000086                                              : lpddr4_16bit.obj (.text.LPDDR4_CheckCtlInterrupt_3)
                  700139c6    0000000a     --HOLE-- [fill = 0]
                  700139d0    00000086                                              : ospi_v0.obj (.text.OSPI_enablePhy)
                  70013a56    0000000a     --HOLE-- [fill = 0]
                  70013a60    00000086                                              : uart_v0.obj (.text.UART_tcrTlrBitValRestore)
                  70013ae6    0000000a     --HOLE-- [fill = 0]
                  70013af0    00000084                                              : uart_dma.obj (.text.UART_dmaDisableChannel)
                  70013b74    0000000c     --HOLE-- [fill = 0]
                  70013b80    00000082                                              : udma_utils.obj (.text.CSL_udmapCppi5SetReturnPolicy)
                  70013c02    0000000e     --HOLE-- [fill = 0]
                  70013c10    00000082                                              : ospi_phy.obj (.text.OSPI_phyFindRxHigh)
                  70013c92    0000000e     --HOLE-- [fill = 0]
                  70013ca0    00000082                                              : ospi_phy.obj (.text.OSPI_phyFindRxLow)
                  70013d22    0000000e     --HOLE-- [fill = 0]
                  70013d30    00000082                                              : ospi_phy.obj (.text.OSPI_phyFindTxHigh)
                  70013db2    0000000e     --HOLE-- [fill = 0]
                  70013dc0    00000082                                              : ospi_phy.obj (.text.OSPI_phyFindTxLow)
                  70013e42    0000000e     --HOLE-- [fill = 0]
                  70013e50    00000082                                              : ospi_v0.obj (.text.OSPI_setXferLines)
                  70013ed2    0000000e     --HOLE-- [fill = 0]
                  70013ee0    00000082                                              : udma_ch.obj (.text.Udma_chPair)
                  70013f62    0000000e     --HOLE-- [fill = 0]
                  70013f70    00000082                                              : udma_ch.obj (.text.Udma_chUnpair)
                  70013ff2    0000000e     --HOLE-- [fill = 0]
                  70014000    00000080                                              : uart_dma.obj (.text.UART_dmaClose)
                  70014080    00000080                                              : uart_v0.obj (.text.UART_readData)
                  70014100    0000007e                                              : bootloader.obj (.text.Bootloader_findSeq)
                  7001417e    00000002     --HOLE-- [fill = 0]
                  70014180    0000007e                                              : csl_bcdma.obj (.text.CSL_bcdmaChanOpIsChanEnabled)
                  700141fe    00000002     --HOLE-- [fill = 0]
                  70014200    0000007e                                              : csl_bcdma.obj (.text.CSL_bcdmaChanOpIsValidChanIdx)
                  7001427e    00000002     --HOLE-- [fill = 0]
                  70014280    0000007e                                              : csl_bcdma.obj (.text.CSL_bcdmaMapChanIdx)
                  700142fe    00000002     --HOLE-- [fill = 0]
                  70014300    0000007e                                              : lpddr4.obj (.text.LPDDR4_StartSequenceController)
                  7001437e    00000002     --HOLE-- [fill = 0]
                  70014380    0000007c                                              : csl_pktdma.obj (.text.CSL_pktdmaGetCfg)
                  700143fc    00000004     --HOLE-- [fill = 0]
                  70014400    0000007a                                              : ospi_v0.obj (.text.OSPI_disablePhy)
                  7001447a    00000006     --HOLE-- [fill = 0]
                  70014480    0000007a                                              : uart_v0.obj (.text.UART_Params_init)
                  700144fa    00000006     --HOLE-- [fill = 0]
                  70014500    0000007a     nortos.am64x.r5f.ti-arm-clang.debug.lib : DebugP_log.obj (.text._DebugP_assert)
                  7001457a    00000006     --HOLE-- [fill = 0]
                  70014580    00000078     drivers.am64x.r5f.ti-arm-clang.debug.lib : ospi_v0.obj (.text.OSPI_waitIndWriteComplete)
                  700145f8    00000008     --HOLE-- [fill = 0]
                  70014600    00000076                                              : csl_bcdma.obj (.text.CSL_bcdmaChanOpClearError)
                  70014676    0000000a     --HOLE-- [fill = 0]
                  70014680    00000076                                              : csl_bcdma.obj (.text.CSL_bcdmaDoChanOp)
                  700146f6    0000000a     --HOLE-- [fill = 0]
                  70014700    00000076                                              : ospi_v0.obj (.text.OSPI_isDmaRestrictedRegion)
                  70014776    0000000a     --HOLE-- [fill = 0]
                  70014780    00000076                                              : ospi_phy.obj (.text.OSPI_phyReadAttackVector)
                  700147f6    0000000a     --HOLE-- [fill = 0]
                  70014800    00000076                                              : ospi_v0.obj (.text.OSPI_waitIdle)
                  70014876    0000000a     --HOLE-- [fill = 0]
                  70014880    00000076                                              : udma_ch.obj (.text.Udma_chGetCqRingHandle)
                  700148f6    0000000a     --HOLE-- [fill = 0]
                  70014900    00000076                                              : udma_ch.obj (.text.Udma_chGetFqRingHandle)
                  70014976    0000000a     --HOLE-- [fill = 0]
                  70014980    00000074     nortos.am64x.r5f.ti-arm-clang.debug.lib : ClockP_nortos.obj (.text.ClockP_construct)
                  700149f4    0000000c     --HOLE-- [fill = 0]
                  70014a00    00000074     drivers.am64x.r5f.ti-arm-clang.debug.lib : ddr.obj (.text.DDR_init)
                  70014a74    0000000c     --HOLE-- [fill = 0]
                  70014a80    00000074                                              : udma_ch.obj (.text.Udma_chEnable)
                  70014af4    0000000c     --HOLE-- [fill = 0]
                  70014b00    00000072                                              : bootloader_soc.obj (.text.Bootloader_socCpuPowerOnResetA53)
                  70014b72    0000000e     --HOLE-- [fill = 0]
                  70014b80    00000072                                              : csl_bcdma.obj (.text.CSL_bcdmaChanOpTriggerChan)
                  70014bf2    0000000e     --HOLE-- [fill = 0]
                  70014c00    00000072                                              : csl_lcdma_ringacc.obj (.text.CSL_lcdma_ringaccAckReverseRing)
                  70014c72    0000000e     --HOLE-- [fill = 0]
                  70014c80    00000072     nortos.am64x.r5f.ti-arm-clang.debug.lib : ClockP_nortos.obj (.text.ClockP_usleep)
                  70014cf2    0000000e     --HOLE-- [fill = 0]
                  70014d00    00000072     drivers.am64x.r5f.ti-arm-clang.debug.lib : bootloader_flash.obj (.text.Flash_imgRead)
                  70014d72    0000000e     --HOLE-- [fill = 0]
                  70014d80    00000072                                              : udma_utils.obj (.text.UdmaUtils_makeTrpd)
                  70014df2    0000000e     --HOLE-- [fill = 0]
                  70014e00    00000070                                              : bootloader.obj (.text.Bootloader_open)
                  70014e70    00000070                                              : csl_intaggr.obj (.text.CSL_intaggrClrIntr)
                  70014ee0    00000070     board.am64x.r5f.ti-arm-clang.debug.lib : flash_nor_xspi.obj (.text.Flash_norXspiSetOpcodes)
                  70014f50    00000070     drivers.am64x.r5f.ti-arm-clang.debug.lib : pinmux.obj (.text.Pinmux_config)
                  70014fc0    00000070                                              : sciclient_rm.obj (.text.Sciclient_rmGetResourceRange)
                  70015030    00000070                                              : uart_dma.obj (.text.UART_dmaOpen)
                  700150a0    00000070                                              : udma_rm.obj (.text.Udma_rmFreeMappedRxCh)
                  70015110    00000070                                              : udma_rm.obj (.text.Udma_rmFreeMappedTxCh)
                  70015180    0000006e                                              : bootloader.obj (.text.Bootloader_getX509CertLen)
                  700151ee    00000002     --HOLE-- [fill = 0]
                  700151f0    0000006e                                              : bootloader_soc.obj (.text.Bootloader_socGetR5fBtcmAddrAndSize)
                  7001525e    00000002     --HOLE-- [fill = 0]
                  70015260    0000006e                                              : lpddr4_16bit.obj (.text.LPDDR4_EnablePIInitiator)
                  700152ce    00000002     --HOLE-- [fill = 0]
                  700152d0    0000006e                                              : sciclient_rm_irq.obj (.text.Sciclient_rmIaVintGetInfo)
                  7001533e    00000002     --HOLE-- [fill = 0]
                  70015340    0000006c                                              : bootloader_soc.obj (.text.Bootloader_socCpuRelease)
                  700153ac    00000004     --HOLE-- [fill = 0]
                  700153b0    0000006c                                              : bootloader_soc.obj (.text.Bootloader_socGetR5fAtcmAddrAndSize)
                  7001541c    00000004     --HOLE-- [fill = 0]
                  70015420    0000006c                                              : ddr_soc.obj (.text.DDR_socEnableVttRegulator)
                  7001548c    00000004     --HOLE-- [fill = 0]
                  70015490    0000006c                                              : ospi_dma.obj (.text.OSPI_dmaOpen)
                  700154fc    00000004     --HOLE-- [fill = 0]
                  70015500    0000006c                                              : udma_ch.obj (.text.UdmaChPrms_init)
                  7001556c    00000004     --HOLE-- [fill = 0]
                  70015570    0000006a                                              : bootloader_soc.obj (.text.Bootloader_socCpuRequest)
                  700155da    00000006     --HOLE-- [fill = 0]
                  700155e0    0000006a     board.am64x.r5f.ti-arm-clang.debug.lib : flash_nor_xspi.obj (.text.Flash_norXspiEnableDDR)
                  7001564a    00000006     --HOLE-- [fill = 0]
                  70015650    0000006a                                            : flash_nor_xspi.obj (.text.Flash_norXspiEnableSDR)
                  700156ba    00000006     --HOLE-- [fill = 0]
                  700156c0    0000006a     drivers.am64x.r5f.ti-arm-clang.debug.lib : lpddr4.obj (.text.LPDDR4_WriteCtlConfig)
                  7001572a    00000006     --HOLE-- [fill = 0]
                  70015730    0000006a                                              : lpddr4.obj (.text.LPDDR4_WritePhyConfig)
                  7001579a    00000006     --HOLE-- [fill = 0]
                  700157a0    0000006a                                              : lpddr4.obj (.text.LPDDR4_WritePhyIndepConfig)
                  7001580a    00000006     --HOLE-- [fill = 0]
                  70015810    0000006a                                              : pinmux.obj (.text.Pinmux_lockMMR)
                  7001587a    00000006     --HOLE-- [fill = 0]
                  70015880    0000006a                                              : udma_rm.obj (.text.Udma_rmCheckResLeak)
                  700158ea    00000006     --HOLE-- [fill = 0]
                  700158f0    00000068                                              : ospi_v0.obj (.text.OSPI_waitWriteSRAMLevel)
                  70015958    00000008     --HOLE-- [fill = 0]
                  70015960    00000068                                              : sciclient_rm_irq.obj (.text.Sciclient_rmIrqCfgIsDirectEvent)
                  700159c8    00000008     --HOLE-- [fill = 0]
                  700159d0    00000068                                              : sciclient_rm_irq.obj (.text.Sciclient_rmIrqCfgIsDirectNonEvent)
                  70015a38    00000008     --HOLE-- [fill = 0]
                  70015a40    00000068                                              : sciclient_rm_irq.obj (.text.Sciclient_rmIrqCfgIsEventToVintMappingOnly)
                  70015aa8    00000008     --HOLE-- [fill = 0]
                  70015ab0    00000068                                              : sciclient_rm_irq.obj (.text.Sciclient_rmIrqCfgIsOesOnly)
                  70015b18    00000008     --HOLE-- [fill = 0]
                  70015b20    00000068                                              : sciclient_rm_irq.obj (.text.Sciclient_rmIrqCfgIsUnmappedVintDirectEvent)
                  70015b88    00000008     --HOLE-- [fill = 0]
                  70015b90    00000068                                              : uart_v0.obj (.text.UART_divisorValCompute)
                  70015bf8    00000008     --HOLE-- [fill = 0]
                  70015c00    00000068                                              : udma_ring_lcdma.obj (.text.Udma_ringPrimeReadLcdma)
                  70015c68    00000008     --HOLE-- [fill = 0]
                  70015c70    00000066                                              : bootloader_soc.obj (.text.Bootloader_socInitR5FAtcmBtcm)
                  70015cd6    0000000a     --HOLE-- [fill = 0]
                  70015ce0    00000066                                              : csl_lcdma_ringacc.obj (.text.CSL_lcdma_ringaccCommitToForwardRing)
                  70015d46    0000000a     --HOLE-- [fill = 0]
                  70015d50    00000066                                              : udma_utils.obj (.text.CSL_udmapCppi5SetIds)
                  70015db6    0000000a     --HOLE-- [fill = 0]
                  70015dc0    00000066                                              : ddr.obj (.text.DDR_probe)
                  70015e26    0000000a     --HOLE-- [fill = 0]
                  70015e30    00000066                                              : sciclient_pm.obj (.text.Sciclient_pmSetModuleRst_flags)
                  70015e96    0000000a     --HOLE-- [fill = 0]
                  70015ea0    00000064                                              : ospi_v0.obj (.text.OSPI_getCmdExt)
                  70015f04    0000000c     --HOLE-- [fill = 0]
                  70015f10    00000064                                              : sciclient_procboot.obj (.text.Sciclient_procBootGetProcessorState)
                  70015f74    0000000c     --HOLE-- [fill = 0]
                  70015f80    00000064                                              : sciclient_rm_irq.obj (.text.Sciclient_rmIrGetInst)
                  70015fe4    0000000c     --HOLE-- [fill = 0]
                  70015ff0    00000064                                              : udma_rm.obj (.text.Udma_rmFreeEvent)
                  70016054    0000000c     --HOLE-- [fill = 0]
                  70016060    00000064                                              : udma_rm.obj (.text.Udma_rmFreeIrIntr)
                  700160c4    0000000c     --HOLE-- [fill = 0]
                  700160d0    00000064                                              : udma_rm.obj (.text.Udma_rmFreeVintr)
                  70016134    0000000c     --HOLE-- [fill = 0]
                  70016140    00000062     board.am64x.r5f.ti-arm-clang.debug.lib : flash.obj (.text.Flash_open)
                  700161a2    0000000e     --HOLE-- [fill = 0]
                  700161b0    00000062     drivers.am64x.r5f.ti-arm-clang.debug.lib : udma_event.obj (.text.UdmaEventPrms_init)
                  70016212    0000000e     --HOLE-- [fill = 0]
                  70016220    00000062                                              : udma_rm.obj (.text.Udma_rmFreeBlkCopyCh)
                  70016282    0000000e     --HOLE-- [fill = 0]
                  70016290    00000062                                              : udma_rm.obj (.text.Udma_rmFreeBlkCopyHcCh)
                  700162f2    0000000e     --HOLE-- [fill = 0]
                  70016300    00000062                                              : udma_rm.obj (.text.Udma_rmFreeBlkCopyUhcCh)
                  70016362    0000000e     --HOLE-- [fill = 0]
                  70016370    00000062                                              : udma_rm.obj (.text.Udma_rmFreeRxCh)
                  700163d2    0000000e     --HOLE-- [fill = 0]
                  700163e0    00000062                                              : udma_rm.obj (.text.Udma_rmFreeRxHcCh)
                  70016442    0000000e     --HOLE-- [fill = 0]
                  70016450    00000062                                              : udma_rm.obj (.text.Udma_rmFreeRxUhcCh)
                  700164b2    0000000e     --HOLE-- [fill = 0]
                  700164c0    00000062                                              : udma_rm.obj (.text.Udma_rmFreeTxCh)
                  70016522    0000000e     --HOLE-- [fill = 0]
                  70016530    00000062                                              : udma_rm.obj (.text.Udma_rmFreeTxHcCh)
                  70016592    0000000e     --HOLE-- [fill = 0]
                  700165a0    00000062                                              : udma_rm.obj (.text.Udma_rmFreeTxUhcCh)
                  70016602    0000000e     --HOLE-- [fill = 0]
                  70016610    00000060                                              : bootloader.obj (.text.Bootloader_loadCpu)
                  70016670    00000060                                              : uart_v0.obj (.text.UART_getChar)
                  700166d0    00000060                                              : udma_utils.obj (.text.Udma_phyToVirtFxn)
                  70016730    00000060                                              : udma_utils.obj (.text.Udma_virtToPhyFxn)
                  70016790    0000005e                                              : lpddr4.obj (.text.LPDDR4_PollAndAckIrq)
                  700167ee    00000002     --HOLE-- [fill = 0]
                  700167f0    0000005e                                              : sciclient_pm.obj (.text.Sciclient_pmSetModuleRst)
                  7001684e    00000002     --HOLE-- [fill = 0]
                  70016850    0000005e                                              : sciclient_procboot.obj (.text.Sciclient_procBootRequestProcessor)
                  700168ae    00000002     --HOLE-- [fill = 0]
                  700168b0    0000005e                                              : uart_v0.obj (.text.UART_writeData)
                  7001690e    00000002     --HOLE-- [fill = 0]
                  70016910    0000005c                                              : lpddr4.obj (.text.LPDDR4_CheckPhyIndepInterrupt)
                  7001696c    00000004     --HOLE-- [fill = 0]
                  70016970    0000005c                                              : lpddr4.obj (.text.LPDDR4_SanityFunction4)
                  700169cc    00000004     --HOLE-- [fill = 0]
                  700169d0    0000005c     ti_power_clock_config.obj (.text.Module_clockSetFrequency)
                  70016a2c    00000004     --HOLE-- [fill = 0]
                  70016a30    0000005c     drivers.am64x.r5f.ti-arm-clang.debug.lib : sciclient_rm_irq.obj (.text.Sciclient_rmIaGetInst)
                  70016a8c    00000004     --HOLE-- [fill = 0]
                  70016a90    0000005c                                              : sciclient_rm_irq.obj (.text.Sciclient_rmPsPush)
                  70016aec    0000005c     libc.a : autoinit.c.obj (.text:__TI_auto_init_nobinit_nopinit)
                  70016b48    00000008     --HOLE-- [fill = 0]
                  70016b50    0000005a     board.am64x.r5f.ti-arm-clang.debug.lib : flash_nor_xspi.obj (.text.Flash_norXspiResetMemory)
                  70016baa    00000006     --HOLE-- [fill = 0]
                  70016bb0    0000005a     drivers.am64x.r5f.ti-arm-clang.debug.lib : sciclient_rm_irq.obj (.text.Sciclient_rmIaValidateGlobalEvt)
                  70016c0a    00000006     --HOLE-- [fill = 0]
                  70016c10    0000005a     nortos.am64x.r5f.ti-arm-clang.debug.lib : SemaphoreP_nortos.obj (.text.SemaphoreP_post)
                  70016c6a    00000006     --HOLE-- [fill = 0]
                  70016c70    0000005a     drivers.am64x.r5f.ti-arm-clang.debug.lib : uart_v0.obj (.text.UART_regConfigModeEnable)
                  70016cca    00000006     --HOLE-- [fill = 0]
                  70016cd0    00000058                                              : bootloader_soc.obj (.text.Bootloader_socRprcToCslCoreId)
                  70016d28    00000008     --HOLE-- [fill = 0]
                  70016d30    00000058     board.am64x.r5f.ti-arm-clang.debug.lib : flash_nor_xspi.obj (.text.Flash_norXspiCmdRead)
                  70016d88    00000008     --HOLE-- [fill = 0]
                  70016d90    00000058                                            : flash_nor_xspi.obj (.text.Flash_norXspiCmdWrite)
                  70016de8    00000008     --HOLE-- [fill = 0]
                  70016df0    00000058     drivers.am64x.r5f.ti-arm-clang.debug.lib : ospi_v0.obj (.text.OSPI_writeFifoData)
                  70016e48    00000008     --HOLE-- [fill = 0]
                  70016e50    00000058                                              : sciclient_firewall.obj (.text.Sciclient_firewallChangeOwnerInfo)
                  70016ea8    00000008     --HOLE-- [fill = 0]
                  70016eb0    00000058                                              : sciclient_firewall.obj (.text.Sciclient_firewallSetRegion)
                  70016f08    00000008     --HOLE-- [fill = 0]
                  70016f10    00000058                                              : sciclient_procboot.obj (.text.Sciclient_procBootAuthAndStart)
                  70016f68    00000008     --HOLE-- [fill = 0]
                  70016f70    00000058                                              : sciclient_rm.obj (.text.Sciclient_rmIrqSetRaw)
                  70016fc8    00000008     --HOLE-- [fill = 0]
                  70016fd0    00000058                                              : sciclient_rm_irq.obj (.text.Sciclient_rmIrqUnmappedVintRouteDelete)
                  70017028    00000008     --HOLE-- [fill = 0]
                  70017030    00000058                                              : sciclient_rm.obj (.text.Sciclient_rmRingCfg)
                  70017088    00000008     --HOLE-- [fill = 0]
                  70017090    00000058                                              : sciclient_rm.obj (.text.Sciclient_rmUdmapFlowCfg)
                  700170e8    00000008     --HOLE-- [fill = 0]
                  700170f0    00000058                                              : sciclient_rm.obj (.text.Sciclient_rmUdmapFlowSizeThreshCfg)
                  70017148    00000008     --HOLE-- [fill = 0]
                  70017150    00000058                                              : sciclient_rm.obj (.text.Sciclient_rmUdmapRxChCfg)
                  700171a8    00000008     --HOLE-- [fill = 0]
                  700171b0    00000058                                              : sciclient_rm.obj (.text.Sciclient_rmUdmapTxChCfg)
                  70017208    00000008     --HOLE-- [fill = 0]
                  70017210    00000058                                              : udma_utils.obj (.text.UdmaUtils_getTrSizeEncoded)
                  70017268    00000008     --HOLE-- [fill = 0]
                  70017270    00000056                                              : bootloader.obj (.text.Bootloader_BootImageInfo_init)
                  700172c6    0000000a     --HOLE-- [fill = 0]
                  700172d0    00000056                                              : bootloader_soc.obj (.text.Bootloader_socIsAuthRequired)
                  70017326    0000000a     --HOLE-- [fill = 0]
                  70017330    00000056                                              : csl_intaggr.obj (.text.CSL_intaggrGetCfg)
                  70017386    0000000a     --HOLE-- [fill = 0]
                  70017390    00000056                                              : sciclient_rm.obj (.text.Sciclient_rmIrqReleaseRaw)
                  700173e6    0000000a     --HOLE-- [fill = 0]
                  700173f0    00000056                                              : sciclient_rm.obj (.text.Sciclient_rmPsilPair)
                  70017446    0000000a     --HOLE-- [fill = 0]
                  70017450    00000056                                              : sciclient_rm.obj (.text.Sciclient_rmPsilUnpair)
                  700174a6    0000000a     --HOLE-- [fill = 0]
                  700174b0    00000056     nortos.am64x.r5f.ti-arm-clang.debug.lib : SemaphoreP_nortos.obj (.text.SemaphoreP_construct)
                  70017506    0000000a     --HOLE-- [fill = 0]
                  70017510    00000054     drivers.am64x.r5f.ti-arm-clang.debug.lib : csl_pktdma.obj (.text.CSL_pktdmaIsValidChanIdx)
                  70017564    0000000c     --HOLE-- [fill = 0]
                  70017570    00000054                                              : ospi_v0.obj (.text.OSPI_setNumAddrBytes)
                  700175c4    0000000c     --HOLE-- [fill = 0]
                  700175d0    00000054                                              : sciclient_procboot.obj (.text.Sciclient_procBootSetProcessorCfg)
                  70017624    0000000c     --HOLE-- [fill = 0]
                  70017630    00000054                                              : sciclient_rm_irq.obj (.text.Sciclient_rmUnmappedVintRouteCreate)
                  70017684    0000000c     --HOLE-- [fill = 0]
                  70017690    00000054                                              : udma_ring_common.obj (.text.UdmaRingPrms_init)
                  700176e4    0000000c     --HOLE-- [fill = 0]
                  700176f0    00000052                                              : lpddr4.obj (.text.LPDDR4_AckPhyIndepInterrupt)
                  70017742    0000000e     --HOLE-- [fill = 0]
                  70017750    00000052                                              : ospi_dma.obj (.text.OSPI_dmaCopy)
                  700177a2    0000000e     --HOLE-- [fill = 0]
                  700177b0    00000052                                              : soc.obj (.text.SOC_controlModuleLockMMR)
                  70017802    0000000e     --HOLE-- [fill = 0]
                  70017810    00000052                                              : udma_ch.obj (.text.Udma_chInitRegs)
                  70017862    0000000e     --HOLE-- [fill = 0]
                  70017870    00000052                                              : udma_ring_lcdma.obj (.text.Udma_ringPrimeLcdma)
                  700178c2    0000000e     --HOLE-- [fill = 0]
                  700178d0    00000050     ti_board_open_close.obj (.text.Board_flashClose)
                  70017920    00000050     ti_drivers_open_close.obj (.text.Drivers_ospiClose)
                  70017970    00000050     ti_drivers_open_close.obj (.text.Drivers_uartClose)
                  700179c0    00000050     drivers.am64x.r5f.ti-arm-clang.debug.lib : uart_dma.obj (.text.UART_writeInterruptDma)
                  70017a10    00000050                                              : udma_rmcfg.obj (.text.Udma_rmGetSharedResPrms)
                  70017a60    0000004e                                              : bootloader_soc.obj (.text.Bootloader_socCpuPowerOnReset)
                  70017aae    00000002     --HOLE-- [fill = 0]
                  70017ab0    0000004e                                              : csl_pktdma.obj (.text.CSL_pktdmaIsChanEnabled)
                  70017afe    00000002     --HOLE-- [fill = 0]
                  70017b00    0000004e                                              : ospi_v0.obj (.text.OSPI_setDeviceSize)
                  70017b4e    00000002     --HOLE-- [fill = 0]
                  70017b50    0000004e                                              : uart_v0.obj (.text.UART_getHandle)
                  70017b9e    00000002     --HOLE-- [fill = 0]
                  70017ba0    0000004e                                              : udma_utils.obj (.text.UdmaUtils_makeTrpdTr15)
                  70017bee    00000002     --HOLE-- [fill = 0]
                  70017bf0    0000004c                                              : lpddr4.obj (.text.LPDDR4_SanityFunction5)
                  70017c3c    00000004     --HOLE-- [fill = 0]
                  70017c40    0000004c     ti_power_clock_config.obj (.text.Module_clockDisable)
                  70017c8c    00000004     --HOLE-- [fill = 0]
                  70017c90    0000004c     ti_power_clock_config.obj (.text.Module_clockEnable)
                  70017cdc    00000004     --HOLE-- [fill = 0]
                  70017ce0    0000004c     drivers.am64x.r5f.ti-arm-clang.debug.lib : ospi_v0.obj (.text.OSPI_getHandle)
                  70017d2c    00000004     --HOLE-- [fill = 0]
                  70017d30    0000004c                                              : sciclient_rm_irq.obj (.text.Sciclient_rmPsSetInp)
                  70017d7c    00000004     --HOLE-- [fill = 0]
                  70017d80    0000004c                                              : sciclient_rm_irq.obj (.text.Sciclient_rmPsSetOutp)
                  70017dcc    00000004     --HOLE-- [fill = 0]
                  70017dd0    0000004c                                              : uart_v0.obj (.text.UART_fifoRegisterWrite)
                  70017e1c    00000004     --HOLE-- [fill = 0]
                  70017e20    0000004c                                              : udma_event.obj (.text.Udma_eventGetId)
                  70017e6c    00000004     --HOLE-- [fill = 0]
                  70017e70    0000004a                                              : bootloader_profile.obj (.text.Bootloader_profileAddProfilePoint)
                  70017eba    00000006     --HOLE-- [fill = 0]
                  70017ec0    0000004a                                              : csl_pktdma.obj (.text.CSL_pktdmaGetRxRT)
                  70017f0a    00000006     --HOLE-- [fill = 0]
                  70017f10    0000004a                                              : csl_pktdma.obj (.text.CSL_pktdmaGetTxRT)
                  70017f5a    00000006     --HOLE-- [fill = 0]
                  70017f60    0000004a                                              : sciclient_soc_priv.obj (.text.Sciclient_getDevId)
                  70017faa    00000006     --HOLE-- [fill = 0]
                  70017fb0    0000004a                                              : uart_v0.obj (.text.UART_getIntrIdentityStatus)
                  70017ffa    00000006     --HOLE-- [fill = 0]
                  70018000    0000004a                                              : uart_v0.obj (.text.UART_lineCharConfig)
                  7001804a    00000006     --HOLE-- [fill = 0]
                  70018050    00000048                                              : ddr.obj (.text.DDR_setFreq)
                  70018098    00000008     --HOLE-- [fill = 0]
                  700180a0    00000048     board.am64x.r5f.ti-arm-clang.debug.lib : flash.obj (.text.Flash_read)
                  700180e8    00000008     --HOLE-- [fill = 0]
                  700180f0    00000048     drivers.am64x.r5f.ti-arm-clang.debug.lib : lpddr4.obj (.text.LPDDR4_Init)
                  70018138    00000008     --HOLE-- [fill = 0]
                  70018140    00000048                                              : ospi_v0.obj (.text.OSPI_setRdDataCaptureDelay)
                  70018188    00000008     --HOLE-- [fill = 0]
                  70018190    00000046                                              : csl_bcdma.obj (.text.CSL_bcdmaTeardownRxChan)
                  700181d6    0000000a     --HOLE-- [fill = 0]
                  700181e0    00000046                                              : csl_bcdma.obj (.text.CSL_bcdmaTeardownTxChan)
                  70018226    0000000a     --HOLE-- [fill = 0]
                  70018230    00000046                                              : ospi_dma.obj (.text.OSPI_dmaClose)
                  70018276    0000000a     --HOLE-- [fill = 0]
                  70018280    00000046                                              : uart_v0.obj (.text.UART_readLineStatus)
                  700182c6    0000000a     --HOLE-- [fill = 0]
                  700182d0    00000044                                              : csl_bcdma.obj (.text.CSL_bcdmaGetChanPeerReg)
                  70018314    0000000c     --HOLE-- [fill = 0]
                  70018320    00000044     ti_dpl_config.obj (.text.Dpl_init)
                  70018364    0000000c     --HOLE-- [fill = 0]
                  70018370    00000044     drivers.am64x.r5f.ti-arm-clang.debug.lib : ospi_v0.obj (.text.OSPI_enableDacMode)
                  700183b4    0000000c     --HOLE-- [fill = 0]
                  700183c0    00000044                                              : udma_ring_lcdma.obj (.text.Udma_lcdmaRingaccMemOps)
                  70018404    0000000c     --HOLE-- [fill = 0]
[...]
7001d118  DDRSS_phyIndepReg                                                             
7001d67c  DDRSS_phyRegNum                                                               
7001da72  DDRSS_ctlRegNum                                                               
7001ddc0  DDRSS_phyIndepRegNum                                                          
7001e1a4  gAddrTranslateInfo                                                            
7001e268  vint_usage_count_DMASS0_INTAGGR_0                                             
7001e320  gCoreBootInfo                                                                 
7001e6f4  gRmIrInstances                                                                
7001e754  gUdmaRmSharedResPrms                                                          
7001e7ac  gUartParams                                                                   
7001e800  gMpuRegionConfig                                                              
7001e8a0  gFlashNorXspiDeviceDefines_S28HS512T                                          
7001e918  gFlashNorXspiAttrs_S28HS512T                                                  
7001e940  gPhyTuneWindowParamsGTE133                                                    
7001e968  gPhyTuneWindowParamsLT133                                                     
7001e990  gSocModulesClockFrequency                                                     
7001e9f4  gRmIaInstances                                                                
7001ea14  gBootloaderConfigNum                                                          
7001ea18  gSciclientSecProxyCfg                                                         
7001ea38  gOspiUdma0Args                                                                
7001ea54  gSocModules                                                                   
7001ea88  gBootloaderConfig                                                             
7001ea9c  gBootloaderFlashFxns                                                          
7001eab0  gClockConfig                                                                  
7001eac4  gFlashNorXspiFxns                                                             
7001ead8  gResMemSection                                                                
7001eb00  gFlashConfig                                                                  
7001eb20  gAddrTranslateConfig                                                          
7001eb2c  gBootloader0Args                                                              
7001eb38  gMpuConfig                                                                    
7001eb44  gOspiDmaUdmaFxns                                                              
7001eb50  gCacheConfig                                                                  
7001eb58  gOspiConfig                                                                   
7001eb60  gOspiDmaConfig                                                                
7001eb78  gUartConfig                                                                   
7001eb80  gCacheL1dCacheLineSize                                                        
7001eb84  gCacheL1pCacheLineSize                                                        
7001eb88  gDebugLogZone                                                                 
7001eb8c  gDebugP_uartDrvIndex                                                          
7001eb90  gFlashConfigNum                                                               
7001eb94  gHwiConfig                                                                    
7001eb98  gOspiConfigNum                                                                
7001eb9c  gOspiDmaConfigNum                                                             
7001eba0  gOspiParams                                                                   
7001eba4  gPhyTuneWindowParams                                                          
7001eba8  gUartConfigNum                                                                
7001ebac  gUartDmaConfigNum                                                             
7001eff4  gUdmaRmDefBoardCfg_Pktdma                                                     
7001f494  gUdmaTxMappedChRingAttributes                                                 
7001f838  gSciclientMap                                                                 
7001fe24  gUdmaRxMappedChRingAttributes                                                 
7001ff4c  gUdmaRmDefBoardCfg_Bcdma                                                      
700200b8  tisci_if_TIMESYNC_EVENT_INTROUTER0                                            
700201e0  gRmIrqTree                                                                    
70020320  gSOC_r5fVectors                                                               
700203b0  tisci_if_MAIN_GPIOMUX_INTROUTER0                                              
700203e4  tisci_if_DMASS0_INTAGGR_0                                                     
70020444  tisci_if_MCU_MCU_GPIOMUX_INTROUTER0                                           
70020468  tisci_if_CPTS0                                                                
700204a4  tisci_if_PRU_ICSSG0                                                           
700204c0  tisci_if_PRU_ICSSG1                                                           
700204dc  tisci_if_CMP_EVENT_INTROUTER0                                                 
700204f4  tisci_if_PCIE0                                                                
7002052c  tisci_if_CPSW0                                                                
7002053c  CMP_EVENT_INTROUTER0_outp_0_15_to_GICSS0_spi_48_63                            
70020544  CMP_EVENT_INTROUTER0_outp_16_23_to_R5FSS0_CORE0_intr_48_55                    
7002054c  CMP_EVENT_INTROUTER0_outp_16_23_to_R5FSS0_CORE1_intr_48_55                    
70020554  CMP_EVENT_INTROUTER0_outp_24_31_to_R5FSS1_CORE0_intr_48_55                    
7002055c  CMP_EVENT_INTROUTER0_outp_24_31_to_R5FSS1_CORE1_intr_48_55                    
70020564  CMP_EVENT_INTROUTER0_outp_32_39_to_DMASS0_INTAGGR_0_intaggr_levi_pend_0_7     
7002056c  CPSW0_cpts_comp_0_0_to_CMP_EVENT_INTROUTER0_in_80_80                          
70020574  CPSW0_cpts_genf0_1_1_to_TIMESYNC_EVENT_INTROUTER0_in_21_21                    
7002057c  CPSW0_cpts_genf1_2_2_to_TIMESYNC_EVENT_INTROUTER0_in_22_22                    
70020584  CPSW0_cpts_sync_3_3_to_TIMESYNC_EVENT_INTROUTER0_in_34_34                     
7002058c  CPTS0_cpts_comp_0_0_to_CMP_EVENT_INTROUTER0_in_82_82                          
70020594  CPTS0_cpts_genf0_1_1_to_TIMESYNC_EVENT_INTROUTER0_in_16_16                    
7002059c  CPTS0_cpts_genf1_2_2_to_TIMESYNC_EVENT_INTROUTER0_in_17_17                    
700205a4  CPTS0_cpts_genf2_3_3_to_TIMESYNC_EVENT_INTROUTER0_in_18_18                    
700205ac  CPTS0_cpts_genf3_4_4_to_TIMESYNC_EVENT_INTROUTER0_in_19_19                    
700205b4  CPTS0_cpts_genf4_5_5_to_TIMESYNC_EVENT_INTROUTER0_in_20_20                    
700205bc  CPTS0_cpts_genf5_6_6_to_TIMESYNC_EVENT_INTROUTER0_in_24_24                    
700205c4  CPTS0_cpts_sync_7_7_to_TIMESYNC_EVENT_INTROUTER0_in_35_35                     
700205cc  DMASS0_INTAGGR_0_intaggr_vintr_pend_0_39_to_GICSS0_spi_64_103                 
700205d4  DMASS0_INTAGGR_0_intaggr_vintr_pend_120_127_to_R5FSS1_CORE0_intr_8_15         
700205dc  DMASS0_INTAGGR_0_intaggr_vintr_pend_128_135_to_R5FSS1_CORE1_intr_8_15         
700205e4  DMASS0_INTAGGR_0_intaggr_vintr_pend_152_159_to_PRU_ICSSG0_pr1_slv_intr_16_23  
700205ec  DMASS0_INTAGGR_0_intaggr_vintr_pend_160_167_to_PRU_ICSSG1_pr1_slv_intr_16_23  
700205f4  DMASS0_INTAGGR_0_intaggr_vintr_pend_168_183_to_MCU_M4FSS0_CORE0_nvic_32_47    
700205fc  DMASS0_INTAGGR_0_intaggr_vintr_pend_40_71_to_R5FSS0_CORE0_intr_64_95          
70020604  DMASS0_INTAGGR_0_intaggr_vintr_pend_40_71_to_R5FSS0_CORE1_intr_64_95          
7002060c  DMASS0_INTAGGR_0_intaggr_vintr_pend_72_79_to_R5FSS0_CORE0_intr_8_15           
70020614  DMASS0_INTAGGR_0_intaggr_vintr_pend_80_87_to_R5FSS0_CORE1_intr_8_15           
7002061c  DMASS0_INTAGGR_0_intaggr_vintr_pend_88_119_to_R5FSS1_CORE0_intr_64_95         
70020624  DMASS0_INTAGGR_0_intaggr_vintr_pend_88_119_to_R5FSS1_CORE1_intr_64_95         
7002062c  EPWM0_epwm_synco_o_0_0_to_TIMESYNC_EVENT_INTROUTER0_in_39_39                  
70020634  EPWM3_epwm_synco_o_0_0_to_TIMESYNC_EVENT_INTROUTER0_in_40_40                  
7002063c  EPWM6_epwm_synco_o_0_0_to_TIMESYNC_EVENT_INTROUTER0_in_41_41                  
70020644  GPIO0_gpio_0_89_to_MAIN_GPIOMUX_INTROUTER0_in_0_89                            
7002064c  GPIO0_gpio_bank_90_98_to_MAIN_GPIOMUX_INTROUTER0_in_190_198                   
70020654  GPIO1_gpio_0_89_to_MAIN_GPIOMUX_INTROUTER0_in_90_179                          
7002065c  GPIO1_gpio_bank_90_98_to_MAIN_GPIOMUX_INTROUTER0_in_180_188                   
70020664  GPMC0_gpmc_sdmareq_0_0_to_DMASS0_INTAGGR_0_intaggr_levi_pend_29_29            
7002066c  GTC0_gtc_push_event_0_0_to_TIMESYNC_EVENT_INTROUTER0_in_36_36                 
70020674  MAIN_GPIOMUX_INTROUTER0_outp_0_15_to_GICSS0_spi_32_47                         
7002067c  MAIN_GPIOMUX_INTROUTER0_outp_0_15_to_R5FSS0_CORE0_intr_32_47                  
70020684  MAIN_GPIOMUX_INTROUTER0_outp_0_15_to_R5FSS0_CORE1_intr_32_47                  
7002068c  MAIN_GPIOMUX_INTROUTER0_outp_0_15_to_R5FSS1_CORE0_intr_32_47                  
70020694  MAIN_GPIOMUX_INTROUTER0_outp_0_15_to_R5FSS1_CORE1_intr_32_47                  
7002069c  MAIN_GPIOMUX_INTROUTER0_outp_16_17_to_DMASS0_INTAGGR_0_intaggr_levi_pend_24_25
700206a4  MAIN_GPIOMUX_INTROUTER0_outp_18_23_to_PRU_ICSSG0_pr1_iep0_cap_intr_req_4_9    
700206ac  MAIN_GPIOMUX_INTROUTER0_outp_18_23_to_PRU_ICSSG1_pr1_iep0_cap_intr_req_4_9    
700206b4  MAIN_GPIOMUX_INTROUTER0_outp_24_29_to_PRU_ICSSG0_pr1_iep1_cap_intr_req_10_15  
700206bc  MAIN_GPIOMUX_INTROUTER0_outp_24_29_to_PRU_ICSSG1_pr1_iep1_cap_intr_req_10_15  
700206c4  MAIN_GPIOMUX_INTROUTER0_outp_30_37_to_DMASS0_INTAGGR_0_intaggr_levi_pend_16_23
700206cc  MAIN_GPIOMUX_INTROUTER0_outp_38_45_to_PRU_ICSSG0_pr1_slv_intr_46_53           
700206d4  MAIN_GPIOMUX_INTROUTER0_outp_46_53_to_PRU_ICSSG1_pr1_slv_intr_46_53           
700206dc  MCU_GPIO0_gpio_0_29_to_MCU_MCU_GPIOMUX_INTROUTER0_in_0_29                     
700206e4  MCU_GPIO0_gpio_bank_30_31_to_MCU_MCU_GPIOMUX_INTROUTER0_in_30_31              
700206ec  MCU_MCU_GPIOMUX_INTROUTER0_outp_0_3_to_GICSS0_spi_104_107                     
700206f4  MCU_MCU_GPIOMUX_INTROUTER0_outp_0_3_to_R5FSS0_CORE0_intr_104_107              
700206fc  MCU_MCU_GPIOMUX_INTROUTER0_outp_0_3_to_R5FSS0_CORE1_intr_104_107              
70020704  MCU_MCU_GPIOMUX_INTROUTER0_outp_0_3_to_R5FSS1_CORE0_intr_104_107              
7002070c  MCU_MCU_GPIOMUX_INTROUTER0_outp_0_3_to_R5FSS1_CORE1_intr_104_107              
70020714  MCU_MCU_GPIOMUX_INTROUTER0_outp_4_7_to_MCU_M4FSS0_CORE0_nvic_0_3              
7002071c  MCU_MCU_GPIOMUX_INTROUTER0_outp_8_11_to_MCU_ESM0_esm_pls_event0_88_91         
70020724  MCU_MCU_GPIOMUX_INTROUTER0_outp_8_11_to_MCU_ESM0_esm_pls_event1_92_95         
7002072c  MCU_MCU_GPIOMUX_INTROUTER0_outp_8_11_to_MCU_ESM0_esm_pls_event2_96_99         
70020734  PCIE0_pcie_cpts_comp_0_0_to_CMP_EVENT_INTROUTER0_in_81_81                     
7002073c  PCIE0_pcie_cpts_genf0_1_1_to_TIMESYNC_EVENT_INTROUTER0_in_23_23               
70020744  PCIE0_pcie_cpts_hw1_push_2_2_to_TIMESYNC_EVENT_INTROUTER0_in_37_37            
7002074c  PCIE0_pcie_cpts_sync_3_3_to_TIMESYNC_EVENT_INTROUTER0_in_33_33                
70020754  PCIE0_pcie_ptm_valid_pulse_4_4_to_TIMESYNC_EVENT_INTROUTER0_in_38_38          
7002075c  PRU_ICSSG0_pr1_edc0_sync0_out_0_0_to_TIMESYNC_EVENT_INTROUTER0_in_25_25       
70020764  PRU_ICSSG0_pr1_edc0_sync1_out_1_1_to_TIMESYNC_EVENT_INTROUTER0_in_26_26       
7002076c  PRU_ICSSG0_pr1_edc1_sync0_out_2_2_to_TIMESYNC_EVENT_INTROUTER0_in_27_27       
70020774  PRU_ICSSG0_pr1_edc1_sync1_out_3_3_to_TIMESYNC_EVENT_INTROUTER0_in_28_28       
7002077c  PRU_ICSSG0_pr1_host_intr_req_4_11_to_CMP_EVENT_INTROUTER0_in_0_7              
70020784  PRU_ICSSG0_pr1_iep0_cmp_intr_req_12_27_to_CMP_EVENT_INTROUTER0_in_16_31       
7002078c  PRU_ICSSG0_pr1_iep1_cmp_intr_req_28_43_to_CMP_EVENT_INTROUTER0_in_32_47       
70020794  PRU_ICSSG1_pr1_edc0_sync0_out_0_0_to_TIMESYNC_EVENT_INTROUTER0_in_29_29       
7002079c  PRU_ICSSG1_pr1_edc0_sync1_out_1_1_to_TIMESYNC_EVENT_INTROUTER0_in_30_30       
700207a4  PRU_ICSSG1_pr1_edc1_sync0_out_2_2_to_TIMESYNC_EVENT_INTROUTER0_in_31_31       
700207ac  PRU_ICSSG1_pr1_edc1_sync1_out_3_3_to_TIMESYNC_EVENT_INTROUTER0_in_32_32       
700207b4  PRU_ICSSG1_pr1_host_intr_req_4_11_to_CMP_EVENT_INTROUTER0_in_8_15             
700207bc  PRU_ICSSG1_pr1_iep0_cmp_intr_req_12_27_to_CMP_EVENT_INTROUTER0_in_48_63       
700207c4  PRU_ICSSG1_pr1_iep1_cmp_intr_req_28_43_to_CMP_EVENT_INTROUTER0_in_64_79       
700207cc  TIMER0_timer_pwm_0_0_to_TIMESYNC_EVENT_INTROUTER0_in_0_0                      
700207d4  TIMER1_timer_pwm_0_0_to_TIMESYNC_EVENT_INTROUTER0_in_1_1                      
700207dc  TIMER2_timer_pwm_0_0_to_TIMESYNC_EVENT_INTROUTER0_in_2_2                      
700207e4  TIMER3_timer_pwm_0_0_to_TIMESYNC_EVENT_INTROUTER0_in_3_3                      
700207ec  TIMESYNC_EVENT_INTROUTER0_outl_0_7_to_DMASS0_INTAGGR_0_intaggr_levi_pend_8_15 
700207f4  TIMESYNC_EVENT_INTROUTER0_outl_10_10_to_PRU_ICSSG0_pr1_edc1_latch0_in_2_2     
700207fc  TIMESYNC_EVENT_INTROUTER0_outl_11_11_to_PRU_ICSSG0_pr1_edc1_latch1_in_3_3     
70020804  TIMESYNC_EVENT_INTROUTER0_outl_12_12_to_PRU_ICSSG1_pr1_edc0_latch0_in_0_0     
7002080c  TIMESYNC_EVENT_INTROUTER0_outl_13_13_to_PRU_ICSSG1_pr1_edc0_latch1_in_1_1     
70020814  TIMESYNC_EVENT_INTROUTER0_outl_14_14_to_PRU_ICSSG1_pr1_edc1_latch0_in_2_2     
7002081c  TIMESYNC_EVENT_INTROUTER0_outl_15_15_to_PRU_ICSSG1_pr1_edc1_latch1_in_3_3     
70020824  TIMESYNC_EVENT_INTROUTER0_outl_16_16_to_CPTS0_cpts_hw1_push_0_0               
7002082c  TIMESYNC_EVENT_INTROUTER0_outl_17_17_to_CPTS0_cpts_hw2_push_1_1               
70020834  TIMESYNC_EVENT_INTROUTER0_outl_18_18_to_CPTS0_cpts_hw3_push_2_2               
7002083c  TIMESYNC_EVENT_INTROUTER0_outl_19_19_to_CPTS0_cpts_hw4_push_3_3               
70020844  TIMESYNC_EVENT_INTROUTER0_outl_20_20_to_CPTS0_cpts_hw5_push_4_4               
7002084c  TIMESYNC_EVENT_INTROUTER0_outl_21_21_to_CPTS0_cpts_hw6_push_5_5               
70020854  TIMESYNC_EVENT_INTROUTER0_outl_22_22_to_CPTS0_cpts_hw7_push_6_6               
7002085c  TIMESYNC_EVENT_INTROUTER0_outl_23_23_to_CPTS0_cpts_hw8_push_7_7               
70020864  TIMESYNC_EVENT_INTROUTER0_outl_29_29_to_PCIE0_pcie_cpts_hw2_push_0_0          
7002086c  TIMESYNC_EVENT_INTROUTER0_outl_30_30_to_CPSW0_cpts_hw1_push_0_0               
70020874  TIMESYNC_EVENT_INTROUTER0_outl_31_31_to_CPSW0_cpts_hw2_push_1_1               
7002087c  TIMESYNC_EVENT_INTROUTER0_outl_32_32_to_CPSW0_cpts_hw3_push_2_2               
70020884  TIMESYNC_EVENT_INTROUTER0_outl_33_33_to_CPSW0_cpts_hw4_push_3_3               
7002088c  TIMESYNC_EVENT_INTROUTER0_outl_34_34_to_CPSW0_cpts_hw5_push_4_4               
70020894  TIMESYNC_EVENT_INTROUTER0_outl_35_35_to_CPSW0_cpts_hw6_push_5_5               
7002089c  TIMESYNC_EVENT_INTROUTER0_outl_36_36_to_CPSW0_cpts_hw7_push_6_6               
700208a4  TIMESYNC_EVENT_INTROUTER0_outl_37_37_to_CPSW0_cpts_hw8_push_7_7               
700208ac  TIMESYNC_EVENT_INTROUTER0_outl_8_8_to_PRU_ICSSG0_pr1_edc0_latch0_in_0_0       
700208b4  TIMESYNC_EVENT_INTROUTER0_outl_9_9_to_PRU_ICSSG0_pr1_edc0_latch1_in_1_1       
700208bc  gSOC_a53WhileLoop                                                             
700208c4  tisci_if_GPIO0                                                                
700208cc  tisci_if_GPIO1                                                                
700208d4  tisci_if_MCU_GPIO0                                                            
7002098c  gRmIrqTreeCount                                                               
70020990  tisci_if_EPWM0                                                                
70020994  tisci_if_EPWM3                                                                
70020998  tisci_if_EPWM6                                                                
7002099c  tisci_if_GPMC0                                                                
700209a0  tisci_if_GTC0                                                                 
700209a4  tisci_if_TIMER0                                                               
700209a8  tisci_if_TIMER1                                                               
700209ac  tisci_if_TIMER2                                                               
700209b0  tisci_if_TIMER3                                                               
70070000  __stack                                                                       
70070000  __start___llvm_prf_cnts                                                       
70070000  __stop___llvm_prf_cnts                                                        
70074000  __BSS_START                                                                   
70074000  __STACK_END                                                                   
70074000  gHwiCtrl                                                                      
70075008  gUdmaDrvObj                                                                   
70076050  gProfileObj                                                                   
70076300  gClockCtrl                                                                    
70076370  gFlashObject_S28HS512T                                                        
70076380  gFlashHandle                                                                  
70076384  gOspiHandle                                                                   
70076388  gUartHandle                                                                   
70076400  __BSS_END                                                                     
70076400  __IRQ_STACK_START                                                             
70077400  __FIQ_STACK_START                                                             
70077400  __IRQ_STACK_END                                                               
70077500  __FIQ_STACK_END                                                               
70077500  __SVC_STACK_START                                                             
70077600  __ABORT_STACK_START                                                           
70077600  __SVC_STACK_END                                                               
70077700  __ABORT_STACK_END                                                             
70077700  __UNDEFINED_STACK_START                                                       
70077800  __UNDEFINED_STACK_END                                                         
ffffffff  __TI_pprof_out_hndl                                                           
ffffffff  __TI_prof_data_size                                                           
ffffffff  __TI_prof_data_start                                                          
ffffffff  __binit__                                                                     
ffffffff  binit                                                                         
UNDEFED   __TI_CINIT_Base                                                               
UNDEFED   __TI_CINIT_Limit                                                              
UNDEFED   __TI_Handler_Table_Base                                                       
UNDEFED   __TI_Handler_Table_Limit                                                      
UNDEFED   _system_post_cinit                                                            

[703 symbols]
