******************************************************************************
            TI ARM Clang Linker Unix v1.3.1                    
******************************************************************************
>> Linked Mon Jun 20 12:48:51 2022

OUTPUT FILE NAME:   <sbl_ospi_multi_partition.release.out>
ENTRY POINT SYMBOL: "_vectors_sbl"  address: 70000000


MEMORY CONFIGURATION

         name            origin    length      used     unused   attr    fill
----------------------  --------  ---------  --------  --------  ----  --------
  R5F_VECS              00000000   00000040  00000000  00000040  RWIX
  R5F_TCMA              00000040   00007fc0  00000000  00007fc0  RWIX
  R5F_TCMB0             41010000   00008000  00000000  00008000  RWIX
  MSRAM_VECS            70000000   00000100  00000040  000000c0  RWIX
  MSRAM_0               70000100   0004ff00  00009b40  000463c0  RWIX
  MSRAM_1               70050000   00030000  000066f0  00029910  RWIX


SEGMENT ALLOCATION MAP

run origin  load origin   length   init length attrs members
----------  ----------- ---------- ----------- ----- -------
70000000    70000000    00000040   00000040    r-x
  70000000    70000000    00000040   00000040    r-x .vectors
70000100    70000100    000068e0   000068e0    r-x
  70000100    70000100    000059a0   000059a0    r-x .text
  70005aa0    70005aa0    00000770   00000770    r-x .text.hwi
  70006210    70006210    00000460   00000460    r-x .text.cache
  70006670    70006670    00000240   00000240    r-x .text.mpu
  700068b0    700068b0    00000130   00000130    r-x .text.boot
700069e0    700069e0    00002270   00002270    rw-
  700069e0    700069e0    00002270   00002270    rw- .data
70008c50    70008c50    00000ff0   00000ff0    r--
  70008c50    70008c50    00000ff0   00000ff0    r-- .rodata
70050000    70050000    000052f0   00000000    rw-
  70050000    70050000    00004000   00000000    rw- .stack
  70054000    70054000    000012f0   00000000    rw- .bss
700552f0    700552f0    00001400   00000000    r--
  700552f0    700552f0    00001000   00000000    r-- .irqstack
  700562f0    700562f0    00000100   00000000    r-- .fiqstack
  700563f0    700563f0    00000100   00000000    r-- .svcstack
  700564f0    700564f0    00000100   00000000    r-- .abortstack
  700565f0    700565f0    00000100   00000000    r-- .undefinedstack


SECTION ALLOCATION MAP

 output                                  attributes/
section   page    origin      length       input sections
--------  ----  ----------  ----------   ----------------
.vectors   0    70000000    00000040     
                  70000000    00000040     nortos.am64x.r5f.ti-arm-clang.release.lib : HwiP_armv7r_vectors_nortos_sbl_asm.obj (.vectors)

.text      0    70000100    000059a0     
                  70000100    0000055e     nortos.am64x.r5f.ti-arm-clang.release.lib : printf.obj (.text._vsnprintf)
                  7000065e    00000002     --HOLE-- [fill = 0]
                  70000660    000003d8     drivers.am64x.r5f.ti-arm-clang.release.lib : uart_v0.obj (.text.UART_open)
                  70000a38    00000008     libc.a : exit.c.obj (.text:abort)
                  70000a40    00000376     drivers.am64x.r5f.ti-arm-clang.release.lib : sciclient.obj (.text.Sciclient_service)
                  70000db6    00000002     --HOLE-- [fill = 0]
                  70000db8    00000004     libclang_rt.builtins.a : aeabi_memcpy.S.obj (.text)
                  70000dbc    00000004     --HOLE-- [fill = 0]
                  70000dc0    00000350     nortos.am64x.r5f.ti-arm-clang.release.lib : printf.obj (.text._ftoa)
                  70001110    000002e8                                               : printf.obj (.text._etoa)
                  700013f8    00000008                                               : HwiP_armv7r_asm.obj (.tramp.HwiP_restore.1)
                  70001400    000002ba     drivers.am64x.r5f.ti-arm-clang.release.lib : ddr.obj (.text.DDR_init)
                  700016ba    00000006     --HOLE-- [fill = 0]
                  700016c0    00000226                                                : bootloader_soc.obj (.text.Bootloader_socCpuResetRelease)
                  700018e6    00000002     --HOLE-- [fill = 0]
                  700018e8    00000008     nortos.am64x.r5f.ti-arm-clang.release.lib : HwiP_armv7r_asm.obj (.tramp.HwiP_enable.1)
                  700018f0    0000021a     drivers.am64x.r5f.ti-arm-clang.release.lib : uart_v0.obj (.text.UART_masterIsr)
                  70001b0a    00000006     --HOLE-- [fill = 0]
                  70001b10    000001ec                                                : bootloader_soc.obj (.text.Bootloader_socCpuPowerOnResetR5f)
                  70001cfc    00000004     --HOLE-- [fill = 0]
                  70001d00    000001de                                                : uart_v0.obj (.text.UART_write)
                  70001ede    00000002     --HOLE-- [fill = 0]
                  70001ee0    000001d0                                                : uart_v0.obj (.text.UART_fifoConfig)
                  700020b0    000001cc     nortos.am64x.r5f.ti-arm-clang.release.lib : TimerP.obj (.text.TimerP_setup)
                  7000227c    00000004     --HOLE-- [fill = 0]
                  70002280    00000146                                               : printf.obj (.text._ntoa_format)
                  700023c6    0000000a     --HOLE-- [fill = 0]
                  700023d0    00000144     drivers.am64x.r5f.ti-arm-clang.release.lib : uart_v0.obj (.text.UART_close)
                  70002514    0000000c     --HOLE-- [fill = 0]
                  70002520    0000012c                                                : soc.obj (.text.SOC_moduleSetClockFrequency)
                  7000264c    00000004     --HOLE-- [fill = 0]
                  70002650    00000124                                                : lpddr4_16bit.obj (.text.LPDDR4_CheckCtlInterrupt)
                  70002774    0000000c     --HOLE-- [fill = 0]
                  70002780    00000118                                                : bootloader_soc.obj (.text.Bootloader_socCpuPowerOnResetM4f)
                  70002898    00000008     --HOLE-- [fill = 0]
                  700028a0    00000118                                                : lpddr4_16bit.obj (.text.LPDDR4_AckCtlInterrupt)
                  700029b8    00000118     libclang_rt.builtins.a : udivmoddi4.S.obj (.text)
                  70002ad0    00000114     drivers.am64x.r5f.ti-arm-clang.release.lib : bootloader_soc.obj (.text.Bootloader_socCpuResetReleaseSelf)
                  70002be4    0000000c     --HOLE-- [fill = 0]
                  70002bf0    000000fc     nortos.am64x.r5f.ti-arm-clang.release.lib : ClockP_nortos_r5.obj (.text.ClockP_init)
                  70002cec    00000004     --HOLE-- [fill = 0]
                  70002cf0    000000e0     drivers.am64x.r5f.ti-arm-clang.release.lib : bootloader.obj (.text.Bootloader_verifyMulticoreImage)
                  70002dd0    000000d6                                                : bootloader.obj (.text.Bootloader_rprcImageLoad)
                  70002ea6    0000000a     --HOLE-- [fill = 0]
                  70002eb0    000000c8                                                : sciclient.obj (.text.Sciclient_getVersionCheck)
                  70002f78    00000008     --HOLE-- [fill = 0]
                  70002f80    000000c2                                                : bootloader.obj (.text.Bootloader_parseMultiCoreAppImage)
                  70003042    0000000e     --HOLE-- [fill = 0]
                  70003050    000000c0     main.obj (.text.main)
                  70003110    000000b6     drivers.am64x.r5f.ti-arm-clang.release.lib : uart_v0.obj (.text.UART_divisorLatchWrite)
                  700031c6    0000000a     --HOLE-- [fill = 0]
                  700031d0    000000b2                                                : uart_v0.obj (.text.UART_flushTxFifo)
                  70003282    0000000e     --HOLE-- [fill = 0]
                  70003290    000000a8                                                : bootloader.obj (.text.Bootloader_loadSelfCpu)
                  70003338    00000008     --HOLE-- [fill = 0]
                  70003340    000000a8                                                : pinmux.obj (.text.Pinmux_config)
                  700033e8    00000008     --HOLE-- [fill = 0]
                  700033f0    000000a4                                                : uart_v0.obj (.text.UART_procLineStatusErr)
                  70003494    0000000c     --HOLE-- [fill = 0]
                  700034a0    000000a2     nortos.am64x.r5f.ti-arm-clang.release.lib : printf.obj (.text._ntoa_long_long)
                  70003542    0000000e     --HOLE-- [fill = 0]
                  70003550    0000009e     drivers.am64x.r5f.ti-arm-clang.release.lib : sciclient_pm.obj (.text.Sciclient_pmQueryModuleClkFreq)
                  700035ee    00000002     --HOLE-- [fill = 0]
                  700035f0    00000098                                                : sciclient.obj (.text.Sciclient_init)
                  70003688    00000008     --HOLE-- [fill = 0]
                  70003690    00000094                                                : bootloader.obj (.text.Bootloader_getMsgLen)
                  70003724    0000000c     --HOLE-- [fill = 0]
                  70003730    00000094                                                : sciclient.obj (.text.Sciclient_sendMessage)
                  700037c4    0000000c     --HOLE-- [fill = 0]
                  700037d0    00000094     nortos.am64x.r5f.ti-arm-clang.release.lib : SemaphoreP_nortos.obj (.text.SemaphoreP_pend)
                  70003864    0000000c     --HOLE-- [fill = 0]
                  70003870    00000094     drivers.am64x.r5f.ti-arm-clang.release.lib : uart_v0.obj (.text.UART_init)
                  70003904    0000000c     --HOLE-- [fill = 0]
                  70003910    00000092     nortos.am64x.r5f.ti-arm-clang.release.lib : printf.obj (.text._ntoa_long)
                  700039a2    0000000e     --HOLE-- [fill = 0]
                  700039b0    0000008c     drivers.am64x.r5f.ti-arm-clang.release.lib : sciclient_pm.obj (.text.Sciclient_pmSetModuleClkFreq)
                  70003a3c    00000004     --HOLE-- [fill = 0]
                  70003a40    0000008a     nortos.am64x.r5f.ti-arm-clang.release.lib : printf.obj (.text._out_rev)
                  70003aca    00000006     --HOLE-- [fill = 0]
                  70003ad0    00000080     drivers.am64x.r5f.ti-arm-clang.release.lib : sciclient_procboot.obj (.text.Sciclient_procBootWaitProcessorState)
                  70003b50    0000007c                                                : bootloader_soc.obj (.text.Bootloader_socOpenFirewalls)
                  70003bcc    00000004     --HOLE-- [fill = 0]
                  70003bd0    0000007a                                                : bootloader_soc.obj (.text.Bootloader_socCpuSetClock)
                  70003c4a    00000006     --HOLE-- [fill = 0]
                  70003c50    0000007a                                                : sciclient_pm.obj (.text.Sciclient_pmGetModuleClkNumParent)
                  70003cca    00000006     --HOLE-- [fill = 0]
                  70003cd0    00000078                                                : bootloader_soc.obj (.text.Bootloader_socCpuSetEntryPoint)
                  70003d48    00000008     --HOLE-- [fill = 0]
                  70003d50    00000078                                                : bootloader_soc.obj (.text.Bootloader_socOpenFirewallRegion)
                  70003dc8    00000008     --HOLE-- [fill = 0]
                  70003dd0    00000072                                                : bootloader_soc.obj (.text.Bootloader_socCpuPowerOnResetA53)
                  70003e42    0000000e     --HOLE-- [fill = 0]
                  70003e50    00000070                                                : bootloader_soc.obj (.text.Bootloader_socMemInitCpu)
                  70003ec0    00000070                                                : soc.obj (.text.SOC_moduleClockEnable)
                  70003f30    0000006e                                                : lpddr4.obj (.text.LPDDR4_Start)
                  70003f9e    00000002     --HOLE-- [fill = 0]
                  70003fa0    0000006e                                                : sciclient_pm.obj (.text.Sciclient_pmGetModuleState)
                  7000400e    00000002     --HOLE-- [fill = 0]
                  70004010    0000006c     nortos.am64x.r5f.ti-arm-clang.release.lib : ClockP_nortos.obj (.text.ClockP_timerTickIsr)
                  7000407c    00000004     --HOLE-- [fill = 0]
                  70004080    0000006a     drivers.am64x.r5f.ti-arm-clang.release.lib : bootloader_soc.obj (.text.Bootloader_socCpuGetClock)
                  700040ea    00000006     --HOLE-- [fill = 0]
                  700040f0    0000006a                                                : uart_v0.obj (.text.UART_writeCancelNoCB)
                  7000415a    00000006     --HOLE-- [fill = 0]
                  70004160    00000068     nortos.am64x.r5f.ti-arm-clang.release.lib : AddrTranslateP.obj (.text.AddrTranslateP_getLocalAddr)
                  700041c8    00000008     --HOLE-- [fill = 0]
                  700041d0    00000066     drivers.am64x.r5f.ti-arm-clang.release.lib : bootloader_soc.obj (.text.Bootloader_socCpuRelease)
                  70004236    0000000a     --HOLE-- [fill = 0]
                  70004240    00000066                                                : sciclient_pm.obj (.text.Sciclient_pmGetModuleClkFreq)
                  700042a6    0000000a     --HOLE-- [fill = 0]
                  700042b0    00000066                                                : sciclient_pm.obj (.text.Sciclient_pmGetModuleClkParent)
                  70004316    0000000a     --HOLE-- [fill = 0]
                  70004320    00000064                                                : bootloader_soc.obj (.text.Bootloader_socCpuRequest)
                  70004384    0000000c     --HOLE-- [fill = 0]
                  70004390    00000064                                                : sciclient_pm.obj (.text.Sciclient_pmModuleGetClkStatus)
                  700043f4    0000000c     --HOLE-- [fill = 0]
                  70004400    00000060                                                : sciclient_pm.obj (.text.Sciclient_pmSetModuleClkParent)
                  70004460    00000060                                                : sciclient.obj (.text.Sciclient_waitForBootNotification)
                  700044c0    0000005e                                                : sciclient_pm.obj (.text.Sciclient_pmModuleClkRequest)
                  7000451e    00000002     --HOLE-- [fill = 0]
                  70004520    0000005c                                                : bootloader.obj (.text.Bootloader_runCpu)
                  7000457c    00000004     --HOLE-- [fill = 0]
                  70004580    0000005c     nortos.am64x.r5f.ti-arm-clang.release.lib : DebugP_log.obj (.text._DebugP_assert)
                  700045dc    0000005c     libc.a : autoinit.c.obj (.text:__TI_auto_init_nobinit_nopinit)
                  70004638    00000008     --HOLE-- [fill = 0]
                  70004640    00000058     drivers.am64x.r5f.ti-arm-clang.release.lib : lpddr4.obj (.text.LPDDR4_ReadReg)
                  70004698    00000008     --HOLE-- [fill = 0]
                  700046a0    00000058                                                : sciclient_procboot.obj (.text.Sciclient_procBootSetSequenceCtrl)
                  700046f8    00000008     --HOLE-- [fill = 0]
                  70004700    00000058                                                : uart_dma.obj (.text.UART_dmaDisableChannel)
                  70004758    00000008     --HOLE-- [fill = 0]
                  70004760    00000054     main.obj (.text.App_bootCpu)
                  700047b4    0000000c     --HOLE-- [fill = 0]
                  700047c0    00000054     main.obj (.text.App_bootLoadSelfCpu)
                  70004814    0000000c     --HOLE-- [fill = 0]
                  70004820    00000054     drivers.am64x.r5f.ti-arm-clang.release.lib : uart_dma.obj (.text.UART_dmaClose)
                  70004874    0000000c     --HOLE-- [fill = 0]
                  70004880    00000052                                                : sciclient_pm.obj (.text.Sciclient_pmSetModuleState)
                  700048d2    0000000e     --HOLE-- [fill = 0]
                  700048e0    00000050                                                : bootloader.obj (.text.Bootloader_findSeq)
                  70004930    00000050                                                : sciclient_procboot.obj (.text.Sciclient_procBootReleaseProcessor)
                  70004980    0000004e                                                : sciclient_soc_priv.obj (.text.Sciclient_getContext)
                  700049ce    00000002     --HOLE-- [fill = 0]
                  700049d0    0000004c                                                : bootloader_soc.obj (.text.Bootloader_socTranslateSectionAddr)
                  70004a1c    00000004     --HOLE-- [fill = 0]
                  70004a20    0000004c     nortos.am64x.r5f.ti-arm-clang.release.lib : ClockP_nortos.obj (.text.ClockP_addToList)
                  70004a6c    00000004     --HOLE-- [fill = 0]
                  70004a70    0000004c                                               : ClockP_nortos.obj (.text.ClockP_getTimeUsec)
                  70004abc    00000004     --HOLE-- [fill = 0]
                  70004ac0    0000004c     ti_drivers_open_close.obj (.text.Drivers_uartOpen)
                  70004b0c    00000004     --HOLE-- [fill = 0]
                  70004b10    0000004a     nortos.am64x.r5f.ti-arm-clang.release.lib : ClockP_nortos.obj (.text.ClockP_construct)
                  70004b5a    00000006     --HOLE-- [fill = 0]
                  70004b60    00000046     ti_dpl_config.obj (.text.Dpl_init)
                  70004ba6    0000000a     --HOLE-- [fill = 0]
                  70004bb0    00000046     drivers.am64x.r5f.ti-arm-clang.release.lib : sciclient_pm.obj (.text.Sciclient_pmSetModuleRst_flags)
                  70004bf6    0000000a     --HOLE-- [fill = 0]
                  70004c00    00000046                                                : sciclient_procboot.obj (.text.Sciclient_procBootGetProcessorState)
                  70004c46    0000000a     --HOLE-- [fill = 0]
                  70004c50    00000044     nortos.am64x.r5f.ti-arm-clang.release.lib : ClockP_nortos.obj (.text.ClockP_stop)
                  70004c94    0000000c     --HOLE-- [fill = 0]
                  70004ca0    00000044     drivers.am64x.r5f.ti-arm-clang.release.lib : lpddr4.obj (.text.LPDDR4_WritePhyIndepConfig)
                  70004ce4    0000000c     --HOLE-- [fill = 0]
                  70004cf0    00000044                                                : sciclient_pm.obj (.text.Sciclient_pmSetModuleRst)
                  70004d34    0000000c     --HOLE-- [fill = 0]
                  70004d40    00000044                                                : sciclient_procboot.obj (.text.Sciclient_procBootRequestProcessor)
                  70004d84    0000000c     --HOLE-- [fill = 0]
                  70004d90    00000042                                                : ddr_soc.obj (.text.DDR_socEnableVttRegulator)
                  70004dd2    0000000e     --HOLE-- [fill = 0]
                  70004de0    00000042                                                : lpddr4.obj (.text.LPDDR4_WritePhyConfig)
                  70004e22    0000000e     --HOLE-- [fill = 0]
                  70004e30    00000042                                                : sciclient_procboot.obj (.text.Sciclient_procBootAuthAndStart)
                  70004e72    0000000e     --HOLE-- [fill = 0]
                  70004e80    00000040                                                : bootloader.obj (.text.Bootloader_loadCpu)
                  70004ec0    00000040                                                : sciclient_firewall.obj (.text.Sciclient_firewallChangeOwnerInfo)
                  70004f00    00000040                                                : sciclient_firewall.obj (.text.Sciclient_firewallSetRegion)
                  70004f40    00000040     nortos.am64x.r5f.ti-arm-clang.release.lib : SemaphoreP_nortos.obj (.text.SemaphoreP_constructBinary)
                  70004f80    0000003e     drivers.am64x.r5f.ti-arm-clang.release.lib : bootloader.obj (.text.Bootloader_open)
                  70004fbe    00000002     --HOLE-- [fill = 0]
                  70004fc0    0000003e                                                : lpddr4.obj (.text.LPDDR4_WriteCtlConfig)
                  70004ffe    00000002     --HOLE-- [fill = 0]
                  70005000    0000003e                                                : soc.obj (.text.SOC_controlModuleUnlockMMR)
                  7000503e    00000002     --HOLE-- [fill = 0]
                  70005040    0000003e                                                : sciclient_procboot.obj (.text.Sciclient_procBootSetProcessorCfg)
                  7000507e    00000002     --HOLE-- [fill = 0]
                  70005080    0000003c     nortos.am64x.r5f.ti-arm-clang.release.lib : SemaphoreP_nortos.obj (.text.SemaphoreP_constructMutex)
                  700050bc    00000004     --HOLE-- [fill = 0]
                  700050c0    0000003a                                               : ClockP_nortos.obj (.text.ClockP_destruct)
                  700050fa    00000006     --HOLE-- [fill = 0]
                  70005100    0000003a                                               : DebugP_uartLogWriter.obj (.text.DebugP_uartLogWriterPutChar)
                  7000513a    00000006     --HOLE-- [fill = 0]
                  70005140    0000003a     drivers.am64x.r5f.ti-arm-clang.release.lib : uart_dma.obj (.text.UART_dmaOpen)
                  7000517a    00000006     --HOLE-- [fill = 0]
                  70005180    00000038                                                : bootloader.obj (.text.Bootloader_getX509CertLen)
                  700051b8    00000008     --HOLE-- [fill = 0]
                  700051c0    00000038     ti_power_clock_config.obj (.text.Module_clockSetFrequency)
                  700051f8    00000008     --HOLE-- [fill = 0]
                  70005200    00000038     drivers.am64x.r5f.ti-arm-clang.release.lib : sciclient.obj (.text.Sciclient_getCurrentContext)
                  70005238    00000008     --HOLE-- [fill = 0]
                  70005240    00000038     nortos.am64x.r5f.ti-arm-clang.release.lib : DebugP_nortos.obj (.text._DebugP_logZone)
                  70005278    00000008     --HOLE-- [fill = 0]
                  70005280    00000034                                               : ClockP_nortos.obj (.text.ClockP_start)
                  700052b4    0000000c     --HOLE-- [fill = 0]
                  700052c0    00000034     drivers.am64x.r5f.ti-arm-clang.release.lib : lpddr4_16bit.obj (.text.LPDDR4_EnablePIInitiator)
                  700052f4    0000000c     --HOLE-- [fill = 0]
                  70005300    00000034                                                : lpddr4.obj (.text.LPDDR4_PollCtlIrq)
                  70005334    0000000c     --HOLE-- [fill = 0]
                  70005340    00000032                                                : bootloader.obj (.text.Bootloader_BootImageInfo_init)
                  70005372    0000000e     --HOLE-- [fill = 0]
                  70005380    00000032     nortos.am64x.r5f.ti-arm-clang.release.lib : ClockP_nortos.obj (.text.ClockP_usleep)
                  700053b2    0000000e     --HOLE-- [fill = 0]
                  700053c0    00000032                                               : SemaphoreP_nortos.obj (.text.SemaphoreP_post)
                  700053f2    0000000e     --HOLE-- [fill = 0]
                  70005400    00000032     ti_drivers_config.obj (.text.System_init)
                  70005432    0000000e     --HOLE-- [fill = 0]
                  70005440    00000030     ti_power_clock_config.obj (.text.Module_clockDisable)
                  70005470    00000030     ti_power_clock_config.obj (.text.Module_clockEnable)
                  700054a0    0000002e     drivers.am64x.r5f.ti-arm-clang.release.lib : ddr.obj (.text.DDR_setFreq)
                  700054ce    00000002     --HOLE-- [fill = 0]
                  700054d0    0000002e                                                : uart_v0.obj (.text.UART_getHandle)
                  700054fe    00000002     --HOLE-- [fill = 0]
                  70005500    0000002a                                                : bootloader_soc.obj (.text.Bootloader_socIsAuthRequired)
                  7000552a    00000006     --HOLE-- [fill = 0]
                  70005530    0000002a                                                : bootloader_mem.obj (.text.Mem_imgRead)
                  7000555a    00000006     --HOLE-- [fill = 0]
                  70005560    0000002a                                                : soc.obj (.text.SOC_controlModuleLockMMR)
                  7000558a    00000006     --HOLE-- [fill = 0]
                  70005590    00000028                                                : bootloader_soc.obj (.text.Bootloader_socCpuPowerOnReset)
                  700055b8    00000008     --HOLE-- [fill = 0]
                  700055c0    00000028     nortos.am64x.r5f.ti-arm-clang.release.lib : ClockP_nortos.obj (.text.ClockP_sleepTicks)
                  700055e8    00000024     libclang_rt.builtins.a : aeabi_uldivmod.S.obj (.text)
                  7000560c    00000004     --HOLE-- [fill = 0]
                  70005610    00000022     ti_pinmux_config.obj (.text.Pinmux_init)
                  70005632    0000000e     --HOLE-- [fill = 0]
                  70005640    00000020     drivers.am64x.r5f.ti-arm-clang.release.lib : bootloader_soc.obj (.text.Bootloader_socGetCoreName)
                  70005660    00000020                                                : bootloader_soc.obj (.text.Bootloader_socRprcToCslCoreId)
                  70005680    00000020     nortos.am64x.r5f.ti-arm-clang.release.lib : DebugP_log.obj (.text.DebugP_logZoneEnable)
                  700056a0    00000020     ti_drivers_config.obj (.text.System_deinit)
                  700056c0    00000020     nortos.am64x.r5f.ti-arm-clang.release.lib : printf.obj (.text.vprintf_)
                  700056e0    0000001e                                               : TimerP.obj (.text.TimerP_Params_init)
                  700056fe    00000002     --HOLE-- [fill = 0]
                  70005700    0000001c     drivers.am64x.r5f.ti-arm-clang.release.lib : bootloader_soc.obj (.text.Bootloader_socCpuGetClkDefault)
                  7000571c    00000004     --HOLE-- [fill = 0]
                  70005720    0000001c     nortos.am64x.r5f.ti-arm-clang.release.lib : boot_armv7r.obj (.text._system_pre_init)
                  7000573c    0000001c     libsysbm.a : memcpy32.S.obj (.text:TI_memcpy_small)
                  70005758    0000001c     libclang_rt.builtins.a : aeabi_memset.S.obj (.text)
                  70005774    0000000c     --HOLE-- [fill = 0]
                  70005780    0000001a     drivers.am64x.r5f.ti-arm-clang.release.lib : bootloader_mem.obj (.text.Mem_imgOpen)
                  7000579a    00000006     --HOLE-- [fill = 0]
                  700057a0    0000001a                                                : uart_v0.obj (.text.UART_deinit)
                  700057ba    00000006     --HOLE-- [fill = 0]
                  700057c0    0000001a                                                : uart_dma.obj (.text.UART_writeInterruptDma)
                  700057da    00000006     --HOLE-- [fill = 0]
                  700057e0    00000018                                                : bootloader_soc.obj (.text.Bootloader_socAuthImage)
                  700057f8    00000008     --HOLE-- [fill = 0]
                  70005800    00000018     ti_drivers_open_close.obj (.text.Drivers_close)
                  70005818    00000008     --HOLE-- [fill = 0]
                  70005820    00000018     drivers.am64x.r5f.ti-arm-clang.release.lib : lpddr4.obj (.text.LPDDR4_Init)
                  70005838    00000008     --HOLE-- [fill = 0]
                  70005840    00000018                                                : sciclient_soc_priv.obj (.text.Sciclient_getDevId)
                  70005858    00000018     libsysbm.a : memset32.S.obj (.text:TI_memset_small)
                  70005870    00000016     drivers.am64x.r5f.ti-arm-clang.release.lib : bootloader.obj (.text.Bootloader_bootCpu)
                  70005886    0000000a     --HOLE-- [fill = 0]
                  70005890    00000010                                                : bootloader.obj (.text.Bootloader_close)
                  700058a0    00000010                                                : lpddr4.obj (.text.LPDDR4_Probe)
                  700058b0    00000010     nortos.am64x.r5f.ti-arm-clang.release.lib : TimerP.obj (.text.TimerP_clearOverflowInt)
                  700058c0    0000000e     ti_power_clock_config.obj (.text.PowerClock_init)
                  700058ce    00000002     --HOLE-- [fill = 0]
                  700058d0    0000000c     drivers.am64x.r5f.ti-arm-clang.release.lib : bootloader.obj (.text.Bootloader_Params_init)
                  700058dc    00000004     --HOLE-- [fill = 0]
                  700058e0    0000000c     nortos.am64x.r5f.ti-arm-clang.release.lib : ClockP_nortos.obj (.text.ClockP_getTicks)
                  700058ec    00000004     --HOLE-- [fill = 0]
                  700058f0    0000000c                                               : DebugP_uartLogWriter.obj (.text.DebugP_uartSetDrvIndex)
                  700058fc    00000004     --HOLE-- [fill = 0]
                  70005900    0000000a     drivers.am64x.r5f.ti-arm-clang.release.lib : bootloader_soc.obj (.text.Bootloader_socGetSBLMem)
                  7000590a    00000006     --HOLE-- [fill = 0]
                  70005910    0000000a                                                : csl_sec_proxy.obj (.text.CSL_secProxyGetDataAddr)
                  7000591a    00000006     --HOLE-- [fill = 0]
                  70005920    0000000a     nortos.am64x.r5f.ti-arm-clang.release.lib : ClockP_nortos.obj (.text.ClockP_Params_init)
                  7000592a    00000006     --HOLE-- [fill = 0]
                  70005930    0000000a                                               : ClockP_nortos.obj (.text.ClockP_isActive)
                  7000593a    00000006     --HOLE-- [fill = 0]
                  70005940    0000000a                                               : TimerP.obj (.text.TimerP_start)
                  7000594a    00000006     --HOLE-- [fill = 0]
                  70005950    0000000a                                               : printf.obj (.text._out_char)
                  7000595a    00000006     --HOLE-- [fill = 0]
                  70005960    00000004     ti_board_open_close.obj (.text.Board_driversOpen)
                  70005964    0000000c     --HOLE-- [fill = 0]
                  70005970    00000004     drivers.am64x.r5f.ti-arm-clang.release.lib : bootloader_soc.obj (.text.Bootloader_socWaitForFWBoot)
                  70005974    0000000c     --HOLE-- [fill = 0]
                  70005980    00000004                                                : lpddr4.obj (.text.CPS_UncachedRead32)
                  70005984    0000000c     --HOLE-- [fill = 0]
                  70005990    00000004                                                : lpddr4.obj (.text.CPS_UncachedWrite32)
                  70005994    0000000c     --HOLE-- [fill = 0]
                  700059a0    00000004     nortos.am64x.r5f.ti-arm-clang.release.lib : ClockP_nortos_r5.obj (.text.ClockP_getTimerCount)
                  700059a4    0000000c     --HOLE-- [fill = 0]
                  700059b0    00000004                                               : ClockP_nortos_r5.obj (.text.ClockP_timerClearOverflowInt)
                  700059b4    0000000c     --HOLE-- [fill = 0]
                  700059c0    00000004     ti_drivers_open_close.obj (.text.Drivers_open)
                  700059c4    0000000c     --HOLE-- [fill = 0]
                  700059d0    00000004     drivers.am64x.r5f.ti-arm-clang.release.lib : bootloader_mem.obj (.text.Mem_imgGetCurOffset)
                  700059d4    0000000c     --HOLE-- [fill = 0]
                  700059e0    00000004                                                : bootloader_mem.obj (.text.Mem_imgSeek)
                  700059e4    0000000c     --HOLE-- [fill = 0]
                  700059f0    00000004     ti_power_clock_config.obj (.text.PowerClock_deinit)
                  700059f4    0000000c     --HOLE-- [fill = 0]
                  70005a00    00000004     drivers.am64x.r5f.ti-arm-clang.release.lib : sciclient.obj (.text.Sciclient_deinit)
                  70005a04    0000000c     --HOLE-- [fill = 0]
                  70005a10    00000004     nortos.am64x.r5f.ti-arm-clang.release.lib : TimerP.obj (.text.TimerP_getCount)
                  70005a14    0000000c     --HOLE-- [fill = 0]
                  70005a20    00000004                                               : TimerP.obj (.text.TimerP_getReloadCount)
                  70005a24    0000000c     --HOLE-- [fill = 0]
                  70005a30    00000004     libclang_rt.builtins.a : aeabi_div0.c.obj (.text.__aeabi_ldiv0)
                  70005a34    0000000c     --HOLE-- [fill = 0]
                  70005a40    00000004     ti_dpl_config.obj (.text.putchar_)
                  70005a44    0000000c     --HOLE-- [fill = 0]
                  70005a50    00000002     ti_dpl_config.obj (.text.Dpl_deinit)
                  70005a52    0000000e     --HOLE-- [fill = 0]
                  70005a60    00000002     drivers.am64x.r5f.ti-arm-clang.release.lib : bootloader_mem.obj (.text.Mem_imgClose)
                  70005a62    0000000e     --HOLE-- [fill = 0]
                  70005a70    00000002     nortos.am64x.r5f.ti-arm-clang.release.lib : SemaphoreP_nortos.obj (.text.SemaphoreP_destruct)
                  70005a72    0000000e     --HOLE-- [fill = 0]
                  70005a80    00000002                                               : TaskP_nortos.obj (.text.TaskP_yield)
                  70005a82    0000000e     --HOLE-- [fill = 0]
                  70005a90    00000002                                               : printf.obj (.text._out_null)
                  70005a92    0000000e     --HOLE-- [fill = 0]

.text.hwi 
*          0    70005aa0    00000770     
                  70005aa0    00000442     nortos.am64x.r5f.ti-arm-clang.release.lib : HwiP_armv7r_vim.obj (.text.hwi)
                  70005ee2    00000002     --HOLE-- [fill = 0]
                  70005ee4    00000008                                               : HwiP_armv7r_asm.obj (.tramp.HwiP_enableFIQ.1)
                  70005eec    00000004     --HOLE-- [fill = 0]
                  70005ef0    0000022e                                               : HwiP_armv7r_handlers_nortos.obj (.text.hwi)
                  7000611e    00000002     --HOLE-- [fill = 0]
                  70006120    00000078                                               : HwiP_armv7r_handlers_nortos_asm.obj (.text.hwi)
                  70006198    00000070                                               : HwiP_armv7r_asm.obj (.text.hwi)
                  70006208    00000008     --HOLE-- [fill = 0]

.text.cache 
*          0    70006210    00000460     
                  70006210    00000340     nortos.am64x.r5f.ti-arm-clang.release.lib : CacheP_armv7r_asm.obj (.text.cache)
                  70006550    00000106                                               : CacheP_armv7r.obj (.text.cache)
                  70006656    00000002     --HOLE-- [fill = 0]
                  70006658    00000008                                               : CacheP_armv7r_asm.obj (.tramp.CacheP_invL1d.1)
                  70006660    00000008                                               : HwiP_armv7r_asm.obj (.tramp.HwiP_restore.2)
                  70006668    00000008                                               : CacheP_armv7r_asm.obj (.tramp.CacheP_enableL1p.1)

.text.mpu 
*          0    70006670    00000240     
                  70006670    000001b4     nortos.am64x.r5f.ti-arm-clang.release.lib : MpuP_armv7r.obj (.text.mpu)
                  70006824    00000078                                               : MpuP_armv7r_asm.obj (.text.mpu)
                  7000689c    00000008                                               : MpuP_armv7r_asm.obj (.tramp.MpuP_isEnableAsm.1)
                  700068a4    00000008                                               : HwiP_armv7r_asm.obj (.tramp.HwiP_restore.3)
                  700068ac    00000004     --HOLE-- [fill = 0]

.text.boot 
*          0    700068b0    00000130     
                  700068b0    000000fc     nortos.am64x.r5f.ti-arm-clang.release.lib : boot_armv7r_asm.obj (.text.boot)
                  700069ac    00000004     --HOLE-- [fill = 0]
                  700069b0    0000001e                                               : DebugP_log.obj (.text.boot)
                  700069ce    00000002     --HOLE-- [fill = 0]
                  700069d0    0000000e     ti_dpl_config.obj (.text.boot)
                  700069de    00000002     --HOLE-- [fill = 0]

.data      0    700069e0    00002270     
                  700069e0    000007ec     ti_drivers_config.obj (.data.DDRSS_phyReg)
                  700071cc    0000069c     ti_drivers_config.obj (.data.DDRSS_ctlReg)
                  70007868    00000564     ti_drivers_config.obj (.data.DDRSS_phyIndepReg)
                  70007dcc    000003f6     ti_drivers_config.obj (.data.DDRSS_phyRegNum)
                  700081c2    0000034e     ti_drivers_config.obj (.data.DDRSS_ctlRegNum)
                  70008510    000002b2     ti_drivers_config.obj (.data.DDRSS_phyIndepRegNum)
                  700087c2    00000001     drivers.am64x.r5f.ti-arm-clang.release.lib : sciclient.obj (.data.gSecHeaderSizeWords)
                  700087c3    00000001     --HOLE-- [fill = 0]
                  700087c4    000000c4                                                : bootloader_soc.obj (.data.gAddrTranslateInfo)
                  70008888    000000a8                                                : bootloader_soc.obj (.data.gCoreBootInfo)
                  70008930    0000009c                                                : uart_v0.obj (.data.gUartDrvObj)
                  700089cc    00000078     ti_drivers_config.obj (.data.gBootloaderConfig)
                  70008a44    00000054     ti_drivers_open_close.obj (.data.gUartParams)
                  70008a98    00000050     ti_dpl_config.obj (.data.gMpuRegionConfig)
                  70008ae8    00000030     ti_drivers_config.obj (.data.gDdrParams)
                  70008b18    00000020     drivers.am64x.r5f.ti-arm-clang.release.lib : sciclient_soc_priv.obj (.data.gSciclientSecProxyCfg)
                  70008b38    00000018     ti_pinmux_config.obj (.data.gPinMuxMainDomainCfg)
                  70008b50    00000018     ti_power_clock_config.obj (.data.gSocModulesClockFrequency)
                  70008b68    00000014     drivers.am64x.r5f.ti-arm-clang.release.lib : bootloader_mem.obj (.data.gBootloaderMemFxns)
                  70008b7c    00000014     ti_dpl_config.obj (.data.gClockConfig)
                  70008b90    00000014     drivers.am64x.r5f.ti-arm-clang.release.lib : bootloader_soc.obj (.data.gResMemSection)
                  70008ba4    00000010     ti_power_clock_config.obj (.data.gSocModules)
                  70008bb4    00000004     ti_drivers_config.obj (.data.gBootloaderConfigNum)
                  70008bb8    0000000c     nortos.am64x.r5f.ti-arm-clang.release.lib : AddrTranslateP.obj (.data.gAddrTranslateConfig)
                  70008bc4    0000000c     ti_dpl_config.obj (.data.gMpuConfig)
                  70008bd0    00000008     ti_drivers_config.obj (.data.gBootloader0Args)
                  70008bd8    00000008     ti_drivers_config.obj (.data.gBootloader1Args)
                  70008be0    00000008     ti_drivers_config.obj (.data.gBootloader2Args)
                  70008be8    00000008     ti_drivers_config.obj (.data.gBootloader3Args)
                  70008bf0    00000008     ti_drivers_config.obj (.data.gBootloader4Args)
                  70008bf8    00000008     ti_drivers_config.obj (.data.gBootloader5Args)
                  70008c00    00000008     ti_dpl_config.obj (.data.gCacheConfig)
                  70008c08    00000008     ti_pinmux_config.obj (.data.gPinMuxMcuDomainCfg)
                  70008c10    00000008     ti_drivers_config.obj (.data.gUartAttrs)
                  70008c18    00000008     ti_drivers_config.obj (.data.gUartConfig)
                  70008c20    00000004     nortos.am64x.r5f.ti-arm-clang.release.lib : CacheP_armv7r.obj (.data.gCacheL1dCacheLineSize)
                  70008c24    00000004                                               : CacheP_armv7r.obj (.data.gCacheL1pCacheLineSize)
                  70008c28    00000004                                               : DebugP_log.obj (.data.gDebugLogZone)
                  70008c2c    00000004                                               : DebugP_uartLogWriter.obj (.data.gDebugP_uartDrvIndex)
                  70008c30    00000004     ti_dpl_config.obj (.data.gHwiConfig)
                  70008c34    00000004     drivers.am64x.r5f.ti-arm-clang.release.lib : sciclient.obj (.data.gSciclientHandle.0)
                  70008c38    00000004                                                : sciclient.obj (.data.gSciclientHandle.2)
                  70008c3c    00000004                                                : sciclient.obj (.data.gSciclientHandle.3)
                  70008c40    00000004                                                : sciclient.obj (.data.gSciclientHandle.4)
                  70008c44    00000004                                                : sciclient.obj (.data.gSciclientHandle.5)
                  70008c48    00000004     ti_drivers_config.obj (.data.gUartConfigNum)
                  70008c4c    00000004     ti_drivers_config.obj (.data.gUartDmaConfigNum)

.rodata    0    70008c50    00000ff0     
                  70008c50    0000043b     drivers.am64x.r5f.ti-arm-clang.release.lib : bootloader_soc.obj (.rodata.str1.1)
                  7000908b    000001a2                                                : ddr.obj (.rodata.str1.1)
                  7000922d    00000136                                                : bootloader.obj (.rodata.str1.1)
                  70009363    00000135                                                : uart_v0.obj (.rodata.str1.1)
                  70009498    00000132                                                : lpddr4_16bit.obj (.rodata.CtlIntMap)
                  700095ca    00000002     --HOLE-- [fill = 0]
                  700095cc    0000012c                                                : sciclient_fmwSecureProxyMap.obj (.rodata.gSciclientMap)
                  700096f8    00000103     nortos.am64x.r5f.ti-arm-clang.release.lib : TimerP.obj (.rodata.str1.1)
                  700097fb    000000ac                                               : ClockP_nortos_r5.obj (.rodata.str1.1)
                  700098a7    000000a9     drivers.am64x.r5f.ti-arm-clang.release.lib : sciclient.obj (.rodata.str1.1)
                  70009950    00000077     main.obj (.rodata.str1.1)
                  700099c7    0000006b     nortos.am64x.r5f.ti-arm-clang.release.lib : SemaphoreP_nortos.obj (.rodata.str1.1)
                  70009a32    0000005a                                               : ClockP_nortos.obj (.rodata.str1.1)
                  70009a8c    00000004     --HOLE-- [fill = 0]
                  70009a90    00000050                                               : printf.obj (.rodata._ftoa.pow10)
                  70009ae0    0000004b     drivers.am64x.r5f.ti-arm-clang.release.lib : uart_dma.obj (.rodata.str1.1)
                  70009b2b    00000001     --HOLE-- [fill = 0]
                  70009b2c    00000048                                                : bootloader_soc.obj (.rodata.gSOC_r5fVectors)
                  70009b74    00000046     ti_drivers_open_close.obj (.rodata.str1.1)
                  70009bba    0000002d     nortos.am64x.r5f.ti-arm-clang.release.lib : DebugP_log.obj (.rodata.str1.1)
                  70009be7    00000001     --HOLE-- [fill = 0]
                  70009be8    0000001c     drivers.am64x.r5f.ti-arm-clang.release.lib : bootloader_soc.obj (.rodata..L__const.Bootloader_socRprcToCslCoreId.rprcCoreIds)
                  70009c04    00000018                                                : sciclient_soc_priv.obj (.rodata..Lswitch.table.Sciclient_getDevId)
                  70009c1c    00000012     nortos.am64x.r5f.ti-arm-clang.release.lib : printf.obj (.rodata.str1.1)
                  70009c2e    0000000b     drivers.am64x.r5f.ti-arm-clang.release.lib : bootloader.obj (.rodata..L__const.Bootloader_getMsgLen.boot_seq_oid)
                  70009c39    00000006                                                : bootloader_soc.obj (.rodata..L__const.Bootloader_socOpenFirewalls.fwlIds)
                  70009c3f    00000001     --HOLE-- [fill = 0]

.bss       0    70054000    000012f0     UNINITIALIZED
                  70054000    00001008     (.common:gHwiCtrl)
                  70055008    00000280     ti_drivers_config.obj (.bss.gUartObjects)
                  70055288    00000038     (.common:gClockCtrl)
                  700552c0    00000014     drivers.am64x.r5f.ti-arm-clang.release.lib : ddr.obj (.bss.gLpddrPd)
                  700552d4    00000010                                                : ddr.obj (.bss.gLpddrCfg)
                  700552e4    00000004     nortos.am64x.r5f.ti-arm-clang.release.lib : HwiP_armv7r_vim.obj (.bss.gdummy)
                  700552e8    00000004     (.common:gUartHandle)
                  700552ec    00000004     --HOLE--

.stack     0    70050000    00004000     UNINITIALIZED
                  70050000    00000004     nortos.am64x.r5f.ti-arm-clang.release.lib : boot_armv7r_asm.obj (.stack)
                  70050004    00003ffc     --HOLE--

.irqstack 
*          0    700552f0    00001000     UNINITIALIZED
                  700552f0    00001000     --HOLE--

.fiqstack 
*          0    700562f0    00000100     UNINITIALIZED
                  700562f0    00000100     --HOLE--

.svcstack 
*          0    700563f0    00000100     UNINITIALIZED
                  700563f0    00000100     --HOLE--

.abortstack 
*          0    700564f0    00000100     UNINITIALIZED
                  700564f0    00000100     --HOLE--

.undefinedstack 
*          0    700565f0    00000100     UNINITIALIZED
                  700565f0    00000100     --HOLE--

__llvm_prf_cnts 
*          0    70050000    00000000     UNINITIALIZED

MODULE SUMMARY

       Module                                   code    ro data   rw data
       ------                                   ----    -------   -------
    obj/release/
       ti_drivers_config.obj                    82      0         8534   
       main.obj                                 360     119       0      
       ti_drivers_open_close.obj                104     70        88     
       ti_dpl_config.obj                        90      0         124    
       ti_power_clock_config.obj                170     0         40     
       ti_pinmux_config.obj                     34      0         32     
       ti_board_open_close.obj                  4       0         0      
    +--+----------------------------------------+-------+---------+---------+
       Total:                                   844     189       8818   
                                                                         
    /home/gtbldadm/nightlybuilds/repo_manifests/scripts/jenkins/mcu_plus_sdk_am64x_08_03_00_18/source/drivers/lib/drivers.am64x.r5f.ti-arm-clang.release.lib
       bootloader_soc.obj                       2906    1189      384    
       uart_v0.obj                              3638    309       156    
       sciclient.obj                            1542    169       21     
       bootloader.obj                           1402    321       0      
       sciclient_pm.obj                         1244    0         0      
       ddr.obj                                  744     418       36     
       lpddr4_16bit.obj                         624     306       0      
       sciclient_procboot.obj                   562     0         0      
       soc.obj                                  516     0         0      
       lpddr4.obj                               494     0         0      
       uart_dma.obj                             256     75        0      
       sciclient_fmwSecureProxyMap.obj          0       300       0      
       pinmux.obj                               168     0         0      
       sciclient_soc_priv.obj                   102     24        32     
       sciclient_firewall.obj                   128     0         0      
       bootloader_mem.obj                       78      0         20     
       ddr_soc.obj                              66      0         0      
       csl_sec_proxy.obj                        10      0         0      
    +--+----------------------------------------+-------+---------+---------+
       Total:                                   14480   3111      649    
                                                                         
    /home/gtbldadm/nightlybuilds/repo_manifests/scripts/jenkins/mcu_plus_sdk_am64x_08_03_00_18/source/kernel/nortos/lib/nortos.am64x.r5f.ti-arm-clang.release.lib
       HwiP_armv7r_vim.obj                      1090    0         4108   
       printf.obj                               3782    98        0      
       CacheP_armv7r_asm.obj                    848     0         0      
       TimerP.obj                               524     259       0      
       ClockP_nortos.obj                        634     90        56     
       HwiP_armv7r_handlers_nortos.obj          558     0         0      
       MpuP_armv7r.obj                          436     0         0      
       ClockP_nortos_r5.obj                     260     172       0      
       SemaphoreP_nortos.obj                    324     107       0      
       CacheP_armv7r.obj                        262     0         8      
       boot_armv7r_asm.obj                      252     0         0      
       DebugP_log.obj                           154     45        4      
       HwiP_armv7r_asm.obj                      152     0         0      
       MpuP_armv7r_asm.obj                      128     0         0      
       HwiP_armv7r_handlers_nortos_asm.obj      120     0         0      
       AddrTranslateP.obj                       104     0         12     
       DebugP_uartLogWriter.obj                 70      0         4      
       HwiP_armv7r_vectors_nortos_sbl_asm.obj   64      0         0      
       DebugP_nortos.obj                        56      0         0      
       boot_armv7r.obj                          28      0         0      
       TaskP_nortos.obj                         2       0         0      
    +--+----------------------------------------+-------+---------+---------+
       Total:                                   9848    771       4192   
                                                                         
    /home/gtbldadm/ti/ccs1120/ccs/tools/compiler/ti-cgt-armllvm_1.3.1.LTS/lib/armv7r-ti-none-eabihf/c/libc.a
       autoinit.c.obj                           92      0         0      
       exit.c.obj                               8       0         0      
    +--+----------------------------------------+-------+---------+---------+
       Total:                                   100     0         0      
                                                                         
    /home/gtbldadm/ti/ccs1120/ccs/tools/compiler/ti-cgt-armllvm_1.3.1.LTS/lib/armv7r-ti-none-eabihf/c/libsysbm.a
       memcpy32.S.obj                           28      0         0      
       memset32.S.obj                           24      0         0      
    +--+----------------------------------------+-------+---------+---------+
       Total:                                   52      0         0      
                                                                         
    /home/gtbldadm/ti/ccs1120/ccs/tools/compiler/ti-cgt-armllvm_1.3.1.LTS/lib/clang/12.0.1/lib/armv7r-ti-none-eabihf/libclang_rt.builtins.a
       udivmoddi4.S.obj                         280     0         0      
       aeabi_uldivmod.S.obj                     36      0         0      
       aeabi_memset.S.obj                       28      0         0      
       aeabi_div0.c.obj                         4       0         0      
       aeabi_memcpy.S.obj                       4       0         0      
    +--+----------------------------------------+-------+---------+---------+
       Total:                                   352     0         0      
                                                                         
       Stack:                                   0       0         16384  
    +--+----------------------------------------+-------+---------+---------+
       Grand Total:                             25676   4071      30043  

VENEERS

callee name               veneer name
   callee addr  veneer addr  call addr  call info
--------------  -----------  ---------  ----------------
HwiP_restore              $Ven$TA$L$PI$$HwiP_restore
   700061d8     700013f8     70004c90   nortos.am64x.r5f.ti-arm-clang.release.lib : ClockP_nortos.obj (.text.ClockP_stop)
                             700050f6                                             : ClockP_nortos.obj (.text.ClockP_destruct)
                             700052b0                                             : ClockP_nortos.obj (.text.ClockP_start)
                             700053ee                                             : SemaphoreP_nortos.obj (.text.SemaphoreP_post)
HwiP_enable               $Ven$TA$L$PI$$HwiP_enable
   700061b8     700018e8     70004ba2   ti_dpl_config.obj (.text.Dpl_init)
HwiP_enableFIQ            $Ven$TA$L$PI$$HwiP_enableFIQ
   700061c8     70005ee4     70005ec8   nortos.am64x.r5f.ti-arm-clang.release.lib : HwiP_armv7r_vim.obj (.text.hwi)
CacheP_invL1d             $Ven$TA$L$PI$$CacheP_invL1d
   70006280     70006658     70006652   nortos.am64x.r5f.ti-arm-clang.release.lib : CacheP_armv7r.obj (.text.cache)
HwiP_restore              $Ven$TA$L$PI$$HwiP_restore
   700061d8     70006660     70006606   nortos.am64x.r5f.ti-arm-clang.release.lib : CacheP_armv7r.obj (.text.cache)
CacheP_enableL1p          $Ven$TA$L$PI$$CacheP_enableL1p
   70006268     70006668     700065c0   nortos.am64x.r5f.ti-arm-clang.release.lib : CacheP_armv7r.obj (.text.cache)
                             7000662c                                             : CacheP_armv7r.obj (.text.cache)
MpuP_isEnableAsm          $Ven$TA$L$PI$$MpuP_isEnableAsm
   70006874     7000689c     700067b0   nortos.am64x.r5f.ti-arm-clang.release.lib : MpuP_armv7r.obj (.text.mpu)
HwiP_restore              $Ven$TA$L$PI$$HwiP_restore
   700061d8     700068a4     7000676a   nortos.am64x.r5f.ti-arm-clang.release.lib : MpuP_armv7r.obj (.text.mpu)
                             7000679c                                             : MpuP_armv7r.obj (.text.mpu)

[8 trampolines]
[13 trampoline calls]


GLOBAL SYMBOLS: SORTED ALPHABETICALLY BY Name 

address   name                                
-------   ----                                
70004161  AddrTranslateP_getLocalAddr         
70004761  App_bootCpu                         
700047c1  App_bootLoadSelfCpu                 
70005961  Board_driversOpen                   
70005341  Bootloader_BootImageInfo_init       
700058d1  Bootloader_Params_init              
70005871  Bootloader_bootCpu                  
70005891  Bootloader_close                    
700048e1  Bootloader_findSeq                  
70003691  Bootloader_getMsgLen                
70005181  Bootloader_getX509CertLen           
70004e81  Bootloader_loadCpu                  
70003291  Bootloader_loadSelfCpu              
70004f81  Bootloader_open                     
70002f81  Bootloader_parseMultiCoreAppImage   
70002dd1  Bootloader_rprcImageLoad            
70004521  Bootloader_runCpu                   
700057e1  Bootloader_socAuthImage             
70005701  Bootloader_socCpuGetClkDefault      
70004081  Bootloader_socCpuGetClock           
70005591  Bootloader_socCpuPowerOnReset       
70003dd1  Bootloader_socCpuPowerOnResetA53    
70002781  Bootloader_socCpuPowerOnResetM4f    
70001b11  Bootloader_socCpuPowerOnResetR5f    
700041d1  Bootloader_socCpuRelease            
70004321  Bootloader_socCpuRequest            
700016c1  Bootloader_socCpuResetRelease       
70002ad1  Bootloader_socCpuResetReleaseSelf   
70003bd1  Bootloader_socCpuSetClock           
70003cd1  Bootloader_socCpuSetEntryPoint      
70005641  Bootloader_socGetCoreName           
70005901  Bootloader_socGetSBLMem             
70005501  Bootloader_socIsAuthRequired        
70003e51  Bootloader_socMemInitCpu            
70003b51  Bootloader_socOpenFirewalls         
70005661  Bootloader_socRprcToCslCoreId       
700049d1  Bootloader_socTranslateSectionAddr  
70005971  Bootloader_socWaitForFWBoot         
70002cf1  Bootloader_verifyMulticoreImage     
70000a38  C$$EXIT                             
70005981  CPS_UncachedRead32                  
70005991  CPS_UncachedWrite32                 
70005911  CSL_secProxyGetDataAddr             
70006520  CacheP_configForceWrThru            
700065d1  CacheP_disable                      
70006210  CacheP_disableL1d                   
70006238  CacheP_disableL1p                   
70006611  CacheP_enable                       
70006250  CacheP_enableL1d                    
70006268  CacheP_enableL1p                    
70006514  CacheP_getCacheLevelInfo            
700064dc  CacheP_getEnabled                   
70006551  CacheP_init                         
70006631  CacheP_inv                          
70006280  CacheP_invL1d                       
700062f4  CacheP_invL1dAll                    
700062b8  CacheP_invL1p                       
700062fc  CacheP_invL1pAll                    
70006540  CacheP_setDLFO                      
70006304  CacheP_wb                           
7000637c  CacheP_wbAll                        
70006340  CacheP_wbInv                        
70006424  CacheP_wbInvAll                     
7000643c  CacheP_wbInvAllAsm                  
70005921  ClockP_Params_init                  
70004b11  ClockP_construct                    
700050c1  ClockP_destruct                     
700058e1  ClockP_getTicks                     
70004a71  ClockP_getTimeUsec                  
700059a1  ClockP_getTimerCount                
70002bf1  ClockP_init                         
70005931  ClockP_isActive                     
70005281  ClockP_start                        
70004c51  ClockP_stop                         
700059b1  ClockP_timerClearOverflowInt        
70004011  ClockP_timerTickIsr                 
70005381  ClockP_usleep                       
700071cc  DDRSS_ctlReg                        
700081c2  DDRSS_ctlRegNum                     
70007868  DDRSS_phyIndepReg                   
70008510  DDRSS_phyIndepRegNum                
700069e0  DDRSS_phyReg                        
70007dcc  DDRSS_phyRegNum                     
70001401  DDR_init                            
70004d91  DDR_socEnableVttRegulator           
70005681  DebugP_logZoneEnable                
70005101  DebugP_uartLogWriterPutChar         
700058f1  DebugP_uartSetDrvIndex              
70005a51  Dpl_deinit                          
70004b61  Dpl_init                            
70005801  Drivers_close                       
700059c1  Drivers_open                        
70004ac1  Drivers_uartOpen                    
70005bc1  HwiP_Params_init                    
70005b71  HwiP_clearInt                       
70005be1  HwiP_construct                      
700060f1  HwiP_data_abort_handler             
70005d31  HwiP_destruct                       
70006198  HwiP_disable                        
700061a8  HwiP_disableFIQ                     
70005ad1  HwiP_disableInt                     
700061f0  HwiP_disableVIC                     
700061b8  HwiP_enable                         
700061c8  HwiP_enableFIQ                      
70005aa1  HwiP_enableInt                      
700061e0  HwiP_enableVIC                      
70005f81  HwiP_fiq_handler                    
70006200  HwiP_getCPSR                        
70005ed1  HwiP_inISR                          
70005e01  HwiP_init                           
70006120  HwiP_irq_handler                    
70005ef1  HwiP_irq_handler_c                  
70005b91  HwiP_post                           
700060c1  HwiP_prefetch_abort_handler         
70006031  HwiP_reserved_handler               
700061d8  HwiP_restore                        
70005b11  HwiP_restoreInt                     
70006091  HwiP_svc_handler                    
70006061  HwiP_undefined_handler              
700028a1  LPDDR4_AckCtlInterrupt              
70002651  LPDDR4_CheckCtlInterrupt            
700052c1  LPDDR4_EnablePIInitiator            
70005821  LPDDR4_Init                         
70005301  LPDDR4_PollCtlIrq                   
700058a1  LPDDR4_Probe                        
70004641  LPDDR4_ReadReg                      
70003f31  LPDDR4_Start                        
70004fc1  LPDDR4_WriteCtlConfig               
70004de1  LPDDR4_WritePhyConfig               
70004ca1  LPDDR4_WritePhyIndepConfig          
70005441  Module_clockDisable                 
70005471  Module_clockEnable                  
700051c1  Module_clockSetFrequency            
70006671  MpuP_RegionAttrs_init               
70006771  MpuP_disable                        
70006824  MpuP_disableAsm                     
7000683c  MpuP_disableBRAsm                   
70006731  MpuP_enable                         
7000684c  MpuP_enableAsm                      
70006864  MpuP_enableBRAsm                    
700067c1  MpuP_init                           
700067b1  MpuP_isEnable                       
70006874  MpuP_isEnableAsm                    
70006681  MpuP_setRegion                      
70006888  MpuP_setRegionAsm                   
70003341  Pinmux_config                       
70005611  Pinmux_init                         
700059f1  PowerClock_deinit                   
700058c1  PowerClock_init                     
70005561  SOC_controlModuleLockMMR            
70005001  SOC_controlModuleUnlockMMR          
70003ec1  SOC_moduleClockEnable               
70002521  SOC_moduleSetClockFrequency         
70005a01  Sciclient_deinit                    
70004ec1  Sciclient_firewallChangeOwnerInfo   
70004f01  Sciclient_firewallSetRegion         
70004981  Sciclient_getContext                
70005201  Sciclient_getCurrentContext         
70005841  Sciclient_getDevId                  
70002eb1  Sciclient_getVersionCheck           
700035f1  Sciclient_init                      
70004241  Sciclient_pmGetModuleClkFreq        
70003c51  Sciclient_pmGetModuleClkNumParent   
700042b1  Sciclient_pmGetModuleClkParent      
70003fa1  Sciclient_pmGetModuleState          
700044c1  Sciclient_pmModuleClkRequest        
70004391  Sciclient_pmModuleGetClkStatus      
70003551  Sciclient_pmQueryModuleClkFreq      
700039b1  Sciclient_pmSetModuleClkFreq        
70004401  Sciclient_pmSetModuleClkParent      
70004cf1  Sciclient_pmSetModuleRst            
70004bb1  Sciclient_pmSetModuleRst_flags      
70004881  Sciclient_pmSetModuleState          
70004e31  Sciclient_procBootAuthAndStart      
70004c01  Sciclient_procBootGetProcessorState 
70004931  Sciclient_procBootReleaseProcessor  
70004d41  Sciclient_procBootRequestProcessor  
70005041  Sciclient_procBootSetProcessorCfg   
700046a1  Sciclient_procBootSetSequenceCtrl   
70003ad1  Sciclient_procBootWaitProcessorState
70000a41  Sciclient_service                   
70004461  Sciclient_waitForBootNotification   
70004f41  SemaphoreP_constructBinary          
70005081  SemaphoreP_constructMutex           
70005a71  SemaphoreP_destruct                 
700037d1  SemaphoreP_pend                     
700053c1  SemaphoreP_post                     
700056a1  System_deinit                       
70005401  System_init                         
7000573c  TI_memcpy_small                     
70005858  TI_memset_small                     
70005a81  TaskP_yield                         
700056e1  TimerP_Params_init                  
700058b1  TimerP_clearOverflowInt             
70005a11  TimerP_getCount                     
70005a21  TimerP_getReloadCount               
700020b1  TimerP_setup                        
70005941  TimerP_start                        
700023d1  UART_close                          
700057a1  UART_deinit                         
70004821  UART_dmaClose                       
70004701  UART_dmaDisableChannel              
70005141  UART_dmaOpen                        
700031d1  UART_flushTxFifo                    
700054d1  UART_getHandle                      
70003871  UART_init                           
70000661  UART_open                           
70001d01  UART_write                          
700057c1  UART_writeInterruptDma              
70004581  _DebugP_assert                      
700069b1  _DebugP_assertNoLog                 
70005241  _DebugP_logZone                     
700565f0  __ABORT_STACK_END                   
00000100  __ABORT_STACK_SIZE                  
700564f0  __ABORT_STACK_START                 
700552f0  __BSS_END                           
70054000  __BSS_START                         
700563f0  __FIQ_STACK_END                     
00000100  __FIQ_STACK_SIZE                    
700562f0  __FIQ_STACK_START                   
700562f0  __IRQ_STACK_END                     
00001000  __IRQ_STACK_SIZE                    
700552f0  __IRQ_STACK_START                   
70054000  __STACK_END                         
00004000  __STACK_SIZE                        
700564f0  __SVC_STACK_END                     
00000100  __SVC_STACK_SIZE                    
700563f0  __SVC_STACK_START                   
UNDEFED   __TI_CINIT_Base                     
UNDEFED   __TI_CINIT_Limit                    
UNDEFED   __TI_Handler_Table_Base             
UNDEFED   __TI_Handler_Table_Limit            
700045dc  __TI_auto_init_nobinit_nopinit      
ffffffff  __TI_pprof_out_hndl                 
ffffffff  __TI_prof_data_size                 
ffffffff  __TI_prof_data_start                
70000000  __TI_static_base__                  
700566f0  __UNDEFINED_STACK_END               
00000100  __UNDEFINED_STACK_SIZE              
700565f0  __UNDEFINED_STACK_START             
70005a30  __aeabi_ldiv0                       
70005768  __aeabi_memclr                      
70005768  __aeabi_memclr4                     
70005768  __aeabi_memclr8                     
70000db8  __aeabi_memcpy                      
70000db8  __aeabi_memcpy4                     
70000db8  __aeabi_memcpy8                     
70005758  __aeabi_memset                      
70005758  __aeabi_memset4                     
70005758  __aeabi_memset8                     
700055e8  __aeabi_uldivmod                    
ffffffff  __binit__                           
700069d1  __mpu_init                          
70050000  __stack                             
70050000  __start___llvm_prf_cnts             
70050000  __stop___llvm_prf_cnts              
700029b8  __udivmoddi4                        
700068d4  _c_int00                            
700068b0  _c_int00_sbl                        
UNDEFED   _system_post_cinit                  
70005721  _system_pre_init                    
70000000  _vectors_sbl                        
70000a38  abort                               
ffffffff  binit                               
70008bb8  gAddrTranslateConfig                
700087c4  gAddrTranslateInfo                  
70008bd0  gBootloader0Args                    
70008bd8  gBootloader1Args                    
70008be0  gBootloader2Args                    
70008be8  gBootloader3Args                    
70008bf0  gBootloader4Args                    
70008bf8  gBootloader5Args                    
700089cc  gBootloaderConfig                   
70008bb4  gBootloaderConfigNum                
70008b68  gBootloaderMemFxns                  
70008c00  gCacheConfig                        
70008c20  gCacheL1dCacheLineSize              
70008c24  gCacheL1pCacheLineSize              
70008b7c  gClockConfig                        
70055288  gClockCtrl                          
70008888  gCoreBootInfo                       
70008c28  gDebugLogZone                       
70008c2c  gDebugP_uartDrvIndex                
70008c30  gHwiConfig                          
70054000  gHwiCtrl                            
70008bc4  gMpuConfig                          
70008a98  gMpuRegionConfig                    
70008b90  gResMemSection                      
70009b2c  gSOC_r5fVectors                     
700095cc  gSciclientMap                       
70008b18  gSciclientSecProxyCfg               
70008ba4  gSocModules                         
70008b50  gSocModulesClockFrequency           
70008c18  gUartConfig                         
70008c48  gUartConfigNum                      
700069e0  gUartDmaConfig                      
70008c4c  gUartDmaConfigNum                   
700552e8  gUartHandle                         
70008a44  gUartParams                         
70003051  main                                
70005a41  putchar_                            
700056c1  vprintf_                            


GLOBAL SYMBOLS: SORTED BY Symbol Address 

address   name                                
-------   ----                                
00000100  __ABORT_STACK_SIZE                  
00000100  __FIQ_STACK_SIZE                    
00000100  __SVC_STACK_SIZE                    
00000100  __UNDEFINED_STACK_SIZE              
00001000  __IRQ_STACK_SIZE                    
00004000  __STACK_SIZE                        
70000000  __TI_static_base__                  
70000000  _vectors_sbl                        
70000661  UART_open                           
70000a38  C$$EXIT                             
70000a38  abort                               
70000a41  Sciclient_service                   
70000db8  __aeabi_memcpy                      
70000db8  __aeabi_memcpy4                     
70000db8  __aeabi_memcpy8                     
70001401  DDR_init                            
700016c1  Bootloader_socCpuResetRelease       
70001b11  Bootloader_socCpuPowerOnResetR5f    
70001d01  UART_write                          
700020b1  TimerP_setup                        
700023d1  UART_close                          
70002521  SOC_moduleSetClockFrequency         
70002651  LPDDR4_CheckCtlInterrupt            
70002781  Bootloader_socCpuPowerOnResetM4f    
700028a1  LPDDR4_AckCtlInterrupt              
700029b8  __udivmoddi4                        
70002ad1  Bootloader_socCpuResetReleaseSelf   
70002bf1  ClockP_init                         
70002cf1  Bootloader_verifyMulticoreImage     
70002dd1  Bootloader_rprcImageLoad            
70002eb1  Sciclient_getVersionCheck           
70002f81  Bootloader_parseMultiCoreAppImage   
70003051  main                                
700031d1  UART_flushTxFifo                    
70003291  Bootloader_loadSelfCpu              
70003341  Pinmux_config                       
70003551  Sciclient_pmQueryModuleClkFreq      
700035f1  Sciclient_init                      
70003691  Bootloader_getMsgLen                
700037d1  SemaphoreP_pend                     
70003871  UART_init                           
700039b1  Sciclient_pmSetModuleClkFreq        
70003ad1  Sciclient_procBootWaitProcessorState
70003b51  Bootloader_socOpenFirewalls         
70003bd1  Bootloader_socCpuSetClock           
70003c51  Sciclient_pmGetModuleClkNumParent   
70003cd1  Bootloader_socCpuSetEntryPoint      
70003dd1  Bootloader_socCpuPowerOnResetA53    
70003e51  Bootloader_socMemInitCpu            
70003ec1  SOC_moduleClockEnable               
70003f31  LPDDR4_Start                        
70003fa1  Sciclient_pmGetModuleState          
70004011  ClockP_timerTickIsr                 
70004081  Bootloader_socCpuGetClock           
70004161  AddrTranslateP_getLocalAddr         
700041d1  Bootloader_socCpuRelease            
70004241  Sciclient_pmGetModuleClkFreq        
700042b1  Sciclient_pmGetModuleClkParent      
70004321  Bootloader_socCpuRequest            
70004391  Sciclient_pmModuleGetClkStatus      
70004401  Sciclient_pmSetModuleClkParent      
70004461  Sciclient_waitForBootNotification   
700044c1  Sciclient_pmModuleClkRequest        
70004521  Bootloader_runCpu                   
70004581  _DebugP_assert                      
700045dc  __TI_auto_init_nobinit_nopinit      
70004641  LPDDR4_ReadReg                      
700046a1  Sciclient_procBootSetSequenceCtrl   
70004701  UART_dmaDisableChannel              
70004761  App_bootCpu                         
700047c1  App_bootLoadSelfCpu                 
70004821  UART_dmaClose                       
70004881  Sciclient_pmSetModuleState          
700048e1  Bootloader_findSeq                  
70004931  Sciclient_procBootReleaseProcessor  
70004981  Sciclient_getContext                
700049d1  Bootloader_socTranslateSectionAddr  
70004a71  ClockP_getTimeUsec                  
70004ac1  Drivers_uartOpen                    
70004b11  ClockP_construct                    
70004b61  Dpl_init                            
70004bb1  Sciclient_pmSetModuleRst_flags      
70004c01  Sciclient_procBootGetProcessorState 
70004c51  ClockP_stop                         
70004ca1  LPDDR4_WritePhyIndepConfig          
70004cf1  Sciclient_pmSetModuleRst            
70004d41  Sciclient_procBootRequestProcessor  
70004d91  DDR_socEnableVttRegulator           
70004de1  LPDDR4_WritePhyConfig               
70004e31  Sciclient_procBootAuthAndStart      
70004e81  Bootloader_loadCpu                  
70004ec1  Sciclient_firewallChangeOwnerInfo   
70004f01  Sciclient_firewallSetRegion         
70004f41  SemaphoreP_constructBinary          
70004f81  Bootloader_open                     
70004fc1  LPDDR4_WriteCtlConfig               
70005001  SOC_controlModuleUnlockMMR          
70005041  Sciclient_procBootSetProcessorCfg   
70005081  SemaphoreP_constructMutex           
700050c1  ClockP_destruct                     
70005101  DebugP_uartLogWriterPutChar         
70005141  UART_dmaOpen                        
70005181  Bootloader_getX509CertLen           
700051c1  Module_clockSetFrequency            
70005201  Sciclient_getCurrentContext         
70005241  _DebugP_logZone                     
70005281  ClockP_start                        
700052c1  LPDDR4_EnablePIInitiator            
70005301  LPDDR4_PollCtlIrq                   
70005341  Bootloader_BootImageInfo_init       
70005381  ClockP_usleep                       
700053c1  SemaphoreP_post                     
70005401  System_init                         
70005441  Module_clockDisable                 
70005471  Module_clockEnable                  
700054d1  UART_getHandle                      
70005501  Bootloader_socIsAuthRequired        
70005561  SOC_controlModuleLockMMR            
70005591  Bootloader_socCpuPowerOnReset       
700055e8  __aeabi_uldivmod                    
70005611  Pinmux_init                         
70005641  Bootloader_socGetCoreName           
70005661  Bootloader_socRprcToCslCoreId       
70005681  DebugP_logZoneEnable                
700056a1  System_deinit                       
700056c1  vprintf_                            
700056e1  TimerP_Params_init                  
70005701  Bootloader_socCpuGetClkDefault      
70005721  _system_pre_init                    
7000573c  TI_memcpy_small                     
70005758  __aeabi_memset                      
70005758  __aeabi_memset4                     
70005758  __aeabi_memset8                     
70005768  __aeabi_memclr                      
70005768  __aeabi_memclr4                     
70005768  __aeabi_memclr8                     
700057a1  UART_deinit                         
700057c1  UART_writeInterruptDma              
700057e1  Bootloader_socAuthImage             
70005801  Drivers_close                       
70005821  LPDDR4_Init                         
70005841  Sciclient_getDevId                  
70005858  TI_memset_small                     
70005871  Bootloader_bootCpu                  
70005891  Bootloader_close                    
700058a1  LPDDR4_Probe                        
700058b1  TimerP_clearOverflowInt             
700058c1  PowerClock_init                     
700058d1  Bootloader_Params_init              
700058e1  ClockP_getTicks                     
700058f1  DebugP_uartSetDrvIndex              
70005901  Bootloader_socGetSBLMem             
70005911  CSL_secProxyGetDataAddr             
70005921  ClockP_Params_init                  
70005931  ClockP_isActive                     
70005941  TimerP_start                        
70005961  Board_driversOpen                   
70005971  Bootloader_socWaitForFWBoot         
70005981  CPS_UncachedRead32                  
70005991  CPS_UncachedWrite32                 
700059a1  ClockP_getTimerCount                
700059b1  ClockP_timerClearOverflowInt        
700059c1  Drivers_open                        
700059f1  PowerClock_deinit                   
70005a01  Sciclient_deinit                    
70005a11  TimerP_getCount                     
70005a21  TimerP_getReloadCount               
70005a30  __aeabi_ldiv0                       
70005a41  putchar_                            
70005a51  Dpl_deinit                          
70005a71  SemaphoreP_destruct                 
70005a81  TaskP_yield                         
70005aa1  HwiP_enableInt                      
70005ad1  HwiP_disableInt                     
70005b11  HwiP_restoreInt                     
70005b71  HwiP_clearInt                       
70005b91  HwiP_post                           
70005bc1  HwiP_Params_init                    
70005be1  HwiP_construct                      
70005d31  HwiP_destruct                       
70005e01  HwiP_init                           
70005ed1  HwiP_inISR                          
70005ef1  HwiP_irq_handler_c                  
70005f81  HwiP_fiq_handler                    
70006031  HwiP_reserved_handler               
70006061  HwiP_undefined_handler              
70006091  HwiP_svc_handler                    
700060c1  HwiP_prefetch_abort_handler         
700060f1  HwiP_data_abort_handler             
70006120  HwiP_irq_handler                    
70006198  HwiP_disable                        
700061a8  HwiP_disableFIQ                     
700061b8  HwiP_enable                         
700061c8  HwiP_enableFIQ                      
700061d8  HwiP_restore                        
700061e0  HwiP_enableVIC                      
700061f0  HwiP_disableVIC                     
70006200  HwiP_getCPSR                        
70006210  CacheP_disableL1d                   
70006238  CacheP_disableL1p                   
70006250  CacheP_enableL1d                    
70006268  CacheP_enableL1p                    
70006280  CacheP_invL1d                       
700062b8  CacheP_invL1p                       
700062f4  CacheP_invL1dAll                    
700062fc  CacheP_invL1pAll                    
70006304  CacheP_wb                           
70006340  CacheP_wbInv                        
7000637c  CacheP_wbAll                        
70006424  CacheP_wbInvAll                     
7000643c  CacheP_wbInvAllAsm                  
700064dc  CacheP_getEnabled                   
70006514  CacheP_getCacheLevelInfo            
70006520  CacheP_configForceWrThru            
70006540  CacheP_setDLFO                      
70006551  CacheP_init                         
700065d1  CacheP_disable                      
70006611  CacheP_enable                       
70006631  CacheP_inv                          
70006671  MpuP_RegionAttrs_init               
70006681  MpuP_setRegion                      
70006731  MpuP_enable                         
70006771  MpuP_disable                        
700067b1  MpuP_isEnable                       
700067c1  MpuP_init                           
70006824  MpuP_disableAsm                     
7000683c  MpuP_disableBRAsm                   
7000684c  MpuP_enableAsm                      
70006864  MpuP_enableBRAsm                    
70006874  MpuP_isEnableAsm                    
70006888  MpuP_setRegionAsm                   
700068b0  _c_int00_sbl                        
700068d4  _c_int00                            
700069b1  _DebugP_assertNoLog                 
700069d1  __mpu_init                          
700069e0  DDRSS_phyReg                        
700069e0  gUartDmaConfig                      
700071cc  DDRSS_ctlReg                        
70007868  DDRSS_phyIndepReg                   
70007dcc  DDRSS_phyRegNum                     
700081c2  DDRSS_ctlRegNum                     
70008510  DDRSS_phyIndepRegNum                
700087c4  gAddrTranslateInfo                  
70008888  gCoreBootInfo                       
700089cc  gBootloaderConfig                   
70008a44  gUartParams                         
70008a98  gMpuRegionConfig                    
70008b18  gSciclientSecProxyCfg               
70008b50  gSocModulesClockFrequency           
70008b68  gBootloaderMemFxns                  
70008b7c  gClockConfig                        
70008b90  gResMemSection                      
70008ba4  gSocModules                         
70008bb4  gBootloaderConfigNum                
70008bb8  gAddrTranslateConfig                
70008bc4  gMpuConfig                          
70008bd0  gBootloader0Args                    
70008bd8  gBootloader1Args                    
70008be0  gBootloader2Args                    
70008be8  gBootloader3Args                    
70008bf0  gBootloader4Args                    
70008bf8  gBootloader5Args                    
70008c00  gCacheConfig                        
70008c18  gUartConfig                         
70008c20  gCacheL1dCacheLineSize              
70008c24  gCacheL1pCacheLineSize              
70008c28  gDebugLogZone                       
70008c2c  gDebugP_uartDrvIndex                
70008c30  gHwiConfig                          
70008c48  gUartConfigNum                      
70008c4c  gUartDmaConfigNum                   
700095cc  gSciclientMap                       
70009b2c  gSOC_r5fVectors                     
70050000  __stack                             
70050000  __start___llvm_prf_cnts             
70050000  __stop___llvm_prf_cnts              
70054000  __BSS_START                         
70054000  __STACK_END                         
70054000  gHwiCtrl                            
70055288  gClockCtrl                          
700552e8  gUartHandle                         
700552f0  __BSS_END                           
700552f0  __IRQ_STACK_START                   
700562f0  __FIQ_STACK_START                   
700562f0  __IRQ_STACK_END                     
700563f0  __FIQ_STACK_END                     
700563f0  __SVC_STACK_START                   
700564f0  __ABORT_STACK_START                 
700564f0  __SVC_STACK_END                     
700565f0  __ABORT_STACK_END                   
700565f0  __UNDEFINED_STACK_START             
700566f0  __UNDEFINED_STACK_END               
ffffffff  __TI_pprof_out_hndl                 
ffffffff  __TI_prof_data_size                 
ffffffff  __TI_prof_data_start                
ffffffff  __binit__                           
ffffffff  binit                               
UNDEFED   __TI_CINIT_Base                     
UNDEFED   __TI_CINIT_Limit                    
UNDEFED   __TI_Handler_Table_Base             
UNDEFED   __TI_Handler_Table_Limit            
UNDEFED   _system_post_cinit                  

[302 symbols]
