******************************************************************************
            TI ARM Clang Linker Unix v1.3.0                    
******************************************************************************
>> Linked Fri Mar 25 02:51:56 2022

OUTPUT FILE NAME:   <sbl_jtag_uniflash.release.out>
ENTRY POINT SYMBOL: "_vectors_sbl"  address: 70000000


MEMORY CONFIGURATION

         name            origin    length      used     unused   attr    fill
----------------------  --------  ---------  --------  --------  ----  --------
  R5F_VECS              00000000   00000040  00000000  00000040  RWIX
  R5F_TCMA              00000040   00007fc0  00000000  00007fc0  RWIX
  R5F_TCMB0             41010000   00008000  00000000  00008000  RWIX
  MSRAM_VECS            70000000   00000100  00000040  000000c0  RWIX
  MSRAM_0               70000100   0005ff00  00012a40  0004d4c0  RWIX
  MSRAM_1               70060000   00020000  00016d80  00009280  RWIX
  DDR                   80000000   00800000  00800000  00000000  RWIX


SEGMENT ALLOCATION MAP

run origin  load origin   length   init length attrs members
----------  ----------- ---------- ----------- ----- -------
70000000    70000000    00000040   00000040    r-x
  70000000    70000000    00000040   00000040    r-x .vectors
70000100    70000100    0000f470   0000f470    r-x
  70000100    70000100    0000e2e0   0000e2e0    r-x .text
  7000e3e0    7000e3e0    000008d0   000008d0    r-x .text.hwi
  7000ecb0    7000ecb0    000004a0   000004a0    r-x .text.cache
  7000f150    7000f150    000002d0   000002d0    r-x .text.mpu
  7000f420    7000f420    00000150   00000150    r-x .text.boot
7000f570    7000f570    00002618   00002618    rw-
  7000f570    7000f570    00002618   00002618    rw- .data
70011b90    70011b90    00000fb0   00000fb0    r--
  70011b90    70011b90    00000fb0   00000fb0    r-- .rodata
70060000    70060000    00015980   00000000    rw-
  70060000    70060000    00009980   00000000    rw- .bss
  70069980    70069980    00008000   00000000    rw- .sysmem
  70071980    70071980    00004000   00000000    rw- .stack
70075980    70075980    00001400   00000000    r--
  70075980    70075980    00001000   00000000    r-- .irqstack
  70076980    70076980    00000100   00000000    r-- .fiqstack
  70076a80    70076a80    00000100   00000000    r-- .svcstack
  70076b80    70076b80    00000100   00000000    r-- .abortstack
  70076c80    70076c80    00000100   00000000    r-- .undefinedstack


SECTION ALLOCATION MAP

 output                                  attributes/
section   page    origin      length       input sections
--------  ----  ----------  ----------   ----------------
.vectors   0    70000000    00000040     
                  70000000    00000040     nortos.am64x.r5f.ti-arm-clang.release.lib : HwiP_armv7r_vectors_nortos_sbl_asm.obj (.vectors)

.text      0    70000100    0000e2e0     
                  70000100    0000151c     drivers.am64x.r5f.ti-arm-clang.release.lib : mmcsd_v0.obj (.text.MMCSD_open)
                  7000161c    00000c28     libc.a : _printfi.c.obj (.text:__TI_printfi_nofloat)
                  70002244    0000000c            : aeabi_portable.c.obj (.text.__aeabi_errno_addr)
                  70002250    00000c1c     drivers.am64x.r5f.ti-arm-clang.release.lib : mmcsd_v0.obj (.text.MMCSD_transfer)
                  70002e6c    00000004     libc.a : _lock.c.obj (.text._nop)
                  70002e70    000008e8     drivers.am64x.r5f.ti-arm-clang.release.lib : ospi_phy.obj (.text.OSPI_phyFindOTP1)
                  70003758    00000008     libc.a : exit.c.obj (.text:abort)
                  70003760    00000860     nortos.am64x.r5f.ti-arm-clang.release.lib : printf.obj (.text._vsnprintf)
                  70003fc0    0000053c     board.am64x.r5f.ti-arm-clang.release.lib : flash_nor_xspi.obj (.text.Flash_norXspiOpen)
                  700044fc    00000004     libc.a : fseek.c.obj (.text.fseek)
                  70004500    000004c4     drivers.am64x.r5f.ti-arm-clang.release.lib : sciclient.obj (.text.Sciclient_service)
                  700049c4    0000000c     libc.a : memory.c.obj (.text.malloc)
                  700049d0    00000490     drivers.am64x.r5f.ti-arm-clang.release.lib : ospi_phy.obj (.text.OSPI_phyFindOTP2)
                  70004e60    00000450     nortos.am64x.r5f.ti-arm-clang.release.lib : printf.obj (.text._ftoa)
                  700052b0    000003b4     drivers.am64x.r5f.ti-arm-clang.release.lib : ddr.obj (.text.DDR_init)
                  70005664    00000004     libc.a : ftell.c.obj (.text.ftell)
                  70005668    00000004     libsysbm.a : remove.c.obj (.text.remove)
                  7000566c    00000004     libclang_rt.builtins.a : aeabi_memcpy.S.obj (.text)
                  70005670    00000390     drivers.am64x.r5f.ti-arm-clang.release.lib : ospi_v0.obj (.text.OSPI_open)
                  70005a00    00000388                                                : bootloader_uniflash.obj (.text.Bootloader_uniflashProcessFlashCommands)
                  70005d88    00000008     --HOLE-- [fill = 0]
                  70005d90    00000370     nortos.am64x.r5f.ti-arm-clang.release.lib : printf.obj (.text._etoa)
                  70006100    00000338     main.obj (.text.sbl_jtag_uniflash_load_file)
                  70006438    00000274     libc.a : fgets.c.obj (.text._dofgets)
                  700066ac    00000004     --HOLE-- [fill = 0]
                  700066b0    00000260     nortos.am64x.r5f.ti-arm-clang.release.lib : TimerP.obj (.text.TimerP_setup)
                  70006910    00000214                                               : printf.obj (.text._ntoa_format)
                  70006b24    00000204     libc.a : strtol.c.obj (.text.strtol)
                  70006d28    00000008     --HOLE-- [fill = 0]
                  70006d30    000001fc     drivers.am64x.r5f.ti-arm-clang.release.lib : soc.obj (.text.SOC_moduleSetClockFrequency)
                  70006f2c    000001d0     libclang_rt.builtins.a : udivsi3.S.obj (.text)
                  700070fc    000001bc     libc.a : fopen.c.obj (.text._openfile)
                  700072b8    000001bc            : memory.c.obj (.text.free)
                  70007474    0000000c     --HOLE-- [fill = 0]
                  70007480    000001b4     drivers.am64x.r5f.ti-arm-clang.release.lib : lpddr4_16bit.obj (.text.LPDDR4_CheckCtlInterrupt)
                  70007634    000001b0     libc.a : memory.c.obj (.text.aligned_alloc)
                  700077e4    0000000c     --HOLE-- [fill = 0]
                  700077f0    000001ac     drivers.am64x.r5f.ti-arm-clang.release.lib : lpddr4_16bit.obj (.text.LPDDR4_AckCtlInterrupt)
                  7000799c    00000004     --HOLE-- [fill = 0]
                  700079a0    00000188                                                : ospi_v0.obj (.text.OSPI_writeCmd)
                  70007b28    00000008     --HOLE-- [fill = 0]
                  70007b30    00000184                                                : ospi_v0.obj (.text.OSPI_readCmd)
                  70007cb4    0000000c     --HOLE-- [fill = 0]
                  70007cc0    00000180                                                : mmcsd_v0.obj (.text.MMCSD_write)
                  70007e40    0000017c     board.am64x.r5f.ti-arm-clang.release.lib : flash_nor_xspi.obj (.text.Flash_norXspiWrite)
                  70007fbc    00000004     --HOLE-- [fill = 0]
                  70007fc0    00000174     drivers.am64x.r5f.ti-arm-clang.release.lib : bootloader_mmcsd_raw.obj (.text.Bootloader_MmcsdRaw_writeToOffset)
                  70008134    0000000c     --HOLE-- [fill = 0]
                  70008140    00000174                                                : mmcsd_v0.obj (.text.MMCSD_read)
                  700082b4    0000000c     --HOLE-- [fill = 0]
                  700082c0    0000016c     nortos.am64x.r5f.ti-arm-clang.release.lib : ClockP_nortos_r5.obj (.text.ClockP_init)
                  7000842c    00000004     --HOLE-- [fill = 0]
                  70008430    00000168     drivers.am64x.r5f.ti-arm-clang.release.lib : ospi_v0.obj (.text.OSPI_writeIndirect)
                  70008598    00000008     --HOLE-- [fill = 0]
                  700085a0    0000014c                                                : bootloader_uniflash.obj (.text.Bootloader_uniflashFlashOrVerifyXipFile)
                  700086ec    00000004     --HOLE-- [fill = 0]
                  700086f0    00000148                                                : ospi_v0.obj (.text.OSPI_readDirect)
                  70008838    00000008     --HOLE-- [fill = 0]
                  70008840    00000148     main.obj (.text.main)
                  70008988    00000148     libc.a : setvbuf.c.obj (.text.setvbuf)
                  70008ad0    00000144     drivers.am64x.r5f.ti-arm-clang.release.lib : bootloader_mmcsd_raw.obj (.text.Bootloader_MmcsdRaw_readFromOffset)
                  70008c14    00000138     libsysbm.a : open.c.obj (.text.open)
                  70008d4c    00000004     --HOLE-- [fill = 0]
                  70008d50    0000011c     drivers.am64x.r5f.ti-arm-clang.release.lib : sciclient_pm.obj (.text.Sciclient_pmQueryModuleClkFreq)
                  70008e6c    00000004     --HOLE-- [fill = 0]
                  70008e70    00000118     board.am64x.r5f.ti-arm-clang.release.lib : flash_nor_xspi.obj (.text.Flash_norXspiErase)
                  70008f88    00000118     libclang_rt.builtins.a : udivmoddi4.S.obj (.text)
                  700090a0    00000110     drivers.am64x.r5f.ti-arm-clang.release.lib : mmcsd_v0.obj (.text.MMCSD_halSetBusFreq)
                  700091b0    0000010c                                                : bootloader_uniflash.obj (.text.Bootloader_uniflashFlashVerifyFile)
                  700092bc    00000004     --HOLE-- [fill = 0]
                  700092c0    00000108                                                : bootloader_uniflash.obj (.text.Bootloader_uniflashFlashVerifyFileMMCSDRaw)
                  700093c8    00000008     --HOLE-- [fill = 0]
                  700093d0    00000108                                                : mmcsd_v0.obj (.text.MMCSD_enableBootPartition)
                  700094d8    00000008     --HOLE-- [fill = 0]
                  700094e0    00000100     board.am64x.r5f.ti-arm-clang.release.lib : flash_nor_xspi.obj (.text.Flash_norXspiWaitReady)
                  700095e0    00000100     drivers.am64x.r5f.ti-arm-clang.release.lib : mmcsd_v0.obj (.text.MMCSD_phyConfigure)
                  700096e0    00000100     nortos.am64x.r5f.ti-arm-clang.release.lib : SemaphoreP_nortos.obj (.text.SemaphoreP_pend)
                  700097e0    000000f8     drivers.am64x.r5f.ti-arm-clang.release.lib : pinmux.obj (.text.Pinmux_config)
                  700098d8    00000008     --HOLE-- [fill = 0]
                  700098e0    000000f8                                                : sciclient_pm.obj (.text.Sciclient_pmSetModuleClkFreq)
                  700099d8    000000f4     libc.a : fopen.c.obj (.text.fopen)
                  70009acc    00000004     --HOLE-- [fill = 0]
                  70009ad0    000000ec     nortos.am64x.r5f.ti-arm-clang.release.lib : printf.obj (.text._out_rev)
                  70009bbc    00000004     --HOLE-- [fill = 0]
                  70009bc0    000000e8     board.am64x.r5f.ti-arm-clang.release.lib : flash_nor_xspi.obj (.text.Flash_norXspiReadId)
                  70009ca8    00000008     --HOLE-- [fill = 0]
                  70009cb0    000000e8     drivers.am64x.r5f.ti-arm-clang.release.lib : sciclient.obj (.text.Sciclient_init)
                  70009d98    000000e8     libc.a : fputc.c.obj (.text.fputc)
                  70009e80    000000e4     drivers.am64x.r5f.ti-arm-clang.release.lib : bootloader_uniflash.obj (.text.Bootloader_uniflashFlashFile)
                  70009f64    000000e4     libc.a : _bufread.c.obj (.text.__TI_buff_read)
                  7000a048    00000008     --HOLE-- [fill = 0]
                  7000a050    000000e4     nortos.am64x.r5f.ti-arm-clang.release.lib : printf.obj (.text._ntoa_long_long)
                  7000a134    0000000c     --HOLE-- [fill = 0]
                  7000a140    000000dc     drivers.am64x.r5f.ti-arm-clang.release.lib : sciclient.obj (.text.Sciclient_sendMessage)
                  7000a21c    00000004     --HOLE-- [fill = 0]
                  7000a220    000000d0     board.am64x.r5f.ti-arm-clang.release.lib : flash_nor_xspi.obj (.text.Flash_norXspiRegWrite)
                  7000a2f0    000000cc     drivers.am64x.r5f.ti-arm-clang.release.lib : mmcsd_priv.obj (.text.MMCSD_parseCSDSd)
                  7000a3bc    000000cc     libc.a : getdevice.c.obj (.text.getdevice)
                  7000a488    00000008     --HOLE-- [fill = 0]
                  7000a490    000000c4     drivers.am64x.r5f.ti-arm-clang.release.lib : ospi_phy.obj (.text.OSPI_phyTuneDDR)
                  7000a554    0000000c     --HOLE-- [fill = 0]
                  7000a560    000000c0                                                : mmcsd_priv.obj (.text.MMCSD_parseECSDEmmc)
                  7000a620    000000b8                                                : sciclient_pm.obj (.text.Sciclient_pmGetModuleClkNumParent)
                  7000a6d8    00000008     --HOLE-- [fill = 0]
                  7000a6e0    000000b4     nortos.am64x.r5f.ti-arm-clang.release.lib : ClockP_nortos.obj (.text.ClockP_timerTickIsr)
                  7000a794    0000000c     --HOLE-- [fill = 0]
                  7000a7a0    000000b4     drivers.am64x.r5f.ti-arm-clang.release.lib : soc.obj (.text.SOC_moduleClockEnable)
                  7000a854    000000b4     libc.a : fclose.c.obj (.text.__TI_closefile)
                  7000a908    00000008     --HOLE-- [fill = 0]
                  7000a910    000000b4     nortos.am64x.r5f.ti-arm-clang.release.lib : printf.obj (.text._ntoa_long)
                  7000a9c4    0000000c     --HOLE-- [fill = 0]
                  7000a9d0    000000b0     drivers.am64x.r5f.ti-arm-clang.release.lib : lpddr4.obj (.text.LPDDR4_Start)
                  7000aa80    000000b0                                                : mmcsd_priv.obj (.text.MMCSD_parseCIDEmmc)
                  7000ab30    000000b0                                                : sciclient_pm.obj (.text.Sciclient_pmGetModuleState)
                  7000abe0    000000b0     libc.a : ftell.c.obj (.text.ftello)
                  7000ac90    000000ac            : fseek.c.obj (.text.fseeko)
                  7000ad3c    00000004     --HOLE-- [fill = 0]
                  7000ad40    000000a8     drivers.am64x.r5f.ti-arm-clang.release.lib : mmcsd_v0.obj (.text.MMCSD_init)
                  7000ade8    00000008     --HOLE-- [fill = 0]
                  7000adf0    000000a8                                                : mmcsd_v0.obj (.text.MMCSD_isReadyForTransfer)
                  7000ae98    00000008     --HOLE-- [fill = 0]
                  7000aea0    000000a8                                                : ospi_v0.obj (.text.OSPI_init)
                  7000af48    00000008     --HOLE-- [fill = 0]
                  7000af50    000000a4                                                : mmcsd_v0.obj (.text.MMCSD_phyInit)
                  7000aff4    000000a4     libc.a : memory.c.obj (.text.split)
                  7000b098    000000a0     libsysbm.a : hostrename.c.obj (.text.HOSTrename)
                  7000b138    00000008     --HOLE-- [fill = 0]
                  7000b140    000000a0     drivers.am64x.r5f.ti-arm-clang.release.lib : sciclient_pm.obj (.text.Sciclient_pmGetModuleClkParent)
                  7000b1e0    0000009c     board.am64x.r5f.ti-arm-clang.release.lib : flash_nor_xspi.obj (.text.Flash_norXspiRead)
                  7000b27c    00000004     --HOLE-- [fill = 0]
                  7000b280    0000009c     drivers.am64x.r5f.ti-arm-clang.release.lib : mmcsd_priv.obj (.text.MMCSD_parseCIDSd)
                  7000b31c    00000004     --HOLE-- [fill = 0]
                  7000b320    0000009c                                                : sciclient_pm.obj (.text.Sciclient_pmModuleGetClkStatus)
                  7000b3bc    00000004     --HOLE-- [fill = 0]
                  7000b3c0    00000098     nortos.am64x.r5f.ti-arm-clang.release.lib : AddrTranslateP.obj (.text.AddrTranslateP_getLocalAddr)
                  7000b458    00000098     libsysbm.a : hostlseek.c.obj (.text.HOSTlseek)
                  7000b4f0    00000098     libc.a : _io_perm.c.obj (.text.__TI_wrt_ok)
                  7000b588    00000008     --HOLE-- [fill = 0]
                  7000b590    00000094     ti_board_open_close.obj (.text.Board_flashOpen)
                  7000b624    00000094     libsysbm.a : hostopen.c.obj (.text.HOSTopen)
                  7000b6b8    00000008     --HOLE-- [fill = 0]
                  7000b6c0    00000094     drivers.am64x.r5f.ti-arm-clang.release.lib : ospi_v0.obj (.text.OSPI_close)
                  7000b754    0000000c     --HOLE-- [fill = 0]
                  7000b760    00000094                                                : ospi_phy.obj (.text.OSPI_phyFindRxHigh)
                  7000b7f4    0000000c     --HOLE-- [fill = 0]
                  7000b800    00000094                                                : ospi_phy.obj (.text.OSPI_phyFindRxLow)
                  7000b894    0000000c     --HOLE-- [fill = 0]
                  7000b8a0    00000094                                                : ospi_phy.obj (.text.OSPI_phyFindTxHigh)
                  7000b934    0000000c     --HOLE-- [fill = 0]
                  7000b940    00000094                                                : ospi_phy.obj (.text.OSPI_phyFindTxLow)
                  7000b9d4    0000000c     --HOLE-- [fill = 0]
                  7000b9e0    00000094                                                : sciclient_pm.obj (.text.Sciclient_pmSetModuleClkParent)
                  7000ba74    0000000c     --HOLE-- [fill = 0]
                  7000ba80    00000094                                                : sciclient_pm.obj (.text.Sciclient_pmSetModuleState)
                  7000bb14    0000000c     --HOLE-- [fill = 0]
                  7000bb20    0000008c                                                : ospi_v0.obj (.text.OSPI_setXferOpCodes)
                  7000bbac    00000004     --HOLE-- [fill = 0]
                  7000bbb0    0000008c                                                : sciclient_soc_priv.obj (.text.Sciclient_getContext)
                  7000bc3c    00000004     --HOLE-- [fill = 0]
                  7000bc40    0000008c                                                : sciclient_pm.obj (.text.Sciclient_pmModuleClkRequest)
                  7000bccc    00000004     --HOLE-- [fill = 0]
                  7000bcd0    00000088                                                : ospi_phy.obj (.text.OSPI_phyResyncDLL)
                  7000bd58    00000008     --HOLE-- [fill = 0]
                  7000bd60    00000088     nortos.am64x.r5f.ti-arm-clang.release.lib : DebugP_log.obj (.text._DebugP_assert)
                  7000bde8    00000084     libsysbm.a : hostread.c.obj (.text.HOSTread)
                  7000be6c    00000084                : hostwrite.c.obj (.text.HOSTwrite)
                  7000bef0    00000084     drivers.am64x.r5f.ti-arm-clang.release.lib : mmcsd_v0.obj (.text.MMCSD_cmdStatusPollingFxn)
                  7000bf74    0000000c     --HOLE-- [fill = 0]
                  7000bf80    00000084                                                : mmcsd_v0.obj (.text.MMCSD_halSendCommand)
                  7000c004    00000084     libsysbm.a : close.c.obj (.text.close)
                  7000c088    00000008     --HOLE-- [fill = 0]
                  7000c090    00000080     board.am64x.r5f.ti-arm-clang.release.lib : flash.obj (.text.Flash_offsetToBlkPage)
                  7000c110    00000080     drivers.am64x.r5f.ti-arm-clang.release.lib : lpddr4.obj (.text.LPDDR4_ReadReg)
                  7000c190    00000080     libc.a : fflush.c.obj (.text.__TI_doflush)
                  7000c210    0000007c     nortos.am64x.r5f.ti-arm-clang.release.lib : ClockP_nortos.obj (.text.ClockP_addToList)
                  7000c28c    00000004     --HOLE-- [fill = 0]
                  7000c290    00000078     drivers.am64x.r5f.ti-arm-clang.release.lib : ospi_phy.obj (.text.OSPI_phyReadAttackVector)
                  7000c308    00000008     --HOLE-- [fill = 0]
                  7000c310    00000078                                                : sciclient_pm.obj (.text.Sciclient_pmSetModuleRst)
                  7000c388    00000008     --HOLE-- [fill = 0]
                  7000c390    00000074     nortos.am64x.r5f.ti-arm-clang.release.lib : ClockP_nortos.obj (.text.ClockP_stop)
                  7000c404    0000000c     --HOLE-- [fill = 0]
                  7000c410    00000074     ti_drivers_open_close.obj (.text.Drivers_mmcsdOpen)
                  7000c484    0000000c     --HOLE-- [fill = 0]
                  7000c490    00000074     ti_drivers_open_close.obj (.text.Drivers_ospiOpen)
                  7000c504    00000074     libc.a : snprintf.c.obj (.text.snprintf)
                  7000c578    00000008     --HOLE-- [fill = 0]
                  7000c580    00000070     drivers.am64x.r5f.ti-arm-clang.release.lib : lpddr4.obj (.text.LPDDR4_WritePhyConfig)
                  7000c5f0    00000070     libc.a : _io_perm.c.obj (.text.__TI_rd_ok)
                  7000c660    0000006c     nortos.am64x.r5f.ti-arm-clang.release.lib : ClockP_nortos.obj (.text.ClockP_construct)
                  7000c6cc    0000006c     libsysbm.a : hostunlink.c.obj (.text.HOSTunlink)
                  7000c738    00000008     --HOLE-- [fill = 0]
                  7000c740    0000006c     drivers.am64x.r5f.ti-arm-clang.release.lib : lpddr4.obj (.text.LPDDR4_WritePhyIndepConfig)
                  7000c7ac    00000004     --HOLE-- [fill = 0]
                  7000c7b0    0000006c                                                : ospi_v0.obj (.text.OSPI_enablePhy)
                  7000c81c    0000006c     libc.a : atoi.c.obj (.text.atoi)
                  7000c888    0000006c            : getdevice.c.obj (.text.finddevice)
                  7000c8f4    0000000c     --HOLE-- [fill = 0]
                  7000c900    00000068     drivers.am64x.r5f.ti-arm-clang.release.lib : lpddr4.obj (.text.LPDDR4_WriteCtlConfig)
                  7000c968    00000008     --HOLE-- [fill = 0]
                  7000c970    00000068                                                : mmcsd_v0.obj (.text.MMCSD_close)
                  7000c9d8    00000008     --HOLE-- [fill = 0]
                  7000c9e0    00000068                                                : ospi_dma.obj (.text.OSPI_dmaOpen)
                  7000ca48    00000008     --HOLE-- [fill = 0]
                  7000ca50    00000064     nortos.am64x.r5f.ti-arm-clang.release.lib : ClockP_nortos.obj (.text.ClockP_getTimeUsec)
                  7000cab4    0000000c     --HOLE-- [fill = 0]
                  7000cac0    00000064     drivers.am64x.r5f.ti-arm-clang.release.lib : mmcsd_v0.obj (.text.MMCSD_halSetBusWidth)
                  7000cb24    0000000c     --HOLE-- [fill = 0]
                  7000cb30    00000064                                                : ospi_phy.obj (.text.OSPI_phySetRdDelayTxRxDLL)
                  7000cb94    00000060     libsysbm.a : hostclose.c.obj (.text.HOSTclose)
                  7000cbf4    0000000c     --HOLE-- [fill = 0]
                  7000cc00    00000060     nortos.am64x.r5f.ti-arm-clang.release.lib : DebugP_nortos.obj (.text._DebugP_logZone)
                  7000cc60    0000005c                                               : ClockP_nortos.obj (.text.ClockP_destruct)
                  7000ccbc    00000004     --HOLE-- [fill = 0]
                  7000ccc0    0000005c     drivers.am64x.r5f.ti-arm-clang.release.lib : mmcsd_v0.obj (.text.MMCSD_halBusPower)
                  7000cd1c    00000004     --HOLE-- [fill = 0]
                  7000cd20    0000005c                                                : mmcsd_priv.obj (.text.MMCSD_parseCSDEmmc)
                  7000cd7c    00000004     --HOLE-- [fill = 0]
                  7000cd80    0000005c     nortos.am64x.r5f.ti-arm-clang.release.lib : SemaphoreP_nortos.obj (.text.SemaphoreP_constructBinary)
                  7000cddc    00000004     --HOLE-- [fill = 0]
                  7000cde0    0000005c     main.obj (.text.sbl_jtag_uniflash_erase_all)
                  7000ce3c    0000005c     libc.a : autoinit.c.obj (.text:__TI_auto_init_nobinit_nopinit)
                  7000ce98    00000008     --HOLE-- [fill = 0]
                  7000cea0    00000058     drivers.am64x.r5f.ti-arm-clang.release.lib : lpddr4.obj (.text.LPDDR4_PollCtlIrq)
                  7000cef8    00000008     --HOLE-- [fill = 0]
                  7000cf00    00000058                                                : ospi_v0.obj (.text.OSPI_setXferLines)
                  7000cf58    00000008     --HOLE-- [fill = 0]
                  7000cf60    00000058     nortos.am64x.r5f.ti-arm-clang.release.lib : SemaphoreP_nortos.obj (.text.SemaphoreP_constructMutex)
                  7000cfb8    00000008     --HOLE-- [fill = 0]
                  7000cfc0    00000058                                               : SemaphoreP_nortos.obj (.text.SemaphoreP_post)
                  7000d018    00000058     libsysbm.a : trgmsg.c.obj (.text.__TI_readmsg)
                  7000d070    00000058                : trgmsg.c.obj (.text.__TI_writemsg)
                  7000d0c8    00000058     libc.a : snprintf.c.obj (.text._outs)
                  7000d120    00000054     ti_dpl_config.obj (.text.Dpl_init)
                  7000d174    0000000c     --HOLE-- [fill = 0]
                  7000d180    00000054     board.am64x.r5f.ti-arm-clang.release.lib : flash.obj (.text.Flash_open)
                  7000d1d4    0000000c     --HOLE-- [fill = 0]
                  7000d1e0    00000054     drivers.am64x.r5f.ti-arm-clang.release.lib : mmcsd_v0.obj (.text.MMCSD_halCmdResponseGet)
                  7000d234    0000000c     --HOLE-- [fill = 0]
                  7000d240    00000054                                                : mmcsd_v0.obj (.text.MMCSD_halSoftReset)
                  7000d294    0000000c     --HOLE-- [fill = 0]
                  7000d2a0    00000054                                                : ospi_v0.obj (.text.OSPI_disablePhy)
                  7000d2f4    00000054     libc.a : fopen.c.obj (.text.__TI_cleanup)
                  7000d348    00000054            : exit.c.obj (.text.exit)
                  7000d39c    00000004     --HOLE-- [fill = 0]
                  7000d3a0    00000050     drivers.am64x.r5f.ti-arm-clang.release.lib : soc.obj (.text.SOC_controlModuleUnlockMMR)
                  7000d3f0    0000004c     nortos.am64x.r5f.ti-arm-clang.release.lib : ClockP_nortos.obj (.text.ClockP_start)
                  7000d43c    00000004     --HOLE-- [fill = 0]
                  7000d440    0000004c     drivers.am64x.r5f.ti-arm-clang.release.lib : ospi_v0.obj (.text.OSPI_setDeviceSize)
                  7000d48c    0000004c     libc.a : fclose.c.obj (.text.fclose)
                  7000d4d8    00000008     --HOLE-- [fill = 0]
                  7000d4e0    00000048     ti_drivers_open_close.obj (.text.Drivers_close)
                  7000d528    00000008     --HOLE-- [fill = 0]
                  7000d530    00000048     drivers.am64x.r5f.ti-arm-clang.release.lib : lpddr4_16bit.obj (.text.LPDDR4_EnablePIInitiator)
                  7000d578    00000008     --HOLE-- [fill = 0]
                  7000d580    00000048                                                : mmcsd_v0.obj (.text.MMCSD_halLinesResetCmd)
                  7000d5c8    00000008     --HOLE-- [fill = 0]
                  7000d5d0    00000048                                                : mmcsd_v0.obj (.text.MMCSD_halLinesResetDat)
                  7000d618    00000008     --HOLE-- [fill = 0]
                  7000d620    00000048     ti_power_clock_config.obj (.text.Module_clockSetFrequency)
                  7000d668    00000048     libc.a : memccpy.c.obj (.text.memccpy)
                  7000d6b0    00000048     libsysbm.a : unlink.c.obj (.text.unlink)
                  7000d6f8    00000008     --HOLE-- [fill = 0]
                  7000d700    00000044     nortos.am64x.r5f.ti-arm-clang.release.lib : ClockP_nortos.obj (.text.ClockP_sleepTicks)
                  7000d744    0000000c     --HOLE-- [fill = 0]
                  7000d750    00000044     drivers.am64x.r5f.ti-arm-clang.release.lib : mmcsd_v0.obj (.text.MMCSD_getHandle)
                  7000d794    0000000c     --HOLE-- [fill = 0]
                  7000d7a0    00000044                                                : ospi_dma.obj (.text.OSPI_dmaCopy)
                  7000d7e4    0000000c     --HOLE-- [fill = 0]
                  7000d7f0    00000044                                                : ospi_v0.obj (.text.OSPI_getHandle)
                  7000d834    0000000c     --HOLE-- [fill = 0]
                  7000d840    00000040     nortos.am64x.r5f.ti-arm-clang.release.lib : ClockP_nortos.obj (.text.ClockP_usleep)
                  7000d880    00000040     drivers.am64x.r5f.ti-arm-clang.release.lib : ddr.obj (.text.DDR_setFreq)
                  7000d8c0    00000040                                                : mmcsd_priv.obj (.text.MMCSD_parseSCRSd)
                  7000d900    00000040     ti_power_clock_config.obj (.text.Module_clockEnable)
                  7000d940    00000040     libc.a : memory.c.obj (.text.free_list_insert)
                  7000d980    0000003c     drivers.am64x.r5f.ti-arm-clang.release.lib : ospi_dma.obj (.text.OSPI_dmaClose)
                  7000d9bc    00000004     --HOLE-- [fill = 0]
                  7000d9c0    0000003c     ti_drivers_config.obj (.text.System_init)
                  7000d9fc    00000004     --HOLE-- [fill = 0]
                  7000da00    00000038     drivers.am64x.r5f.ti-arm-clang.release.lib : bootloader_soc.obj (.text.Bootloader_socIsAuthRequired)
                  7000da38    00000008     --HOLE-- [fill = 0]
                  7000da40    00000038                                                : soc.obj (.text.SOC_controlModuleLockMMR)
                  7000da78    00000008     --HOLE-- [fill = 0]
                  7000da80    00000034                                                : ospi_v0.obj (.text.OSPI_setNumAddrBytes)
                  7000dab4    00000034     libsysbm.a : lseek.c.obj (.text.lseek)
                  7000dae8    00000034                : read.c.obj (.text.read)
                  7000db1c    00000034                : write.c.obj (.text.write)
                  7000db50    00000030     nortos.am64x.r5f.ti-arm-clang.release.lib : DebugP_log.obj (.text.DebugP_logZoneEnable)
                  7000db80    00000030     drivers.am64x.r5f.ti-arm-clang.release.lib : ospi_v0.obj (.text.OSPI_enableDacMode)
                  7000dbb0    00000030                                                : ospi_v0.obj (.text.OSPI_setRdDataCaptureDelay)
                  7000dbe0    00000030                                                : sciclient.obj (.text.Sciclient_getCurrentContext)
                  7000dc10    00000030     libc.a : snprintf.c.obj (.text._outc)
                  7000dc40    00000030            : memory.c.obj (.text.free_list_remove)
                  7000dc70    0000002c     drivers.am64x.r5f.ti-arm-clang.release.lib : lpddr4.obj (.text.LPDDR4_Init)
                  7000dc9c    00000004     --HOLE-- [fill = 0]
                  7000dca0    0000002c     nortos.am64x.r5f.ti-arm-clang.release.lib : TimerP.obj (.text.TimerP_Params_init)
                  7000dccc    00000004     --HOLE-- [fill = 0]
                  7000dcd0    0000002c                                               : printf.obj (.text.vprintf_)
                  7000dcfc    00000004     --HOLE-- [fill = 0]
                  7000dd00    00000028     ti_board_open_close.obj (.text.Board_driversClose)
                  7000dd28    00000008     --HOLE-- [fill = 0]
                  7000dd30    00000028     board.am64x.r5f.ti-arm-clang.release.lib : flash.obj (.text.Flash_eraseBlk)
                  7000dd58    00000008     --HOLE-- [fill = 0]
                  7000dd60    00000028                                              : flash.obj (.text.Flash_getAttrs)
                  7000dd88    00000008     --HOLE-- [fill = 0]
                  7000dd90    00000028                                              : flash.obj (.text.Flash_getHandle)
                  7000ddb8    00000008     --HOLE-- [fill = 0]
                  7000ddc0    00000028                                              : flash.obj (.text.Flash_read)
                  7000dde8    00000008     --HOLE-- [fill = 0]
                  7000ddf0    00000028                                              : flash.obj (.text.Flash_write)
                  7000de18    00000008     --HOLE-- [fill = 0]
                  7000de20    00000028     drivers.am64x.r5f.ti-arm-clang.release.lib : ospi_v0.obj (.text.OSPI_ReadCmdParams_init)
                  7000de48    00000008     --HOLE-- [fill = 0]
                  7000de50    00000028                                                : ospi_v0.obj (.text.OSPI_WriteCmdParams_init)
                  7000de78    00000008     --HOLE-- [fill = 0]
                  7000de80    00000028                                                : ospi_v0.obj (.text.OSPI_disablePhyPipeline)
                  7000dea8    00000008     --HOLE-- [fill = 0]
                  7000deb0    00000028                                                : ospi_v0.obj (.text.OSPI_enableDDR)
                  7000ded8    00000008     --HOLE-- [fill = 0]
                  7000dee0    00000028                                                : ospi_v0.obj (.text.OSPI_enableSDR)
                  7000df08    00000008     --HOLE-- [fill = 0]
                  7000df10    00000028                                                : ospi_v0.obj (.text.OSPI_setCmdDummyCycles)
                  7000df38    00000008     --HOLE-- [fill = 0]
                  7000df40    00000028                                                : ospi_v0.obj (.text.OSPI_setReadDummyCycles)
                  7000df68    00000008     --HOLE-- [fill = 0]
                  7000df70    00000028     ti_pinmux_config.obj (.text.Pinmux_init)
                  7000df98    00000008     --HOLE-- [fill = 0]
                  7000dfa0    00000024     board.am64x.r5f.ti-arm-clang.release.lib : flash.obj (.text.Flash_close)
                  7000dfc4    0000000c     --HOLE-- [fill = 0]
                  7000dfd0    00000024     drivers.am64x.r5f.ti-arm-clang.release.lib : ospi_v0.obj (.text.OSPI_Transaction_init)
                  7000dff4    0000000c     --HOLE-- [fill = 0]
                  7000e000    00000024     nortos.am64x.r5f.ti-arm-clang.release.lib : boot_armv7r.obj (.text._system_pre_init)
                  7000e024    00000024     libclang_rt.builtins.a : aeabi_uldivmod.S.obj (.text)
                  7000e048    00000008     --HOLE-- [fill = 0]
                  7000e050    00000020     drivers.am64x.r5f.ti-arm-clang.release.lib : lpddr4.obj (.text.LPDDR4_Probe)
                  7000e070    00000020                                                : mmcsd_v0.obj (.text.MMCSD_getBlockSize)
                  7000e090    00000020     libc.a : wcslen.c.obj (.text.wcslen)
                  7000e0b0    0000001c     board.am64x.r5f.ti-arm-clang.release.lib : flash.obj (.text.Flash_getPhyTuningOffset)
                  7000e0cc    00000004     --HOLE-- [fill = 0]
                  7000e0d0    0000001c     drivers.am64x.r5f.ti-arm-clang.release.lib : ospi_v0.obj (.text.OSPI_setDualOpCodeMode)
                  7000e0ec    00000004     --HOLE-- [fill = 0]
                  7000e0f0    0000001c                                                : sciclient_soc_priv.obj (.text.Sciclient_getDevId)
                  7000e10c    0000001c     libc.a : _printfi.c.obj (.text.strlen)
                  7000e128    0000001c     libsysbm.a : hostrename.c.obj (.text.strlen)
                  7000e144    0000001c                : memcpy32.S.obj (.text:TI_memcpy_small)
                  7000e160    0000001c     libclang_rt.builtins.a : aeabi_memset.S.obj (.text)
                  7000e17c    00000004     --HOLE-- [fill = 0]
                  7000e180    00000018     drivers.am64x.r5f.ti-arm-clang.release.lib : ospi_phy.obj (.text.OSPI_phyGetTuningData)
                  7000e198    00000008     --HOLE-- [fill = 0]
                  7000e1a0    00000018     nortos.am64x.r5f.ti-arm-clang.release.lib : TimerP.obj (.text.TimerP_clearOverflowInt)
                  7000e1b8    00000018     libsysbm.a : memset32.S.obj (.text:TI_memset_small)
                  7000e1d0    00000014     drivers.am64x.r5f.ti-arm-clang.release.lib : csl_sec_proxy.obj (.text.CSL_secProxyGetDataAddr)
                  7000e1e4    0000000c     --HOLE-- [fill = 0]
                  7000e1f0    00000014                                                : ospi_v0.obj (.text.OSPI_getFlashDataBaseAddr)
                  7000e204    00000014     libc.a : fgets.c.obj (.text.gets)
                  7000e218    00000014     libsysbm.a : hostrename.c.obj (.text.strcpy)
                  7000e22c    00000004     --HOLE-- [fill = 0]
                  7000e230    00000010     nortos.am64x.r5f.ti-arm-clang.release.lib : ClockP_nortos.obj (.text.ClockP_Params_init)
                  7000e240    00000010                                               : ClockP_nortos.obj (.text.ClockP_isActive)
                  7000e250    00000010     ti_drivers_open_close.obj (.text.Drivers_open)
                  7000e260    00000010     board.am64x.r5f.ti-arm-clang.release.lib : flash_nor_xspi.obj (.text.Flash_norXspiClose)
                  7000e270    00000010     drivers.am64x.r5f.ti-arm-clang.release.lib : ospi_v0.obj (.text.OSPI_setCmdExtType)
                  7000e280    00000010                                                : ospi_v0.obj (.text.OSPI_setPhyEnableSuccess)
                  7000e290    00000010     ti_power_clock_config.obj (.text.PowerClock_init)
                  7000e2a0    00000010     nortos.am64x.r5f.ti-arm-clang.release.lib : TimerP.obj (.text.TimerP_start)
                  7000e2b0    00000010     libc.a : fputc.c.obj (.text.putchar)
                  7000e2c0    0000000c     drivers.am64x.r5f.ti-arm-clang.release.lib : ospi_v0.obj (.text.OSPI_getXferLines)
                  7000e2cc    00000004     --HOLE-- [fill = 0]
                  7000e2d0    0000000c                                                : ospi_v0.obj (.text.OSPI_isDtrEnable)
                  7000e2dc    00000004     --HOLE-- [fill = 0]
                  7000e2e0    0000000c                                                : ospi_v0.obj (.text.OSPI_isPhyEnable)
                  7000e2ec    00000004     --HOLE-- [fill = 0]
                  7000e2f0    0000000c     nortos.am64x.r5f.ti-arm-clang.release.lib : printf.obj (.text._out_char)
                  7000e2fc    00000004     --HOLE-- [fill = 0]
                  7000e300    00000008     drivers.am64x.r5f.ti-arm-clang.release.lib : lpddr4.obj (.text.CPS_UncachedRead32)
                  7000e308    00000008     --HOLE-- [fill = 0]
                  7000e310    00000008                                                : lpddr4.obj (.text.CPS_UncachedWrite32)
                  7000e318    00000008     --HOLE-- [fill = 0]
                  7000e320    00000008     nortos.am64x.r5f.ti-arm-clang.release.lib : TimerP.obj (.text.TimerP_getCount)
                  7000e328    00000008     --HOLE-- [fill = 0]
                  7000e330    00000008                                               : TimerP.obj (.text.TimerP_getReloadCount)
                  7000e338    00000008     --HOLE-- [fill = 0]
                  7000e340    00000004     ti_board_open_close.obj (.text.Board_driversOpen)
                  7000e344    0000000c     --HOLE-- [fill = 0]
                  7000e350    00000004     nortos.am64x.r5f.ti-arm-clang.release.lib : ClockP_nortos_r5.obj (.text.ClockP_getTimerCount)
                  7000e354    0000000c     --HOLE-- [fill = 0]
                  7000e360    00000004                                               : ClockP_nortos_r5.obj (.text.ClockP_timerClearOverflowInt)
                  7000e364    0000000c     --HOLE-- [fill = 0]
                  7000e370    00000004     drivers.am64x.r5f.ti-arm-clang.release.lib : mmcsd_v0.obj (.text.MMCSD_isr)
                  7000e374    0000000c     --HOLE-- [fill = 0]
                  7000e380    00000004                                                : ospi_v0.obj (.text.OSPI_isr)
                  7000e384    0000000c     --HOLE-- [fill = 0]
                  7000e390    00000004     nortos.am64x.r5f.ti-arm-clang.release.lib : SemaphoreP_nortos.obj (.text.SemaphoreP_destruct)
                  7000e394    0000000c     --HOLE-- [fill = 0]
                  7000e3a0    00000004     libclang_rt.builtins.a : aeabi_div0.c.obj (.text.__aeabi_idiv0)
                  7000e3a4    0000000c     --HOLE-- [fill = 0]
                  7000e3b0    00000004                            : aeabi_div0.c.obj (.text.__aeabi_ldiv0)
                  7000e3b4    0000000c     --HOLE-- [fill = 0]
                  7000e3c0    00000004     nortos.am64x.r5f.ti-arm-clang.release.lib : printf.obj (.text._out_null)
                  7000e3c4    0000000c     --HOLE-- [fill = 0]
                  7000e3d0    00000004     ti_dpl_config.obj (.text.putchar_)
                  7000e3d4    0000000c     --HOLE-- [fill = 0]

.text.hwi 
*          0    7000e3e0    000008d0     
                  7000e3e0    00000568     nortos.am64x.r5f.ti-arm-clang.release.lib : HwiP_armv7r_vim.obj (.text.hwi)
                  7000e948    00000008     --HOLE-- [fill = 0]
                  7000e950    00000270                                               : HwiP_armv7r_handlers_nortos.obj (.text.hwi)
                  7000ebc0    00000078                                               : HwiP_armv7r_handlers_nortos_asm.obj (.text.hwi)
                  7000ec38    00000070                                               : HwiP_armv7r_asm.obj (.text.hwi)
                  7000eca8    00000008     --HOLE-- [fill = 0]

.text.cache 
*          0    7000ecb0    000004a0     
                  7000ecb0    00000340     nortos.am64x.r5f.ti-arm-clang.release.lib : CacheP_armv7r_asm.obj (.text.cache)
                  7000eff0    0000015c                                               : CacheP_armv7r.obj (.text.cache)
                  7000f14c    00000004     --HOLE-- [fill = 0]

.text.mpu 
*          0    7000f150    000002d0     
                  7000f150    00000250     nortos.am64x.r5f.ti-arm-clang.release.lib : MpuP_armv7r.obj (.text.mpu)
                  7000f3a0    00000078                                               : MpuP_armv7r_asm.obj (.text.mpu)
                  7000f418    00000008     --HOLE-- [fill = 0]

.text.boot 
*          0    7000f420    00000150     
                  7000f420    000000fc     nortos.am64x.r5f.ti-arm-clang.release.lib : boot_armv7r_asm.obj (.text.boot)
                  7000f51c    00000004     --HOLE-- [fill = 0]
                  7000f520    00000034                                               : DebugP_log.obj (.text.boot)
                  7000f554    0000000c     --HOLE-- [fill = 0]
                  7000f560    00000010     ti_dpl_config.obj (.text.boot)

.data      0    7000f570    00002618     
                  7000f570    000007ec     ti_drivers_config.obj (.data.DDRSS_phyReg)
                  7000fd5c    0000069c     ti_drivers_config.obj (.data.DDRSS_ctlReg)
                  700103f8    00000564     ti_drivers_config.obj (.data.DDRSS_phyIndepReg)
                  7001095c    000003f6     ti_drivers_config.obj (.data.DDRSS_phyRegNum)
                  70010d52    0000034e     ti_drivers_config.obj (.data.DDRSS_ctlRegNum)
                  700110a0    000002b2     ti_drivers_config.obj (.data.DDRSS_phyIndepRegNum)
                  70011352    00000001     drivers.am64x.r5f.ti-arm-clang.release.lib : sciclient.obj (.data.gSecHeaderSizeWords)
                  70011353    00000001     --HOLE-- [fill = 0]
                  70011354    000000f0     libc.a : defs.c.obj (.data._ftable)
                  70011444    000000c0     main.obj (.data.gMainMenu)
                  70011504    0000009c     drivers.am64x.r5f.ti-arm-clang.release.lib : mmcsd_v0.obj (.data.gMmcsdDrvObj)
                  700115a0    0000009c                                                : ospi_v0.obj (.data.gOspiDrvObj)
                  7001163c    00000080                                                : ospi_phy.obj (.data.gOspiFlashAttackVector)
                  700116bc    00000080                                                : ospi_phy.obj (.data.gReadBuf)
                  7001173c    00000078     libsysbm.a : host_device.c.obj (.data._device)
                  700117b4    00000060     ti_pinmux_config.obj (.data.gPinMuxMainDomainCfg)
                  70011814    00000050     libsysbm.a : host_device.c.obj (.data._stream)
                  70011864    00000050     ti_dpl_config.obj (.data.gMpuRegionConfig)
                  700118b4    00000050     ti_drivers_config.obj (.data.gOspiAttrs)
                  70011904    00000048     board.am64x.r5f.ti-arm-clang.release.lib : flash_nor_xspi_device_S28HS512T.obj (.data.gFlashNorXspiDeviceDefines_S28HS512T)
                  7001194c    0000003c     ti_drivers_config.obj (.data.gMmcsdAttrs)
                  70011988    00000030     ti_drivers_config.obj (.data.gDdrParams)
                  700119b8    00000028     board.am64x.r5f.ti-arm-clang.release.lib : flash_nor_xspi_device_S28HS512T.obj (.data.gFlashNorXspiAttrs_S28HS512T)
                  700119e0    00000028     drivers.am64x.r5f.ti-arm-clang.release.lib : ospi_phy.obj (.data.gPhyTuneWindowParamsGTE133)
                  70011a08    00000028                                                : ospi_phy.obj (.data.gPhyTuneWindowParamsLT133)
                  70011a30    00000024     ti_power_clock_config.obj (.data.gSocModulesClockFrequency)
                  70011a54    00000020     ti_drivers_config.obj (.data.gOspiDmaRestrictRegions)
                  70011a74    00000004     libc.a : defs.c.obj (.data.__TI_ft_end)
                  70011a78    00000020     drivers.am64x.r5f.ti-arm-clang.release.lib : sciclient_soc_priv.obj (.data.gSciclientSecProxyCfg)
                  70011a98    0000001c     ti_power_clock_config.obj (.data.gSocModules)
                  70011ab4    00000014     ti_dpl_config.obj (.data.gClockConfig)
                  70011ac8    00000014     board.am64x.r5f.ti-arm-clang.release.lib : flash_nor_xspi.obj (.data.gFlashNorXspiFxns)
                  70011adc    00000010     ti_board_open_close.obj (.data.gFlashConfig)
                  70011aec    00000004     libc.a : aeabi_portable.c.obj (.data.__aeabi_errno)
                  70011af0    0000000c     nortos.am64x.r5f.ti-arm-clang.release.lib : AddrTranslateP.obj (.data.gAddrTranslateConfig)
                  70011afc    0000000c     ti_dpl_config.obj (.data.gMpuConfig)
                  70011b08    00000008     libc.a : exit.c.obj (.data..L_MergedGlobals)
                  70011b10    00000008     ti_dpl_config.obj (.data.gCacheConfig)
                  70011b18    00000008     ti_drivers_config.obj (.data.gMmcsdConfig)
                  70011b20    00000008     ti_drivers_open_close.obj (.data.gMmcsdParams)
                  70011b28    00000008     ti_drivers_config.obj (.data.gOspiConfig)
                  70011b30    00000008     ti_pinmux_config.obj (.data.gPinMuxMcuDomainCfg)
                  70011b38    00000004     libc.a : _lock.c.obj (.data._lock)
                  70011b3c    00000004            : _lock.c.obj (.data._unlock)
                  70011b40    00000004     nortos.am64x.r5f.ti-arm-clang.release.lib : CacheP_armv7r.obj (.data.gCacheL1dCacheLineSize)
                  70011b44    00000004                                               : CacheP_armv7r.obj (.data.gCacheL1pCacheLineSize)
                  70011b48    00000004                                               : DebugP_log.obj (.data.gDebugLogZone)
                  70011b4c    00000004     ti_board_open_close.obj (.data.gFlashConfigNum)
                  70011b50    00000004     ti_dpl_config.obj (.data.gHwiConfig)
                  70011b54    00000004     ti_drivers_config.obj (.data.gMmcsdConfigNum)
                  70011b58    00000004     ti_drivers_config.obj (.data.gOspiConfigNum)
                  70011b5c    00000004     ti_drivers_config.obj (.data.gOspiDmaConfigNum)
                  70011b60    00000004     ti_drivers_open_close.obj (.data.gOspiParams)
                  70011b64    00000004     drivers.am64x.r5f.ti-arm-clang.release.lib : ospi_phy.obj (.data.gPhyTuneWindowParams)
                  70011b68    00000004                                                : sciclient.obj (.data.gSciclientHandle.0)
                  70011b6c    00000004                                                : sciclient.obj (.data.gSciclientHandle.2)
                  70011b70    00000004                                                : sciclient.obj (.data.gSciclientHandle.3)
                  70011b74    00000004                                                : sciclient.obj (.data.gSciclientHandle.4)
                  70011b78    00000004                                                : sciclient.obj (.data.gSciclientHandle.5)
                  70011b7c    00000001     libc.a : fopen.c.obj (.data._search_fp.init)
                  70011b7d    00000003     --HOLE-- [fill = 0]
                  70011b80    00000001            : memory.c.obj (.data.memory_is_initialized)
                  70011b81    00000003     --HOLE-- [fill = 0]
                  70011b84    00000001     libsysbm.a : open.c.obj (.data.open.stream_init)
                  70011b85    00000003     --HOLE-- [fill = 0]

.rodata    0    70011b90    00000fb0     
                  70011b90    00000471     main.obj (.rodata.str1.1)
                  70012001    000001a2     drivers.am64x.r5f.ti-arm-clang.release.lib : ddr.obj (.rodata.str1.1)
                  700121a3    00000001     --HOLE-- [fill = 0]
                  700121a4    00000132                                                : lpddr4_16bit.obj (.rodata.CtlIntMap)
                  700122d6    00000002     --HOLE-- [fill = 0]
                  700122d8    0000012c                                                : sciclient_fmwSecureProxyMap.obj (.rodata.gSciclientMap)
                  70012404    00000103     nortos.am64x.r5f.ti-arm-clang.release.lib : TimerP.obj (.rodata.str1.1)
                  70012507    00000009     --HOLE-- [fill = 0]
                  70012510    00000101     libc.a : aeabi_ctype.S.obj (.rodata)
                  70012611    000000c1     board.am64x.r5f.ti-arm-clang.release.lib : flash_nor_xspi.obj (.rodata.str1.1)
                  700126d2    000000ac     nortos.am64x.r5f.ti-arm-clang.release.lib : ClockP_nortos_r5.obj (.rodata.str1.1)
                  7001277e    0000008e     ti_drivers_open_close.obj (.rodata.str1.1)
                  7001280c    0000006b     nortos.am64x.r5f.ti-arm-clang.release.lib : SemaphoreP_nortos.obj (.rodata.str1.1)
                  70012877    0000006a     drivers.am64x.r5f.ti-arm-clang.release.lib : mmcsd_v0.obj (.rodata.str1.1)
                  700128e1    00000065                                                : ospi_v0.obj (.rodata.str1.1)
                  70012946    0000005a     nortos.am64x.r5f.ti-arm-clang.release.lib : ClockP_nortos.obj (.rodata.str1.1)
                  700129a0    00000050                                               : printf.obj (.rodata._ftoa.pow10)
                  700129f0    00000046     ti_board_open_close.obj (.rodata.str1.1)
                  70012a36    00000037     drivers.am64x.r5f.ti-arm-clang.release.lib : mmcsd_priv.obj (.rodata.str1.1)
                  70012a6d    00000003     --HOLE-- [fill = 0]
                  70012a70    00000030                                                : mmcsd_priv.obj (.rodata.gMonths)
                  70012aa0    0000002d     nortos.am64x.r5f.ti-arm-clang.release.lib : DebugP_log.obj (.rodata.str1.1)
                  70012acd    00000022     libc.a : _printfi.c.obj (.rodata.str1.1)
                  70012aef    00000001     --HOLE-- [fill = 0]
                  70012af0    00000020     drivers.am64x.r5f.ti-arm-clang.release.lib : mmcsd_v0.obj (.rodata.cst32)
                  70012b10    00000018                                                : sciclient_soc_priv.obj (.rodata..Lswitch.table.Sciclient_getDevId)
                  70012b28    00000012     nortos.am64x.r5f.ti-arm-clang.release.lib : printf.obj (.rodata.str1.1)
                  70012b3a    00000006     --HOLE-- [fill = 0]

.bss       0    70060000    00009980     UNINITIALIZED
                  70060000    00008000     main.obj (.bss)
                  70068000    00001008     (.common:gHwiCtrl)
                  70069008    000003b8     ti_drivers_config.obj (.bss.gMmcsdObjects)
                  700693c0    00000184     ti_drivers_config.obj (.bss.gOspiObjects)
                  70069544    00000180     main.obj (.bss.filename)
                  700696c4    00000120     libsysbm.a : trgmsg.c.obj (.bss:_CIOBUF_)
                  700697e4    000000a0     (.common:__TI_tmpnams)
                  70069884    00000004     libc.a : memory.c.obj (.bss.sys_free)
                  70069888    00000038     (.common:gClockCtrl)
                  700698c0    00000014     drivers.am64x.r5f.ti-arm-clang.release.lib : ddr.obj (.bss.gLpddrPd)
                  700698d4    00000010                                                : ddr.obj (.bss.gLpddrCfg)
                  700698e4    00000010     main.obj (.bss.inputStr)
                  700698f4    0000000c     (.common:gADMA2Desc)
                  70069900    0000000c     (.common:gFlashObject_S28HS512T)
                  7006990c    00000008     (.common:parmbuf)
                  70069914    00000004     (.common:gFlashHandle)
                  70069918    00000004     (.common:gMmcsdHandle)
                  7006991c    00000004     (.common:gOspiHandle)
                  70069920    00000060     --HOLE--

.sysmem    0    70069980    00008000     UNINITIALIZED
                  70069980    00000010     libc.a : memory.c.obj (.sysmem)
                  70069990    00007ff0     --HOLE--

.stack     0    70071980    00004000     UNINITIALIZED
                  70071980    00000004     nortos.am64x.r5f.ti-arm-clang.release.lib : boot_armv7r_asm.obj (.stack)
                  70071984    00003ffc     --HOLE--

.irqstack 
*          0    70075980    00001000     UNINITIALIZED
                  70075980    00001000     --HOLE--

.fiqstack 
*          0    70076980    00000100     UNINITIALIZED
                  70076980    00000100     --HOLE--

.svcstack 
*          0    70076a80    00000100     UNINITIALIZED
                  70076a80    00000100     --HOLE--

.abortstack 
*          0    70076b80    00000100     UNINITIALIZED
                  70076b80    00000100     --HOLE--

.undefinedstack 
*          0    70076c80    00000100     UNINITIALIZED
                  70076c80    00000100     --HOLE--

.bss.filebuf 
*          0    80000000    00800000     NOLOAD SECTION
                  80000000    00800000     main.obj (.bss.filebuf)

__llvm_prf_cnts 
*          0    70060000    00000000     UNINITIALIZED

MODULE SUMMARY

       Module                                   code    ro data   rw data
       ------                                   ----    -------   -------
    obj/release/
       main.obj                                 1244    1137      8421968
       ti_drivers_config.obj                    60      0         9238   
       ti_drivers_open_close.obj                320     142       20     
       ti_board_open_close.obj                  192     70        36     
       ti_dpl_config.obj                        104     0         124    
       ti_power_clock_config.obj                152     0         64     
       ti_pinmux_config.obj                     40      0         104    
    +--+----------------------------------------+-------+---------+---------+
       Total:                                   2112    1349      8431554
                                                                         
    /home/gtbldadm/nightlybuilds/repo_manifests/scripts/jenkins/mcu_plus_sdk_am64x_08_02_00_31/source/board/lib/board.am64x.r5f.ti-arm-clang.release.lib
       flash_nor_xspi.obj                       2868    193       20     
       flash.obj                                476     0         0      
       flash_nor_xspi_device_S28HS512T.obj      0       0         112    
    +--+----------------------------------------+-------+---------+---------+
       Total:                                   3344    193       132    
                                                                         
    /home/gtbldadm/nightlybuilds/repo_manifests/scripts/jenkins/mcu_plus_sdk_am64x_08_02_00_31/source/drivers/lib/drivers.am64x.r5f.ti-arm-clang.release.lib
       mmcsd_v0.obj                             11528   138       168    
       ospi_phy.obj                             4616    0         340    
       ospi_v0.obj                              3844    101       156    
       bootloader_uniflash.obj                  1996    0         0      
       sciclient_pm.obj                         1764    0         0      
       sciclient.obj                            1720    0         21     
       ddr.obj                                  1012    418       36     
       lpddr4_16bit.obj                         936     306       0      
       mmcsd_priv.obj                           884     103       0      
       soc.obj                                  824     0         0      
       lpddr4.obj                               808     0         0      
       bootloader_mmcsd_raw.obj                 696     0         0      
       sciclient_fmwSecureProxyMap.obj          0       300       0      
       pinmux.obj                               248     0         0      
       ospi_dma.obj                             232     0         0      
       sciclient_soc_priv.obj                   168     24        32     
       bootloader_soc.obj                       56      0         0      
       csl_sec_proxy.obj                        20      0         0      
    +--+----------------------------------------+-------+---------+---------+
       Total:                                   31352   1390      753    
                                                                         
    /home/gtbldadm/nightlybuilds/repo_manifests/scripts/jenkins/mcu_plus_sdk_am64x_08_02_00_31/source/kernel/nortos/lib/nortos.am64x.r5f.ti-arm-clang.release.lib
       HwiP_armv7r_vim.obj                      1384    0         4104   
       printf.obj                               5364    98        0      
       ClockP_nortos.obj                        960     90        56     
       TimerP.obj                               708     259       0      
       CacheP_armv7r_asm.obj                    832     0         0      
       SemaphoreP_nortos.obj                    528     107       0      
       HwiP_armv7r_handlers_nortos.obj          624     0         0      
       MpuP_armv7r.obj                          592     0         0      
       ClockP_nortos_r5.obj                     372     172       0      
       CacheP_armv7r.obj                        348     0         8      
       DebugP_log.obj                           236     45        4      
       boot_armv7r_asm.obj                      252     0         0      
       AddrTranslateP.obj                       152     0         12     
       HwiP_armv7r_handlers_nortos_asm.obj      120     0         0      
       MpuP_armv7r_asm.obj                      120     0         0      
       HwiP_armv7r_asm.obj                      112     0         0      
       DebugP_nortos.obj                        96      0         0      
       HwiP_armv7r_vectors_nortos_sbl_asm.obj   64      0         0      
       boot_armv7r.obj                          36      0         0      
    +--+----------------------------------------+-------+---------+---------+
       Total:                                   12900   771       4184   
                                                                         
    /home/gtbldadm/ti/ccs1110/ccs/tools/compiler/ti-cgt-armllvm_1.3.0.LTS/lib/armv7r-ti-none-eabihf/c/libc.a
       _printfi.c.obj                           3140    34        0      
       memory.c.obj                             1164    0         5      
       fopen.c.obj                              772     0         1      
       fgets.c.obj                              648     0         0      
       strtol.c.obj                             516     0         0      
       defs.c.obj                               0       0         404    
       setvbuf.c.obj                            328     0         0      
       getdevice.c.obj                          312     0         0      
       _io_perm.c.obj                           264     0         0      
       aeabi_ctype.S.obj                        0       257       0      
       fclose.c.obj                             256     0         0      
       snprintf.c.obj                           252     0         0      
       fputc.c.obj                              248     0         0      
       _bufread.c.obj                           228     0         0      
       ftell.c.obj                              180     0         0      
       fseek.c.obj                              176     0         0      
       fflush.c.obj                             128     0         0      
       atoi.c.obj                               108     0         0      
       exit.c.obj                               92      0         8      
       autoinit.c.obj                           92      0         0      
       memccpy.c.obj                            72      0         0      
       wcslen.c.obj                             32      0         0      
       aeabi_portable.c.obj                     12      0         4      
       _lock.c.obj                              4       0         8      
    +--+----------------------------------------+-------+---------+---------+
       Total:                                   9024    291       430    
                                                                         
    /home/gtbldadm/ti/ccs1110/ccs/tools/compiler/ti-cgt-armllvm_1.3.0.LTS/lib/armv7r-ti-none-eabihf/c/libsysbm.a
       trgmsg.c.obj                             176     0         288    
       open.c.obj                               312     0         1      
       hostrename.c.obj                         208     0         0      
       host_device.c.obj                        0       0         200    
       hostopen.c.obj                           148     0         8      
       hostlseek.c.obj                          152     0         0      
       close.c.obj                              132     0         0      
       hostread.c.obj                           132     0         0      
       hostwrite.c.obj                          132     0         0      
       hostunlink.c.obj                         108     0         0      
       hostclose.c.obj                          96      0         0      
       unlink.c.obj                             72      0         0      
       lseek.c.obj                              52      0         0      
       read.c.obj                               52      0         0      
       write.c.obj                              52      0         0      
       memcpy32.S.obj                           28      0         0      
       memset32.S.obj                           24      0         0      
       remove.c.obj                             4       0         0      
    +--+----------------------------------------+-------+---------+---------+
       Total:                                   1880    0         497    
                                                                         
    /home/gtbldadm/ti/ccs1110/ccs/tools/compiler/ti-cgt-armllvm_1.3.0.LTS/lib/clang/12.0.1/lib/armv7r-ti-none-eabihf/libclang_rt.builtins.a
       udivsi3.S.obj                            464     0         0      
       udivmoddi4.S.obj                         280     0         0      
       aeabi_uldivmod.S.obj                     36      0         0      
       aeabi_memset.S.obj                       28      0         0      
       aeabi_div0.c.obj                         8       0         0      
       aeabi_memcpy.S.obj                       4       0         0      
    +--+----------------------------------------+-------+---------+---------+
       Total:                                   820     0         0      
                                                                         
       Heap:                                    0       0         32768  
       Stack:                                   0       0         16384  
    +--+----------------------------------------+-------+---------+---------+
       Grand Total:                             61432   3994      8486702


GLOBAL SYMBOLS: SORTED ALPHABETICALLY BY Name 

address   name                                   
-------   ----                                   
7000b3c0  AddrTranslateP_getLocalAddr            
7000dd00  Board_driversClose                     
7000e340  Board_driversOpen                      
7000b590  Board_flashOpen                        
70008ad0  Bootloader_MmcsdRaw_readFromOffset     
70007fc0  Bootloader_MmcsdRaw_writeToOffset      
7000da00  Bootloader_socIsAuthRequired           
70005a00  Bootloader_uniflashProcessFlashCommands
70003758  C$$EXIT                                
7000d0bc  C$$IO$$                                
7000e300  CPS_UncachedRead32                     
7000e310  CPS_UncachedWrite32                    
7000e1d0  CSL_secProxyGetDataAddr                
7000efc0  CacheP_configForceWrThru               
7000f090  CacheP_disable                         
7000ecb0  CacheP_disableL1d                      
7000ecd8  CacheP_disableL1p                      
7000f0e0  CacheP_enable                          
7000ecf0  CacheP_enableL1d                       
7000ed08  CacheP_enableL1p                       
7000efb4  CacheP_getCacheLevelInfo               
7000ef7c  CacheP_getEnabled                      
7000eff0  CacheP_init                            
7000f110  CacheP_inv                             
7000ed20  CacheP_invL1d                          
7000ed94  CacheP_invL1dAll                       
7000ed58  CacheP_invL1p                          
7000ed9c  CacheP_invL1pAll                       
7000efe0  CacheP_setDLFO                         
7000eda4  CacheP_wb                              
7000ee1c  CacheP_wbAll                           
7000ede0  CacheP_wbInv                           
7000eec4  CacheP_wbInvAll                        
7000eedc  CacheP_wbInvAllAsm                     
7000e230  ClockP_Params_init                     
7000c660  ClockP_construct                       
7000cc60  ClockP_destruct                        
7000ca50  ClockP_getTimeUsec                     
7000e350  ClockP_getTimerCount                   
700082c0  ClockP_init                            
7000e240  ClockP_isActive                        
7000d3f0  ClockP_start                           
7000c390  ClockP_stop                            
7000e360  ClockP_timerClearOverflowInt           
7000a6e0  ClockP_timerTickIsr                    
7000d840  ClockP_usleep                          
7000fd5c  DDRSS_ctlReg                           
70010d52  DDRSS_ctlRegNum                        
700103f8  DDRSS_phyIndepReg                      
700110a0  DDRSS_phyIndepRegNum                   
7000f570  DDRSS_phyReg                           
7001095c  DDRSS_phyRegNum                        
700052b0  DDR_init                               
7000db50  DebugP_logZoneEnable                   
7000d120  Dpl_init                               
7000d4e0  Drivers_close                          
7000c410  Drivers_mmcsdOpen                      
7000e250  Drivers_open                           
7000c490  Drivers_ospiOpen                       
7000dfa0  Flash_close                            
7000dd30  Flash_eraseBlk                         
7000dd60  Flash_getAttrs                         
7000dd90  Flash_getHandle                        
7000e0b0  Flash_getPhyTuningOffset               
7000c090  Flash_offsetToBlkPage                  
7000d180  Flash_open                             
7000ddc0  Flash_read                             
7000ddf0  Flash_write                            
7000cb94  HOSTclose                              
7000b458  HOSTlseek                              
7000b624  HOSTopen                               
7000bde8  HOSTread                               
7000b098  HOSTrename                             
7000c6cc  HOSTunlink                             
7000be6c  HOSTwrite                              
7000e550  HwiP_Params_init                       
7000e4f0  HwiP_clearInt                          
7000e570  HwiP_construct                         
7000eb90  HwiP_data_abort_handler                
7000e720  HwiP_destruct                          
7000ec38  HwiP_disable                           
7000ec48  HwiP_disableFIQ                        
7000e420  HwiP_disableInt                        
7000ec90  HwiP_disableVIC                        
7000ec58  HwiP_enable                            
7000ec68  HwiP_enableFIQ                         
7000e3e0  HwiP_enableInt                         
7000ec80  HwiP_enableVIC                         
7000ea00  HwiP_fiq_handler                       
7000eca0  HwiP_getCPSR                           
7000e930  HwiP_inISR                             
7000e820  HwiP_init                              
7000ebc0  HwiP_irq_handler                       
7000e950  HwiP_irq_handler_c                     
7000e520  HwiP_post                              
7000eb60  HwiP_prefetch_abort_handler            
7000ead0  HwiP_reserved_handler                  
7000ec78  HwiP_restore                           
7000e470  HwiP_restoreInt                        
7000eb30  HwiP_svc_handler                       
7000eb00  HwiP_undefined_handler                 
700077f0  LPDDR4_AckCtlInterrupt                 
70007480  LPDDR4_CheckCtlInterrupt               
7000d530  LPDDR4_EnablePIInitiator               
7000dc70  LPDDR4_Init                            
7000cea0  LPDDR4_PollCtlIrq                      
7000e050  LPDDR4_Probe                           
7000c110  LPDDR4_ReadReg                         
7000a9d0  LPDDR4_Start                           
7000c900  LPDDR4_WriteCtlConfig                  
7000c580  LPDDR4_WritePhyConfig                  
7000c740  LPDDR4_WritePhyIndepConfig             
7000c970  MMCSD_close                            
700093d0  MMCSD_enableBootPartition              
7000e070  MMCSD_getBlockSize                     
7000d750  MMCSD_getHandle                        
7000ad40  MMCSD_init                             
70000100  MMCSD_open                             
7000aa80  MMCSD_parseCIDEmmc                     
7000b280  MMCSD_parseCIDSd                       
7000cd20  MMCSD_parseCSDEmmc                     
7000a2f0  MMCSD_parseCSDSd                       
7000a560  MMCSD_parseECSDEmmc                    
7000d8c0  MMCSD_parseSCRSd                       
70008140  MMCSD_read                             
70007cc0  MMCSD_write                            
7000d900  Module_clockEnable                     
7000d620  Module_clockSetFrequency               
7000f150  MpuP_RegionAttrs_init                  
7000f2a0  MpuP_disable                           
7000f3a0  MpuP_disableAsm                        
7000f3b8  MpuP_disableBRAsm                      
7000f250  MpuP_enable                            
7000f3c8  MpuP_enableAsm                         
7000f3e0  MpuP_enableBRAsm                       
7000f300  MpuP_init                              
7000f2f0  MpuP_isEnable                          
7000f3f0  MpuP_isEnableAsm                       
7000f170  MpuP_setRegion                         
7000f404  MpuP_setRegionAsm                      
7000de20  OSPI_ReadCmdParams_init                
7000dfd0  OSPI_Transaction_init                  
7000de50  OSPI_WriteCmdParams_init               
7000b6c0  OSPI_close                             
7000d2a0  OSPI_disablePhy                        
7000de80  OSPI_disablePhyPipeline                
7000d980  OSPI_dmaClose                          
7000d7a0  OSPI_dmaCopy                           
7000c9e0  OSPI_dmaOpen                           
7000deb0  OSPI_enableDDR                         
7000db80  OSPI_enableDacMode                     
7000c7b0  OSPI_enablePhy                         
7000dee0  OSPI_enableSDR                         
7000e1f0  OSPI_getFlashDataBaseAddr              
7000d7f0  OSPI_getHandle                         
7000e2c0  OSPI_getXferLines                      
7000aea0  OSPI_init                              
7000e2d0  OSPI_isDtrEnable                       
7000e2e0  OSPI_isPhyEnable                       
70005670  OSPI_open                              
70002e70  OSPI_phyFindOTP1                       
700049d0  OSPI_phyFindOTP2                       
7000b760  OSPI_phyFindRxHigh                     
7000b800  OSPI_phyFindRxLow                      
7000b8a0  OSPI_phyFindTxHigh                     
7000b940  OSPI_phyFindTxLow                      
7000e180  OSPI_phyGetTuningData                  
7000c290  OSPI_phyReadAttackVector               
7000bcd0  OSPI_phyResyncDLL                      
7000cb30  OSPI_phySetRdDelayTxRxDLL              
7000a490  OSPI_phyTuneDDR                        
70007b30  OSPI_readCmd                           
700086f0  OSPI_readDirect                        
7000df10  OSPI_setCmdDummyCycles                 
7000e270  OSPI_setCmdExtType                     
7000d440  OSPI_setDeviceSize                     
7000e0d0  OSPI_setDualOpCodeMode                 
7000da80  OSPI_setNumAddrBytes                   
7000e280  OSPI_setPhyEnableSuccess               
7000dbb0  OSPI_setRdDataCaptureDelay             
7000df40  OSPI_setReadDummyCycles                
7000cf00  OSPI_setXferLines                      
7000bb20  OSPI_setXferOpCodes                    
700079a0  OSPI_writeCmd                          
70008430  OSPI_writeIndirect                     
700097e0  Pinmux_config                          
7000df70  Pinmux_init                            
7000e290  PowerClock_init                        
7000da40  SOC_controlModuleLockMMR               
7000d3a0  SOC_controlModuleUnlockMMR             
7000a7a0  SOC_moduleClockEnable                  
70006d30  SOC_moduleSetClockFrequency            
7000bbb0  Sciclient_getContext                   
7000dbe0  Sciclient_getCurrentContext            
7000e0f0  Sciclient_getDevId                     
70009cb0  Sciclient_init                         
7000a620  Sciclient_pmGetModuleClkNumParent      
7000b140  Sciclient_pmGetModuleClkParent         
7000ab30  Sciclient_pmGetModuleState             
7000bc40  Sciclient_pmModuleClkRequest           
7000b320  Sciclient_pmModuleGetClkStatus         
70008d50  Sciclient_pmQueryModuleClkFreq         
700098e0  Sciclient_pmSetModuleClkFreq           
7000b9e0  Sciclient_pmSetModuleClkParent         
7000c310  Sciclient_pmSetModuleRst               
7000ba80  Sciclient_pmSetModuleState             
70004500  Sciclient_service                      
7000cd80  SemaphoreP_constructBinary             
7000cf60  SemaphoreP_constructMutex              
7000e390  SemaphoreP_destruct                    
700096e0  SemaphoreP_pend                        
7000cfc0  SemaphoreP_post                        
7000d9c0  System_init                            
7000e144  TI_memcpy_small                        
7000e1b8  TI_memset_small                        
7000dca0  TimerP_Params_init                     
7000e1a0  TimerP_clearOverflowInt                
7000e320  TimerP_getCount                        
7000e330  TimerP_getReloadCount                  
700066b0  TimerP_setup                           
7000e2a0  TimerP_start                           
7000bd60  _DebugP_assert                         
7000f520  _DebugP_assertNoLog                    
7000cc00  _DebugP_logZone                        
70076c80  __ABORT_STACK_END                      
00000100  __ABORT_STACK_SIZE                     
70076b80  __ABORT_STACK_START                    
70069980  __BSS_END                              
70060000  __BSS_START                            
700696c4  __CIOBUF_                              
70076a80  __FIQ_STACK_END                        
00000100  __FIQ_STACK_SIZE                       
70076980  __FIQ_STACK_START                      
70076980  __IRQ_STACK_END                        
00001000  __IRQ_STACK_SIZE                       
70075980  __IRQ_STACK_START                      
70075980  __STACK_END                            
00004000  __STACK_SIZE                           
70076b80  __SVC_STACK_END                        
00000100  __SVC_STACK_SIZE                       
70076a80  __SVC_STACK_START                      
00008000  __SYSMEM_SIZE                          
UNDEFED   __TI_CINIT_Base                        
UNDEFED   __TI_CINIT_Limit                       
UNDEFED   __TI_Handler_Table_Base                
UNDEFED   __TI_Handler_Table_Limit               
7000ce3c  __TI_auto_init_nobinit_nopinit         
70009f64  __TI_buff_read                         
7000d2f4  __TI_cleanup                           
70011b08  __TI_cleanup_ptr                       
7000a854  __TI_closefile                         
7000c190  __TI_doflush                           
70011b0c  __TI_dtors_ptr                         
70011a74  __TI_ft_end                            
ffffffff  __TI_pprof_out_hndl                    
7000161c  __TI_printfi_nofloat                   
ffffffff  __TI_prof_data_size                    
ffffffff  __TI_prof_data_start                   
7000c5f0  __TI_rd_ok                             
7000d018  __TI_readmsg                           
70000000  __TI_static_base__                     
700697e4  __TI_tmpnams                           
7000d070  __TI_writemsg                          
7000b4f0  __TI_wrt_ok                            
70076d80  __UNDEFINED_STACK_END                  
00000100  __UNDEFINED_STACK_SIZE                 
70076c80  __UNDEFINED_STACK_START                
70012510  __aeabi_ctype_table_                   
70012510  __aeabi_ctype_table_C                  
70011aec  __aeabi_errno                          
70002244  __aeabi_errno_addr                     
7000e3a0  __aeabi_idiv0                          
7000e3b0  __aeabi_ldiv0                          
7000e170  __aeabi_memclr                         
7000e170  __aeabi_memclr4                        
7000e170  __aeabi_memclr8                        
7000566c  __aeabi_memcpy                         
7000566c  __aeabi_memcpy4                        
[...]
70007634  memalign                               
7000d668  memccpy                                
70008c14  open                                   
7006990c  parmbuf                                
7000e2b0  putchar                                
7000e3d0  putchar_                               
7000dae8  read                                   
70005668  remove                                 
7000cde0  sbl_jtag_uniflash_erase_all            
70006100  sbl_jtag_uniflash_load_file            
70008988  setvbuf                                
7000c504  snprintf                               
70006b24  strtol                                 
7000d6b0  unlink                                 
7000dcd0  vprintf_                               
7000e090  wcslen                                 
7000db1c  write                                  


GLOBAL SYMBOLS: SORTED BY Symbol Address 

address   name                                   
-------   ----                                   
00000100  __ABORT_STACK_SIZE                     
00000100  __FIQ_STACK_SIZE                       
00000100  __SVC_STACK_SIZE                       
00000100  __UNDEFINED_STACK_SIZE                 
00001000  __IRQ_STACK_SIZE                       
00004000  __STACK_SIZE                           
00008000  __SYSMEM_SIZE                          
70000000  __TI_static_base__                     
70000000  _vectors_sbl                           
70000100  MMCSD_open                             
7000161c  __TI_printfi_nofloat                   
70002244  __aeabi_errno_addr                     
70002e6c  _nop                                   
70002e70  OSPI_phyFindOTP1                       
70003758  C$$EXIT                                
70003758  abort                                  
700044fc  fseek                                  
70004500  Sciclient_service                      
700049c4  malloc                                 
700049d0  OSPI_phyFindOTP2                       
700052b0  DDR_init                               
70005664  ftell                                  
70005668  remove                                 
7000566c  __aeabi_memcpy                         
7000566c  __aeabi_memcpy4                        
7000566c  __aeabi_memcpy8                        
70005670  OSPI_open                              
70005a00  Bootloader_uniflashProcessFlashCommands
70006100  sbl_jtag_uniflash_load_file            
700066b0  TimerP_setup                           
70006b24  strtol                                 
70006d30  SOC_moduleSetClockFrequency            
70006f2c  __aeabi_uidiv                          
70006f2c  __udivsi3                              
700072b8  free                                   
70007480  LPDDR4_CheckCtlInterrupt               
70007634  aligned_alloc                          
70007634  memalign                               
700077f0  LPDDR4_AckCtlInterrupt                 
700079a0  OSPI_writeCmd                          
70007b30  OSPI_readCmd                           
70007cc0  MMCSD_write                            
70007fc0  Bootloader_MmcsdRaw_writeToOffset      
70008140  MMCSD_read                             
700082c0  ClockP_init                            
70008430  OSPI_writeIndirect                     
700086f0  OSPI_readDirect                        
70008840  main                                   
70008988  setvbuf                                
70008ad0  Bootloader_MmcsdRaw_readFromOffset     
70008c14  open                                   
70008d50  Sciclient_pmQueryModuleClkFreq         
70008f88  __udivmoddi4                           
700093d0  MMCSD_enableBootPartition              
700096e0  SemaphoreP_pend                        
700097e0  Pinmux_config                          
700098e0  Sciclient_pmSetModuleClkFreq           
700099d8  fopen                                  
70009cb0  Sciclient_init                         
70009d98  fputc                                  
70009f64  __TI_buff_read                         
7000a2f0  MMCSD_parseCSDSd                       
7000a3bc  getdevice                              
7000a490  OSPI_phyTuneDDR                        
7000a560  MMCSD_parseECSDEmmc                    
7000a620  Sciclient_pmGetModuleClkNumParent      
7000a6e0  ClockP_timerTickIsr                    
7000a7a0  SOC_moduleClockEnable                  
7000a854  __TI_closefile                         
7000a9d0  LPDDR4_Start                           
7000aa80  MMCSD_parseCIDEmmc                     
7000ab30  Sciclient_pmGetModuleState             
7000abe0  ftello                                 
7000ac90  fseeko                                 
7000ad40  MMCSD_init                             
7000aea0  OSPI_init                              
7000b098  HOSTrename                             
7000b140  Sciclient_pmGetModuleClkParent         
7000b280  MMCSD_parseCIDSd                       
7000b320  Sciclient_pmModuleGetClkStatus         
7000b3c0  AddrTranslateP_getLocalAddr            
7000b458  HOSTlseek                              
7000b4f0  __TI_wrt_ok                            
7000b590  Board_flashOpen                        
7000b624  HOSTopen                               
7000b6c0  OSPI_close                             
7000b760  OSPI_phyFindRxHigh                     
7000b800  OSPI_phyFindRxLow                      
7000b8a0  OSPI_phyFindTxHigh                     
7000b940  OSPI_phyFindTxLow                      
7000b9e0  Sciclient_pmSetModuleClkParent         
7000ba80  Sciclient_pmSetModuleState             
7000bb20  OSPI_setXferOpCodes                    
7000bbb0  Sciclient_getContext                   
7000bc40  Sciclient_pmModuleClkRequest           
7000bcd0  OSPI_phyResyncDLL                      
7000bd60  _DebugP_assert                         
7000bde8  HOSTread                               
7000be6c  HOSTwrite                              
7000c004  close                                  
7000c090  Flash_offsetToBlkPage                  
7000c110  LPDDR4_ReadReg                         
7000c190  __TI_doflush                           
7000c290  OSPI_phyReadAttackVector               
7000c310  Sciclient_pmSetModuleRst               
7000c390  ClockP_stop                            
7000c410  Drivers_mmcsdOpen                      
7000c490  Drivers_ospiOpen                       
7000c504  snprintf                               
7000c580  LPDDR4_WritePhyConfig                  
7000c5f0  __TI_rd_ok                             
7000c660  ClockP_construct                       
7000c6cc  HOSTunlink                             
7000c740  LPDDR4_WritePhyIndepConfig             
7000c7b0  OSPI_enablePhy                         
7000c81c  atoi                                   
7000c888  finddevice                             
7000c900  LPDDR4_WriteCtlConfig                  
7000c970  MMCSD_close                            
7000c9e0  OSPI_dmaOpen                           
7000ca50  ClockP_getTimeUsec                     
7000cb30  OSPI_phySetRdDelayTxRxDLL              
7000cb94  HOSTclose                              
7000cc00  _DebugP_logZone                        
7000cc60  ClockP_destruct                        
7000cd20  MMCSD_parseCSDEmmc                     
7000cd80  SemaphoreP_constructBinary             
7000cde0  sbl_jtag_uniflash_erase_all            
7000ce3c  __TI_auto_init_nobinit_nopinit         
7000cea0  LPDDR4_PollCtlIrq                      
7000cf00  OSPI_setXferLines                      
7000cf60  SemaphoreP_constructMutex              
7000cfc0  SemaphoreP_post                        
7000d018  __TI_readmsg                           
7000d070  __TI_writemsg                          
7000d0bc  C$$IO$$                                
7000d120  Dpl_init                               
7000d180  Flash_open                             
7000d2a0  OSPI_disablePhy                        
7000d2f4  __TI_cleanup                           
7000d348  exit                                   
7000d3a0  SOC_controlModuleUnlockMMR             
7000d3f0  ClockP_start                           
7000d440  OSPI_setDeviceSize                     
7000d48c  fclose                                 
7000d4e0  Drivers_close                          
7000d530  LPDDR4_EnablePIInitiator               
7000d620  Module_clockSetFrequency               
7000d668  memccpy                                
7000d6b0  unlink                                 
7000d750  MMCSD_getHandle                        
7000d7a0  OSPI_dmaCopy                           
7000d7f0  OSPI_getHandle                         
7000d840  ClockP_usleep                          
7000d8c0  MMCSD_parseSCRSd                       
7000d900  Module_clockEnable                     
7000d980  OSPI_dmaClose                          
7000d9c0  System_init                            
7000da00  Bootloader_socIsAuthRequired           
7000da40  SOC_controlModuleLockMMR               
7000da80  OSPI_setNumAddrBytes                   
7000dab4  lseek                                  
7000dae8  read                                   
7000db1c  write                                  
7000db50  DebugP_logZoneEnable                   
7000db80  OSPI_enableDacMode                     
7000dbb0  OSPI_setRdDataCaptureDelay             
7000dbe0  Sciclient_getCurrentContext            
7000dc70  LPDDR4_Init                            
7000dca0  TimerP_Params_init                     
7000dcd0  vprintf_                               
7000dd00  Board_driversClose                     
7000dd30  Flash_eraseBlk                         
7000dd60  Flash_getAttrs                         
7000dd90  Flash_getHandle                        
7000ddc0  Flash_read                             
7000ddf0  Flash_write                            
7000de20  OSPI_ReadCmdParams_init                
7000de50  OSPI_WriteCmdParams_init               
7000de80  OSPI_disablePhyPipeline                
7000deb0  OSPI_enableDDR                         
7000dee0  OSPI_enableSDR                         
7000df10  OSPI_setCmdDummyCycles                 
7000df40  OSPI_setReadDummyCycles                
7000df70  Pinmux_init                            
7000dfa0  Flash_close                            
7000dfd0  OSPI_Transaction_init                  
7000e000  _system_pre_init                       
7000e024  __aeabi_uldivmod                       
7000e050  LPDDR4_Probe                           
7000e070  MMCSD_getBlockSize                     
7000e090  wcslen                                 
7000e0b0  Flash_getPhyTuningOffset               
7000e0d0  OSPI_setDualOpCodeMode                 
7000e0f0  Sciclient_getDevId                     
7000e144  TI_memcpy_small                        
7000e160  __aeabi_memset                         
7000e160  __aeabi_memset4                        
7000e160  __aeabi_memset8                        
7000e170  __aeabi_memclr                         
7000e170  __aeabi_memclr4                        
7000e170  __aeabi_memclr8                        
7000e180  OSPI_phyGetTuningData                  
7000e1a0  TimerP_clearOverflowInt                
7000e1b8  TI_memset_small                        
7000e1d0  CSL_secProxyGetDataAddr                
7000e1f0  OSPI_getFlashDataBaseAddr              
7000e204  gets                                   
7000e230  ClockP_Params_init                     
7000e240  ClockP_isActive                        
7000e250  Drivers_open                           
7000e270  OSPI_setCmdExtType                     
7000e280  OSPI_setPhyEnableSuccess               
7000e290  PowerClock_init                        
7000e2a0  TimerP_start                           
7000e2b0  putchar                                
7000e2c0  OSPI_getXferLines                      
7000e2d0  OSPI_isDtrEnable                       
7000e2e0  OSPI_isPhyEnable                       
7000e300  CPS_UncachedRead32                     
7000e310  CPS_UncachedWrite32                    
7000e320  TimerP_getCount                        
7000e330  TimerP_getReloadCount                  
7000e340  Board_driversOpen                      
7000e350  ClockP_getTimerCount                   
7000e360  ClockP_timerClearOverflowInt           
7000e390  SemaphoreP_destruct                    
7000e3a0  __aeabi_idiv0                          
7000e3b0  __aeabi_ldiv0                          
7000e3d0  putchar_                               
7000e3e0  HwiP_enableInt                         
7000e420  HwiP_disableInt                        
7000e470  HwiP_restoreInt                        
7000e4f0  HwiP_clearInt                          
7000e520  HwiP_post                              
7000e550  HwiP_Params_init                       
7000e570  HwiP_construct                         
7000e720  HwiP_destruct                          
7000e820  HwiP_init                              
7000e930  HwiP_inISR                             
7000e950  HwiP_irq_handler_c                     
7000ea00  HwiP_fiq_handler                       
7000ead0  HwiP_reserved_handler                  
7000eb00  HwiP_undefined_handler                 
7000eb30  HwiP_svc_handler                       
7000eb60  HwiP_prefetch_abort_handler            
7000eb90  HwiP_data_abort_handler                
7000ebc0  HwiP_irq_handler                       
7000ec38  HwiP_disable                           
7000ec48  HwiP_disableFIQ                        
7000ec58  HwiP_enable                            
7000ec68  HwiP_enableFIQ                         
7000ec78  HwiP_restore                           
7000ec80  HwiP_enableVIC                         
7000ec90  HwiP_disableVIC                        
7000eca0  HwiP_getCPSR                           
7000ecb0  CacheP_disableL1d                      
7000ecd8  CacheP_disableL1p                      
7000ecf0  CacheP_enableL1d                       
7000ed08  CacheP_enableL1p                       
7000ed20  CacheP_invL1d                          
7000ed58  CacheP_invL1p                          
7000ed94  CacheP_invL1dAll                       
7000ed9c  CacheP_invL1pAll                       
7000eda4  CacheP_wb                              
7000ede0  CacheP_wbInv                           
7000ee1c  CacheP_wbAll                           
7000eec4  CacheP_wbInvAll                        
7000eedc  CacheP_wbInvAllAsm                     
7000ef7c  CacheP_getEnabled                      
7000efb4  CacheP_getCacheLevelInfo               
7000efc0  CacheP_configForceWrThru               
7000efe0  CacheP_setDLFO                         
7000eff0  CacheP_init                            
7000f090  CacheP_disable                         
7000f0e0  CacheP_enable                          
7000f110  CacheP_inv                             
7000f150  MpuP_RegionAttrs_init                  
7000f170  MpuP_setRegion                         
7000f250  MpuP_enable                            
7000f2a0  MpuP_disable                           
7000f2f0  MpuP_isEnable                          
7000f300  MpuP_init                              
7000f3a0  MpuP_disableAsm                        
7000f3b8  MpuP_disableBRAsm                      
7000f3c8  MpuP_enableAsm                         
7000f3e0  MpuP_enableBRAsm                       
7000f3f0  MpuP_isEnableAsm                       
7000f404  MpuP_setRegionAsm                      
7000f420  _c_int00_sbl                           
7000f444  _c_int00                               
7000f520  _DebugP_assertNoLog                    
7000f560  __mpu_init                             
7000f570  DDRSS_phyReg                           
7000f570  gOspiDmaConfig                         
7000fd5c  DDRSS_ctlReg                           
700103f8  DDRSS_phyIndepReg                      
7001095c  DDRSS_phyRegNum                        
70010d52  DDRSS_ctlRegNum                        
700110a0  DDRSS_phyIndepRegNum                   
70011354  _ftable                                
70011444  gMainMenu                              
7001173c  _device                                
70011814  _stream                                
70011864  gMpuRegionConfig                       
70011904  gFlashNorXspiDeviceDefines_S28HS512T   
700119b8  gFlashNorXspiAttrs_S28HS512T           
700119e0  gPhyTuneWindowParamsGTE133             
70011a08  gPhyTuneWindowParamsLT133              
70011a30  gSocModulesClockFrequency              
70011a74  __TI_ft_end                            
70011a78  gSciclientSecProxyCfg                  
70011a98  gSocModules                            
70011ab4  gClockConfig                           
70011ac8  gFlashNorXspiFxns                      
70011adc  gFlashConfig                           
70011aec  __aeabi_errno                          
70011af0  gAddrTranslateConfig                   
70011afc  gMpuConfig                             
70011b08  __TI_cleanup_ptr                       
70011b0c  __TI_dtors_ptr                         
70011b10  gCacheConfig                           
70011b18  gMmcsdConfig                           
70011b20  gMmcsdParams                           
70011b28  gOspiConfig                            
70011b38  _lock                                  
70011b3c  _unlock                                
70011b40  gCacheL1dCacheLineSize                 
70011b44  gCacheL1pCacheLineSize                 
70011b48  gDebugLogZone                          
70011b4c  gFlashConfigNum                        
70011b50  gHwiConfig                             
70011b54  gMmcsdConfigNum                        
70011b58  gOspiConfigNum                         
70011b5c  gOspiDmaConfigNum                      
70011b60  gOspiParams                            
70011b64  gPhyTuneWindowParams                   
700122d8  gSciclientMap                          
70012510  __aeabi_ctype_table_                   
70012510  __aeabi_ctype_table_C                  
70060000  __BSS_START                            
70060000  __start___llvm_prf_cnts                
70060000  __stop___llvm_prf_cnts                 
70060000  gVerifyBuf                             
70068000  gHwiCtrl                               
700696c4  __CIOBUF_                              
700697e4  __TI_tmpnams                           
70069888  gClockCtrl                             
700698f4  gADMA2Desc                             
70069900  gFlashObject_S28HS512T                 
7006990c  parmbuf                                
70069914  gFlashHandle                           
70069918  gMmcsdHandle                           
7006991c  gOspiHandle                            
70069980  __BSS_END                              
70069980  _sys_memory                            
70071980  __stack                                
70075980  __IRQ_STACK_START                      
70075980  __STACK_END                            
70076980  __FIQ_STACK_START                      
70076980  __IRQ_STACK_END                        
70076a80  __FIQ_STACK_END                        
70076a80  __SVC_STACK_START                      
70076b80  __ABORT_STACK_START                    
70076b80  __SVC_STACK_END                        
70076c80  __ABORT_STACK_END                      
70076c80  __UNDEFINED_STACK_START                
70076d80  __UNDEFINED_STACK_END                  
80000000  gFileBuf                               
ffffffff  __TI_pprof_out_hndl                    
ffffffff  __TI_prof_data_size                    
ffffffff  __TI_prof_data_start                   
ffffffff  __binit__                              
ffffffff  binit                                  
UNDEFED   __TI_CINIT_Base                        
UNDEFED   __TI_CINIT_Limit                       
UNDEFED   __TI_Handler_Table_Base                
UNDEFED   __TI_Handler_Table_Limit               
UNDEFED   _system_post_cinit                     

[379 symbols]
