******************************************************************************
            TI ARM Clang Linker Unix v1.3.0                    
******************************************************************************
>> Linked Fri Mar 25 02:52:16 2022

OUTPUT FILE NAME:   <sbl_uart_uniflash.release.out>
ENTRY POINT SYMBOL: "_vectors_sbl"  address: 70000000


MEMORY CONFIGURATION

         name            origin    length      used     unused   attr    fill
----------------------  --------  ---------  --------  --------  ----  --------
  R5F_VECS              00000000   00000040  00000000  00000040  RWIX
  R5F_TCMA              00000040   00007fc0  00000000  00007fc0  RWIX
  R5F_TCMB0             41010000   00008000  00000000  00008000  RWIX
  MSRAM_VECS            70000000   00000100  00000040  000000c0  RWIX
  MSRAM_0               70000100   0007ff00  00012db0  0006d150  RWIX
  MSRAM_1               70080000   00018000  00016e80  00001180  RWIX
  DDR                   80000000   00800000  00800000  00000000  RWIX


SEGMENT ALLOCATION MAP

run origin  load origin   length   init length attrs members
----------  ----------- ---------- ----------- ----- -------
70000000    70000000    00000040   00000040    r-x
  70000000    70000000    00000040   00000040    r-x .vectors
70000100    70000100    0000f9d0   0000f9d0    r-x
  70000100    70000100    0000e840   0000e840    r-x .text
  7000e940    7000e940    000008d0   000008d0    r-x .text.hwi
  7000f210    7000f210    000004a0   000004a0    r-x .text.cache
  7000f6b0    7000f6b0    000002d0   000002d0    r-x .text.mpu
  7000f980    7000f980    00000150   00000150    r-x .text.boot
7000fad0    7000fad0    000024a8   000024a8    rw-
  7000fad0    7000fad0    000024a8   000024a8    rw- .data
70011f80    70011f80    00000f30   00000f30    r--
  70011f80    70011f80    00000f30   00000f30    r-- .rodata
70080000    70080000    00015a80   00000000    rw-
  70080000    70080000    00009a80   00000000    rw- .bss
  70089a80    70089a80    00008000   00000000    rw- .sysmem
  70091a80    70091a80    00004000   00000000    rw- .stack
70095a80    70095a80    00001400   00000000    r--
  70095a80    70095a80    00001000   00000000    r-- .irqstack
  70096a80    70096a80    00000100   00000000    r-- .fiqstack
  70096b80    70096b80    00000100   00000000    r-- .svcstack
  70096c80    70096c80    00000100   00000000    r-- .abortstack
  70096d80    70096d80    00000100   00000000    r-- .undefinedstack


SECTION ALLOCATION MAP

 output                                  attributes/
section   page    origin      length       input sections
--------  ----  ----------  ----------   ----------------
.vectors   0    70000000    00000040     
                  70000000    00000040     nortos.am64x.r5f.ti-arm-clang.release.lib : HwiP_armv7r_vectors_nortos_sbl_asm.obj (.vectors)

.text      0    70000100    0000e840     
                  70000100    0000151c     drivers.am64x.r5f.ti-arm-clang.release.lib : mmcsd_v0.obj (.text.MMCSD_open)
                  7000161c    00000c28     libc.a : _printfi.c.obj (.text:__TI_printfi_nofloat)
                  70002244    0000000c            : aeabi_portable.c.obj (.text.__aeabi_errno_addr)
                  70002250    00000c1c     drivers.am64x.r5f.ti-arm-clang.release.lib : mmcsd_v0.obj (.text.MMCSD_transfer)
                  70002e6c    00000004     libclang_rt.builtins.a : aeabi_memcpy.S.obj (.text)
                  70002e70    000008e8     drivers.am64x.r5f.ti-arm-clang.release.lib : ospi_phy.obj (.text.OSPI_phyFindOTP1)
                  70003758    00000008     libc.a : exit.c.obj (.text:abort)
                  70003760    00000860     nortos.am64x.r5f.ti-arm-clang.release.lib : printf.obj (.text._vsnprintf)
                  70003fc0    00000550     drivers.am64x.r5f.ti-arm-clang.release.lib : uart_v0.obj (.text.UART_open)
                  70004510    0000053c     board.am64x.r5f.ti-arm-clang.release.lib : flash_nor_xspi.obj (.text.Flash_norXspiOpen)
                  70004a4c    00000004     --HOLE-- [fill = 0]
                  70004a50    000004c4     drivers.am64x.r5f.ti-arm-clang.release.lib : sciclient.obj (.text.Sciclient_service)
                  70004f14    0000000c     --HOLE-- [fill = 0]
                  70004f20    00000490                                                : ospi_phy.obj (.text.OSPI_phyFindOTP2)
                  700053b0    00000450     nortos.am64x.r5f.ti-arm-clang.release.lib : printf.obj (.text._ftoa)
                  70005800    000003fc     drivers.am64x.r5f.ti-arm-clang.release.lib : uart_v0.obj (.text.UART_read)
                  70005bfc    00000004     --HOLE-- [fill = 0]
                  70005c00    000003b4                                                : ddr.obj (.text.DDR_init)
                  70005fb4    0000000c     --HOLE-- [fill = 0]
                  70005fc0    00000390                                                : ospi_v0.obj (.text.OSPI_open)
                  70006350    00000388                                                : bootloader_uniflash.obj (.text.Bootloader_uniflashProcessFlashCommands)
                  700066d8    00000008     --HOLE-- [fill = 0]
                  700066e0    00000370     nortos.am64x.r5f.ti-arm-clang.release.lib : printf.obj (.text._etoa)
                  70006a50    0000036c     drivers.am64x.r5f.ti-arm-clang.release.lib : uart_v0.obj (.text.UART_masterIsr)
                  70006dbc    00000004     --HOLE-- [fill = 0]
                  70006dc0    00000320                                                : xmodem.obj (.text.xmodemReceive)
                  700070e0    000002f4                                                : xmodem.obj (.text.xmodemTransmit)
                  700073d4    0000000c     --HOLE-- [fill = 0]
                  700073e0    000002cc                                                : uart_v0.obj (.text.UART_write)
                  700076ac    00000004     --HOLE-- [fill = 0]
                  700076b0    000002b4                                                : uart_v0.obj (.text.UART_fifoConfig)
                  70007964    0000000c     --HOLE-- [fill = 0]
                  70007970    00000260     nortos.am64x.r5f.ti-arm-clang.release.lib : TimerP.obj (.text.TimerP_setup)
                  70007bd0    00000214                                               : printf.obj (.text._ntoa_format)
                  70007de4    0000000c     --HOLE-- [fill = 0]
                  70007df0    000001fc     drivers.am64x.r5f.ti-arm-clang.release.lib : soc.obj (.text.SOC_moduleSetClockFrequency)
                  70007fec    000001d0     libclang_rt.builtins.a : udivsi3.S.obj (.text)
                  700081bc    00000004     --HOLE-- [fill = 0]
                  700081c0    000001b8     drivers.am64x.r5f.ti-arm-clang.release.lib : uart_v0.obj (.text.UART_close)
                  70008378    00000008     --HOLE-- [fill = 0]
                  70008380    000001b4                                                : lpddr4_16bit.obj (.text.LPDDR4_CheckCtlInterrupt)
                  70008534    0000000c     --HOLE-- [fill = 0]
                  70008540    000001ac                                                : lpddr4_16bit.obj (.text.LPDDR4_AckCtlInterrupt)
                  700086ec    00000004     --HOLE-- [fill = 0]
                  700086f0    00000188                                                : ospi_v0.obj (.text.OSPI_writeCmd)
                  70008878    00000008     --HOLE-- [fill = 0]
                  70008880    00000184                                                : ospi_v0.obj (.text.OSPI_readCmd)
                  70008a04    0000000c     --HOLE-- [fill = 0]
                  70008a10    00000180                                                : mmcsd_v0.obj (.text.MMCSD_write)
                  70008b90    0000017c     board.am64x.r5f.ti-arm-clang.release.lib : flash_nor_xspi.obj (.text.Flash_norXspiWrite)
                  70008d0c    00000004     --HOLE-- [fill = 0]
                  70008d10    00000174     drivers.am64x.r5f.ti-arm-clang.release.lib : bootloader_mmcsd_raw.obj (.text.Bootloader_MmcsdRaw_writeToOffset)
                  70008e84    0000000c     --HOLE-- [fill = 0]
                  70008e90    00000174                                                : mmcsd_v0.obj (.text.MMCSD_read)
                  70009004    0000000c     --HOLE-- [fill = 0]
                  70009010    0000016c     nortos.am64x.r5f.ti-arm-clang.release.lib : ClockP_nortos_r5.obj (.text.ClockP_init)
                  7000917c    00000004     --HOLE-- [fill = 0]
                  70009180    00000168     drivers.am64x.r5f.ti-arm-clang.release.lib : ospi_v0.obj (.text.OSPI_writeIndirect)
                  700092e8    00000008     --HOLE-- [fill = 0]
                  700092f0    0000014c                                                : bootloader_uniflash.obj (.text.Bootloader_uniflashFlashOrVerifyXipFile)
                  7000943c    00000004     --HOLE-- [fill = 0]
                  70009440    00000148                                                : ospi_v0.obj (.text.OSPI_readDirect)
                  70009588    00000008     --HOLE-- [fill = 0]
                  70009590    00000144                                                : bootloader_mmcsd_raw.obj (.text.Bootloader_MmcsdRaw_readFromOffset)
                  700096d4    0000000c     --HOLE-- [fill = 0]
                  700096e0    00000124                                                : uart_v0.obj (.text.UART_divisorLatchWrite)
                  70009804    0000000c     --HOLE-- [fill = 0]
                  70009810    0000011c                                                : sciclient_pm.obj (.text.Sciclient_pmQueryModuleClkFreq)
                  7000992c    00000004     --HOLE-- [fill = 0]
                  70009930    00000118     board.am64x.r5f.ti-arm-clang.release.lib : flash_nor_xspi.obj (.text.Flash_norXspiErase)
                  70009a48    00000118     libclang_rt.builtins.a : udivmoddi4.S.obj (.text)
                  70009b60    00000114     drivers.am64x.r5f.ti-arm-clang.release.lib : uart_v0.obj (.text.UART_procLineStatusErr)
                  70009c74    0000000c     --HOLE-- [fill = 0]
                  70009c80    00000110                                                : mmcsd_v0.obj (.text.MMCSD_halSetBusFreq)
                  70009d90    0000010c                                                : bootloader_uniflash.obj (.text.Bootloader_uniflashFlashVerifyFile)
                  70009e9c    00000004     --HOLE-- [fill = 0]
                  70009ea0    00000108                                                : bootloader_uniflash.obj (.text.Bootloader_uniflashFlashVerifyFileMMCSDRaw)
                  70009fa8    00000008     --HOLE-- [fill = 0]
                  70009fb0    00000108                                                : mmcsd_v0.obj (.text.MMCSD_enableBootPartition)
                  7000a0b8    00000008     --HOLE-- [fill = 0]
                  7000a0c0    00000100     board.am64x.r5f.ti-arm-clang.release.lib : flash_nor_xspi.obj (.text.Flash_norXspiWaitReady)
                  7000a1c0    00000100     drivers.am64x.r5f.ti-arm-clang.release.lib : mmcsd_v0.obj (.text.MMCSD_phyConfigure)
                  7000a2c0    00000100     nortos.am64x.r5f.ti-arm-clang.release.lib : SemaphoreP_nortos.obj (.text.SemaphoreP_pend)
                  7000a3c0    000000f8     drivers.am64x.r5f.ti-arm-clang.release.lib : pinmux.obj (.text.Pinmux_config)
                  7000a4b8    00000008     --HOLE-- [fill = 0]
                  7000a4c0    000000f8                                                : sciclient_pm.obj (.text.Sciclient_pmSetModuleClkFreq)
                  7000a5b8    00000008     --HOLE-- [fill = 0]
                  7000a5c0    000000f4                                                : uart_v0.obj (.text.UART_flushTxFifo)
                  7000a6b4    0000000c     --HOLE-- [fill = 0]
                  7000a6c0    000000f0                                                : uart_v0.obj (.text.UART_readCancelNoCB)
                  7000a7b0    000000ec     nortos.am64x.r5f.ti-arm-clang.release.lib : printf.obj (.text._out_rev)
                  7000a89c    00000004     --HOLE-- [fill = 0]
                  7000a8a0    000000e8     board.am64x.r5f.ti-arm-clang.release.lib : flash_nor_xspi.obj (.text.Flash_norXspiReadId)
                  7000a988    00000008     --HOLE-- [fill = 0]
                  7000a990    000000e8     drivers.am64x.r5f.ti-arm-clang.release.lib : sciclient.obj (.text.Sciclient_init)
                  7000aa78    00000008     --HOLE-- [fill = 0]
                  7000aa80    000000e4                                                : bootloader_uniflash.obj (.text.Bootloader_uniflashFlashFile)
                  7000ab64    0000000c     --HOLE-- [fill = 0]
                  7000ab70    000000e4     nortos.am64x.r5f.ti-arm-clang.release.lib : printf.obj (.text._ntoa_long_long)
                  7000ac54    0000000c     --HOLE-- [fill = 0]
                  7000ac60    000000dc     drivers.am64x.r5f.ti-arm-clang.release.lib : sciclient.obj (.text.Sciclient_sendMessage)
                  7000ad3c    00000004     --HOLE-- [fill = 0]
                  7000ad40    000000d8     main.obj (.text.main)
                  7000ae18    00000008     --HOLE-- [fill = 0]
                  7000ae20    000000d0     board.am64x.r5f.ti-arm-clang.release.lib : flash_nor_xspi.obj (.text.Flash_norXspiRegWrite)
                  7000aef0    000000cc     drivers.am64x.r5f.ti-arm-clang.release.lib : mmcsd_priv.obj (.text.MMCSD_parseCSDSd)
                  7000afbc    00000004     --HOLE-- [fill = 0]
                  7000afc0    000000c4                                                : ospi_phy.obj (.text.OSPI_phyTuneDDR)
                  7000b084    0000000c     --HOLE-- [fill = 0]
                  7000b090    000000c0                                                : mmcsd_priv.obj (.text.MMCSD_parseECSDEmmc)
                  7000b150    000000c0                                                : uart_v0.obj (.text.UART_init)
                  7000b210    000000b8                                                : sciclient_pm.obj (.text.Sciclient_pmGetModuleClkNumParent)
                  7000b2c8    00000008     --HOLE-- [fill = 0]
                  7000b2d0    000000b4     nortos.am64x.r5f.ti-arm-clang.release.lib : ClockP_nortos.obj (.text.ClockP_timerTickIsr)
                  7000b384    0000000c     --HOLE-- [fill = 0]
                  7000b390    000000b4     drivers.am64x.r5f.ti-arm-clang.release.lib : soc.obj (.text.SOC_moduleClockEnable)
                  7000b444    0000000c     --HOLE-- [fill = 0]
                  7000b450    000000b4                                                : uart_v0.obj (.text.UART_writeCancelNoCB)
                  7000b504    0000000c     --HOLE-- [fill = 0]
                  7000b510    000000b4     nortos.am64x.r5f.ti-arm-clang.release.lib : printf.obj (.text._ntoa_long)
                  7000b5c4    0000000c     --HOLE-- [fill = 0]
                  7000b5d0    000000b0     drivers.am64x.r5f.ti-arm-clang.release.lib : lpddr4.obj (.text.LPDDR4_Start)
                  7000b680    000000b0                                                : mmcsd_priv.obj (.text.MMCSD_parseCIDEmmc)
                  7000b730    000000b0                                                : sciclient_pm.obj (.text.Sciclient_pmGetModuleState)
                  7000b7e0    000000a8                                                : mmcsd_v0.obj (.text.MMCSD_init)
                  7000b888    00000008     --HOLE-- [fill = 0]
                  7000b890    000000a8                                                : mmcsd_v0.obj (.text.MMCSD_isReadyForTransfer)
                  7000b938    00000008     --HOLE-- [fill = 0]
                  7000b940    000000a8                                                : ospi_v0.obj (.text.OSPI_init)
                  7000b9e8    00000008     --HOLE-- [fill = 0]
                  7000b9f0    000000a4                                                : mmcsd_v0.obj (.text.MMCSD_phyInit)
                  7000ba94    0000000c     --HOLE-- [fill = 0]
                  7000baa0    000000a0                                                : sciclient_pm.obj (.text.Sciclient_pmGetModuleClkParent)
                  7000bb40    0000009c     board.am64x.r5f.ti-arm-clang.release.lib : flash_nor_xspi.obj (.text.Flash_norXspiRead)
                  7000bbdc    00000004     --HOLE-- [fill = 0]
                  7000bbe0    0000009c     drivers.am64x.r5f.ti-arm-clang.release.lib : mmcsd_priv.obj (.text.MMCSD_parseCIDSd)
                  7000bc7c    00000004     --HOLE-- [fill = 0]
                  7000bc80    0000009c                                                : sciclient_pm.obj (.text.Sciclient_pmModuleGetClkStatus)
                  7000bd1c    00000004     --HOLE-- [fill = 0]
                  7000bd20    00000098     nortos.am64x.r5f.ti-arm-clang.release.lib : AddrTranslateP.obj (.text.AddrTranslateP_getLocalAddr)
                  7000bdb8    00000008     --HOLE-- [fill = 0]
                  7000bdc0    00000094     ti_board_open_close.obj (.text.Board_flashOpen)
                  7000be54    0000000c     --HOLE-- [fill = 0]
                  7000be60    00000094     drivers.am64x.r5f.ti-arm-clang.release.lib : ospi_v0.obj (.text.OSPI_close)
                  7000bef4    0000000c     --HOLE-- [fill = 0]
                  7000bf00    00000094                                                : ospi_phy.obj (.text.OSPI_phyFindRxHigh)
                  7000bf94    0000000c     --HOLE-- [fill = 0]
                  7000bfa0    00000094                                                : ospi_phy.obj (.text.OSPI_phyFindRxLow)
                  7000c034    0000000c     --HOLE-- [fill = 0]
                  7000c040    00000094                                                : ospi_phy.obj (.text.OSPI_phyFindTxHigh)
                  7000c0d4    0000000c     --HOLE-- [fill = 0]
                  7000c0e0    00000094                                                : ospi_phy.obj (.text.OSPI_phyFindTxLow)
                  7000c174    0000000c     --HOLE-- [fill = 0]
                  7000c180    00000094                                                : sciclient_pm.obj (.text.Sciclient_pmSetModuleClkParent)
                  7000c214    0000000c     --HOLE-- [fill = 0]
                  7000c220    00000094                                                : sciclient_pm.obj (.text.Sciclient_pmSetModuleState)
                  7000c2b4    0000000c     --HOLE-- [fill = 0]
                  7000c2c0    00000090                                                : sciclient.obj (.text.Sciclient_waitForBootNotification)
                  7000c350    0000008c                                                : ospi_v0.obj (.text.OSPI_setXferOpCodes)
                  7000c3dc    00000004     --HOLE-- [fill = 0]
                  7000c3e0    0000008c                                                : sciclient_soc_priv.obj (.text.Sciclient_getContext)
                  7000c46c    00000004     --HOLE-- [fill = 0]
                  7000c470    0000008c                                                : sciclient_pm.obj (.text.Sciclient_pmModuleClkRequest)
                  7000c4fc    00000004     --HOLE-- [fill = 0]
                  7000c500    00000088                                                : ospi_phy.obj (.text.OSPI_phyResyncDLL)
                  7000c588    00000008     --HOLE-- [fill = 0]
                  7000c590    00000088                                                : uart_dma.obj (.text.UART_dmaDisableChannel)
                  7000c618    00000008     --HOLE-- [fill = 0]
                  7000c620    00000088     nortos.am64x.r5f.ti-arm-clang.release.lib : DebugP_log.obj (.text._DebugP_assert)
                  7000c6a8    00000008     --HOLE-- [fill = 0]
                  7000c6b0    00000084     drivers.am64x.r5f.ti-arm-clang.release.lib : mmcsd_v0.obj (.text.MMCSD_cmdStatusPollingFxn)
                  7000c734    0000000c     --HOLE-- [fill = 0]
                  7000c740    00000084                                                : mmcsd_v0.obj (.text.MMCSD_halSendCommand)
                  7000c7c4    0000000c     --HOLE-- [fill = 0]
                  7000c7d0    00000080     board.am64x.r5f.ti-arm-clang.release.lib : flash.obj (.text.Flash_offsetToBlkPage)
                  7000c850    00000080     drivers.am64x.r5f.ti-arm-clang.release.lib : lpddr4.obj (.text.LPDDR4_ReadReg)
                  7000c8d0    00000080                                                : uart_dma.obj (.text.UART_dmaClose)
                  7000c950    0000007c     nortos.am64x.r5f.ti-arm-clang.release.lib : ClockP_nortos.obj (.text.ClockP_addToList)
                  7000c9cc    00000004     --HOLE-- [fill = 0]
                  7000c9d0    00000078     drivers.am64x.r5f.ti-arm-clang.release.lib : ospi_phy.obj (.text.OSPI_phyReadAttackVector)
                  7000ca48    00000008     --HOLE-- [fill = 0]
                  7000ca50    00000078                                                : sciclient_pm.obj (.text.Sciclient_pmSetModuleRst)
                  7000cac8    00000008     --HOLE-- [fill = 0]
                  7000cad0    00000074     nortos.am64x.r5f.ti-arm-clang.release.lib : ClockP_nortos.obj (.text.ClockP_stop)
                  7000cb44    0000000c     --HOLE-- [fill = 0]
                  7000cb50    00000074     ti_drivers_open_close.obj (.text.Drivers_mmcsdOpen)
                  7000cbc4    0000000c     --HOLE-- [fill = 0]
                  7000cbd0    00000074     ti_drivers_open_close.obj (.text.Drivers_ospiOpen)
                  7000cc44    0000000c     --HOLE-- [fill = 0]
                  7000cc50    00000074     ti_drivers_open_close.obj (.text.Drivers_uartOpen)
                  7000ccc4    00000074     libc.a : snprintf.c.obj (.text.snprintf)
                  7000cd38    00000008     --HOLE-- [fill = 0]
                  7000cd40    00000070     drivers.am64x.r5f.ti-arm-clang.release.lib : lpddr4.obj (.text.LPDDR4_WritePhyConfig)
                  7000cdb0    00000070                                                : bootloader_xmodem.obj (.text._inbyte)
                  7000ce20    0000006c     nortos.am64x.r5f.ti-arm-clang.release.lib : ClockP_nortos.obj (.text.ClockP_construct)
                  7000ce8c    00000004     --HOLE-- [fill = 0]
                  7000ce90    0000006c     drivers.am64x.r5f.ti-arm-clang.release.lib : lpddr4.obj (.text.LPDDR4_WritePhyIndepConfig)
                  7000cefc    00000004     --HOLE-- [fill = 0]
                  7000cf00    0000006c                                                : ospi_v0.obj (.text.OSPI_enablePhy)
                  7000cf6c    0000006c     libc.a : atoi.c.obj (.text.atoi)
                  7000cfd8    00000008     --HOLE-- [fill = 0]
                  7000cfe0    00000068     drivers.am64x.r5f.ti-arm-clang.release.lib : lpddr4.obj (.text.LPDDR4_WriteCtlConfig)
                  7000d048    00000008     --HOLE-- [fill = 0]
                  7000d050    00000068                                                : mmcsd_v0.obj (.text.MMCSD_close)
                  7000d0b8    00000008     --HOLE-- [fill = 0]
                  7000d0c0    00000068                                                : ospi_dma.obj (.text.OSPI_dmaOpen)
                  7000d128    00000008     --HOLE-- [fill = 0]
                  7000d130    00000068                                                : uart_dma.obj (.text.UART_dmaOpen)
                  7000d198    00000008     --HOLE-- [fill = 0]
                  7000d1a0    00000064     nortos.am64x.r5f.ti-arm-clang.release.lib : ClockP_nortos.obj (.text.ClockP_getTimeUsec)
                  7000d204    0000000c     --HOLE-- [fill = 0]
                  7000d210    00000064     drivers.am64x.r5f.ti-arm-clang.release.lib : mmcsd_v0.obj (.text.MMCSD_halSetBusWidth)
                  7000d274    0000000c     --HOLE-- [fill = 0]
                  7000d280    00000064                                                : ospi_phy.obj (.text.OSPI_phySetRdDelayTxRxDLL)
                  7000d2e4    0000000c     --HOLE-- [fill = 0]
                  7000d2f0    00000060     nortos.am64x.r5f.ti-arm-clang.release.lib : DebugP_nortos.obj (.text._DebugP_logZone)
                  7000d350    0000005c                                               : ClockP_nortos.obj (.text.ClockP_destruct)
                  7000d3ac    00000004     --HOLE-- [fill = 0]
                  7000d3b0    0000005c     drivers.am64x.r5f.ti-arm-clang.release.lib : mmcsd_v0.obj (.text.MMCSD_halBusPower)
                  7000d40c    00000004     --HOLE-- [fill = 0]
                  7000d410    0000005c                                                : mmcsd_priv.obj (.text.MMCSD_parseCSDEmmc)
                  7000d46c    00000004     --HOLE-- [fill = 0]
                  7000d470    0000005c     nortos.am64x.r5f.ti-arm-clang.release.lib : SemaphoreP_nortos.obj (.text.SemaphoreP_constructBinary)
                  7000d4cc    0000005c     libc.a : autoinit.c.obj (.text:__TI_auto_init_nobinit_nopinit)
                  7000d528    00000008     --HOLE-- [fill = 0]
                  7000d530    00000058     drivers.am64x.r5f.ti-arm-clang.release.lib : lpddr4.obj (.text.LPDDR4_PollCtlIrq)
                  7000d588    00000008     --HOLE-- [fill = 0]
                  7000d590    00000058                                                : ospi_v0.obj (.text.OSPI_setXferLines)
                  7000d5e8    00000008     --HOLE-- [fill = 0]
                  7000d5f0    00000058     nortos.am64x.r5f.ti-arm-clang.release.lib : SemaphoreP_nortos.obj (.text.SemaphoreP_constructMutex)
                  7000d648    00000008     --HOLE-- [fill = 0]
                  7000d650    00000058                                               : SemaphoreP_nortos.obj (.text.SemaphoreP_post)
                  7000d6a8    00000008     --HOLE-- [fill = 0]
                  7000d6b0    00000058     drivers.am64x.r5f.ti-arm-clang.release.lib : bootloader_xmodem.obj (.text._outbyte)
                  7000d708    00000058     libc.a : snprintf.c.obj (.text._outs)
                  7000d760    00000054     ti_dpl_config.obj (.text.Dpl_init)
                  7000d7b4    0000000c     --HOLE-- [fill = 0]
                  7000d7c0    00000054     board.am64x.r5f.ti-arm-clang.release.lib : flash.obj (.text.Flash_open)
                  7000d814    0000000c     --HOLE-- [fill = 0]
                  7000d820    00000054     drivers.am64x.r5f.ti-arm-clang.release.lib : mmcsd_v0.obj (.text.MMCSD_halCmdResponseGet)
                  7000d874    0000000c     --HOLE-- [fill = 0]
                  7000d880    00000054                                                : mmcsd_v0.obj (.text.MMCSD_halSoftReset)
                  7000d8d4    0000000c     --HOLE-- [fill = 0]
                  7000d8e0    00000054                                                : ospi_v0.obj (.text.OSPI_disablePhy)
                  7000d934    0000000c     --HOLE-- [fill = 0]
                  7000d940    00000050                                                : soc.obj (.text.SOC_controlModuleUnlockMMR)
                  7000d990    0000004c                                                : bootloader_xmodem.obj (.text.Bootloader_xmodemReceive)
                  7000d9dc    00000004     --HOLE-- [fill = 0]
                  7000d9e0    0000004c                                                : bootloader_xmodem.obj (.text.Bootloader_xmodemTransmit)
                  7000da2c    00000004     --HOLE-- [fill = 0]
                  7000da30    0000004c     nortos.am64x.r5f.ti-arm-clang.release.lib : ClockP_nortos.obj (.text.ClockP_start)
                  7000da7c    00000004     --HOLE-- [fill = 0]
                  7000da80    0000004c     drivers.am64x.r5f.ti-arm-clang.release.lib : ospi_v0.obj (.text.OSPI_setDeviceSize)
                  7000dacc    00000004     --HOLE-- [fill = 0]
                  7000dad0    00000048                                                : lpddr4_16bit.obj (.text.LPDDR4_EnablePIInitiator)
                  7000db18    00000008     --HOLE-- [fill = 0]
                  7000db20    00000048                                                : mmcsd_v0.obj (.text.MMCSD_halLinesResetCmd)
                  7000db68    00000008     --HOLE-- [fill = 0]
                  7000db70    00000048                                                : mmcsd_v0.obj (.text.MMCSD_halLinesResetDat)
                  7000dbb8    00000008     --HOLE-- [fill = 0]
                  7000dbc0    00000048     ti_power_clock_config.obj (.text.Module_clockSetFrequency)
                  7000dc08    00000048     libc.a : memccpy.c.obj (.text.memccpy)
                  7000dc50    00000044     nortos.am64x.r5f.ti-arm-clang.release.lib : ClockP_nortos.obj (.text.ClockP_sleepTicks)
                  7000dc94    0000000c     --HOLE-- [fill = 0]
                  7000dca0    00000044     drivers.am64x.r5f.ti-arm-clang.release.lib : mmcsd_v0.obj (.text.MMCSD_getHandle)
                  7000dce4    0000000c     --HOLE-- [fill = 0]
                  7000dcf0    00000044                                                : ospi_dma.obj (.text.OSPI_dmaCopy)
                  7000dd34    0000000c     --HOLE-- [fill = 0]
                  7000dd40    00000044                                                : ospi_v0.obj (.text.OSPI_getHandle)
                  7000dd84    0000000c     --HOLE-- [fill = 0]
                  7000dd90    00000044                                                : uart_v0.obj (.text.UART_getHandle)
                  7000ddd4    0000000c     --HOLE-- [fill = 0]
                  7000dde0    00000040     nortos.am64x.r5f.ti-arm-clang.release.lib : ClockP_nortos.obj (.text.ClockP_usleep)
                  7000de20    00000040     drivers.am64x.r5f.ti-arm-clang.release.lib : ddr.obj (.text.DDR_setFreq)
                  7000de60    00000040                                                : mmcsd_priv.obj (.text.MMCSD_parseSCRSd)
                  7000dea0    00000040     ti_power_clock_config.obj (.text.Module_clockEnable)
                  7000dee0    00000040     ti_drivers_config.obj (.text.System_init)
                  7000df20    00000040     drivers.am64x.r5f.ti-arm-clang.release.lib : crc16.obj (.text.crc16_ccitt)
                  7000df60    0000003c                                                : ospi_dma.obj (.text.OSPI_dmaClose)
                  7000df9c    00000004     --HOLE-- [fill = 0]
                  7000dfa0    0000003c                                                : uart_dma.obj (.text.UART_readInterruptDma)
                  7000dfdc    00000004     --HOLE-- [fill = 0]
                  7000dfe0    0000003c                                                : uart_dma.obj (.text.UART_writeInterruptDma)
                  7000e01c    00000004     --HOLE-- [fill = 0]
                  7000e020    00000038                                                : bootloader_soc.obj (.text.Bootloader_socIsAuthRequired)
                  7000e058    00000008     --HOLE-- [fill = 0]
                  7000e060    00000038                                                : soc.obj (.text.SOC_controlModuleLockMMR)
                  7000e098    00000008     --HOLE-- [fill = 0]
                  7000e0a0    00000038                                                : uart_v0.obj (.text.UART_statusIsDataReady)
                  7000e0d8    00000008     --HOLE-- [fill = 0]
                  7000e0e0    00000034                                                : ospi_v0.obj (.text.OSPI_setNumAddrBytes)
                  7000e114    0000000c     --HOLE-- [fill = 0]
                  7000e120    00000030     nortos.am64x.r5f.ti-arm-clang.release.lib : DebugP_log.obj (.text.DebugP_logZoneEnable)
                  7000e150    00000030     drivers.am64x.r5f.ti-arm-clang.release.lib : ospi_v0.obj (.text.OSPI_enableDacMode)
                  7000e180    00000030                                                : ospi_v0.obj (.text.OSPI_setRdDataCaptureDelay)
                  7000e1b0    00000030                                                : sciclient.obj (.text.Sciclient_getCurrentContext)
                  7000e1e0    00000030     libc.a : snprintf.c.obj (.text._outc)
                  7000e210    0000002c     drivers.am64x.r5f.ti-arm-clang.release.lib : lpddr4.obj (.text.LPDDR4_Init)
                  7000e23c    00000004     --HOLE-- [fill = 0]
                  7000e240    0000002c     nortos.am64x.r5f.ti-arm-clang.release.lib : TimerP.obj (.text.TimerP_Params_init)
                  7000e26c    00000004     --HOLE-- [fill = 0]
                  7000e270    0000002c                                               : printf.obj (.text.vprintf_)
                  7000e29c    00000004     --HOLE-- [fill = 0]
                  7000e2a0    00000028     board.am64x.r5f.ti-arm-clang.release.lib : flash.obj (.text.Flash_eraseBlk)
                  7000e2c8    00000008     --HOLE-- [fill = 0]
                  7000e2d0    00000028                                              : flash.obj (.text.Flash_getAttrs)
                  7000e2f8    00000008     --HOLE-- [fill = 0]
                  7000e300    00000028                                              : flash.obj (.text.Flash_getHandle)
                  7000e328    00000008     --HOLE-- [fill = 0]
                  7000e330    00000028                                              : flash.obj (.text.Flash_read)
                  7000e358    00000008     --HOLE-- [fill = 0]
                  7000e360    00000028                                              : flash.obj (.text.Flash_write)
                  7000e388    00000008     --HOLE-- [fill = 0]
                  7000e390    00000028     drivers.am64x.r5f.ti-arm-clang.release.lib : ospi_v0.obj (.text.OSPI_ReadCmdParams_init)
                  7000e3b8    00000008     --HOLE-- [fill = 0]
                  7000e3c0    00000028                                                : ospi_v0.obj (.text.OSPI_WriteCmdParams_init)
                  7000e3e8    00000008     --HOLE-- [fill = 0]
                  7000e3f0    00000028                                                : ospi_v0.obj (.text.OSPI_disablePhyPipeline)
                  7000e418    00000008     --HOLE-- [fill = 0]
                  7000e420    00000028                                                : ospi_v0.obj (.text.OSPI_enableDDR)
                  7000e448    00000008     --HOLE-- [fill = 0]
                  7000e450    00000028                                                : ospi_v0.obj (.text.OSPI_enableSDR)
                  7000e478    00000008     --HOLE-- [fill = 0]
                  7000e480    00000028                                                : ospi_v0.obj (.text.OSPI_setCmdDummyCycles)
                  7000e4a8    00000008     --HOLE-- [fill = 0]
                  7000e4b0    00000028                                                : ospi_v0.obj (.text.OSPI_setReadDummyCycles)
                  7000e4d8    00000008     --HOLE-- [fill = 0]
                  7000e4e0    00000028     ti_pinmux_config.obj (.text.Pinmux_init)
                  7000e508    00000008     --HOLE-- [fill = 0]
                  7000e510    00000024     board.am64x.r5f.ti-arm-clang.release.lib : flash.obj (.text.Flash_close)
                  7000e534    0000000c     --HOLE-- [fill = 0]
                  7000e540    00000024     drivers.am64x.r5f.ti-arm-clang.release.lib : ospi_v0.obj (.text.OSPI_Transaction_init)
                  7000e564    0000000c     --HOLE-- [fill = 0]
                  7000e570    00000024     nortos.am64x.r5f.ti-arm-clang.release.lib : boot_armv7r.obj (.text._system_pre_init)
                  7000e594    00000024     libclang_rt.builtins.a : aeabi_uldivmod.S.obj (.text)
                  7000e5b8    00000008     --HOLE-- [fill = 0]
                  7000e5c0    00000020     drivers.am64x.r5f.ti-arm-clang.release.lib : lpddr4.obj (.text.LPDDR4_Probe)
                  7000e5e0    00000020                                                : mmcsd_v0.obj (.text.MMCSD_getBlockSize)
                  7000e600    00000020     libc.a : wcslen.c.obj (.text.wcslen)
                  7000e620    0000001c     board.am64x.r5f.ti-arm-clang.release.lib : flash.obj (.text.Flash_getPhyTuningOffset)
                  7000e63c    00000004     --HOLE-- [fill = 0]
                  7000e640    0000001c     drivers.am64x.r5f.ti-arm-clang.release.lib : ospi_v0.obj (.text.OSPI_setDualOpCodeMode)
                  7000e65c    00000004     --HOLE-- [fill = 0]
                  7000e660    0000001c                                                : sciclient_soc_priv.obj (.text.Sciclient_getDevId)
                  7000e67c    0000001c     libc.a : _printfi.c.obj (.text.strlen)
                  7000e698    0000001c     libsysbm.a : memcpy32.S.obj (.text:TI_memcpy_small)
                  7000e6b4    0000001c     libclang_rt.builtins.a : aeabi_memset.S.obj (.text)
                  7000e6d0    00000018     drivers.am64x.r5f.ti-arm-clang.release.lib : ospi_phy.obj (.text.OSPI_phyGetTuningData)
                  7000e6e8    00000008     --HOLE-- [fill = 0]
                  7000e6f0    00000018     nortos.am64x.r5f.ti-arm-clang.release.lib : TimerP.obj (.text.TimerP_clearOverflowInt)
                  7000e708    00000018     libsysbm.a : memset32.S.obj (.text:TI_memset_small)
                  7000e720    00000014     drivers.am64x.r5f.ti-arm-clang.release.lib : csl_sec_proxy.obj (.text.CSL_secProxyGetDataAddr)
                  7000e734    0000000c     --HOLE-- [fill = 0]
                  7000e740    00000014     ti_drivers_open_close.obj (.text.Drivers_open)
                  7000e754    0000000c     --HOLE-- [fill = 0]
                  7000e760    00000014     drivers.am64x.r5f.ti-arm-clang.release.lib : ospi_v0.obj (.text.OSPI_getFlashDataBaseAddr)
                  7000e774    0000000c     --HOLE-- [fill = 0]
                  7000e780    00000010     nortos.am64x.r5f.ti-arm-clang.release.lib : ClockP_nortos.obj (.text.ClockP_Params_init)
                  7000e790    00000010                                               : ClockP_nortos.obj (.text.ClockP_getTicks)
                  7000e7a0    00000010                                               : ClockP_nortos.obj (.text.ClockP_isActive)
                  7000e7b0    00000010     board.am64x.r5f.ti-arm-clang.release.lib : flash_nor_xspi.obj (.text.Flash_norXspiClose)
                  7000e7c0    00000010     drivers.am64x.r5f.ti-arm-clang.release.lib : ospi_v0.obj (.text.OSPI_setCmdExtType)
                  7000e7d0    00000010                                                : ospi_v0.obj (.text.OSPI_setPhyEnableSuccess)
                  7000e7e0    00000010     ti_power_clock_config.obj (.text.PowerClock_init)
                  7000e7f0    00000010     nortos.am64x.r5f.ti-arm-clang.release.lib : TimerP.obj (.text.TimerP_start)
                  7000e800    0000000c     drivers.am64x.r5f.ti-arm-clang.release.lib : ospi_v0.obj (.text.OSPI_getXferLines)
                  7000e80c    00000004     --HOLE-- [fill = 0]
                  7000e810    0000000c                                                : ospi_v0.obj (.text.OSPI_isDtrEnable)
                  7000e81c    00000004     --HOLE-- [fill = 0]
                  7000e820    0000000c                                                : ospi_v0.obj (.text.OSPI_isPhyEnable)
                  7000e82c    00000004     --HOLE-- [fill = 0]
                  7000e830    0000000c     nortos.am64x.r5f.ti-arm-clang.release.lib : printf.obj (.text._out_char)
                  7000e83c    00000004     --HOLE-- [fill = 0]
                  7000e840    00000008     drivers.am64x.r5f.ti-arm-clang.release.lib : lpddr4.obj (.text.CPS_UncachedRead32)
                  7000e848    00000008     --HOLE-- [fill = 0]
                  7000e850    00000008                                                : lpddr4.obj (.text.CPS_UncachedWrite32)
                  7000e858    00000008     --HOLE-- [fill = 0]
                  7000e860    00000008     nortos.am64x.r5f.ti-arm-clang.release.lib : TimerP.obj (.text.TimerP_getCount)
                  7000e868    00000008     --HOLE-- [fill = 0]
                  7000e870    00000008                                               : TimerP.obj (.text.TimerP_getReloadCount)
                  7000e878    00000008     --HOLE-- [fill = 0]
                  7000e880    00000004     ti_board_open_close.obj (.text.Board_driversOpen)
                  7000e884    0000000c     --HOLE-- [fill = 0]
                  7000e890    00000004     drivers.am64x.r5f.ti-arm-clang.release.lib : bootloader_soc.obj (.text.Bootloader_socWaitForFWBoot)
                  7000e894    0000000c     --HOLE-- [fill = 0]
                  7000e8a0    00000004     nortos.am64x.r5f.ti-arm-clang.release.lib : ClockP_nortos_r5.obj (.text.ClockP_getTimerCount)
                  7000e8a4    0000000c     --HOLE-- [fill = 0]
                  7000e8b0    00000004                                               : ClockP_nortos_r5.obj (.text.ClockP_timerClearOverflowInt)
                  7000e8b4    0000000c     --HOLE-- [fill = 0]
                  7000e8c0    00000004     drivers.am64x.r5f.ti-arm-clang.release.lib : mmcsd_v0.obj (.text.MMCSD_isr)
                  7000e8c4    0000000c     --HOLE-- [fill = 0]
                  7000e8d0    00000004                                                : ospi_v0.obj (.text.OSPI_isr)
                  7000e8d4    0000000c     --HOLE-- [fill = 0]
                  7000e8e0    00000004     nortos.am64x.r5f.ti-arm-clang.release.lib : SemaphoreP_nortos.obj (.text.SemaphoreP_destruct)
                  7000e8e4    0000000c     --HOLE-- [fill = 0]
                  7000e8f0    00000004                                               : TaskP_nortos.obj (.text.TaskP_yield)
                  7000e8f4    0000000c     --HOLE-- [fill = 0]
                  7000e900    00000004     libclang_rt.builtins.a : aeabi_div0.c.obj (.text.__aeabi_idiv0)
                  7000e904    0000000c     --HOLE-- [fill = 0]
                  7000e910    00000004                            : aeabi_div0.c.obj (.text.__aeabi_ldiv0)
                  7000e914    0000000c     --HOLE-- [fill = 0]
                  7000e920    00000004     nortos.am64x.r5f.ti-arm-clang.release.lib : printf.obj (.text._out_null)
                  7000e924    0000000c     --HOLE-- [fill = 0]
                  7000e930    00000004     ti_dpl_config.obj (.text.putchar_)
                  7000e934    0000000c     --HOLE-- [fill = 0]

.text.hwi 
*          0    7000e940    000008d0     
                  7000e940    00000568     nortos.am64x.r5f.ti-arm-clang.release.lib : HwiP_armv7r_vim.obj (.text.hwi)
                  7000eea8    00000008     --HOLE-- [fill = 0]
                  7000eeb0    00000270                                               : HwiP_armv7r_handlers_nortos.obj (.text.hwi)
                  7000f120    00000078                                               : HwiP_armv7r_handlers_nortos_asm.obj (.text.hwi)
                  7000f198    00000070                                               : HwiP_armv7r_asm.obj (.text.hwi)
                  7000f208    00000008     --HOLE-- [fill = 0]

.text.cache 
*          0    7000f210    000004a0     
                  7000f210    00000340     nortos.am64x.r5f.ti-arm-clang.release.lib : CacheP_armv7r_asm.obj (.text.cache)
                  7000f550    0000015c                                               : CacheP_armv7r.obj (.text.cache)
                  7000f6ac    00000004     --HOLE-- [fill = 0]

.text.mpu 
*          0    7000f6b0    000002d0     
                  7000f6b0    00000250     nortos.am64x.r5f.ti-arm-clang.release.lib : MpuP_armv7r.obj (.text.mpu)
                  7000f900    00000078                                               : MpuP_armv7r_asm.obj (.text.mpu)
                  7000f978    00000008     --HOLE-- [fill = 0]

.text.boot 
*          0    7000f980    00000150     
                  7000f980    000000fc     nortos.am64x.r5f.ti-arm-clang.release.lib : boot_armv7r_asm.obj (.text.boot)
                  7000fa7c    00000004     --HOLE-- [fill = 0]
                  7000fa80    00000034                                               : DebugP_log.obj (.text.boot)
                  7000fab4    0000000c     --HOLE-- [fill = 0]
                  7000fac0    00000010     ti_dpl_config.obj (.text.boot)

.data      0    7000fad0    000024a8     
                  7000fad0    000007ec     ti_drivers_config.obj (.data.DDRSS_phyReg)
                  700102bc    0000069c     ti_drivers_config.obj (.data.DDRSS_ctlReg)
                  70010958    00000564     ti_drivers_config.obj (.data.DDRSS_phyIndepReg)
                  70010ebc    000003f6     ti_drivers_config.obj (.data.DDRSS_phyRegNum)
                  700112b2    0000034e     ti_drivers_config.obj (.data.DDRSS_ctlRegNum)
                  70011600    000002b2     ti_drivers_config.obj (.data.DDRSS_phyIndepRegNum)
                  700118b2    00000001     drivers.am64x.r5f.ti-arm-clang.release.lib : sciclient.obj (.data.gSecHeaderSizeWords)
                  700118b3    00000001     --HOLE-- [fill = 0]
                  700118b4    0000009c                                                : mmcsd_v0.obj (.data.gMmcsdDrvObj)
                  70011950    0000009c                                                : ospi_v0.obj (.data.gOspiDrvObj)
                  700119ec    0000009c                                                : uart_v0.obj (.data.gUartDrvObj)
                  70011a88    00000080                                                : ospi_phy.obj (.data.gOspiFlashAttackVector)
                  70011b08    00000080                                                : ospi_phy.obj (.data.gReadBuf)
                  70011b88    00000070     ti_pinmux_config.obj (.data.gPinMuxMainDomainCfg)
                  70011bf8    00000054     ti_drivers_open_close.obj (.data.gUartParams)
                  70011c4c    00000050     ti_dpl_config.obj (.data.gMpuRegionConfig)
                  70011c9c    00000050     ti_drivers_config.obj (.data.gOspiAttrs)
                  70011cec    00000048     board.am64x.r5f.ti-arm-clang.release.lib : flash_nor_xspi_device_S28HS512T.obj (.data.gFlashNorXspiDeviceDefines_S28HS512T)
                  70011d34    0000003c     ti_drivers_config.obj (.data.gMmcsdAttrs)
                  70011d70    00000030     ti_drivers_config.obj (.data.gDdrParams)
                  70011da0    00000030     ti_power_clock_config.obj (.data.gSocModulesClockFrequency)
                  70011dd0    00000028     board.am64x.r5f.ti-arm-clang.release.lib : flash_nor_xspi_device_S28HS512T.obj (.data.gFlashNorXspiAttrs_S28HS512T)
                  70011df8    00000028     drivers.am64x.r5f.ti-arm-clang.release.lib : ospi_phy.obj (.data.gPhyTuneWindowParamsGTE133)
                  70011e20    00000028                                                : ospi_phy.obj (.data.gPhyTuneWindowParamsLT133)
                  70011e48    00000020     ti_drivers_config.obj (.data.gOspiDmaRestrictRegions)
                  70011e68    00000020     drivers.am64x.r5f.ti-arm-clang.release.lib : sciclient_soc_priv.obj (.data.gSciclientSecProxyCfg)
                  70011e88    00000020     ti_power_clock_config.obj (.data.gSocModules)
                  70011ea8    00000014     ti_dpl_config.obj (.data.gClockConfig)
                  70011ebc    00000014     board.am64x.r5f.ti-arm-clang.release.lib : flash_nor_xspi.obj (.data.gFlashNorXspiFxns)
                  70011ed0    00000010     ti_board_open_close.obj (.data.gFlashConfig)
                  70011ee0    0000000c     nortos.am64x.r5f.ti-arm-clang.release.lib : AddrTranslateP.obj (.data.gAddrTranslateConfig)
                  70011eec    0000000c     ti_dpl_config.obj (.data.gMpuConfig)
                  70011ef8    00000008     ti_dpl_config.obj (.data.gCacheConfig)
                  70011f00    00000008     ti_drivers_config.obj (.data.gMmcsdConfig)
                  70011f08    00000008     ti_drivers_open_close.obj (.data.gMmcsdParams)
                  70011f10    00000008     ti_drivers_config.obj (.data.gOspiConfig)
                  70011f18    00000008     ti_pinmux_config.obj (.data.gPinMuxMcuDomainCfg)
                  70011f20    00000008     ti_drivers_config.obj (.data.gUartAttrs)
                  70011f28    00000008     ti_drivers_config.obj (.data.gUartConfig)
                  70011f30    00000004     libc.a : aeabi_portable.c.obj (.data.__aeabi_errno)
                  70011f34    00000004     nortos.am64x.r5f.ti-arm-clang.release.lib : CacheP_armv7r.obj (.data.gCacheL1dCacheLineSize)
                  70011f38    00000004                                               : CacheP_armv7r.obj (.data.gCacheL1pCacheLineSize)
                  70011f3c    00000004                                               : DebugP_log.obj (.data.gDebugLogZone)
                  70011f40    00000004     ti_board_open_close.obj (.data.gFlashConfigNum)
                  70011f44    00000004     ti_dpl_config.obj (.data.gHwiConfig)
                  70011f48    00000004     ti_drivers_config.obj (.data.gMmcsdConfigNum)
                  70011f4c    00000004     ti_drivers_config.obj (.data.gOspiConfigNum)
                  70011f50    00000004     ti_drivers_config.obj (.data.gOspiDmaConfigNum)
                  70011f54    00000004     ti_drivers_open_close.obj (.data.gOspiParams)
                  70011f58    00000004     drivers.am64x.r5f.ti-arm-clang.release.lib : ospi_phy.obj (.data.gPhyTuneWindowParams)
                  70011f5c    00000004                                                : sciclient.obj (.data.gSciclientHandle.0)
                  70011f60    00000004                                                : sciclient.obj (.data.gSciclientHandle.2)
                  70011f64    00000004                                                : sciclient.obj (.data.gSciclientHandle.3)
                  70011f68    00000004                                                : sciclient.obj (.data.gSciclientHandle.4)
                  70011f6c    00000004                                                : sciclient.obj (.data.gSciclientHandle.5)
                  70011f70    00000004     ti_drivers_config.obj (.data.gUartConfigNum)
                  70011f74    00000004     ti_drivers_config.obj (.data.gUartDmaConfigNum)

.rodata    0    70011f80    00000f30     
                  70011f80    00000200     drivers.am64x.r5f.ti-arm-clang.release.lib : crc16.obj (.rodata.crc16tab)
                  70012180    000001a2                                                : ddr.obj (.rodata.str1.1)
                  70012322    00000135                                                : uart_v0.obj (.rodata.str1.1)
                  70012457    00000001     --HOLE-- [fill = 0]
                  70012458    00000132                                                : lpddr4_16bit.obj (.rodata.CtlIntMap)
                  7001258a    00000002     --HOLE-- [fill = 0]
                  7001258c    0000012c                                                : sciclient_fmwSecureProxyMap.obj (.rodata.gSciclientMap)
                  700126b8    00000103     nortos.am64x.r5f.ti-arm-clang.release.lib : TimerP.obj (.rodata.str1.1)
                  700127bb    00000005     --HOLE-- [fill = 0]
                  700127c0    00000101     libc.a : aeabi_ctype.S.obj (.rodata)
                  700128c1    000000d4     ti_drivers_open_close.obj (.rodata.str1.1)
                  70012995    000000c1     board.am64x.r5f.ti-arm-clang.release.lib : flash_nor_xspi.obj (.rodata.str1.1)
                  70012a56    000000ac     nortos.am64x.r5f.ti-arm-clang.release.lib : ClockP_nortos_r5.obj (.rodata.str1.1)
                  70012b02    0000006b                                               : SemaphoreP_nortos.obj (.rodata.str1.1)
                  70012b6d    0000006a     drivers.am64x.r5f.ti-arm-clang.release.lib : mmcsd_v0.obj (.rodata.str1.1)
                  70012bd7    00000065                                                : ospi_v0.obj (.rodata.str1.1)
                  70012c3c    0000005a     nortos.am64x.r5f.ti-arm-clang.release.lib : ClockP_nortos.obj (.rodata.str1.1)
                  70012c96    00000002     --HOLE-- [fill = 0]
                  70012c98    00000050                                               : printf.obj (.rodata._ftoa.pow10)
                  70012ce8    0000004b     drivers.am64x.r5f.ti-arm-clang.release.lib : uart_dma.obj (.rodata.str1.1)
                  70012d33    00000046     ti_board_open_close.obj (.rodata.str1.1)
                  70012d79    00000037     drivers.am64x.r5f.ti-arm-clang.release.lib : mmcsd_priv.obj (.rodata.str1.1)
                  70012db0    00000030                                                : mmcsd_priv.obj (.rodata.gMonths)
                  70012de0    0000002d     nortos.am64x.r5f.ti-arm-clang.release.lib : DebugP_log.obj (.rodata.str1.1)
                  70012e0d    00000029     main.obj (.rodata.str1.1)
                  70012e36    00000022     libc.a : _printfi.c.obj (.rodata.str1.1)
                  70012e58    00000020     drivers.am64x.r5f.ti-arm-clang.release.lib : mmcsd_v0.obj (.rodata.cst32)
                  70012e78    00000018                                                : sciclient_soc_priv.obj (.rodata..Lswitch.table.Sciclient_getDevId)
                  70012e90    00000012     nortos.am64x.r5f.ti-arm-clang.release.lib : printf.obj (.rodata.str1.1)
                  70012ea2    0000000e     --HOLE-- [fill = 0]

.bss       0    70080000    00009a80     UNINITIALIZED
                  70080000    00008000     main.obj (.bss)
                  70088000    00001008     (.common:gHwiCtrl)
                  70089008    000003b8     ti_drivers_config.obj (.bss.gMmcsdObjects)
                  700893c0    00000280     ti_drivers_config.obj (.bss.gUartObjects)
                  70089640    00000038     (.common:gClockCtrl)
                  70089678    00000004     drivers.am64x.r5f.ti-arm-clang.release.lib : bootloader_xmodem.obj (.bss.gUartHandle)
                  7008967c    00000004     (.common:gFlashHandle)
                  70089680    00000200     (.common:gMmcsdDataBuf0)
                  70089880    00000184     ti_drivers_config.obj (.bss.gOspiObjects)
                  70089a04    00000028     (.common:gEmmcData0)
                  70089a2c    00000014     drivers.am64x.r5f.ti-arm-clang.release.lib : ddr.obj (.bss.gLpddrPd)
                  70089a40    00000010                                                : ddr.obj (.bss.gLpddrCfg)
                  70089a50    0000000c     (.common:gADMA2Desc)
                  70089a5c    0000000c     (.common:gFlashObject_S28HS512T)
                  70089a68    00000004     (.common:gMmcsdHandle)
                  70089a6c    00000004     (.common:gOspiHandle)
                  70089a70    00000004     (.common:gUartHandle)
                  70089a74    0000000c     --HOLE--

.sysmem    0    70089a80    00008000     UNINITIALIZED
                  70089a80    00000010     libc.a : memory.c.obj (.sysmem)
                  70089a90    00007ff0     --HOLE--

.stack     0    70091a80    00004000     UNINITIALIZED
                  70091a80    00000004     nortos.am64x.r5f.ti-arm-clang.release.lib : boot_armv7r_asm.obj (.stack)
                  70091a84    00003ffc     --HOLE--

.irqstack 
*          0    70095a80    00001000     UNINITIALIZED
                  70095a80    00001000     --HOLE--

.fiqstack 
*          0    70096a80    00000100     UNINITIALIZED
                  70096a80    00000100     --HOLE--

.svcstack 
*          0    70096b80    00000100     UNINITIALIZED
                  70096b80    00000100     --HOLE--

.abortstack 
*          0    70096c80    00000100     UNINITIALIZED
                  70096c80    00000100     --HOLE--

.undefinedstack 
*          0    70096d80    00000100     UNINITIALIZED
                  70096d80    00000100     --HOLE--

.bss.filebuf 
*          0    80000000    00800000     NOLOAD SECTION
                  80000000    00800000     main.obj (.bss.filebuf)

__llvm_prf_cnts 
*          0    70080000    00000000     UNINITIALIZED

MODULE SUMMARY

       Module                                   code    ro data   rw data
       ------                                   ----    -------   -------
    obj/release/
       main.obj                                 216     41        8421376
       ti_drivers_config.obj                    64      0         9902   
       ti_drivers_open_close.obj                368     212       660    
       ti_board_open_close.obj                  152     70        36     
       ti_power_clock_config.obj                152     0         80     
       ti_dpl_config.obj                        104     0         124    
       ti_pinmux_config.obj                     40      0         120    
    +--+----------------------------------------+-------+---------+---------+
       Total:                                   1096    323       8432298
                                                                         
    /home/gtbldadm/nightlybuilds/repo_manifests/scripts/jenkins/mcu_plus_sdk_am64x_08_02_00_31/source/board/lib/board.am64x.r5f.ti-arm-clang.release.lib
       flash_nor_xspi.obj                       2868    193       20     
       flash.obj                                476     0         0      
       flash_nor_xspi_device_S28HS512T.obj      0       0         112    
    +--+----------------------------------------+-------+---------+---------+
       Total:                                   3344    193       132    
                                                                         
    /home/gtbldadm/nightlybuilds/repo_manifests/scripts/jenkins/mcu_plus_sdk_am64x_08_02_00_31/source/drivers/lib/drivers.am64x.r5f.ti-arm-clang.release.lib
       mmcsd_v0.obj                             11528   138       168    
       uart_v0.obj                              6652    309       156    
       ospi_phy.obj                             4616    0         340    
       ospi_v0.obj                              3844    101       156    
       bootloader_uniflash.obj                  1996    0         0      
       sciclient.obj                            1864    0         21     
       sciclient_pm.obj                         1764    0         0      
       xmodem.obj                               1556    0         0      
       ddr.obj                                  1012    418       36     
       lpddr4_16bit.obj                         936     306       0      
       mmcsd_priv.obj                           884     103       0      
       soc.obj                                  824     0         0      
       lpddr4.obj                               808     0         0      
       bootloader_mmcsd_raw.obj                 696     0         0      
       crc16.obj                                64      512       0      
       uart_dma.obj                             488     75        0      
       bootloader_xmodem.obj                    352     0         4      
       sciclient_fmwSecureProxyMap.obj          0       300       0      
       pinmux.obj                               248     0         0      
       ospi_dma.obj                             232     0         0      
       sciclient_soc_priv.obj                   168     24        32     
       bootloader_soc.obj                       60      0         0      
       csl_sec_proxy.obj                        20      0         0      
    +--+----------------------------------------+-------+---------+---------+
       Total:                                   40612   2286      913    
                                                                         
    /home/gtbldadm/nightlybuilds/repo_manifests/scripts/jenkins/mcu_plus_sdk_am64x_08_02_00_31/source/kernel/nortos/lib/nortos.am64x.r5f.ti-arm-clang.release.lib
       HwiP_armv7r_vim.obj                      1384    0         4104   
       printf.obj                               5364    98        0      
       ClockP_nortos.obj                        976     90        56     
       TimerP.obj                               708     259       0      
       CacheP_armv7r_asm.obj                    832     0         0      
       SemaphoreP_nortos.obj                    528     107       0      
       HwiP_armv7r_handlers_nortos.obj          624     0         0      
       MpuP_armv7r.obj                          592     0         0      
       ClockP_nortos_r5.obj                     372     172       0      
       CacheP_armv7r.obj                        348     0         8      
       DebugP_log.obj                           236     45        4      
       boot_armv7r_asm.obj                      252     0         0      
       AddrTranslateP.obj                       152     0         12     
       HwiP_armv7r_handlers_nortos_asm.obj      120     0         0      
       MpuP_armv7r_asm.obj                      120     0         0      
       HwiP_armv7r_asm.obj                      112     0         0      
       DebugP_nortos.obj                        96      0         0      
       HwiP_armv7r_vectors_nortos_sbl_asm.obj   64      0         0      
       boot_armv7r.obj                          36      0         0      
       TaskP_nortos.obj                         4       0         0      
    +--+----------------------------------------+-------+---------+---------+
       Total:                                   12920   771       4184   
                                                                         
    /home/gtbldadm/ti/ccs1110/ccs/tools/compiler/ti-cgt-armllvm_1.3.0.LTS/lib/armv7r-ti-none-eabihf/c/libc.a
       _printfi.c.obj                           3140    34        0      
       aeabi_ctype.S.obj                        0       257       0      
       snprintf.c.obj                           252     0         0      
       atoi.c.obj                               108     0         0      
       autoinit.c.obj                           92      0         0      
       memccpy.c.obj                            72      0         0      
       wcslen.c.obj                             32      0         0      
       aeabi_portable.c.obj                     12      0         4      
       exit.c.obj                               8       0         0      
    +--+----------------------------------------+-------+---------+---------+
       Total:                                   3716    291       4      
                                                                         
    /home/gtbldadm/ti/ccs1110/ccs/tools/compiler/ti-cgt-armllvm_1.3.0.LTS/lib/armv7r-ti-none-eabihf/c/libsysbm.a
       memcpy32.S.obj                           28      0         0      
       memset32.S.obj                           24      0         0      
    +--+----------------------------------------+-------+---------+---------+
       Total:                                   52      0         0      
                                                                         
    /home/gtbldadm/ti/ccs1110/ccs/tools/compiler/ti-cgt-armllvm_1.3.0.LTS/lib/clang/12.0.1/lib/armv7r-ti-none-eabihf/libclang_rt.builtins.a
       udivsi3.S.obj                            464     0         0      
       udivmoddi4.S.obj                         280     0         0      
       aeabi_uldivmod.S.obj                     36      0         0      
       aeabi_memset.S.obj                       28      0         0      
       aeabi_div0.c.obj                         8       0         0      
       aeabi_memcpy.S.obj                       4       0         0      
    +--+----------------------------------------+-------+---------+---------+
       Total:                                   820     0         0      
                                                                         
       Heap:                                    0       0         32768  
       Stack:                                   0       0         16384  
    +--+----------------------------------------+-------+---------+---------+
       Grand Total:                             62560   3864      8486683


GLOBAL SYMBOLS: SORTED ALPHABETICALLY BY Name 

address   name                                   
-------   ----                                   
7000bd20  AddrTranslateP_getLocalAddr            
7000e880  Board_driversOpen                      
7000bdc0  Board_flashOpen                        
70009590  Bootloader_MmcsdRaw_readFromOffset     
70008d10  Bootloader_MmcsdRaw_writeToOffset      
7000e020  Bootloader_socIsAuthRequired           
7000e890  Bootloader_socWaitForFWBoot            
70006350  Bootloader_uniflashProcessFlashCommands
7000d990  Bootloader_xmodemReceive               
7000d9e0  Bootloader_xmodemTransmit              
70003758  C$$EXIT                                
7000e840  CPS_UncachedRead32                     
7000e850  CPS_UncachedWrite32                    
7000e720  CSL_secProxyGetDataAddr                
7000f520  CacheP_configForceWrThru               
7000f5f0  CacheP_disable                         
7000f210  CacheP_disableL1d                      
7000f238  CacheP_disableL1p                      
7000f640  CacheP_enable                          
7000f250  CacheP_enableL1d                       
7000f268  CacheP_enableL1p                       
7000f514  CacheP_getCacheLevelInfo               
7000f4dc  CacheP_getEnabled                      
7000f550  CacheP_init                            
7000f670  CacheP_inv                             
7000f280  CacheP_invL1d                          
7000f2f4  CacheP_invL1dAll                       
7000f2b8  CacheP_invL1p                          
7000f2fc  CacheP_invL1pAll                       
7000f540  CacheP_setDLFO                         
7000f304  CacheP_wb                              
7000f37c  CacheP_wbAll                           
7000f340  CacheP_wbInv                           
7000f424  CacheP_wbInvAll                        
7000f43c  CacheP_wbInvAllAsm                     
7000e780  ClockP_Params_init                     
7000ce20  ClockP_construct                       
7000d350  ClockP_destruct                        
7000e790  ClockP_getTicks                        
7000d1a0  ClockP_getTimeUsec                     
7000e8a0  ClockP_getTimerCount                   
70009010  ClockP_init                            
7000e7a0  ClockP_isActive                        
7000da30  ClockP_start                           
7000cad0  ClockP_stop                            
7000e8b0  ClockP_timerClearOverflowInt           
7000b2d0  ClockP_timerTickIsr                    
7000dde0  ClockP_usleep                          
700102bc  DDRSS_ctlReg                           
700112b2  DDRSS_ctlRegNum                        
70010958  DDRSS_phyIndepReg                      
70011600  DDRSS_phyIndepRegNum                   
7000fad0  DDRSS_phyReg                           
70010ebc  DDRSS_phyRegNum                        
70005c00  DDR_init                               
7000e120  DebugP_logZoneEnable                   
7000d760  Dpl_init                               
7000cb50  Drivers_mmcsdOpen                      
7000e740  Drivers_open                           
7000cbd0  Drivers_ospiOpen                       
7000cc50  Drivers_uartOpen                       
7000e510  Flash_close                            
7000e2a0  Flash_eraseBlk                         
7000e2d0  Flash_getAttrs                         
7000e300  Flash_getHandle                        
7000e620  Flash_getPhyTuningOffset               
7000c7d0  Flash_offsetToBlkPage                  
7000d7c0  Flash_open                             
7000e330  Flash_read                             
7000e360  Flash_write                            
7000eab0  HwiP_Params_init                       
7000ea50  HwiP_clearInt                          
7000ead0  HwiP_construct                         
7000f0f0  HwiP_data_abort_handler                
7000ec80  HwiP_destruct                          
7000f198  HwiP_disable                           
7000f1a8  HwiP_disableFIQ                        
7000e980  HwiP_disableInt                        
7000f1f0  HwiP_disableVIC                        
7000f1b8  HwiP_enable                            
7000f1c8  HwiP_enableFIQ                         
7000e940  HwiP_enableInt                         
7000f1e0  HwiP_enableVIC                         
7000ef60  HwiP_fiq_handler                       
7000f200  HwiP_getCPSR                           
7000ee90  HwiP_inISR                             
7000ed80  HwiP_init                              
7000f120  HwiP_irq_handler                       
7000eeb0  HwiP_irq_handler_c                     
7000ea80  HwiP_post                              
7000f0c0  HwiP_prefetch_abort_handler            
7000f030  HwiP_reserved_handler                  
7000f1d8  HwiP_restore                           
7000e9d0  HwiP_restoreInt                        
7000f090  HwiP_svc_handler                       
7000f060  HwiP_undefined_handler                 
70008540  LPDDR4_AckCtlInterrupt                 
70008380  LPDDR4_CheckCtlInterrupt               
7000dad0  LPDDR4_EnablePIInitiator               
7000e210  LPDDR4_Init                            
7000d530  LPDDR4_PollCtlIrq                      
7000e5c0  LPDDR4_Probe                           
7000c850  LPDDR4_ReadReg                         
7000b5d0  LPDDR4_Start                           
7000cfe0  LPDDR4_WriteCtlConfig                  
7000cd40  LPDDR4_WritePhyConfig                  
7000ce90  LPDDR4_WritePhyIndepConfig             
7000d050  MMCSD_close                            
70009fb0  MMCSD_enableBootPartition              
7000e5e0  MMCSD_getBlockSize                     
7000dca0  MMCSD_getHandle                        
7000b7e0  MMCSD_init                             
70000100  MMCSD_open                             
7000b680  MMCSD_parseCIDEmmc                     
7000bbe0  MMCSD_parseCIDSd                       
7000d410  MMCSD_parseCSDEmmc                     
7000aef0  MMCSD_parseCSDSd                       
7000b090  MMCSD_parseECSDEmmc                    
7000de60  MMCSD_parseSCRSd                       
70008e90  MMCSD_read                             
70008a10  MMCSD_write                            
7000dea0  Module_clockEnable                     
7000dbc0  Module_clockSetFrequency               
7000f6b0  MpuP_RegionAttrs_init                  
7000f800  MpuP_disable                           
7000f900  MpuP_disableAsm                        
7000f918  MpuP_disableBRAsm                      
7000f7b0  MpuP_enable                            
7000f928  MpuP_enableAsm                         
7000f940  MpuP_enableBRAsm                       
7000f860  MpuP_init                              
7000f850  MpuP_isEnable                          
7000f950  MpuP_isEnableAsm                       
7000f6d0  MpuP_setRegion                         
7000f964  MpuP_setRegionAsm                      
7000e390  OSPI_ReadCmdParams_init                
7000e540  OSPI_Transaction_init                  
7000e3c0  OSPI_WriteCmdParams_init               
7000be60  OSPI_close                             
7000d8e0  OSPI_disablePhy                        
7000e3f0  OSPI_disablePhyPipeline                
7000df60  OSPI_dmaClose                          
7000dcf0  OSPI_dmaCopy                           
7000d0c0  OSPI_dmaOpen                           
7000e420  OSPI_enableDDR                         
7000e150  OSPI_enableDacMode                     
7000cf00  OSPI_enablePhy                         
7000e450  OSPI_enableSDR                         
7000e760  OSPI_getFlashDataBaseAddr              
7000dd40  OSPI_getHandle                         
7000e800  OSPI_getXferLines                      
7000b940  OSPI_init                              
7000e810  OSPI_isDtrEnable                       
7000e820  OSPI_isPhyEnable                       
70005fc0  OSPI_open                              
70002e70  OSPI_phyFindOTP1                       
70004f20  OSPI_phyFindOTP2                       
7000bf00  OSPI_phyFindRxHigh                     
7000bfa0  OSPI_phyFindRxLow                      
7000c040  OSPI_phyFindTxHigh                     
7000c0e0  OSPI_phyFindTxLow                      
7000e6d0  OSPI_phyGetTuningData                  
7000c9d0  OSPI_phyReadAttackVector               
7000c500  OSPI_phyResyncDLL                      
7000d280  OSPI_phySetRdDelayTxRxDLL              
7000afc0  OSPI_phyTuneDDR                        
70008880  OSPI_readCmd                           
70009440  OSPI_readDirect                        
7000e480  OSPI_setCmdDummyCycles                 
7000e7c0  OSPI_setCmdExtType                     
7000da80  OSPI_setDeviceSize                     
7000e640  OSPI_setDualOpCodeMode                 
7000e0e0  OSPI_setNumAddrBytes                   
7000e7d0  OSPI_setPhyEnableSuccess               
7000e180  OSPI_setRdDataCaptureDelay             
7000e4b0  OSPI_setReadDummyCycles                
7000d590  OSPI_setXferLines                      
7000c350  OSPI_setXferOpCodes                    
700086f0  OSPI_writeCmd                          
70009180  OSPI_writeIndirect                     
7000a3c0  Pinmux_config                          
7000e4e0  Pinmux_init                            
7000e7e0  PowerClock_init                        
7000e060  SOC_controlModuleLockMMR               
7000d940  SOC_controlModuleUnlockMMR             
7000b390  SOC_moduleClockEnable                  
70007df0  SOC_moduleSetClockFrequency            
7000c3e0  Sciclient_getContext                   
7000e1b0  Sciclient_getCurrentContext            
7000e660  Sciclient_getDevId                     
7000a990  Sciclient_init                         
7000b210  Sciclient_pmGetModuleClkNumParent      
7000baa0  Sciclient_pmGetModuleClkParent         
7000b730  Sciclient_pmGetModuleState             
7000c470  Sciclient_pmModuleClkRequest           
7000bc80  Sciclient_pmModuleGetClkStatus         
70009810  Sciclient_pmQueryModuleClkFreq         
7000a4c0  Sciclient_pmSetModuleClkFreq           
7000c180  Sciclient_pmSetModuleClkParent         
7000ca50  Sciclient_pmSetModuleRst               
7000c220  Sciclient_pmSetModuleState             
70004a50  Sciclient_service                      
7000c2c0  Sciclient_waitForBootNotification      
7000d470  SemaphoreP_constructBinary             
7000d5f0  SemaphoreP_constructMutex              
7000e8e0  SemaphoreP_destruct                    
7000a2c0  SemaphoreP_pend                        
7000d650  SemaphoreP_post                        
7000dee0  System_init                            
7000e698  TI_memcpy_small                        
7000e708  TI_memset_small                        
7000e8f0  TaskP_yield                            
7000e240  TimerP_Params_init                     
7000e6f0  TimerP_clearOverflowInt                
7000e860  TimerP_getCount                        
7000e870  TimerP_getReloadCount                  
70007970  TimerP_setup                           
7000e7f0  TimerP_start                           
700081c0  UART_close                             
7000c8d0  UART_dmaClose                          
7000c590  UART_dmaDisableChannel                 
7000d130  UART_dmaOpen                           
7000a5c0  UART_flushTxFifo                       
7000dd90  UART_getHandle                         
7000b150  UART_init                              
70003fc0  UART_open                              
70005800  UART_read                              
7000dfa0  UART_readInterruptDma                  
700073e0  UART_write                             
7000dfe0  UART_writeInterruptDma                 
7000c620  _DebugP_assert                         
7000fa80  _DebugP_assertNoLog                    
7000d2f0  _DebugP_logZone                        
70096d80  __ABORT_STACK_END                      
00000100  __ABORT_STACK_SIZE                     
70096c80  __ABORT_STACK_START                    
70089a80  __BSS_END                              
70080000  __BSS_START                            
70096b80  __FIQ_STACK_END                        
00000100  __FIQ_STACK_SIZE                       
70096a80  __FIQ_STACK_START                      
70096a80  __IRQ_STACK_END                        
00001000  __IRQ_STACK_SIZE                       
70095a80  __IRQ_STACK_START                      
70095a80  __STACK_END                            
00004000  __STACK_SIZE                           
70096c80  __SVC_STACK_END                        
00000100  __SVC_STACK_SIZE                       
70096b80  __SVC_STACK_START                      
00008000  __SYSMEM_SIZE                          
UNDEFED   __TI_CINIT_Base                        
UNDEFED   __TI_CINIT_Limit                       
UNDEFED   __TI_Handler_Table_Base                
UNDEFED   __TI_Handler_Table_Limit               
7000d4cc  __TI_auto_init_nobinit_nopinit         
ffffffff  __TI_pprof_out_hndl                    
7000161c  __TI_printfi_nofloat                   
ffffffff  __TI_prof_data_size                    
ffffffff  __TI_prof_data_start                   
70000000  __TI_static_base__                     
70096e80  __UNDEFINED_STACK_END                  
00000100  __UNDEFINED_STACK_SIZE                 
70096d80  __UNDEFINED_STACK_START                
700127c0  __aeabi_ctype_table_                   
700127c0  __aeabi_ctype_table_C                  
70011f30  __aeabi_errno                          
70002244  __aeabi_errno_addr                     
7000e900  __aeabi_idiv0                          
7000e910  __aeabi_ldiv0                          
7000e6c4  __aeabi_memclr                         
7000e6c4  __aeabi_memclr4                        
7000e6c4  __aeabi_memclr8                        
70002e6c  __aeabi_memcpy                         
70002e6c  __aeabi_memcpy4                        
70002e6c  __aeabi_memcpy8                        
7000e6b4  __aeabi_memset                         
7000e6b4  __aeabi_memset4                        
7000e6b4  __aeabi_memset8                        
70007fec  __aeabi_uidiv                          
7000e594  __aeabi_uldivmod                       
ffffffff  __binit__                              
7000fac0  __mpu_init                             
70091a80  __stack                                
70080000  __start___llvm_prf_cnts                
70080000  __stop___llvm_prf_cnts                 
70009a48  __udivmoddi4                           
70007fec  __udivsi3                              
7000f9a4  _c_int00                               
7000f980  _c_int00_sbl                           
7000cdb0  _inbyte                                
7000d6b0  _outbyte                               
70089a80  _sys_memory                            
UNDEFED   _system_post_cinit                     
7000e570  _system_pre_init                       
70000000  _vectors_sbl                           
70003758  abort                                  
7000cf6c  atoi                                   
ffffffff  binit                                  
7000df20  crc16_ccitt                            
70089a50  gADMA2Desc                             
70011ee0  gAddrTranslateConfig                   
[...]
7008967c  gFlashHandle                           
70011dd0  gFlashNorXspiAttrs_S28HS512T           
70011cec  gFlashNorXspiDeviceDefines_S28HS512T   
70011ebc  gFlashNorXspiFxns                      
70089a5c  gFlashObject_S28HS512T                 
70011f44  gHwiConfig                             
70088000  gHwiCtrl                               
70011f00  gMmcsdConfig                           
70011f48  gMmcsdConfigNum                        
70089680  gMmcsdDataBuf0                         
70089a68  gMmcsdHandle                           
70011f08  gMmcsdParams                           
70011eec  gMpuConfig                             
70011c4c  gMpuRegionConfig                       
70011f10  gOspiConfig                            
70011f4c  gOspiConfigNum                         
7000fad0  gOspiDmaConfig                         
70011f50  gOspiDmaConfigNum                      
70089a6c  gOspiHandle                            
70011f54  gOspiParams                            
70011f58  gPhyTuneWindowParams                   
70011df8  gPhyTuneWindowParamsGTE133             
70011e20  gPhyTuneWindowParamsLT133              
7001258c  gSciclientMap                          
70011e68  gSciclientSecProxyCfg                  
70011e88  gSocModules                            
70011da0  gSocModulesClockFrequency              
70011f28  gUartConfig                            
70011f70  gUartConfigNum                         
7000fad0  gUartDmaConfig                         
70011f74  gUartDmaConfigNum                      
70089a70  gUartHandle                            
70011bf8  gUartParams                            
80000000  gUniflashFileBuf                       
70080000  gUniflashVerifyBuf                     
7000ad40  main                                   
7000dc08  memccpy                                
7000e930  putchar_                               
7000ccc4  snprintf                               
7000e270  vprintf_                               
7000e600  wcslen                                 
70006dc0  xmodemReceive                          
700070e0  xmodemTransmit                         


GLOBAL SYMBOLS: SORTED BY Symbol Address 

address   name                                   
-------   ----                                   
00000100  __ABORT_STACK_SIZE                     
00000100  __FIQ_STACK_SIZE                       
00000100  __SVC_STACK_SIZE                       
00000100  __UNDEFINED_STACK_SIZE                 
00001000  __IRQ_STACK_SIZE                       
00004000  __STACK_SIZE                           
00008000  __SYSMEM_SIZE                          
70000000  __TI_static_base__                     
70000000  _vectors_sbl                           
70000100  MMCSD_open                             
7000161c  __TI_printfi_nofloat                   
70002244  __aeabi_errno_addr                     
70002e6c  __aeabi_memcpy                         
70002e6c  __aeabi_memcpy4                        
70002e6c  __aeabi_memcpy8                        
70002e70  OSPI_phyFindOTP1                       
70003758  C$$EXIT                                
70003758  abort                                  
70003fc0  UART_open                              
70004a50  Sciclient_service                      
70004f20  OSPI_phyFindOTP2                       
70005800  UART_read                              
70005c00  DDR_init                               
70005fc0  OSPI_open                              
70006350  Bootloader_uniflashProcessFlashCommands
70006dc0  xmodemReceive                          
700070e0  xmodemTransmit                         
700073e0  UART_write                             
70007970  TimerP_setup                           
70007df0  SOC_moduleSetClockFrequency            
70007fec  __aeabi_uidiv                          
70007fec  __udivsi3                              
700081c0  UART_close                             
70008380  LPDDR4_CheckCtlInterrupt               
70008540  LPDDR4_AckCtlInterrupt                 
700086f0  OSPI_writeCmd                          
70008880  OSPI_readCmd                           
70008a10  MMCSD_write                            
70008d10  Bootloader_MmcsdRaw_writeToOffset      
70008e90  MMCSD_read                             
70009010  ClockP_init                            
70009180  OSPI_writeIndirect                     
70009440  OSPI_readDirect                        
70009590  Bootloader_MmcsdRaw_readFromOffset     
70009810  Sciclient_pmQueryModuleClkFreq         
70009a48  __udivmoddi4                           
70009fb0  MMCSD_enableBootPartition              
7000a2c0  SemaphoreP_pend                        
7000a3c0  Pinmux_config                          
7000a4c0  Sciclient_pmSetModuleClkFreq           
7000a5c0  UART_flushTxFifo                       
7000a990  Sciclient_init                         
7000ad40  main                                   
7000aef0  MMCSD_parseCSDSd                       
7000afc0  OSPI_phyTuneDDR                        
7000b090  MMCSD_parseECSDEmmc                    
7000b150  UART_init                              
7000b210  Sciclient_pmGetModuleClkNumParent      
7000b2d0  ClockP_timerTickIsr                    
7000b390  SOC_moduleClockEnable                  
7000b5d0  LPDDR4_Start                           
7000b680  MMCSD_parseCIDEmmc                     
7000b730  Sciclient_pmGetModuleState             
7000b7e0  MMCSD_init                             
7000b940  OSPI_init                              
7000baa0  Sciclient_pmGetModuleClkParent         
7000bbe0  MMCSD_parseCIDSd                       
7000bc80  Sciclient_pmModuleGetClkStatus         
7000bd20  AddrTranslateP_getLocalAddr            
7000bdc0  Board_flashOpen                        
7000be60  OSPI_close                             
7000bf00  OSPI_phyFindRxHigh                     
7000bfa0  OSPI_phyFindRxLow                      
7000c040  OSPI_phyFindTxHigh                     
7000c0e0  OSPI_phyFindTxLow                      
7000c180  Sciclient_pmSetModuleClkParent         
7000c220  Sciclient_pmSetModuleState             
7000c2c0  Sciclient_waitForBootNotification      
7000c350  OSPI_setXferOpCodes                    
7000c3e0  Sciclient_getContext                   
7000c470  Sciclient_pmModuleClkRequest           
7000c500  OSPI_phyResyncDLL                      
7000c590  UART_dmaDisableChannel                 
7000c620  _DebugP_assert                         
7000c7d0  Flash_offsetToBlkPage                  
7000c850  LPDDR4_ReadReg                         
7000c8d0  UART_dmaClose                          
7000c9d0  OSPI_phyReadAttackVector               
7000ca50  Sciclient_pmSetModuleRst               
7000cad0  ClockP_stop                            
7000cb50  Drivers_mmcsdOpen                      
7000cbd0  Drivers_ospiOpen                       
7000cc50  Drivers_uartOpen                       
7000ccc4  snprintf                               
7000cd40  LPDDR4_WritePhyConfig                  
7000cdb0  _inbyte                                
7000ce20  ClockP_construct                       
7000ce90  LPDDR4_WritePhyIndepConfig             
7000cf00  OSPI_enablePhy                         
7000cf6c  atoi                                   
7000cfe0  LPDDR4_WriteCtlConfig                  
7000d050  MMCSD_close                            
7000d0c0  OSPI_dmaOpen                           
7000d130  UART_dmaOpen                           
7000d1a0  ClockP_getTimeUsec                     
7000d280  OSPI_phySetRdDelayTxRxDLL              
7000d2f0  _DebugP_logZone                        
7000d350  ClockP_destruct                        
7000d410  MMCSD_parseCSDEmmc                     
7000d470  SemaphoreP_constructBinary             
7000d4cc  __TI_auto_init_nobinit_nopinit         
7000d530  LPDDR4_PollCtlIrq                      
7000d590  OSPI_setXferLines                      
7000d5f0  SemaphoreP_constructMutex              
7000d650  SemaphoreP_post                        
7000d6b0  _outbyte                               
7000d760  Dpl_init                               
7000d7c0  Flash_open                             
7000d8e0  OSPI_disablePhy                        
7000d940  SOC_controlModuleUnlockMMR             
7000d990  Bootloader_xmodemReceive               
7000d9e0  Bootloader_xmodemTransmit              
7000da30  ClockP_start                           
7000da80  OSPI_setDeviceSize                     
7000dad0  LPDDR4_EnablePIInitiator               
7000dbc0  Module_clockSetFrequency               
7000dc08  memccpy                                
7000dca0  MMCSD_getHandle                        
7000dcf0  OSPI_dmaCopy                           
7000dd40  OSPI_getHandle                         
7000dd90  UART_getHandle                         
7000dde0  ClockP_usleep                          
7000de60  MMCSD_parseSCRSd                       
7000dea0  Module_clockEnable                     
7000dee0  System_init                            
7000df20  crc16_ccitt                            
7000df60  OSPI_dmaClose                          
7000dfa0  UART_readInterruptDma                  
7000dfe0  UART_writeInterruptDma                 
7000e020  Bootloader_socIsAuthRequired           
7000e060  SOC_controlModuleLockMMR               
7000e0e0  OSPI_setNumAddrBytes                   
7000e120  DebugP_logZoneEnable                   
7000e150  OSPI_enableDacMode                     
7000e180  OSPI_setRdDataCaptureDelay             
7000e1b0  Sciclient_getCurrentContext            
7000e210  LPDDR4_Init                            
7000e240  TimerP_Params_init                     
7000e270  vprintf_                               
7000e2a0  Flash_eraseBlk                         
7000e2d0  Flash_getAttrs                         
7000e300  Flash_getHandle                        
7000e330  Flash_read                             
7000e360  Flash_write                            
7000e390  OSPI_ReadCmdParams_init                
7000e3c0  OSPI_WriteCmdParams_init               
7000e3f0  OSPI_disablePhyPipeline                
7000e420  OSPI_enableDDR                         
7000e450  OSPI_enableSDR                         
7000e480  OSPI_setCmdDummyCycles                 
7000e4b0  OSPI_setReadDummyCycles                
7000e4e0  Pinmux_init                            
7000e510  Flash_close                            
7000e540  OSPI_Transaction_init                  
7000e570  _system_pre_init                       
7000e594  __aeabi_uldivmod                       
7000e5c0  LPDDR4_Probe                           
7000e5e0  MMCSD_getBlockSize                     
7000e600  wcslen                                 
7000e620  Flash_getPhyTuningOffset               
7000e640  OSPI_setDualOpCodeMode                 
7000e660  Sciclient_getDevId                     
7000e698  TI_memcpy_small                        
7000e6b4  __aeabi_memset                         
7000e6b4  __aeabi_memset4                        
7000e6b4  __aeabi_memset8                        
7000e6c4  __aeabi_memclr                         
7000e6c4  __aeabi_memclr4                        
7000e6c4  __aeabi_memclr8                        
7000e6d0  OSPI_phyGetTuningData                  
7000e6f0  TimerP_clearOverflowInt                
7000e708  TI_memset_small                        
7000e720  CSL_secProxyGetDataAddr                
7000e740  Drivers_open                           
7000e760  OSPI_getFlashDataBaseAddr              
7000e780  ClockP_Params_init                     
7000e790  ClockP_getTicks                        
7000e7a0  ClockP_isActive                        
7000e7c0  OSPI_setCmdExtType                     
7000e7d0  OSPI_setPhyEnableSuccess               
7000e7e0  PowerClock_init                        
7000e7f0  TimerP_start                           
7000e800  OSPI_getXferLines                      
7000e810  OSPI_isDtrEnable                       
7000e820  OSPI_isPhyEnable                       
7000e840  CPS_UncachedRead32                     
7000e850  CPS_UncachedWrite32                    
7000e860  TimerP_getCount                        
7000e870  TimerP_getReloadCount                  
7000e880  Board_driversOpen                      
7000e890  Bootloader_socWaitForFWBoot            
7000e8a0  ClockP_getTimerCount                   
7000e8b0  ClockP_timerClearOverflowInt           
7000e8e0  SemaphoreP_destruct                    
7000e8f0  TaskP_yield                            
7000e900  __aeabi_idiv0                          
7000e910  __aeabi_ldiv0                          
7000e930  putchar_                               
7000e940  HwiP_enableInt                         
7000e980  HwiP_disableInt                        
7000e9d0  HwiP_restoreInt                        
7000ea50  HwiP_clearInt                          
7000ea80  HwiP_post                              
7000eab0  HwiP_Params_init                       
7000ead0  HwiP_construct                         
7000ec80  HwiP_destruct                          
7000ed80  HwiP_init                              
7000ee90  HwiP_inISR                             
7000eeb0  HwiP_irq_handler_c                     
7000ef60  HwiP_fiq_handler                       
7000f030  HwiP_reserved_handler                  
7000f060  HwiP_undefined_handler                 
7000f090  HwiP_svc_handler                       
7000f0c0  HwiP_prefetch_abort_handler            
7000f0f0  HwiP_data_abort_handler                
7000f120  HwiP_irq_handler                       
7000f198  HwiP_disable                           
7000f1a8  HwiP_disableFIQ                        
7000f1b8  HwiP_enable                            
7000f1c8  HwiP_enableFIQ                         
7000f1d8  HwiP_restore                           
7000f1e0  HwiP_enableVIC                         
7000f1f0  HwiP_disableVIC                        
7000f200  HwiP_getCPSR                           
7000f210  CacheP_disableL1d                      
7000f238  CacheP_disableL1p                      
7000f250  CacheP_enableL1d                       
7000f268  CacheP_enableL1p                       
7000f280  CacheP_invL1d                          
7000f2b8  CacheP_invL1p                          
7000f2f4  CacheP_invL1dAll                       
7000f2fc  CacheP_invL1pAll                       
7000f304  CacheP_wb                              
7000f340  CacheP_wbInv                           
7000f37c  CacheP_wbAll                           
7000f424  CacheP_wbInvAll                        
7000f43c  CacheP_wbInvAllAsm                     
7000f4dc  CacheP_getEnabled                      
7000f514  CacheP_getCacheLevelInfo               
7000f520  CacheP_configForceWrThru               
7000f540  CacheP_setDLFO                         
7000f550  CacheP_init                            
7000f5f0  CacheP_disable                         
7000f640  CacheP_enable                          
7000f670  CacheP_inv                             
7000f6b0  MpuP_RegionAttrs_init                  
7000f6d0  MpuP_setRegion                         
7000f7b0  MpuP_enable                            
7000f800  MpuP_disable                           
7000f850  MpuP_isEnable                          
7000f860  MpuP_init                              
7000f900  MpuP_disableAsm                        
7000f918  MpuP_disableBRAsm                      
7000f928  MpuP_enableAsm                         
7000f940  MpuP_enableBRAsm                       
7000f950  MpuP_isEnableAsm                       
7000f964  MpuP_setRegionAsm                      
7000f980  _c_int00_sbl                           
7000f9a4  _c_int00                               
7000fa80  _DebugP_assertNoLog                    
7000fac0  __mpu_init                             
7000fad0  DDRSS_phyReg                           
7000fad0  gOspiDmaConfig                         
7000fad0  gUartDmaConfig                         
700102bc  DDRSS_ctlReg                           
70010958  DDRSS_phyIndepReg                      
70010ebc  DDRSS_phyRegNum                        
700112b2  DDRSS_ctlRegNum                        
70011600  DDRSS_phyIndepRegNum                   
70011bf8  gUartParams                            
70011c4c  gMpuRegionConfig                       
70011cec  gFlashNorXspiDeviceDefines_S28HS512T   
70011da0  gSocModulesClockFrequency              
70011dd0  gFlashNorXspiAttrs_S28HS512T           
70011df8  gPhyTuneWindowParamsGTE133             
70011e20  gPhyTuneWindowParamsLT133              
70011e68  gSciclientSecProxyCfg                  
70011e88  gSocModules                            
70011ea8  gClockConfig                           
70011ebc  gFlashNorXspiFxns                      
70011ed0  gFlashConfig                           
70011ee0  gAddrTranslateConfig                   
70011eec  gMpuConfig                             
70011ef8  gCacheConfig                           
70011f00  gMmcsdConfig                           
70011f08  gMmcsdParams                           
70011f10  gOspiConfig                            
70011f28  gUartConfig                            
70011f30  __aeabi_errno                          
70011f34  gCacheL1dCacheLineSize                 
70011f38  gCacheL1pCacheLineSize                 
70011f3c  gDebugLogZone                          
70011f40  gFlashConfigNum                        
70011f44  gHwiConfig                             
70011f48  gMmcsdConfigNum                        
70011f4c  gOspiConfigNum                         
70011f50  gOspiDmaConfigNum                      
70011f54  gOspiParams                            
70011f58  gPhyTuneWindowParams                   
70011f70  gUartConfigNum                         
70011f74  gUartDmaConfigNum                      
7001258c  gSciclientMap                          
700127c0  __aeabi_ctype_table_                   
700127c0  __aeabi_ctype_table_C                  
70080000  __BSS_START                            
70080000  __start___llvm_prf_cnts                
70080000  __stop___llvm_prf_cnts                 
70080000  gUniflashVerifyBuf                     
70088000  gHwiCtrl                               
70089640  gClockCtrl                             
7008967c  gFlashHandle                           
70089680  gMmcsdDataBuf0                         
70089a04  gEmmcData0                             
70089a50  gADMA2Desc                             
70089a5c  gFlashObject_S28HS512T                 
70089a68  gMmcsdHandle                           
70089a6c  gOspiHandle                            
70089a70  gUartHandle                            
70089a80  __BSS_END                              
70089a80  _sys_memory                            
70091a80  __stack                                
70095a80  __IRQ_STACK_START                      
70095a80  __STACK_END                            
70096a80  __FIQ_STACK_START                      
70096a80  __IRQ_STACK_END                        
70096b80  __FIQ_STACK_END                        
70096b80  __SVC_STACK_START                      
70096c80  __ABORT_STACK_START                    
70096c80  __SVC_STACK_END                        
70096d80  __ABORT_STACK_END                      
70096d80  __UNDEFINED_STACK_START                
70096e80  __UNDEFINED_STACK_END                  
80000000  gUniflashFileBuf                       
ffffffff  __TI_pprof_out_hndl                    
ffffffff  __TI_prof_data_size                    
ffffffff  __TI_prof_data_start                   
ffffffff  __binit__                              
ffffffff  binit                                  
UNDEFED   __TI_CINIT_Base                        
UNDEFED   __TI_CINIT_Limit                       
UNDEFED   __TI_Handler_Table_Base                
UNDEFED   __TI_Handler_Table_Limit               
UNDEFED   _system_post_cinit                     

[353 symbols]
