******************************************************************************
            TI ARM Clang Linker Unix v1.3.0                    
******************************************************************************
>> Linked Fri Mar 25 02:50:31 2022

OUTPUT FILE NAME:   <sbl_uart_uniflash.debug.out>
ENTRY POINT SYMBOL: "_vectors_sbl"  address: 70000000


MEMORY CONFIGURATION

         name            origin    length      used     unused   attr    fill
----------------------  --------  ---------  --------  --------  ----  --------
  R5F_VECS              00000000   00000040  00000000  00000040  RWIX
  R5F_TCMA              00000040   00007fc0  00000000  00007fc0  RWIX
  R5F_TCMB0             41010000   00008000  00000000  00008000  RWIX
  MSRAM_VECS            70000000   00000100  00000040  000000c0  RWIX
  MSRAM_0               70000100   0007ff00  00022e20  0005d0e0  RWIX
  MSRAM_1               70080000   00018000  00016e80  00001180  RWIX
  DDR                   80000000   00800000  00800000  00000000  RWIX


SEGMENT ALLOCATION MAP

run origin  load origin   length   init length attrs members
----------  ----------- ---------- ----------- ----- -------
70000000    70000000    00000040   00000040    r-x
  70000000    70000000    00000040   00000040    r-x .vectors
70000100    70000100    0001f950   0001f950    r-x
  70000100    70000100    0001e020   0001e020    r-x .text
  7001e120    7001e120    00000e90   00000e90    r-x .text.hwi
  7001efb0    7001efb0    00000550   00000550    r-x .text.cache
  7001f500    7001f500    000003f0   000003f0    r-x .text.mpu
  7001f8f0    7001f8f0    00000160   00000160    r-x .text.boot
7001fa80    7001fa80    00002700   00002700    rw-
  7001fa80    7001fa80    00002700   00002700    rw- .data
70022180    70022180    00000da0   00000da0    r--
  70022180    70022180    00000da0   00000da0    r-- .rodata
70080000    70080000    00015a80   00000000    rw-
  70080000    70080000    00009a80   00000000    rw- .bss
  70089a80    70089a80    00008000   00000000    rw- .sysmem
  70091a80    70091a80    00004000   00000000    rw- .stack
70095a80    70095a80    00001400   00000000    r--
  70095a80    70095a80    00001000   00000000    r-- .irqstack
  70096a80    70096a80    00000100   00000000    r-- .fiqstack
  70096b80    70096b80    00000100   00000000    r-- .svcstack
  70096c80    70096c80    00000100   00000000    r-- .abortstack
  70096d80    70096d80    00000100   00000000    r-- .undefinedstack


SECTION ALLOCATION MAP

 output                                  attributes/
section   page    origin      length       input sections
--------  ----  ----------  ----------   ----------------
.vectors   0    70000000    00000040     
                  70000000    00000040     nortos.am64x.r5f.ti-arm-clang.debug.lib : HwiP_armv7r_vectors_nortos_sbl_asm.obj (.vectors)

.text      0    70000100    0001e020     
                  70000100    000011d0     nortos.am64x.r5f.ti-arm-clang.debug.lib : printf.obj (.text._vsnprintf)
                  700012d0    00000de8     drivers.am64x.r5f.ti-arm-clang.debug.lib : ospi_phy.obj (.text.OSPI_phyFindOTP1)
                  700020b8    00000c28     libc.a : _printfi.c.obj (.text:__TI_printfi_nofloat)
                  70002ce0    00000adc     drivers.am64x.r5f.ti-arm-clang.debug.lib : mmcsd_v0.obj (.text.MMCSD_transfer)
                  700037bc    00000004     libclang_rt.builtins.a : aeabi_memcpy.S.obj (.text)
                  700037c0    0000089c     drivers.am64x.r5f.ti-arm-clang.debug.lib : ospi_phy.obj (.text.OSPI_phyFindOTP2)
                  7000405c    00000004     --HOLE-- [fill = 0]
                  70004060    0000078c     nortos.am64x.r5f.ti-arm-clang.debug.lib : printf.obj (.text._ftoa)
                  700047ec    00000004     --HOLE-- [fill = 0]
                  700047f0    00000764     drivers.am64x.r5f.ti-arm-clang.debug.lib : mmcsd_v0.obj (.text.MMCSD_initEMMC)
                  70004f54    0000000c     libc.a : aeabi_portable.c.obj (.text.__aeabi_errno_addr)
                  70004f60    000006c0     drivers.am64x.r5f.ti-arm-clang.debug.lib : mmcsd_v0.obj (.text.MMCSD_initSD)
                  70005620    00000690                                              : mmcsd_v0.obj (.text.MMCSD_switchEmmcMode)
                  70005cb0    00000620     nortos.am64x.r5f.ti-arm-clang.debug.lib : printf.obj (.text._etoa)
                  700062d0    000004e8     drivers.am64x.r5f.ti-arm-clang.debug.lib : sciclient.obj (.text.Sciclient_service)
                  700067b8    00000008     libc.a : exit.c.obj (.text:abort)
                  700067c0    000004c0     drivers.am64x.r5f.ti-arm-clang.debug.lib : mmcsd_v0.obj (.text.MMCSD_xferStatusPollingFxn)
                  70006c80    000004bc                                              : xmodem.obj (.text.xmodemTransmit)
                  7000713c    00000004     --HOLE-- [fill = 0]
                  70007140    00000434                                              : bootloader_uniflash.obj (.text.Bootloader_uniflashProcessFlashCommands)
                  70007574    0000000c     --HOLE-- [fill = 0]
                  70007580    0000042c     nortos.am64x.r5f.ti-arm-clang.debug.lib : TimerP.obj (.text.TimerP_setup)
                  700079ac    00000004     --HOLE-- [fill = 0]
                  700079b0    00000408     drivers.am64x.r5f.ti-arm-clang.debug.lib : uart_v0.obj (.text.UART_open)
                  70007db8    00000008     --HOLE-- [fill = 0]
                  70007dc0    00000404     nortos.am64x.r5f.ti-arm-clang.debug.lib : printf.obj (.text._ntoa_format)
                  700081c4    0000000c     --HOLE-- [fill = 0]
                  700081d0    00000400     drivers.am64x.r5f.ti-arm-clang.debug.lib : xmodem.obj (.text.xmodemReceive)
                  700085d0    000003f8                                              : ospi_v0.obj (.text.OSPI_programInstance)
                  700089c8    00000008     --HOLE-- [fill = 0]
                  700089d0    000003e8                                              : mmcsd_v0.obj (.text.MMCSD_open)
                  70008db8    00000008     --HOLE-- [fill = 0]
                  70008dc0    000003d4                                              : uart_v0.obj (.text.UART_fifoConfig)
                  70009194    0000000c     --HOLE-- [fill = 0]
                  700091a0    000003c0                                              : uart_v0.obj (.text.UART_masterIsr)
                  70009560    000003a4                                              : lpddr4_16bit.obj (.text.LPDDR4_INTR_SanityFunction1)
                  70009904    0000000c     --HOLE-- [fill = 0]
                  70009910    0000039c                                              : mmcsd_v0.obj (.text.MMCSD_phyConfigure)
                  70009cac    00000004     --HOLE-- [fill = 0]
                  70009cb0    00000380                                              : lpddr4_16bit.obj (.text.LPDDR4_INTR_SanityFunction2)
                  7000a030    0000036c                                              : uart_v0.obj (.text.UART_write)
                  7000a39c    00000004     --HOLE-- [fill = 0]
                  7000a3a0    00000368     board.am64x.r5f.ti-arm-clang.debug.lib : flash_nor_xspi.obj (.text.Flash_norXspiOpen)
                  7000a708    00000008     --HOLE-- [fill = 0]
                  7000a710    00000348     drivers.am64x.r5f.ti-arm-clang.debug.lib : bootloader_mmcsd_raw.obj (.text.Bootloader_MmcsdRaw_writeToOffset)
                  7000aa58    00000008     --HOLE-- [fill = 0]
                  7000aa60    00000348                                              : uart_v0.obj (.text.UART_read)
                  7000ada8    00000008     --HOLE-- [fill = 0]
                  7000adb0    0000032c                                              : soc.obj (.text.SOC_moduleSetClockFrequency)
                  7000b0dc    00000004     --HOLE-- [fill = 0]
                  7000b0e0    0000030c                                              : ospi_v0.obj (.text.OSPI_open)
                  7000b3ec    00000004     --HOLE-- [fill = 0]
                  7000b3f0    000002d0                                              : bootloader_mmcsd_raw.obj (.text.Bootloader_MmcsdRaw_readFromOffset)
                  7000b6c0    000002a8                                              : ospi_v0.obj (.text.OSPI_readDirect)
                  7000b968    00000008     --HOLE-- [fill = 0]
                  7000b970    0000027c                                              : uart_v0.obj (.text.UART_close)
                  7000bbec    00000004     --HOLE-- [fill = 0]
                  7000bbf0    00000270                                              : ospi_v0.obj (.text.OSPI_writeIndirect)
                  7000be60    00000260                                              : uart_v0.obj (.text.UART_procLineStatusErr)
                  7000c0c0    00000258                                              : ospi_v0.obj (.text.OSPI_readCmd)
                  7000c318    00000008     --HOLE-- [fill = 0]
                  7000c320    00000250     board.am64x.r5f.ti-arm-clang.debug.lib : flash_nor_xspi.obj (.text.Flash_norXspiWrite)
                  7000c570    00000250     drivers.am64x.r5f.ti-arm-clang.debug.lib : uart_v0.obj (.text.UART_configInstance)
                  7000c7c0    00000244                                              : lpddr4.obj (.text.LPDDR4_INTR_SanityFunction3)
                  7000ca04    0000000c     --HOLE-- [fill = 0]
                  7000ca10    00000244                                              : ospi_v0.obj (.text.OSPI_writeCmd)
                  7000cc54    0000000c     --HOLE-- [fill = 0]
                  7000cc60    00000240                                              : mmcsd_v0.obj (.text.MMCSD_write)
                  7000cea0    0000023c                                              : sciclient.obj (.text.Sciclient_sendMessage)
                  7000d0dc    00000004     --HOLE-- [fill = 0]
                  7000d0e0    00000224                                              : mmcsd_v0.obj (.text.MMCSD_read)
                  7000d304    0000000c     --HOLE-- [fill = 0]
                  7000d310    00000220                                              : lpddr4.obj (.text.LPDDR4_INTR_SanityFunction4)
                  7000d530    00000200     nortos.am64x.r5f.ti-arm-clang.debug.lib : ClockP_nortos_r5.obj (.text.ClockP_init)
                  7000d730    00000200     drivers.am64x.r5f.ti-arm-clang.debug.lib : mmcsd_v0.obj (.text.MMCSD_getModeSd)
                  7000d930    00000200                                              : mmcsd_v0.obj (.text.MMCSD_xferStatusPollingFxnCMD19)
                  7000db30    000001f8                                              : sciclient.obj (.text.Sciclient_recvMessage)
                  7000dd28    00000008     --HOLE-- [fill = 0]
                  7000dd30    000001f4                                              : bootloader_uniflash.obj (.text.Bootloader_uniflashFlashFile)
                  7000df24    0000000c     --HOLE-- [fill = 0]
                  7000df30    000001f4     nortos.am64x.r5f.ti-arm-clang.debug.lib : printf.obj (.text._ntoa_long_long)
                  7000e124    0000000c     --HOLE-- [fill = 0]
                  7000e130    000001f0     drivers.am64x.r5f.ti-arm-clang.debug.lib : bootloader_uniflash.obj (.text.Bootloader_uniflashFlashErase)
                  7000e320    000001ec                                              : ddr.obj (.text.DDR_start)
                  7000e50c    000001d0     libclang_rt.builtins.a : udivsi3.S.obj (.text)
                  7000e6dc    00000004     --HOLE-- [fill = 0]
                  7000e6e0    000001cc     drivers.am64x.r5f.ti-arm-clang.debug.lib : lpddr4_16bit.obj (.text.LPDDR4_AckCtlInterrupt_4)
                  7000e8ac    00000004     --HOLE-- [fill = 0]
                  7000e8b0    000001c4                                              : lpddr4_16bit.obj (.text.LPDDR4_AckCtlInterrupt)
                  7000ea74    0000000c     --HOLE-- [fill = 0]
                  7000ea80    000001c4                                              : sciclient_pm.obj (.text.Sciclient_pmQueryModuleClkFreq)
                  7000ec44    0000000c     --HOLE-- [fill = 0]
                  7000ec50    000001c4     nortos.am64x.r5f.ti-arm-clang.debug.lib : SemaphoreP_nortos.obj (.text.SemaphoreP_pend)
                  7000ee14    0000000c     --HOLE-- [fill = 0]
                  7000ee20    000001c4     drivers.am64x.r5f.ti-arm-clang.debug.lib : uart_v0.obj (.text.UART_divisorLatchWrite)
                  7000efe4    0000000c     --HOLE-- [fill = 0]
                  7000eff0    000001b4                                              : lpddr4_16bit.obj (.text.LPDDR4_CheckCtlInterrupt)
                  7000f1a4    0000000c     --HOLE-- [fill = 0]
                  7000f1b0    000001b4                                              : mmcsd_priv.obj (.text.MMCSD_parseCSDSd)
                  7000f364    0000000c     --HOLE-- [fill = 0]
                  7000f370    000001b4                                              : mmcsd_v0.obj (.text.MMCSD_phyTuneAuto)
                  7000f524    0000000c     --HOLE-- [fill = 0]
                  7000f530    000001b0     board.am64x.r5f.ti-arm-clang.debug.lib : flash_nor_xspi.obj (.text.Flash_norXspiErase)
                  7000f6e0    000001ac     drivers.am64x.r5f.ti-arm-clang.debug.lib : bootloader_uniflash.obj (.text.Bootloader_uniflashFlashVerifyFile)
                  7000f88c    00000004     --HOLE-- [fill = 0]
                  7000f890    000001a8                                              : bootloader_uniflash.obj (.text.Bootloader_uniflashFlashVerifyFileMMCSDRaw)
                  7000fa38    00000008     --HOLE-- [fill = 0]
                  7000fa40    000001a8     nortos.am64x.r5f.ti-arm-clang.debug.lib : printf.obj (.text._ntoa_long)
                  7000fbe8    00000008     --HOLE-- [fill = 0]
                  7000fbf0    00000198     board.am64x.r5f.ti-arm-clang.debug.lib : flash_nor_xspi.obj (.text.Flash_norXspiWaitReady)
                  7000fd88    00000008     --HOLE-- [fill = 0]
                  7000fd90    00000190     drivers.am64x.r5f.ti-arm-clang.debug.lib : bootloader_uniflash.obj (.text.Bootloader_uniflashFlashOrVerifyXipFile)
                  7000ff20    00000190     board.am64x.r5f.ti-arm-clang.debug.lib : flash_nor_xspi.obj (.text.Flash_norXspiReadId)
                  700100b0    00000190     drivers.am64x.r5f.ti-arm-clang.debug.lib : mmcsd_v0.obj (.text.MMCSD_halSetBusFreq)
                  70010240    0000018c     nortos.am64x.r5f.ti-arm-clang.debug.lib : AddrTranslateP.obj (.text.AddrTranslateP_getLocalAddr)
                  700103cc    00000004     --HOLE-- [fill = 0]
                  700103d0    00000188     drivers.am64x.r5f.ti-arm-clang.debug.lib : sciclient_pm.obj (.text.Sciclient_pmSetModuleClkFreq)
                  70010558    00000008     --HOLE-- [fill = 0]
                  70010560    00000184                                              : ddr.obj (.text.DDR_changeFreqAck)
                  700106e4    0000000c     --HOLE-- [fill = 0]
                  700106f0    00000180                                              : lpddr4_16bit.obj (.text.LPDDR4_AckCtlInterrupt_3)
                  70010870    0000017c                                              : lpddr4_16bit.obj (.text.LPDDR4_CheckCtlInterrupt_2)
                  700109ec    00000004     --HOLE-- [fill = 0]
                  700109f0    0000017c                                              : sciclient.obj (.text.Sciclient_waitForMessage)
                  70010b6c    00000004     --HOLE-- [fill = 0]
                  70010b70    00000178                                              : mmcsd_v0.obj (.text.MMCSD_getModeEmmc)
                  70010ce8    00000008     --HOLE-- [fill = 0]
                  70010cf0    00000178                                              : mmcsd_priv.obj (.text.MMCSD_parseCIDEmmc)
                  70010e68    00000008     --HOLE-- [fill = 0]
                  70010e70    00000170                                              : uart_v0.obj (.text.UART_writePolling)
                  70010fe0    0000016c                                              : mmcsd_v0.obj (.text.MMCSD_cmdStatusPollingFxn)
                  7001114c    00000004     --HOLE-- [fill = 0]
                  70011150    00000168                                              : mmcsd_priv.obj (.text.MMCSD_parseECSDEmmc)
                  700112b8    00000008     --HOLE-- [fill = 0]
                  700112c0    00000168                                              : mmcsd_v0.obj (.text.MMCSD_phyInit)
                  70011428    00000008     --HOLE-- [fill = 0]
                  70011430    00000168                                              : uart_v0.obj (.text.UART_intrEnable)
                  70011598    00000008     --HOLE-- [fill = 0]
                  700115a0    00000168                                              : uart_v0.obj (.text.UART_readPolling)
                  70011708    00000008     --HOLE-- [fill = 0]
                  70011710    00000164                                              : ospi_phy.obj (.text.OSPI_phyResyncDLL)
                  70011874    0000000c     --HOLE-- [fill = 0]
                  70011880    00000164                                              : sciclient_soc_priv.obj (.text.Sciclient_getContext)
                  700119e4    0000000c     --HOLE-- [fill = 0]
                  700119f0    00000160     board.am64x.r5f.ti-arm-clang.debug.lib : flash_nor_xspi.obj (.text.Flash_norXspiSetDummyCycles)
                  70011b50    00000160     drivers.am64x.r5f.ti-arm-clang.debug.lib : uart_v0.obj (.text.UART_intrDisable)
                  70011cb0    0000015c     main.obj (.text.main)
                  70011e0c    00000004     --HOLE-- [fill = 0]
                  70011e10    00000158     drivers.am64x.r5f.ti-arm-clang.debug.lib : mmcsd_priv.obj (.text.MMCSD_parseCIDSd)
                  70011f68    00000008     --HOLE-- [fill = 0]
                  70011f70    00000154     nortos.am64x.r5f.ti-arm-clang.debug.lib : printf.obj (.text._out_rev)
                  700120c4    0000000c     --HOLE-- [fill = 0]
                  700120d0    00000150     drivers.am64x.r5f.ti-arm-clang.debug.lib : bootloader_uniflash.obj (.text.Bootloader_uniflashFlashOrVerifyRprcXipFile)
                  70012220    00000150                                              : lpddr4_16bit.obj (.text.LPDDR4_AckCtlInterrupt_2)
                  70012370    00000150                                              : mmcsd_v0.obj (.text.MMCSD_setupADMA2)
                  700124c0    00000150                                              : pinmux.obj (.text.Pinmux_unlockMMR)
                  70012610    0000014c     nortos.am64x.r5f.ti-arm-clang.debug.lib : ClockP_nortos.obj (.text.ClockP_stop)
                  7001275c    00000004     --HOLE-- [fill = 0]
                  70012760    0000014c     board.am64x.r5f.ti-arm-clang.debug.lib : flash.obj (.text.Flash_offsetToBlkPage)
                  700128ac    00000004     --HOLE-- [fill = 0]
                  700128b0    00000148     drivers.am64x.r5f.ti-arm-clang.debug.lib : lpddr4.obj (.text.LPDDR4_ReadReg)
                  700129f8    00000008     --HOLE-- [fill = 0]
                  70012a00    00000148                                              : mmcsd_v0.obj (.text.MMCSD_enableBootPartition)
                  70012b48    00000008     --HOLE-- [fill = 0]
                  70012b50    00000140                                              : mmcsd_v0.obj (.text.MMCSD_halSendCommand)
                  70012c90    00000140                                              : uart_v0.obj (.text.UART_fifoWrite)
                  70012dd0    00000140                                              : uart_v0.obj (.text.UART_flushTxFifo)
                  70012f10    00000140                                              : uart_v0.obj (.text.UART_readCancelNoCB)
                  70013050    0000013c     nortos.am64x.r5f.ti-arm-clang.debug.lib : ClockP_nortos.obj (.text.ClockP_timerTickIsr)
                  7001318c    00000004     --HOLE-- [fill = 0]
                  70013190    0000013c     drivers.am64x.r5f.ti-arm-clang.debug.lib : lpddr4_16bit.obj (.text.LPDDR4_CheckCtlInterrupt_4)
                  700132cc    00000004     --HOLE-- [fill = 0]
                  700132d0    0000013c                                              : ospi_v0.obj (.text.OSPI_flashExecCmd)
                  7001340c    00000004     --HOLE-- [fill = 0]
                  70013410    00000138     nortos.am64x.r5f.ti-arm-clang.debug.lib : ClockP_nortos.obj (.text.ClockP_addToList)
                  70013548    00000008     --HOLE-- [fill = 0]
                  70013550    00000138     drivers.am64x.r5f.ti-arm-clang.debug.lib : lpddr4.obj (.text.LPDDR4_WriteReg)
                  70013688    00000008     --HOLE-- [fill = 0]
                  70013690    00000130     ti_board_open_close.obj (.text.Board_flashOpen)
                  700137c0    00000130     drivers.am64x.r5f.ti-arm-clang.debug.lib : ospi_v0.obj (.text.OSPI_close)
                  700138f0    00000128                                              : sciclient_pm.obj (.text.Sciclient_pmGetModuleClkNumParent)
                  70013a18    00000008     --HOLE-- [fill = 0]
                  70013a20    00000124     nortos.am64x.r5f.ti-arm-clang.debug.lib : ClockP_nortos.obj (.text.ClockP_destruct)
                  70013b44    0000000c     --HOLE-- [fill = 0]
                  70013b50    0000011c     ti_drivers_open_close.obj (.text.Drivers_uartOpen)
                  70013c6c    00000004     --HOLE-- [fill = 0]
                  70013c70    0000011c     drivers.am64x.r5f.ti-arm-clang.debug.lib : ospi_phy.obj (.text.OSPI_phyTuneDDR)
                  70013d8c    00000004     --HOLE-- [fill = 0]
                  70013d90    00000118     ti_drivers_open_close.obj (.text.Drivers_mmcsdOpen)
                  70013ea8    00000008     --HOLE-- [fill = 0]
                  70013eb0    00000118     ti_drivers_open_close.obj (.text.Drivers_ospiOpen)
                  70013fc8    00000118     libclang_rt.builtins.a : udivmoddi4.S.obj (.text)
                  700140e0    00000114     board.am64x.r5f.ti-arm-clang.debug.lib : flash_nor_xspi.obj (.text.Flash_norXspiRead)
                  700141f4    0000000c     --HOLE-- [fill = 0]
                  70014200    00000114     drivers.am64x.r5f.ti-arm-clang.debug.lib : sciclient_pm.obj (.text.Sciclient_pmGetModuleClkParent)
                  70014314    0000000c     --HOLE-- [fill = 0]
                  70014320    00000114                                              : uart_v0.obj (.text.UART_init)
                  70014434    0000000c     --HOLE-- [fill = 0]
                  70014440    00000114                                              : uart_v0.obj (.text.UART_writeCancelNoCB)
                  70014554    0000000c     --HOLE-- [fill = 0]
                  70014560    00000110                                              : soc.obj (.text.SOC_moduleClockEnable)
                  70014670    00000110                                              : sciclient_pm.obj (.text.Sciclient_pmModuleGetClkStatus)
                  70014780    0000010c                                              : ddr.obj (.text.DDR_initDrv)
                  7001488c    00000004     --HOLE-- [fill = 0]
                  70014890    0000010c                                              : mmcsd_v0.obj (.text.MMCSD_halBusPower)
                  7001499c    00000004     --HOLE-- [fill = 0]
                  700149a0    0000010c                                              : mmcsd_v0.obj (.text.MMCSD_halCmdResponseGet)
                  70014aac    00000004     --HOLE-- [fill = 0]
                  70014ab0    0000010c                                              : sciclient_pm.obj (.text.Sciclient_pmSetModuleClkParent)
                  70014bbc    00000004     --HOLE-- [fill = 0]
                  70014bc0    00000108                                              : mmcsd_v0.obj (.text.MMCSD_getXferSpeedFromModeEmmc)
                  70014cc8    00000008     --HOLE-- [fill = 0]
                  70014cd0    00000108                                              : sciclient_pm.obj (.text.Sciclient_pmSetModuleState)
                  70014dd8    00000008     --HOLE-- [fill = 0]
                  70014de0    00000104     board.am64x.r5f.ti-arm-clang.debug.lib : flash_nor_xspi.obj (.text.Flash_norXspiRegWrite)
                  70014ee4    0000000c     --HOLE-- [fill = 0]
                  70014ef0    00000104     drivers.am64x.r5f.ti-arm-clang.debug.lib : mmcsd_v0.obj (.text.MMCSD_isReadyForTransfer)
                  70014ff4    0000000c     --HOLE-- [fill = 0]
                  70015000    00000104                                              : xmodem.obj (.text.check)
                  70015104    0000000c     --HOLE-- [fill = 0]
                  70015110    00000100     board.am64x.r5f.ti-arm-clang.debug.lib : flash_nor_xspi.obj (.text.Flash_norXspiHybridSectorConfig)
                  70015210    00000100     drivers.am64x.r5f.ti-arm-clang.debug.lib : sciclient_pm.obj (.text.Sciclient_pmGetModuleState)
                  70015310    000000fc                                              : ospi_v0.obj (.text.OSPI_enablePhy)
                  7001540c    00000004     --HOLE-- [fill = 0]
                  70015410    000000fc                                              : sciclient.obj (.text.Sciclient_init)
                  7001550c    00000004     --HOLE-- [fill = 0]
                  70015510    000000fc                                              : uart_v0.obj (.text.UART_subConfigTCRTLRModeEn)
                  7001560c    00000004     --HOLE-- [fill = 0]
                  70015610    000000f8                                              : ddr.obj (.text.DDR_setClock)
                  70015708    00000008     --HOLE-- [fill = 0]
                  70015710    000000f8                                              : ospi_v0.obj (.text.OSPI_setXferOpCodes)
                  70015808    00000008     --HOLE-- [fill = 0]
                  70015810    000000f4                                              : mmcsd_v0.obj (.text.MMCSD_halSetBusWidth)
                  70015904    0000000c     --HOLE-- [fill = 0]
                  70015910    000000f4                                              : mmcsd_v0.obj (.text.MMCSD_phyGetOtapDelay)
                  70015a04    0000000c     --HOLE-- [fill = 0]
                  70015a10    000000f0                                              : mmcsd_v0.obj (.text.MMCSD_sendTuningDataEMMC)
                  70015b00    000000f0                                              : ospi_v0.obj (.text.OSPI_waitIdle)
                  70015bf0    000000f0                                              : sciclient.obj (.text.Sciclient_waitForBootNotification)
                  70015ce0    000000ec                                              : ddr.obj (.text.DDR_initHwRegs)
                  70015dcc    00000004     --HOLE-- [fill = 0]
                  70015dd0    000000ec                                              : mmcsd_v0.obj (.text.MMCSD_halLinesResetCmd)
                  70015ebc    00000004     --HOLE-- [fill = 0]
                  70015ec0    000000ec                                              : mmcsd_v0.obj (.text.MMCSD_halLinesResetDat)
                  70015fac    00000004     --HOLE-- [fill = 0]
                  70015fb0    000000ec                                              : ospi_phy.obj (.text.OSPI_phyFindRxHigh)
                  7001609c    00000004     --HOLE-- [fill = 0]
                  700160a0    000000ec                                              : ospi_phy.obj (.text.OSPI_phyFindRxLow)
                  7001618c    00000004     --HOLE-- [fill = 0]
                  70016190    000000ec                                              : ospi_phy.obj (.text.OSPI_phyFindTxHigh)
                  7001627c    00000004     --HOLE-- [fill = 0]
                  70016280    000000ec                                              : ospi_phy.obj (.text.OSPI_phyFindTxLow)
                  7001636c    00000004     --HOLE-- [fill = 0]
                  70016370    000000ec                                              : ospi_phy.obj (.text.OSPI_phySetRdDelayTxRxDLL)
                  7001645c    00000004     --HOLE-- [fill = 0]
                  70016460    000000ec                                              : sciclient_pm.obj (.text.Sciclient_pmModuleClkRequest)
                  7001654c    00000004     --HOLE-- [fill = 0]
                  70016550    000000ec                                              : uart_v0.obj (.text.UART_Params_init)
                  7001663c    00000004     --HOLE-- [fill = 0]
                  70016640    000000ec                                              : uart_dma.obj (.text.UART_dmaDisableChannel)
                  7001672c    00000004     --HOLE-- [fill = 0]
                  70016730    000000ec                                              : uart_v0.obj (.text.UART_readData)
                  7001681c    00000004     --HOLE-- [fill = 0]
                  70016820    000000e8                                              : lpddr4.obj (.text.LPDDR4_PollCtlIrq)
                  70016908    00000008     --HOLE-- [fill = 0]
                  70016910    000000e8                                              : lpddr4.obj (.text.LPDDR4_PollPhyIndepIrq)
                  700169f8    00000008     --HOLE-- [fill = 0]
                  70016a00    000000e8                                              : mmcsd_v0.obj (.text.MMCSD_halSoftReset)
                  70016ae8    00000008     --HOLE-- [fill = 0]
                  70016af0    000000e8                                              : ospi_v0.obj (.text.OSPI_setXferLines)
                  70016bd8    00000008     --HOLE-- [fill = 0]
                  70016be0    000000e8                                              : ospi_v0.obj (.text.OSPI_waitIndWriteComplete)
                  70016cc8    00000008     --HOLE-- [fill = 0]
                  70016cd0    000000e8                                              : soc.obj (.text.SOC_controlModuleUnlockMMR)
                  70016db8    00000008     --HOLE-- [fill = 0]
                  70016dc0    000000e4     nortos.am64x.r5f.ti-arm-clang.debug.lib : ClockP_nortos.obj (.text.ClockP_getTimeUsec)
                  70016ea4    0000000c     --HOLE-- [fill = 0]
                  70016eb0    000000e4     drivers.am64x.r5f.ti-arm-clang.debug.lib : mmcsd_v0.obj (.text.MMCSD_init)
                  70016f94    0000000c     --HOLE-- [fill = 0]
                  70016fa0    000000e4                                              : ospi_v0.obj (.text.OSPI_init)
                  70017084    0000000c     --HOLE-- [fill = 0]
                  70017090    000000e4                                              : ospi_v0.obj (.text.OSPI_isDmaRestrictedRegion)
                  70017174    0000000c     --HOLE-- [fill = 0]
                  70017180    000000e4                                              : uart_dma.obj (.text.UART_dmaClose)
                  70017264    0000000c     --HOLE-- [fill = 0]
                  70017270    000000e4                                              : uart_v0.obj (.text.UART_tcrTlrBitValRestore)
                  70017354    0000000c     --HOLE-- [fill = 0]
                  70017360    000000e0                                              : ospi_v0.obj (.text.OSPI_disablePhy)
                  70017440    000000e0                                              : uart_dma.obj (.text.UART_dmaOpen)
                  70017520    000000e0                                              : uart_v0.obj (.text.UART_readInterrupt)
                  70017600    000000d8                                              : lpddr4_16bit.obj (.text.LPDDR4_CheckCtlInterrupt_3)
                  700176d8    00000008     --HOLE-- [fill = 0]
                  700176e0    000000d8                                              : ospi_dma.obj (.text.OSPI_dmaOpen)
                  700177b8    00000008     --HOLE-- [fill = 0]
                  700177c0    000000d4                                              : bootloader_uniflash.obj (.text.Bootloader_uniflashFlashPhyTuningData)
                  70017894    0000000c     --HOLE-- [fill = 0]
                  700178a0    000000d4                                              : lpddr4.obj (.text.LPDDR4_StartSequenceController)
                  70017974    0000000c     --HOLE-- [fill = 0]
                  70017980    000000d4                                              : mmcsd_v0.obj (.text.MMCSD_halSetUHSMode)
                  70017a54    0000000c     --HOLE-- [fill = 0]
                  70017a60    000000d4                                              : ospi_v0.obj (.text.OSPI_waitWriteSRAMLevel)
                  70017b34    0000000c     --HOLE-- [fill = 0]
                  70017b40    000000d0     board.am64x.r5f.ti-arm-clang.debug.lib : flash_nor_xspi.obj (.text.Flash_norXspiSetOpcodes)
                  70017c10    000000d0     drivers.am64x.r5f.ti-arm-clang.debug.lib : uart_v0.obj (.text.UART_divisorValCompute)
                  70017ce0    000000cc     nortos.am64x.r5f.ti-arm-clang.debug.lib : ClockP_nortos.obj (.text.ClockP_construct)
                  70017dac    00000004     --HOLE-- [fill = 0]
                  70017db0    000000cc     drivers.am64x.r5f.ti-arm-clang.debug.lib : lpddr4.obj (.text.LPDDR4_WriteCtlConfig)
                  70017e7c    00000004     --HOLE-- [fill = 0]
                  70017e80    000000cc                                              : lpddr4.obj (.text.LPDDR4_WritePhyConfig)
                  70017f4c    00000004     --HOLE-- [fill = 0]
                  70017f50    000000cc                                              : lpddr4.obj (.text.LPDDR4_WritePhyIndepConfig)
                  7001801c    00000004     --HOLE-- [fill = 0]
                  70018020    000000cc                                              : mmcsd_priv.obj (.text.MMCSD_parseCSDEmmc)
                  700180ec    00000004     --HOLE-- [fill = 0]
                  700180f0    000000cc                                              : ospi_phy.obj (.text.OSPI_phyReadAttackVector)
                  700181bc    00000004     --HOLE-- [fill = 0]
                  700181c0    000000cc                                              : uart_v0.obj (.text.UART_fifoRead)
                  7001828c    00000004     --HOLE-- [fill = 0]
                  70018290    000000c8     nortos.am64x.r5f.ti-arm-clang.debug.lib : DebugP_log.obj (.text._DebugP_assert)
                  70018358    00000008     --HOLE-- [fill = 0]
                  70018360    000000c4     drivers.am64x.r5f.ti-arm-clang.debug.lib : ddr.obj (.text.DDR_init)
                  70018424    0000000c     --HOLE-- [fill = 0]
                  70018430    000000c4                                              : pinmux.obj (.text.Pinmux_config)
                  700184f4    0000000c     --HOLE-- [fill = 0]
                  70018500    000000c0                                              : uart_v0.obj (.text.UART_readByte)
                  700185c0    000000bc     nortos.am64x.r5f.ti-arm-clang.debug.lib : ClockP_nortos.obj (.text.ClockP_usleep)
                  7001867c    00000004     --HOLE-- [fill = 0]
                  70018680    000000bc     board.am64x.r5f.ti-arm-clang.debug.lib : flash_nor_xspi.obj (.text.Flash_norXspiEnableDDR)
                  7001873c    00000004     --HOLE-- [fill = 0]
                  70018740    000000bc                                            : flash_nor_xspi.obj (.text.Flash_norXspiEnableSDR)
                  700187fc    00000004     --HOLE-- [fill = 0]
                  70018800    000000bc                                            : flash.obj (.text.Flash_open)
                  700188bc    00000004     --HOLE-- [fill = 0]
                  700188c0    000000bc     drivers.am64x.r5f.ti-arm-clang.debug.lib : pinmux.obj (.text.Pinmux_lockMMR)
                  7001897c    00000004     --HOLE-- [fill = 0]
                  70018980    000000bc                                              : sciclient.obj (.text.Sciclient_getCurrentContext)
                  70018a3c    00000004     --HOLE-- [fill = 0]
                  70018a40    000000bc                                              : uart_v0.obj (.text.UART_writeData)
                  70018afc    00000004     --HOLE-- [fill = 0]
                  70018b00    000000b8                                              : lpddr4_16bit.obj (.text.LPDDR4_EnablePIInitiator)
                  70018bb8    00000008     --HOLE-- [fill = 0]
                  70018bc0    000000b4     nortos.am64x.r5f.ti-arm-clang.debug.lib : SemaphoreP_nortos.obj (.text.SemaphoreP_post)
                  70018c74    0000000c     --HOLE-- [fill = 0]
                  70018c80    000000ac     drivers.am64x.r5f.ti-arm-clang.debug.lib : bootloader_xmodem.obj (.text.Bootloader_xmodemReceive)
                  70018d2c    00000004     --HOLE-- [fill = 0]
                  70018d30    000000ac                                              : lpddr4.obj (.text.LPDDR4_SanityFunction4)
                  70018ddc    00000004     --HOLE-- [fill = 0]
                  70018de0    000000ac                                              : mmcsd_v0.obj (.text.MMCSD_close)
                  70018e8c    00000004     --HOLE-- [fill = 0]
                  70018e90    000000ac                                              : mmcsd_v0.obj (.text.MMCSD_halIsClockStable)
                  70018f3c    00000004     --HOLE-- [fill = 0]
                  70018f40    000000ac                                              : ospi_v0.obj (.text.OSPI_getCmdExt)
                  70018fec    00000004     --HOLE-- [fill = 0]
                  70018ff0    000000ac                                              : ospi_v0.obj (.text.OSPI_setNumAddrBytes)
                  7001909c    00000004     --HOLE-- [fill = 0]
                  700190a0    000000ac                                              : sciclient_pm.obj (.text.Sciclient_pmSetModuleRst)
                  7001914c    00000004     --HOLE-- [fill = 0]
                  70019150    000000a8                                              : lpddr4.obj (.text.LPDDR4_PollAndAckIrq)
                  700191f8    00000008     --HOLE-- [fill = 0]
                  70019200    000000a8                                              : ospi_dma.obj (.text.OSPI_dmaCopy)
                  700192a8    00000008     --HOLE-- [fill = 0]
                  700192b0    000000a8                                              : ospi_v0.obj (.text.OSPI_writeFifoData)
                  70019358    00000008     --HOLE-- [fill = 0]
                  70019360    000000a4                                              : uart_v0.obj (.text.UART_getChar)
                  70019404    0000000c     --HOLE-- [fill = 0]
                  70019410    000000a4                                              : uart_dma.obj (.text.UART_readInterruptDma)
                  700194b4    0000000c     --HOLE-- [fill = 0]
                  700194c0    000000a4                                              : uart_dma.obj (.text.UART_writeInterruptDma)
                  70019564    0000000c     --HOLE-- [fill = 0]
                  70019570    000000a0                                              : sciclient_soc_priv.obj (.text.Sciclient_getDevId)
                  70019610    0000009c                                              : bootloader_xmodem.obj (.text.Bootloader_xmodemTransmit)
                  700196ac    00000004     --HOLE-- [fill = 0]
                  700196b0    0000009c                                              : lpddr4.obj (.text.LPDDR4_CheckPhyIndepInterrupt)
                  7001974c    00000004     --HOLE-- [fill = 0]
                  70019750    0000009c                                              : mmcsd_v0.obj (.text.MMCSD_initTransaction)
                  700197ec    00000004     --HOLE-- [fill = 0]
                  700197f0    0000009c                                              : uart_v0.obj (.text.UART_regConfigModeEnable)
                  7001988c    00000004     --HOLE-- [fill = 0]
                  70019890    0000009c                                              : bootloader_xmodem.obj (.text._inbyte)
                  7001992c    00000004     --HOLE-- [fill = 0]
                  70019930    00000098                                              : bootloader_uniflash.obj (.text.Bootloader_uniflashFlashFileMMCSDRaw)
                  700199c8    00000008     --HOLE-- [fill = 0]
                  700199d0    00000098                                              : ddr.obj (.text.DDR_probe)
                  70019a68    00000008     --HOLE-- [fill = 0]
                  70019a70    00000098     board.am64x.r5f.ti-arm-clang.debug.lib : flash_nor_xspi.obj (.text.Flash_norXspiResetMemory)
                  70019b08    00000008     --HOLE-- [fill = 0]
                  70019b10    00000098     drivers.am64x.r5f.ti-arm-clang.debug.lib : mmcsd_v0.obj (.text.MMCSD_halEnableInternalClock)
                  70019ba8    00000008     --HOLE-- [fill = 0]
                  70019bb0    00000094     board.am64x.r5f.ti-arm-clang.debug.lib : flash.obj (.text.Flash_read)
                  70019c44    0000000c     --HOLE-- [fill = 0]
                  70019c50    00000094                                            : flash.obj (.text.Flash_write)
                  70019ce4    0000000c     --HOLE-- [fill = 0]
                  70019cf0    00000094     drivers.am64x.r5f.ti-arm-clang.debug.lib : ospi_dma.obj (.text.OSPI_dmaClose)
                  70019d84    0000000c     --HOLE-- [fill = 0]
                  70019d90    00000090                                              : bootloader_soc.obj (.text.Bootloader_socIsAuthRequired)
                  70019e20    00000090                                              : lpddr4.obj (.text.LPDDR4_Init)
                  70019eb0    00000090                                              : soc.obj (.text.SOC_controlModuleLockMMR)
                  70019f40    00000090     nortos.am64x.r5f.ti-arm-clang.debug.lib : SemaphoreP_nortos.obj (.text.SemaphoreP_construct)
                  70019fd0    0000008c     drivers.am64x.r5f.ti-arm-clang.debug.lib : lpddr4.obj (.text.LPDDR4_AckPhyIndepInterrupt)
                  7001a05c    00000004     --HOLE-- [fill = 0]
                  7001a060    0000008c                                              : mmcsd_priv.obj (.text.MMCSD_parseSCRSd)
                  7001a0ec    00000004     --HOLE-- [fill = 0]
                  7001a0f0    0000008c                                              : ospi_v0.obj (.text.OSPI_setDeviceSize)
                  7001a17c    00000004     --HOLE-- [fill = 0]
                  7001a180    0000008c                                              : ospi_v0.obj (.text.OSPI_setRdDataCaptureDelay)
                  7001a20c    00000004     --HOLE-- [fill = 0]
                  7001a210    00000088     ti_board_open_close.obj (.text.Board_flashClose)
                  7001a298    00000008     --HOLE-- [fill = 0]
                  7001a2a0    00000088     ti_drivers_open_close.obj (.text.Drivers_mmcsdClose)
                  7001a328    00000008     --HOLE-- [fill = 0]
                  7001a330    00000088     ti_drivers_open_close.obj (.text.Drivers_ospiClose)
                  7001a3b8    00000008     --HOLE-- [fill = 0]
                  7001a3c0    00000088     ti_drivers_open_close.obj (.text.Drivers_uartClose)
                  7001a448    00000008     --HOLE-- [fill = 0]
                  7001a450    00000088     board.am64x.r5f.ti-arm-clang.debug.lib : flash_nor_xspi.obj (.text.Flash_norXspiCmdRead)
                  7001a4d8    00000008     --HOLE-- [fill = 0]
                  7001a4e0    00000088                                            : flash_nor_xspi.obj (.text.Flash_norXspiCmdWrite)
                  7001a568    00000008     --HOLE-- [fill = 0]
                  7001a570    00000088     drivers.am64x.r5f.ti-arm-clang.debug.lib : lpddr4.obj (.text.LPDDR4_SanityFunction5)
                  7001a5f8    00000008     --HOLE-- [fill = 0]
                  7001a600    00000088                                              : mmcsd_v0.obj (.text.MMCSD_getHandle)
                  7001a688    00000008     --HOLE-- [fill = 0]
                  7001a690    00000088                                              : ospi_v0.obj (.text.OSPI_getHandle)
                  7001a718    00000008     --HOLE-- [fill = 0]
                  7001a720    00000088                                              : uart_v0.obj (.text.UART_getHandle)
                  7001a7a8    00000008     --HOLE-- [fill = 0]
                  7001a7b0    00000088     nortos.am64x.r5f.ti-arm-clang.debug.lib : printf.obj (.text._strnlen_s)
                  7001a838    00000008     --HOLE-- [fill = 0]
                  7001a840    00000084     board.am64x.r5f.ti-arm-clang.debug.lib : flash.obj (.text.Flash_eraseBlk)
                  7001a8c4    0000000c     --HOLE-- [fill = 0]
                  7001a8d0    00000084     drivers.am64x.r5f.ti-arm-clang.debug.lib : mmcsd_v0.obj (.text.MMCSD_halSetBusVolt)
                  7001a954    0000000c     --HOLE-- [fill = 0]
                  7001a960    00000084     ti_power_clock_config.obj (.text.Module_clockSetFrequency)
                  7001a9e4    0000000c     --HOLE-- [fill = 0]
                  7001a9f0    00000084     drivers.am64x.r5f.ti-arm-clang.debug.lib : uart_v0.obj (.text.UART_checkOpenParams)
                  7001aa74    0000000c     --HOLE-- [fill = 0]
                  7001aa80    00000080                                              : mmcsd_v0.obj (.text.CSL_REG64_FEXT_RAW)
                  7001ab00    00000080                                              : crc16.obj (.text.crc16_ccitt)
                  7001ab80    0000007c                                              : ddr.obj (.text.DDR_setFreq)
                  7001abfc    00000004     --HOLE-- [fill = 0]
                  7001ac00    0000007c                                              : ospi_v0.obj (.text.OSPI_enableDacMode)
                  7001ac7c    00000004     --HOLE-- [fill = 0]
                  7001ac80    0000007c                                              : uart_v0.obj (.text.UART_fifoRegisterWrite)
                  7001acfc    00000004     --HOLE-- [fill = 0]
                  7001ad00    0000007c                                              : uart_v0.obj (.text.UART_lineCharConfig)
                  7001ad7c    00000004     --HOLE-- [fill = 0]
                  7001ad80    0000007c                                              : uart_v0.obj (.text.UART_readDataPolling)
                  7001adfc    00000004     --HOLE-- [fill = 0]
                  7001ae00    00000078                                              : ospi_v0.obj (.text.OSPI_setCmdDummyCycles)
                  7001ae78    00000008     --HOLE-- [fill = 0]
                  7001ae80    00000078                                              : ospi_v0.obj (.text.OSPI_setReadDummyCycles)
                  7001aef8    00000008     --HOLE-- [fill = 0]
                  7001af00    00000078                                              : uart_v0.obj (.text.UART_getIntrIdentityStatus)
                  7001af78    00000008     --HOLE-- [fill = 0]
                  7001af80    00000078                                              : uart_v0.obj (.text.UART_statusIsDataReady)
                  7001aff8    00000008     --HOLE-- [fill = 0]
                  7001b000    00000078     nortos.am64x.r5f.ti-arm-clang.debug.lib : DebugP_nortos.obj (.text._DebugP_logZone)
                  7001b078    00000008     --HOLE-- [fill = 0]
                  7001b080    00000074     ti_power_clock_config.obj (.text.Module_clockDisable)
                  7001b0f4    0000000c     --HOLE-- [fill = 0]
                  7001b100    00000074     ti_power_clock_config.obj (.text.Module_clockEnable)
                  7001b174    0000000c     --HOLE-- [fill = 0]
                  7001b180    00000074     drivers.am64x.r5f.ti-arm-clang.debug.lib : sciclient.obj (.text.Sciclient_secProxyWaitThread)
                  7001b1f4    0000000c     --HOLE-- [fill = 0]
                  7001b200    00000074                                              : uart_v0.obj (.text.UART_readLineStatus)
                  7001b274    0000000c     --HOLE-- [fill = 0]
                  7001b280    00000074                                              : uart_v0.obj (.text.UART_writeDataPolling)
                  7001b2f4    00000074     libc.a : snprintf.c.obj (.text.snprintf)
                  7001b368    00000008     --HOLE-- [fill = 0]
                  7001b370    00000070     nortos.am64x.r5f.ti-arm-clang.debug.lib : ClockP_nortos.obj (.text.ClockP_start)
                  7001b3e0    0000006c     board.am64x.r5f.ti-arm-clang.debug.lib : flash.obj (.text.Flash_close)
                  7001b44c    00000004     --HOLE-- [fill = 0]
                  7001b450    0000006c                                            : flash_nor_xspi.obj (.text.Flash_norXspiRegRead)
                  7001b4bc    00000004     --HOLE-- [fill = 0]
                  7001b4c0    0000006c     drivers.am64x.r5f.ti-arm-clang.debug.lib : lpddr4.obj (.text.LPDDR4_SanityFunction2)
                  7001b52c    00000004     --HOLE-- [fill = 0]
                  7001b530    0000006c                                              : ospi_v0.obj (.text.OSPI_disablePhyPipeline)
                  7001b59c    00000004     --HOLE-- [fill = 0]
                  7001b5a0    0000006c                                              : ospi_v0.obj (.text.OSPI_enableDDR)
                  7001b60c    00000004     --HOLE-- [fill = 0]
                  7001b610    0000006c                                              : ospi_v0.obj (.text.OSPI_enableSDR)
                  7001b67c    00000004     --HOLE-- [fill = 0]
                  7001b680    0000006c                                              : ospi_v0.obj (.text.OSPI_utilLog2)
                  7001b6ec    00000004     --HOLE-- [fill = 0]
                  7001b6f0    0000006c                                              : uart_v0.obj (.text.UART_checkTransaction)
                  7001b75c    00000004     --HOLE-- [fill = 0]
                  7001b760    0000006c                                              : uart_v0.obj (.text.UART_spaceAvail)
                  7001b7cc    00000004     --HOLE-- [fill = 0]
                  7001b7d0    0000006c     nortos.am64x.r5f.ti-arm-clang.debug.lib : printf.obj (.text._atoi)
                  7001b83c    0000006c     libc.a : atoi.c.obj (.text.atoi)
                  7001b8a8    00000008     --HOLE-- [fill = 0]
                  7001b8b0    00000068     drivers.am64x.r5f.ti-arm-clang.debug.lib : lpddr4.obj (.text.LPDDR4_SanityFunction1)
                  7001b918    00000008     --HOLE-- [fill = 0]
                  7001b920    00000068                                              : bootloader_xmodem.obj (.text._outbyte)
                  7001b988    00000008     --HOLE-- [fill = 0]
                  7001b990    00000064                                              : mmcsd_v0.obj (.text.CSL_REG16_FINS_RAW)
                  7001b9f4    0000000c     --HOLE-- [fill = 0]
                  7001ba00    00000064                                              : mmcsd_v0.obj (.text.CSL_REG32_FINS_RAW)
                  7001ba64    0000000c     --HOLE-- [fill = 0]
                  7001ba70    00000064                                              : ospi_phy.obj (.text.CSL_REG32_FINS_RAW)
                  7001bad4    0000000c     --HOLE-- [fill = 0]
                  7001bae0    00000064                                              : ospi_v0.obj (.text.CSL_REG32_FINS_RAW)
                  7001bb44    0000000c     --HOLE-- [fill = 0]
                  7001bb50    00000064                                              : mmcsd_v0.obj (.text.CSL_REG8_FINS_RAW)
                  7001bbb4    0000000c     --HOLE-- [fill = 0]
                  7001bbc0    00000064                                              : mmcsd_v0.obj (.text.MMCSD_getBlockSize)
                  7001bc24    0000000c     --HOLE-- [fill = 0]
                  7001bc30    00000064                                              : uart_v0.obj (.text.UART_enhanFuncEnable)
                  7001bc94    0000000c     --HOLE-- [fill = 0]
                  7001bca0    00000060     ti_dpl_config.obj (.text.Dpl_init)
                  7001bd00    00000060     board.am64x.r5f.ti-arm-clang.debug.lib : flash.obj (.text.Flash_getAttrs)
                  7001bd60    00000060     drivers.am64x.r5f.ti-arm-clang.debug.lib : uart_v0.obj (.text.HW_WR_FIELD32_RAW)
                  7001bdc0    00000060                                              : mmcsd_v0.obj (.text.MMCSD_halErrorIntrStatusEnable)
                  7001be20    00000060                                              : mmcsd_v0.obj (.text.MMCSD_halErrorSigIntrDisable)
                  7001be80    00000060                                              : mmcsd_v0.obj (.text.MMCSD_halErrorSigIntrEnable)
                  7001bee0    00000060                                              : mmcsd_v0.obj (.text.MMCSD_halNormalIntrStatusDisable)
                  7001bf40    00000060                                              : mmcsd_v0.obj (.text.MMCSD_halNormalIntrStatusEnable)
                  7001bfa0    00000060                                              : mmcsd_v0.obj (.text.MMCSD_halNormalSigIntrDisable)
                  7001c000    00000060                                              : mmcsd_v0.obj (.text.MMCSD_halNormalSigIntrEnable)
                  7001c060    0000005c                                              : lpddr4.obj (.text.CPS_FldSet)
                  7001c0bc    00000004     --HOLE-- [fill = 0]
                  7001c0c0    0000005c                                              : lpddr4_16bit.obj (.text.CPS_FldSet)
                  7001c11c    00000004     --HOLE-- [fill = 0]
                  7001c120    0000005c     nortos.am64x.r5f.ti-arm-clang.debug.lib : TimerP.obj (.text.TimerP_Params_init)
                  7001c17c    00000004     --HOLE-- [fill = 0]
                  7001c180    0000005c     drivers.am64x.r5f.ti-arm-clang.debug.lib : uart_v0.obj (.text.UART_resetModule)
                  7001c1dc    0000005c     libc.a : autoinit.c.obj (.text:__TI_auto_init_nobinit_nopinit)
                  7001c238    00000008     --HOLE-- [fill = 0]
                  7001c240    00000058     drivers.am64x.r5f.ti-arm-clang.debug.lib : bootloader_uniflash.obj (.text.Bootloader_uniflashInitRespHeader)
                  7001c298    00000008     --HOLE-- [fill = 0]
                  7001c2a0    00000058                                              : sciclient.obj (.text.CSL_secProxyGetMaxMsgSize)
                  7001c2f8    00000008     --HOLE-- [fill = 0]
                  7001c300    00000058                                              : lpddr4.obj (.text.LPDDR4_Start)
                  7001c358    00000008     --HOLE-- [fill = 0]
                  7001c360    00000058                                              : ospi_v0.obj (.text.OSPI_setDualOpCodeMode)
                  7001c3b8    00000008     --HOLE-- [fill = 0]
                  7001c3c0    00000058     ti_drivers_config.obj (.text.System_init)
                  7001c418    00000008     --HOLE-- [fill = 0]
                  7001c420    00000058     nortos.am64x.r5f.ti-arm-clang.debug.lib : TimerP.obj (.text.TimerP_clearOverflowInt)
                  7001c478    00000008     --HOLE-- [fill = 0]
                  7001c480    00000058     drivers.am64x.r5f.ti-arm-clang.debug.lib : uart_v0.obj (.text.UART_flowCtrlTrigLvlConfig)
                  7001c4d8    00000008     --HOLE-- [fill = 0]
                  7001c4e0    00000058                                              : uart_v0.obj (.text.UART_getRxError)
                  7001c538    00000008     --HOLE-- [fill = 0]
                  7001c540    00000058                                              : uart_v0.obj (.text.UART_hardwareFlowCtrlOptSet)
                  7001c598    00000058     libc.a : snprintf.c.obj (.text._outs)
                  7001c5f0    00000054     drivers.am64x.r5f.ti-arm-clang.debug.lib : sciclient.obj (.text.Sciclient_secProxyFlush)
                  7001c644    0000000c     --HOLE-- [fill = 0]
                  7001c650    00000054                                              : bootloader_xmodem.obj (.text.UART_Transaction_init)
                  7001c6a4    0000000c     --HOLE-- [fill = 0]
                  7001c6b0    00000054                                              : uart_v0.obj (.text.UART_enhanFuncBitValRestore)
                  7001c704    0000000c     --HOLE-- [fill = 0]
                  7001c710    00000054                                              : uart_v0.obj (.text.UART_moduleReset)
                  7001c764    0000000c     --HOLE-- [fill = 0]
                  7001c770    00000050     board.am64x.r5f.ti-arm-clang.debug.lib : flash.obj (.text.Flash_getHandle)
                  7001c7c0    00000050                                            : flash.obj (.text.Flash_getPhyTuningOffset)
                  7001c810    00000050     drivers.am64x.r5f.ti-arm-clang.debug.lib : mmcsd_v0.obj (.text.MMCSD_sendCmd23)
                  7001c860    0000004c                                              : lpddr4_16bit.obj (.text.CPS_FldWrite)
                  7001c8ac    00000004     --HOLE-- [fill = 0]
                  7001c8b0    0000004c     nortos.am64x.r5f.ti-arm-clang.debug.lib : ClockP_nortos.obj (.text.ClockP_sleepTicks)
                  7001c8fc    00000004     --HOLE-- [fill = 0]
                  7001c900    0000004c     drivers.am64x.r5f.ti-arm-clang.debug.lib : lpddr4.obj (.text.LPDDR4_Probe)
                  7001c94c    00000004     --HOLE-- [fill = 0]
                  7001c950    0000004c                                              : mmcsd_v0.obj (.text.MMCSD_deinit)
                  7001c99c    00000004     --HOLE-- [fill = 0]
                  7001c9a0    0000004c                                              : ospi_v0.obj (.text.OSPI_deinit)
                  7001c9ec    00000004     --HOLE-- [fill = 0]
                  7001c9f0    0000004c     nortos.am64x.r5f.ti-arm-clang.debug.lib : SemaphoreP_nortos.obj (.text.SemaphoreP_constructBinary)
                  7001ca3c    00000004     --HOLE-- [fill = 0]
                  7001ca40    0000004c     drivers.am64x.r5f.ti-arm-clang.debug.lib : uart_v0.obj (.text.UART_deinit)
                  7001ca8c    00000004     --HOLE-- [fill = 0]
                  7001ca90    00000048     nortos.am64x.r5f.ti-arm-clang.debug.lib : DebugP_log.obj (.text.DebugP_logZoneEnable)
                  7001cad8    00000008     --HOLE-- [fill = 0]
                  7001cae0    00000048     drivers.am64x.r5f.ti-arm-clang.debug.lib : ospi_v0.obj (.text.OSPI_ReadCmdParams_init)
                  7001cb28    00000008     --HOLE-- [fill = 0]
                  7001cb30    00000048                                              : ospi_v0.obj (.text.OSPI_WriteCmdParams_init)
                  7001cb78    00000008     --HOLE-- [fill = 0]
                  7001cb80    00000048                                              : ospi_v0.obj (.text.OSPI_getFlashDataBaseAddr)
                  7001cbc8    00000008     --HOLE-- [fill = 0]
                  7001cbd0    00000048                                              : uart_v0.obj (.text.UART_intr2Disable)
                  7001cc18    00000008     --HOLE-- [fill = 0]
                  7001cc20    00000048                                              : uart_v0.obj (.text.UART_operatingModeSelect)
                  7001cc68    00000008     --HOLE-- [fill = 0]
                  7001cc70    00000048     nortos.am64x.r5f.ti-arm-clang.debug.lib : printf.obj (.text._is_digit)
                  7001ccb8    00000048     libc.a : memccpy.c.obj (.text.memccpy)
                  7001cd00    00000044     drivers.am64x.r5f.ti-arm-clang.debug.lib : bootloader_uniflash.obj (.text.Bootloader_uniflashFlashVerifyXipFile)
                  7001cd44    0000000c     --HOLE-- [fill = 0]
                  7001cd50    00000044                                              : mmcsd_v0.obj (.text.CSL_REG16_FEXT_RAW)
                  7001cd94    0000000c     --HOLE-- [fill = 0]
                  7001cda0    00000044                                              : mmcsd_v0.obj (.text.CSL_REG32_FEXT_RAW)
                  7001cde4    0000000c     --HOLE-- [fill = 0]
                  7001cdf0    00000044                                              : ospi_phy.obj (.text.CSL_REG32_FEXT_RAW)
                  7001ce34    0000000c     --HOLE-- [fill = 0]
                  7001ce40    00000044                                              : ospi_v0.obj (.text.CSL_REG32_FEXT_RAW)
                  7001ce84    0000000c     --HOLE-- [fill = 0]
                  7001ce90    00000044                                              : sciclient.obj (.text.CSL_REG32_FEXT_RAW)
                  7001ced4    0000000c     --HOLE-- [fill = 0]
                  7001cee0    00000044                                              : mmcsd_v0.obj (.text.CSL_REG8_FEXT_RAW)
                  7001cf24    0000000c     --HOLE-- [fill = 0]
                  7001cf30    00000044                                              : mmcsd_v0.obj (.text.MMCSD_halErrorIntrStatusGet)
                  7001cf74    0000000c     --HOLE-- [fill = 0]
                  7001cf80    00000044                                              : mmcsd_v0.obj (.text.MMCSD_halNormalIntrStatusGet)
                  7001cfc4    0000000c     --HOLE-- [fill = 0]
                  7001cfd0    00000044                                              : ospi_v0.obj (.text.OSPI_Transaction_init)
                  7001d014    0000000c     --HOLE-- [fill = 0]
                  7001d020    00000044                                              : ospi_v0.obj (.text.OSPI_setCmdExtType)
                  7001d064    0000000c     --HOLE-- [fill = 0]
                  7001d070    00000044                                              : sciclient.obj (.text.Sciclient_secProxyVerifyThread)
                  7001d0b4    0000000c     --HOLE-- [fill = 0]
                  7001d0c0    00000044     ti_drivers_config.obj (.text.System_deinit)
                  7001d104    0000000c     --HOLE-- [fill = 0]
                  7001d110    00000040     drivers.am64x.r5f.ti-arm-clang.debug.lib : uart_v0.obj (.text.HW_RD_FIELD32_RAW)
                  7001d150    00000040                                              : lpddr4.obj (.text.LPDDR4_SanityFunction3)
                  7001d190    00000040                                              : mmcsd_v0.obj (.text.MMCSD_halIsCardInserted)
                  7001d1d0    00000040                                              : ospi_v0.obj (.text.OSPI_setPhyEnableSuccess)
                  7001d210    00000040                                              : sciclient.obj (.text.Sciclient_secProxyReadThread32)
                  7001d250    00000040     nortos.am64x.r5f.ti-arm-clang.debug.lib : SemaphoreP_nortos.obj (.text.SemaphoreP_constructMutex)
                  7001d290    00000040     drivers.am64x.r5f.ti-arm-clang.debug.lib : uart_v0.obj (.text.UART_writeInterrupt)
                  7001d2d0    0000003c     nortos.am64x.r5f.ti-arm-clang.debug.lib : ClockP_nortos.obj (.text.ClockP_Params_init)
                  7001d30c    00000004     --HOLE-- [fill = 0]
                  7001d310    0000003c     drivers.am64x.r5f.ti-arm-clang.debug.lib : mmcsd_v0.obj (.text.MMCSD_halErrorIntrStatusClear)
                  7001d34c    00000004     --HOLE-- [fill = 0]
                  7001d350    0000003c                                              : mmcsd_v0.obj (.text.MMCSD_halNormalIntrStatusClear)
                  7001d38c    00000004     --HOLE-- [fill = 0]
                  7001d390    0000003c                                              : mmcsd_v0.obj (.text.MMCSD_phyDisableDLL)
                  7001d3cc    00000004     --HOLE-- [fill = 0]
                  7001d3d0    0000003c     nortos.am64x.r5f.ti-arm-clang.debug.lib : printf.obj (.text._out_char)
                  7001d40c    00000004     --HOLE-- [fill = 0]
                  7001d410    0000003c                                             : printf.obj (.text.vprintf_)
                  7001d44c    00000004     --HOLE-- [fill = 0]
                  7001d450    00000038     ti_board_open_close.obj (.text.Board_driversOpen)
                  7001d488    00000008     --HOLE-- [fill = 0]
                  7001d490    00000038     drivers.am64x.r5f.ti-arm-clang.debug.lib : bootloader_uniflash.obj (.text.Bootloader_uniflashFlashXipFile)
                  7001d4c8    00000008     --HOLE-- [fill = 0]
                  7001d4d0    00000038                                              : lpddr4.obj (.text.LPDDR4_ConfigSF)
                  7001d508    00000008     --HOLE-- [fill = 0]
                  7001d510    00000038                                              : lpddr4.obj (.text.LPDDR4_PrivateDataSF)
                  7001d548    00000038     libc.a : memcmp.c.obj (.text.memcmp)
                  7001d580    00000034     drivers.am64x.r5f.ti-arm-clang.debug.lib : lpddr4_16bit.obj (.text.CPS_FldRead)
                  7001d5b4    0000000c     --HOLE-- [fill = 0]
                  7001d5c0    00000034                                              : csl_sec_proxy.obj (.text.CSL_secProxyGetDataAddr)
                  7001d5f4    0000000c     --HOLE-- [fill = 0]
                  7001d600    00000034                                              : ospi_v0.obj (.text.OSPI_getXferLines)
                  7001d634    0000000c     --HOLE-- [fill = 0]
                  7001d640    00000034                                              : ospi_v0.obj (.text.OSPI_isDtrEnable)
                  7001d674    0000000c     --HOLE-- [fill = 0]
                  7001d680    00000034                                              : ospi_v0.obj (.text.OSPI_isPhyEnable)
                  7001d6b4    0000000c     --HOLE-- [fill = 0]
                  7001d6c0    00000034                                              : uart_v0.obj (.text.UART_breakCtl)
                  7001d6f4    0000000c     --HOLE-- [fill = 0]
                  7001d700    00000034     nortos.am64x.r5f.ti-arm-clang.debug.lib : boot_armv7r.obj (.text._system_pre_init)
                  7001d734    0000000c     --HOLE-- [fill = 0]
                  7001d740    00000030     drivers.am64x.r5f.ti-arm-clang.debug.lib : lpddr4.obj (.text.LPDDR4_AddOffset)
                  7001d770    00000030                                              : ospi_phy.obj (.text.OSPI_phyGetTuningData)
                  7001d7a0    00000030     nortos.am64x.r5f.ti-arm-clang.debug.lib : SemaphoreP_nortos.obj (.text.SemaphoreP_Params_init)
                  7001d7d0    00000030     libc.a : snprintf.c.obj (.text._outc)
                  7001d800    0000002c     drivers.am64x.r5f.ti-arm-clang.debug.lib : mmcsd_v0.obj (.text.CSL_REG64_WR_RAW)
                  7001d82c    00000004     --HOLE-- [fill = 0]
                  7001d830    0000002c     nortos.am64x.r5f.ti-arm-clang.debug.lib : TimerP.obj (.text.TimerP_start)
                  7001d85c    00000004     --HOLE-- [fill = 0]
                  7001d860    0000002c                                             : TimerP.obj (.text.TimerP_stop)
                  7001d88c    00000004     --HOLE-- [fill = 0]
                  7001d890    0000002c     drivers.am64x.r5f.ti-arm-clang.debug.lib : uart_v0.obj (.text.UART_divisorLatchDisable)
                  7001d8bc    00000004     --HOLE-- [fill = 0]
                  7001d8c0    0000002c                                              : uart_v0.obj (.text.UART_fifoCharGet)
                  7001d8ec    00000004     --HOLE-- [fill = 0]
                  7001d8f0    0000002c                                              : uart_v0.obj (.text.UART_modemControlReset)
                  7001d91c    00000004     --HOLE-- [fill = 0]
                  7001d920    00000028     nortos.am64x.r5f.ti-arm-clang.debug.lib : ClockP_nortos.obj (.text.ClockP_isActive)
                  7001d948    00000008     --HOLE-- [fill = 0]
                  7001d950    00000028     board.am64x.r5f.ti-arm-clang.debug.lib : flash_nor_xspi.obj (.text.Flash_norXspiClose)
                  7001d978    00000008     --HOLE-- [fill = 0]
                  7001d980    00000028     ti_pinmux_config.obj (.text.Pinmux_init)
                  7001d9a8    00000008     --HOLE-- [fill = 0]
                  7001d9b0    00000028     drivers.am64x.r5f.ti-arm-clang.debug.lib : uart_v0.obj (.text.UART_regConfModeRestore)
                  7001d9d8    00000008     --HOLE-- [fill = 0]
                  7001d9e0    00000024                                              : lpddr4.obj (.text.CPS_RegWrite)
                  7001da04    0000000c     --HOLE-- [fill = 0]
                  7001da10    00000024                                              : lpddr4_16bit.obj (.text.CPS_RegWrite)
                  7001da34    0000000c     --HOLE-- [fill = 0]
                  7001da40    00000024                                              : sciclient.obj (.text.Sciclient_secProxyReadThreadCount)
                  7001da64    0000000c     --HOLE-- [fill = 0]
                  7001da70    00000024                                              : sciclient.obj (.text.Sciclient_secProxyThreadStatusReg)
                  7001da94    0000000c     --HOLE-- [fill = 0]
                  7001daa0    00000024     nortos.am64x.r5f.ti-arm-clang.debug.lib : TimerP.obj (.text.TimerP_getCount)
                  7001dac4    0000000c     --HOLE-- [fill = 0]
                  7001dad0    00000024                                             : TimerP.obj (.text.TimerP_getReloadCount)
                  7001daf4    0000000c     --HOLE-- [fill = 0]
                  7001db00    00000024     drivers.am64x.r5f.ti-arm-clang.debug.lib : uart_v0.obj (.text.UART_divideRoundCloset)
                  7001db24    0000000c     --HOLE-- [fill = 0]
                  7001db30    00000024                                              : uart_v0.obj (.text.UART_putChar)
                  7001db54    0000000c     --HOLE-- [fill = 0]
                  7001db60    00000024                                              : xmodem.obj (.text.flushinput)
                  7001db84    00000024     libclang_rt.builtins.a : aeabi_uldivmod.S.obj (.text)
                  7001dba8    00000008     --HOLE-- [fill = 0]
                  7001dbb0    00000020     drivers.am64x.r5f.ti-arm-clang.debug.lib : lpddr4.obj (.text.CPS_UncachedWrite32)
                  7001dbd0    00000020                                              : mmcsd_v0.obj (.text.CSL_REG16_WR_RAW)
                  7001dbf0    00000020                                              : mmcsd_v0.obj (.text.CSL_REG32_WR_RAW)
                  7001dc10    00000020                                              : ospi_phy.obj (.text.CSL_REG32_WR_RAW)
                  7001dc30    00000020                                              : ospi_v0.obj (.text.CSL_REG32_WR_RAW)
                  7001dc50    00000020                                              : pinmux.obj (.text.CSL_REG32_WR_RAW)
                  7001dc70    00000020                                              : sciclient.obj (.text.CSL_REG32_WR_RAW)
                  7001dc90    00000020                                              : soc.obj (.text.CSL_REG32_WR_RAW)
                  7001dcb0    00000020                                              : mmcsd_v0.obj (.text.CSL_REG64_RD_RAW)
                  7001dcd0    00000020                                              : mmcsd_v0.obj (.text.CSL_REG8_WR_RAW)
                  7001dcf0    00000020                                              : ddr.obj (.text.HW_RD_REG32_RAW)
                  7001dd10    00000020                                              : uart_v0.obj (.text.HW_RD_REG32_RAW)
                  7001dd30    00000020                                              : ddr.obj (.text.HW_WR_REG32_RAW)
                  7001dd50    00000020                                              : uart_v0.obj (.text.HW_WR_REG32_RAW)
                  7001dd70    00000020                                              : mmcsd_v0.obj (.text.MMCSD_switchSdMode)
                  7001dd90    00000020     libc.a : wcslen.c.obj (.text.wcslen)
                  7001ddb0    0000001c     drivers.am64x.r5f.ti-arm-clang.debug.lib : lpddr4.obj (.text.CPS_RegRead)
                  7001ddcc    00000004     --HOLE-- [fill = 0]
                  7001ddd0    0000001c                                              : lpddr4_16bit.obj (.text.CPS_RegRead)
                  7001ddec    00000004     --HOLE-- [fill = 0]
                  7001ddf0    0000001c     nortos.am64x.r5f.ti-arm-clang.debug.lib : ClockP_nortos_r5.obj (.text.ClockP_getTimerCount)
                  7001de0c    00000004     --HOLE-- [fill = 0]
                  7001de10    0000001c                                             : ClockP_nortos_r5.obj (.text.ClockP_timerClearOverflowInt)
                  7001de2c    00000004     --HOLE-- [fill = 0]
                  7001de30    0000001c     drivers.am64x.r5f.ti-arm-clang.debug.lib : mmcsd_v0.obj (.text.MMCSD_phyTuneManualEMMC)
                  7001de4c    00000004     --HOLE-- [fill = 0]
                  7001de50    0000001c                                              : mmcsd_v0.obj (.text.MMCSD_sendTuningDataSD)
                  7001de6c    00000004     --HOLE-- [fill = 0]
                  7001de70    0000001c     nortos.am64x.r5f.ti-arm-clang.debug.lib : printf.obj (.text._out_null)
                  7001de8c    0000001c     libc.a : _printfi.c.obj (.text.strlen)
                  7001dea8    0000001c     libsysbm.a : memcpy32.S.obj (.text:TI_memcpy_small)
                  7001dec4    0000001c     libclang_rt.builtins.a : aeabi_memset.S.obj (.text)
                  7001dee0    00000018     drivers.am64x.r5f.ti-arm-clang.debug.lib : lpddr4.obj (.text.CPS_UncachedRead32)
                  7001def8    00000008     --HOLE-- [fill = 0]
                  7001df00    00000018                                              : mmcsd_v0.obj (.text.CSL_REG16_RD_RAW)
                  7001df18    00000008     --HOLE-- [fill = 0]
                  7001df20    00000018                                              : bootloader_soc.obj (.text.CSL_REG32_RD_RAW)
                  7001df38    00000008     --HOLE-- [fill = 0]
                  7001df40    00000018                                              : mmcsd_v0.obj (.text.CSL_REG32_RD_RAW)
                  7001df58    00000008     --HOLE-- [fill = 0]
                  7001df60    00000018                                              : ospi_phy.obj (.text.CSL_REG32_RD_RAW)
                  7001df78    00000008     --HOLE-- [fill = 0]
                  7001df80    00000018                                              : ospi_v0.obj (.text.CSL_REG32_RD_RAW)
                  7001df98    00000008     --HOLE-- [fill = 0]
                  7001dfa0    00000018                                              : sciclient.obj (.text.CSL_REG32_RD_RAW)
                  7001dfb8    00000008     --HOLE-- [fill = 0]
                  7001dfc0    00000018                                              : mmcsd_v0.obj (.text.CSL_REG8_RD_RAW)
                  7001dfd8    00000008     --HOLE-- [fill = 0]
                  7001dfe0    00000018                                              : sciclient.obj (.text.Sciclient_deinit)
                  7001dff8    00000018     libsysbm.a : memset32.S.obj (.text:TI_memset_small)
                  7001e010    00000014     ti_drivers_open_close.obj (.text.Drivers_close)
                  7001e024    0000000c     --HOLE-- [fill = 0]
                  7001e030    00000014     ti_drivers_open_close.obj (.text.Drivers_open)
                  7001e044    0000000c     --HOLE-- [fill = 0]
                  7001e050    00000010     nortos.am64x.r5f.ti-arm-clang.debug.lib : ClockP_nortos.obj (.text.ClockP_getTicks)
                  7001e060    00000010     drivers.am64x.r5f.ti-arm-clang.debug.lib : mmcsd_v0.obj (.text.MMCSD_isr)
                  7001e070    00000010                                              : ospi_v0.obj (.text.OSPI_isr)
                  7001e080    00000010     ti_power_clock_config.obj (.text.PowerClock_init)
                  7001e090    00000010     nortos.am64x.r5f.ti-arm-clang.debug.lib : SemaphoreP_nortos.obj (.text.SemaphoreP_destruct)
                  7001e0a0    00000010     ti_dpl_config.obj (.text.putchar_)
                  7001e0b0    0000000c     drivers.am64x.r5f.ti-arm-clang.debug.lib : bootloader_soc.obj (.text.Bootloader_socWaitForFWBoot)
                  7001e0bc    00000004     --HOLE-- [fill = 0]
                  7001e0c0    0000000c     ti_drivers_config.obj (.text.Drivers_uartInit)
                  7001e0cc    00000004     --HOLE-- [fill = 0]
                  7001e0d0    0000000c     ti_power_clock_config.obj (.text.PowerClock_deinit)
                  7001e0dc    00000004     --HOLE-- [fill = 0]
                  7001e0e0    00000004     ti_dpl_config.obj (.text.Dpl_deinit)
                  7001e0e4    0000000c     --HOLE-- [fill = 0]
                  7001e0f0    00000004     nortos.am64x.r5f.ti-arm-clang.debug.lib : TaskP_nortos.obj (.text.TaskP_yield)
                  7001e0f4    0000000c     --HOLE-- [fill = 0]
                  7001e100    00000004     libclang_rt.builtins.a : aeabi_div0.c.obj (.text.__aeabi_idiv0)
                  7001e104    0000000c     --HOLE-- [fill = 0]
                  7001e110    00000004                            : aeabi_div0.c.obj (.text.__aeabi_ldiv0)
                  7001e114    0000000c     --HOLE-- [fill = 0]

.text.hwi 
*          0    7001e120    00000e90     
                  7001e120    00000888     nortos.am64x.r5f.ti-arm-clang.debug.lib : HwiP_armv7r_vim.obj (.text.hwi)
                  7001e9a8    00000008     --HOLE-- [fill = 0]
                  7001e9b0    00000518                                             : HwiP_armv7r_handlers_nortos.obj (.text.hwi)
                  7001eec8    00000078                                             : HwiP_armv7r_handlers_nortos_asm.obj (.text.hwi)
                  7001ef40    00000070                                             : HwiP_armv7r_asm.obj (.text.hwi)

.text.cache 
*          0    7001efb0    00000550     
                  7001efb0    00000340     nortos.am64x.r5f.ti-arm-clang.debug.lib : CacheP_armv7r_asm.obj (.text.cache)
                  7001f2f0    0000020c                                             : CacheP_armv7r.obj (.text.cache)
                  7001f4fc    00000004     --HOLE-- [fill = 0]

.text.mpu 
*          0    7001f500    000003f0     
                  7001f500    00000374     nortos.am64x.r5f.ti-arm-clang.debug.lib : MpuP_armv7r.obj (.text.mpu)
                  7001f874    00000078                                             : MpuP_armv7r_asm.obj (.text.mpu)
[...]
70022030  gSocModules                            
70021f48  gSocModulesClockFrequency              
70021c80  gTuningPattern8Bit                     
700220d0  gUartConfig                            
70022104  gUartConfigNum                         
7001fa80  gUartDmaConfig                         
70022108  gUartDmaConfigNum                      
70089a70  gUartHandle                            
70021d70  gUartParams                            
80000000  gUniflashFileBuf                       
70080000  gUniflashVerifyBuf                     
70011cb0  main                                   
7001ccb8  memccpy                                
7001d548  memcmp                                 
7001e0a0  putchar_                               
7001b2f4  snprintf                               
7001d410  vprintf_                               
7001dd90  wcslen                                 
700081d0  xmodemReceive                          
70006c80  xmodemTransmit                         


GLOBAL SYMBOLS: SORTED BY Symbol Address 

address   name                                   
-------   ----                                   
00000100  __ABORT_STACK_SIZE                     
00000100  __FIQ_STACK_SIZE                       
00000100  __SVC_STACK_SIZE                       
00000100  __UNDEFINED_STACK_SIZE                 
00001000  __IRQ_STACK_SIZE                       
00004000  __STACK_SIZE                           
00008000  __SYSMEM_SIZE                          
70000000  __TI_static_base__                     
70000000  _vectors_sbl                           
700012d0  OSPI_phyFindOTP1                       
700020b8  __TI_printfi_nofloat                   
700037bc  __aeabi_memcpy                         
700037bc  __aeabi_memcpy4                        
700037bc  __aeabi_memcpy8                        
700037c0  OSPI_phyFindOTP2                       
70004f54  __aeabi_errno_addr                     
700062d0  Sciclient_service                      
700067b8  C$$EXIT                                
700067b8  abort                                  
70006c80  xmodemTransmit                         
70007140  Bootloader_uniflashProcessFlashCommands
70007580  TimerP_setup                           
700079b0  UART_open                              
700081d0  xmodemReceive                          
700089d0  MMCSD_open                             
7000a030  UART_write                             
7000a710  Bootloader_MmcsdRaw_writeToOffset      
7000aa60  UART_read                              
7000adb0  SOC_moduleSetClockFrequency            
7000b0e0  OSPI_open                              
7000b3f0  Bootloader_MmcsdRaw_readFromOffset     
7000b6c0  OSPI_readDirect                        
7000b970  UART_close                             
7000bbf0  OSPI_writeIndirect                     
7000c0c0  OSPI_readCmd                           
7000ca10  OSPI_writeCmd                          
7000cc60  MMCSD_write                            
7000d0e0  MMCSD_read                             
7000d530  ClockP_init                            
7000e50c  __aeabi_uidiv                          
7000e50c  __udivsi3                              
7000e8b0  LPDDR4_AckCtlInterrupt                 
7000ea80  Sciclient_pmQueryModuleClkFreq         
7000ec50  SemaphoreP_pend                        
7000eff0  LPDDR4_CheckCtlInterrupt               
7000f1b0  MMCSD_parseCSDSd                       
70010240  AddrTranslateP_getLocalAddr            
700103d0  Sciclient_pmSetModuleClkFreq           
70010cf0  MMCSD_parseCIDEmmc                     
70011150  MMCSD_parseECSDEmmc                    
70011710  OSPI_phyResyncDLL                      
70011880  Sciclient_getContext                   
70011cb0  main                                   
70011e10  MMCSD_parseCIDSd                       
70012610  ClockP_stop                            
70012760  Flash_offsetToBlkPage                  
700128b0  LPDDR4_ReadReg                         
70012a00  MMCSD_enableBootPartition              
70012dd0  UART_flushTxFifo                       
70013050  ClockP_timerTickIsr                    
70013550  LPDDR4_WriteReg                        
70013690  Board_flashOpen                        
700137c0  OSPI_close                             
700138f0  Sciclient_pmGetModuleClkNumParent      
70013a20  ClockP_destruct                        
70013b50  Drivers_uartOpen                       
70013c70  OSPI_phyTuneDDR                        
70013d90  Drivers_mmcsdOpen                      
70013eb0  Drivers_ospiOpen                       
70013fc8  __udivmoddi4                           
70014200  Sciclient_pmGetModuleClkParent         
70014320  UART_init                              
70014560  SOC_moduleClockEnable                  
70014670  Sciclient_pmModuleGetClkStatus         
70014ab0  Sciclient_pmSetModuleClkParent         
70014cd0  Sciclient_pmSetModuleState             
70015210  Sciclient_pmGetModuleState             
70015310  OSPI_enablePhy                         
70015410  Sciclient_init                         
70015710  OSPI_setXferOpCodes                    
70015bf0  Sciclient_waitForBootNotification      
70015fb0  OSPI_phyFindRxHigh                     
700160a0  OSPI_phyFindRxLow                      
70016190  OSPI_phyFindTxHigh                     
70016280  OSPI_phyFindTxLow                      
70016370  OSPI_phySetRdDelayTxRxDLL              
70016460  Sciclient_pmModuleClkRequest           
70016640  UART_dmaDisableChannel                 
70016820  LPDDR4_PollCtlIrq                      
70016af0  OSPI_setXferLines                      
70016cd0  SOC_controlModuleUnlockMMR             
70016dc0  ClockP_getTimeUsec                     
70016eb0  MMCSD_init                             
70016fa0  OSPI_init                              
70017180  UART_dmaClose                          
70017360  OSPI_disablePhy                        
70017440  UART_dmaOpen                           
700176e0  OSPI_dmaOpen                           
70017ce0  ClockP_construct                       
70017db0  LPDDR4_WriteCtlConfig                  
70017e80  LPDDR4_WritePhyConfig                  
70017f50  LPDDR4_WritePhyIndepConfig             
70018020  MMCSD_parseCSDEmmc                     
700180f0  OSPI_phyReadAttackVector               
70018290  _DebugP_assert                         
70018360  DDR_init                               
70018430  Pinmux_config                          
700185c0  ClockP_usleep                          
70018800  Flash_open                             
70018980  Sciclient_getCurrentContext            
70018b00  LPDDR4_EnablePIInitiator               
70018bc0  SemaphoreP_post                        
70018c80  Bootloader_xmodemReceive               
70018de0  MMCSD_close                            
70018ff0  OSPI_setNumAddrBytes                   
700190a0  Sciclient_pmSetModuleRst               
70019200  OSPI_dmaCopy                           
70019410  UART_readInterruptDma                  
700194c0  UART_writeInterruptDma                 
70019570  Sciclient_getDevId                     
70019610  Bootloader_xmodemTransmit              
700196b0  LPDDR4_CheckPhyIndepInterrupt          
70019890  _inbyte                                
70019bb0  Flash_read                             
70019c50  Flash_write                            
70019cf0  OSPI_dmaClose                          
70019d90  Bootloader_socIsAuthRequired           
70019e20  LPDDR4_Init                            
70019eb0  SOC_controlModuleLockMMR               
70019f40  SemaphoreP_construct                   
70019fd0  LPDDR4_AckPhyIndepInterrupt            
7001a060  MMCSD_parseSCRSd                       
7001a0f0  OSPI_setDeviceSize                     
7001a180  OSPI_setRdDataCaptureDelay             
7001a210  Board_flashClose                       
7001a2a0  Drivers_mmcsdClose                     
7001a330  Drivers_ospiClose                      
7001a3c0  Drivers_uartClose                      
7001a600  MMCSD_getHandle                        
7001a690  OSPI_getHandle                         
7001a720  UART_getHandle                         
7001a840  Flash_eraseBlk                         
7001a960  Module_clockSetFrequency               
7001ab00  crc16_ccitt                            
7001ac00  OSPI_enableDacMode                     
7001ae00  OSPI_setCmdDummyCycles                 
7001ae80  OSPI_setReadDummyCycles                
7001b000  _DebugP_logZone                        
7001b080  Module_clockDisable                    
7001b100  Module_clockEnable                     
7001b2f4  snprintf                               
7001b370  ClockP_start                           
7001b3e0  Flash_close                            
7001b530  OSPI_disablePhyPipeline                
7001b5a0  OSPI_enableDDR                         
7001b610  OSPI_enableSDR                         
7001b83c  atoi                                   
7001b920  _outbyte                               
7001bbc0  MMCSD_getBlockSize                     
7001bca0  Dpl_init                               
7001bd00  Flash_getAttrs                         
7001c120  TimerP_Params_init                     
7001c1dc  __TI_auto_init_nobinit_nopinit         
7001c300  LPDDR4_Start                           
7001c360  OSPI_setDualOpCodeMode                 
7001c3c0  System_init                            
7001c420  TimerP_clearOverflowInt                
7001c770  Flash_getHandle                        
7001c7c0  Flash_getPhyTuningOffset               
7001c900  LPDDR4_Probe                           
7001c950  MMCSD_deinit                           
7001c9a0  OSPI_deinit                            
7001c9f0  SemaphoreP_constructBinary             
7001ca40  UART_deinit                            
7001ca90  DebugP_logZoneEnable                   
7001cae0  OSPI_ReadCmdParams_init                
7001cb30  OSPI_WriteCmdParams_init               
7001cb80  OSPI_getFlashDataBaseAddr              
7001ccb8  memccpy                                
7001cfd0  OSPI_Transaction_init                  
7001d020  OSPI_setCmdExtType                     
7001d0c0  System_deinit                          
7001d1d0  OSPI_setPhyEnableSuccess               
7001d250  SemaphoreP_constructMutex              
7001d2d0  ClockP_Params_init                     
7001d410  vprintf_                               
7001d450  Board_driversOpen                      
7001d548  memcmp                                 
7001d5c0  CSL_secProxyGetDataAddr                
7001d600  OSPI_getXferLines                      
7001d640  OSPI_isDtrEnable                       
7001d680  OSPI_isPhyEnable                       
7001d700  _system_pre_init                       
7001d740  LPDDR4_AddOffset                       
7001d770  OSPI_phyGetTuningData                  
7001d7a0  SemaphoreP_Params_init                 
7001d830  TimerP_start                           
7001d860  TimerP_stop                            
7001d920  ClockP_isActive                        
7001d980  Pinmux_init                            
7001daa0  TimerP_getCount                        
7001dad0  TimerP_getReloadCount                  
7001db84  __aeabi_uldivmod                       
7001dbb0  CPS_UncachedWrite32                    
7001dd90  wcslen                                 
7001ddf0  ClockP_getTimerCount                   
7001de10  ClockP_timerClearOverflowInt           
7001dea8  TI_memcpy_small                        
7001dec4  __aeabi_memset                         
7001dec4  __aeabi_memset4                        
7001dec4  __aeabi_memset8                        
7001ded4  __aeabi_memclr                         
7001ded4  __aeabi_memclr4                        
7001ded4  __aeabi_memclr8                        
7001dee0  CPS_UncachedRead32                     
7001dfe0  Sciclient_deinit                       
7001dff8  TI_memset_small                        
7001e010  Drivers_close                          
7001e030  Drivers_open                           
7001e050  ClockP_getTicks                        
7001e080  PowerClock_init                        
7001e090  SemaphoreP_destruct                    
7001e0a0  putchar_                               
7001e0b0  Bootloader_socWaitForFWBoot            
7001e0c0  Drivers_uartInit                       
7001e0d0  PowerClock_deinit                      
7001e0e0  Dpl_deinit                             
7001e0f0  TaskP_yield                            
7001e100  __aeabi_idiv0                          
7001e110  __aeabi_ldiv0                          
7001e120  HwiP_enableInt                         
7001e180  HwiP_disableInt                        
7001e210  HwiP_restoreInt                        
7001e250  HwiP_clearInt                          
7001e2b0  HwiP_post                              
7001e310  HwiP_Params_init                       
7001e360  HwiP_construct                         
7001e650  HwiP_destruct                          
7001e700  HwiP_init                              
7001e920  HwiP_inISR                             
7001e9b0  HwiP_irq_handler_c                     
7001ebb0  HwiP_fiq_handler                       
7001ed60  HwiP_reserved_handler                  
7001eda0  HwiP_undefined_handler                 
7001ede0  HwiP_svc_handler                       
7001ee20  HwiP_prefetch_abort_handler            
7001ee60  HwiP_data_abort_handler                
7001eec8  HwiP_irq_handler                       
7001ef40  HwiP_disable                           
7001ef50  HwiP_disableFIQ                        
7001ef60  HwiP_enable                            
7001ef70  HwiP_enableFIQ                         
7001ef80  HwiP_restore                           
7001ef88  HwiP_enableVIC                         
7001ef98  HwiP_disableVIC                        
7001efa8  HwiP_getCPSR                           
7001efb0  CacheP_disableL1d                      
7001efd8  CacheP_disableL1p                      
7001eff0  CacheP_enableL1d                       
7001f008  CacheP_enableL1p                       
7001f020  CacheP_invL1d                          
7001f058  CacheP_invL1p                          
7001f094  CacheP_invL1dAll                       
7001f09c  CacheP_invL1pAll                       
7001f0a4  CacheP_wb                              
7001f0e0  CacheP_wbInv                           
7001f11c  CacheP_wbAll                           
7001f1c4  CacheP_wbInvAll                        
7001f1dc  CacheP_wbInvAllAsm                     
7001f27c  CacheP_getEnabled                      
7001f2b4  CacheP_getCacheLevelInfo               
7001f2c0  CacheP_configForceWrThru               
7001f2e0  CacheP_setDLFO                         
7001f2f0  CacheP_init                            
7001f3c0  CacheP_disable                         
7001f440  CacheP_enable                          
7001f4a0  CacheP_inv                             
7001f500  MpuP_RegionAttrs_init                  
7001f560  MpuP_setRegion                         
7001f6b0  MpuP_enable                            
7001f720  MpuP_disable                           
7001f780  MpuP_isEnable                          
7001f790  MpuP_init                              
7001f874  MpuP_disableAsm                        
7001f88c  MpuP_disableBRAsm                      
7001f89c  MpuP_enableAsm                         
7001f8b4  MpuP_enableBRAsm                       
7001f8c4  MpuP_isEnableAsm                       
7001f8d8  MpuP_setRegionAsm                      
7001f8f0  _c_int00_sbl                           
7001f914  _c_int00                               
7001f9f0  _DebugP_assertNoLog                    
7001fa40  __mpu_init                             
7001fa80  DDRSS_phyReg                           
7001fa80  gOspiDmaConfig                         
7001fa80  gUartDmaConfig                         
7002026c  DDRSS_ctlReg                           
70020908  DDRSS_phyIndepReg                      
70020e6c  DDRSS_phyRegNum                        
70021262  DDRSS_ctlRegNum                        
700215b0  DDRSS_phyIndepRegNum                   
70021c80  gTuningPattern8Bit                     
70021d70  gUartParams                            
70021dc4  gMpuRegionConfig                       
70021e64  gFlashNorXspiDeviceDefines_S28HS512T   
70021f48  gSocModulesClockFrequency              
70021f78  gFlashNorXspiAttrs_S28HS512T           
70021fa0  gPhyTuneWindowParamsGTE133             
70021fc8  gPhyTuneWindowParamsLT133              
70022010  gSciclientSecProxyCfg                  
70022030  gSocModules                            
70022050  gClockConfig                           
70022064  gFlashNorXspiFxns                      
70022078  gFlashConfig                           
70022088  gAddrTranslateConfig                   
70022094  gMpuConfig                             
700220a0  gCacheConfig                           
700220a8  gMmcsdConfig                           
700220b0  gMmcsdParams                           
700220b8  gOspiConfig                            
700220d0  gUartConfig                            
700220d8  __aeabi_errno                          
700220dc  gCacheL1dCacheLineSize                 
700220e0  gCacheL1pCacheLineSize                 
700220e4  gDebugLogZone                          
700220e8  gFlashConfigNum                        
700220ec  gHwiConfig                             
700220f0  gMmcsdConfigNum                        
700220f4  gOspiConfigNum                         
700220f8  gOspiDmaConfigNum                      
700220fc  gOspiParams                            
70022100  gPhyTuneWindowParams                   
70022104  gUartConfigNum                         
70022108  gUartDmaConfigNum                      
70022658  gSciclientMap                          
70022890  __aeabi_ctype_table_                   
70022890  __aeabi_ctype_table_C                  
70080000  __BSS_START                            
70080000  __start___llvm_prf_cnts                
70080000  __stop___llvm_prf_cnts                 
70080000  gUniflashVerifyBuf                     
70088000  gHwiCtrl                               
70089640  gClockCtrl                             
7008967c  gFlashHandle                           
70089680  gMmcsdDataBuf0                         
70089a04  gEmmcData0                             
70089a50  gADMA2Desc                             
70089a5c  gFlashObject_S28HS512T                 
70089a68  gMmcsdHandle                           
70089a6c  gOspiHandle                            
70089a70  gUartHandle                            
70089a80  __BSS_END                              
70089a80  _sys_memory                            
70091a80  __stack                                
70095a80  __IRQ_STACK_START                      
70095a80  __STACK_END                            
70096a80  __FIQ_STACK_START                      
70096a80  __IRQ_STACK_END                        
70096b80  __FIQ_STACK_END                        
70096b80  __SVC_STACK_START                      
70096c80  __ABORT_STACK_START                    
70096c80  __SVC_STACK_END                        
70096d80  __ABORT_STACK_END                      
70096d80  __UNDEFINED_STACK_START                
70096e80  __UNDEFINED_STACK_END                  
80000000  gUniflashFileBuf                       
ffffffff  __TI_pprof_out_hndl                    
ffffffff  __TI_prof_data_size                    
ffffffff  __TI_prof_data_start                   
ffffffff  __binit__                              
ffffffff  binit                                  
UNDEFED   __TI_CINIT_Base                        
UNDEFED   __TI_CINIT_Limit                       
UNDEFED   __TI_Handler_Table_Base                
UNDEFED   __TI_Handler_Table_Limit               
UNDEFED   _system_post_cinit                     

[376 symbols]
