******************************************************************************
            TI ARM Clang Linker Unix v1.3.1                    
******************************************************************************
>> Linked Mon Jun 20 12:46:07 2022

OUTPUT FILE NAME:   <sbl_uart_uniflash.debug.out>
ENTRY POINT SYMBOL: "_vectors_sbl"  address: 70000000


MEMORY CONFIGURATION

         name            origin    length      used     unused   attr    fill
----------------------  --------  ---------  --------  --------  ----  --------
  R5F_VECS              00000000   00000040  00000000  00000040  RWIX
  R5F_TCMA              00000040   00007fc0  00000000  00007fc0  RWIX
  R5F_TCMB0             41010000   00008000  00000000  00008000  RWIX
  MSRAM_VECS            70000000   00000100  00000040  000000c0  RWIX
  MSRAM_0               70000100   0007ff00  000172a0  00068c60  RWIX
  MSRAM_1               70080000   00018000  00016e80  00001180  RWIX
  DDR                   80000000   00800000  00800000  00000000  RWIX


SEGMENT ALLOCATION MAP

run origin  load origin   length   init length attrs members
----------  ----------- ---------- ----------- ----- -------
70000000    70000000    00000040   00000040    r-x
  70000000    70000000    00000040   00000040    r-x .vectors
70000100    70000100    00013e00   00013e00    r-x
  70000100    70000100    00012ae0   00012ae0    r-x .text
  70012be0    70012be0    00000a80   00000a80    r-x .text.hwi
  70013660    70013660    00000490   00000490    r-x .text.cache
  70013af0    70013af0    000002d0   000002d0    r-x .text.mpu
  70013dc0    70013dc0    00000140   00000140    r-x .text.boot
70013f00    70013f00    00002700   00002700    rw-
  70013f00    70013f00    00002700   00002700    rw- .data
70016600    70016600    00000da0   00000da0    r--
  70016600    70016600    00000da0   00000da0    r-- .rodata
70080000    70080000    00015a80   00000000    rw-
  70080000    70080000    00009a80   00000000    rw- .bss
  70089a80    70089a80    00008000   00000000    rw- .sysmem
  70091a80    70091a80    00004000   00000000    rw- .stack
70095a80    70095a80    00001400   00000000    r--
  70095a80    70095a80    00001000   00000000    r-- .irqstack
  70096a80    70096a80    00000100   00000000    r-- .fiqstack
  70096b80    70096b80    00000100   00000000    r-- .svcstack
  70096c80    70096c80    00000100   00000000    r-- .abortstack
  70096d80    70096d80    00000100   00000000    r-- .undefinedstack


SECTION ALLOCATION MAP

 output                                  attributes/
section   page    origin      length       input sections
--------  ----  ----------  ----------   ----------------
.vectors   0    70000000    00000040     
                  70000000    00000040     nortos.am64x.r5f.ti-arm-clang.debug.lib : HwiP_armv7r_vectors_nortos_sbl_asm.obj (.vectors)

.text      0    70000100    00012ae0     
                  70000100    00000c28     libc.a : _printfi.c.obj (.text:__TI_printfi_nofloat)
                  70000d28    00000008            : exit.c.obj (.text:abort)
                  70000d30    00000a34     nortos.am64x.r5f.ti-arm-clang.debug.lib : printf.obj (.text._vsnprintf)
                  70001764    0000000c     libc.a : aeabi_portable.c.obj (.text.__aeabi_errno_addr)
                  70001770    00000826     drivers.am64x.r5f.ti-arm-clang.debug.lib : ospi_phy.obj (.text.OSPI_phyFindOTP1)
                  70001f96    00000002     --HOLE-- [fill = 0]
                  70001f98    00000004     libclang_rt.builtins.a : aeabi_memcpy.S.obj (.text)
                  70001f9c    00000004     --HOLE-- [fill = 0]
                  70001fa0    00000622     drivers.am64x.r5f.ti-arm-clang.debug.lib : mmcsd_v0.obj (.text.MMCSD_transfer)
                  700025c2    0000000e     --HOLE-- [fill = 0]
                  700025d0    00000550                                              : ospi_phy.obj (.text.OSPI_phyFindOTP2)
                  70002b20    00000526     nortos.am64x.r5f.ti-arm-clang.debug.lib : printf.obj (.text._ftoa)
                  70003046    0000000a     --HOLE-- [fill = 0]
                  70003050    00000478                                             : printf.obj (.text._etoa)
                  700034c8    00000008     --HOLE-- [fill = 0]
                  700034d0    0000043e     drivers.am64x.r5f.ti-arm-clang.debug.lib : mmcsd_v0.obj (.text.MMCSD_initEMMC)
                  7000390e    00000002     --HOLE-- [fill = 0]
                  70003910    000003e4                                              : mmcsd_v0.obj (.text.MMCSD_switchEmmcMode)
                  70003cf4    0000000c     --HOLE-- [fill = 0]
                  70003d00    000003c2                                              : mmcsd_v0.obj (.text.MMCSD_initSD)
                  700040c2    0000000e     --HOLE-- [fill = 0]
                  700040d0    000002e8                                              : xmodem.obj (.text.xmodemTransmit)
                  700043b8    00000008     --HOLE-- [fill = 0]
                  700043c0    000002e0                                              : bootloader_uniflash.obj (.text.Bootloader_uniflashProcessFlashCommands)
                  700046a0    000002da                                              : sciclient.obj (.text.Sciclient_service)
                  7000497a    00000006     --HOLE-- [fill = 0]
                  70004980    000002ce                                              : mmcsd_v0.obj (.text.MMCSD_xferStatusPollingFxn)
                  70004c4e    00000002     --HOLE-- [fill = 0]
                  70004c50    000002ae     nortos.am64x.r5f.ti-arm-clang.debug.lib : TimerP.obj (.text.TimerP_setup)
                  70004efe    00000002     --HOLE-- [fill = 0]
                  70004f00    0000029c     drivers.am64x.r5f.ti-arm-clang.debug.lib : bootloader_mmcsd_raw.obj (.text.Bootloader_MmcsdRaw_writeToOffset)
                  7000519c    00000004     --HOLE-- [fill = 0]
                  700051a0    00000286                                              : uart_v0.obj (.text.UART_open)
                  70005426    0000000a     --HOLE-- [fill = 0]
                  70005430    0000026a                                              : lpddr4_16bit.obj (.text.LPDDR4_INTR_SanityFunction1)
                  7000569a    00000006     --HOLE-- [fill = 0]
                  700056a0    0000026a                                              : mmcsd_v0.obj (.text.MMCSD_open)
                  7000590a    00000006     --HOLE-- [fill = 0]
                  70005910    00000264                                              : ospi_v0.obj (.text.OSPI_programInstance)
                  70005b74    0000000c     --HOLE-- [fill = 0]
                  70005b80    00000260                                              : xmodem.obj (.text.xmodemReceive)
                  70005de0    0000025a                                              : lpddr4_16bit.obj (.text.LPDDR4_INTR_SanityFunction2)
                  7000603a    00000006     --HOLE-- [fill = 0]
                  70006040    00000242                                              : mmcsd_v0.obj (.text.MMCSD_phyConfigure)
                  70006282    0000000e     --HOLE-- [fill = 0]
                  70006290    00000242                                              : uart_v0.obj (.text.UART_fifoConfig)
                  700064d2    0000000e     --HOLE-- [fill = 0]
                  700064e0    0000023e     nortos.am64x.r5f.ti-arm-clang.debug.lib : printf.obj (.text._ntoa_format)
                  7000671e    00000002     --HOLE-- [fill = 0]
                  70006720    0000023a     drivers.am64x.r5f.ti-arm-clang.debug.lib : bootloader_mmcsd_raw.obj (.text.Bootloader_MmcsdRaw_readFromOffset)
                  7000695a    00000006     --HOLE-- [fill = 0]
                  70006960    00000228                                              : uart_v0.obj (.text.UART_masterIsr)
                  70006b88    00000008     --HOLE-- [fill = 0]
                  70006b90    000001f4     board.am64x.r5f.ti-arm-clang.debug.lib : flash_nor_xspi.obj (.text.Flash_norXspiOpen)
                  70006d84    0000000c     --HOLE-- [fill = 0]
                  70006d90    000001ec     drivers.am64x.r5f.ti-arm-clang.debug.lib : uart_v0.obj (.text.UART_write)
                  70006f7c    00000004     --HOLE-- [fill = 0]
                  70006f80    000001ea                                              : ospi_v0.obj (.text.OSPI_open)
                  7000716a    00000002     --HOLE-- [fill = 0]
                  7000716c    000001d0     libclang_rt.builtins.a : udivsi3.S.obj (.text)
                  7000733c    00000004     --HOLE-- [fill = 0]
                  70007340    000001c6     drivers.am64x.r5f.ti-arm-clang.debug.lib : uart_v0.obj (.text.UART_read)
                  70007506    0000000a     --HOLE-- [fill = 0]
                  70007510    000001b4                                              : soc.obj (.text.SOC_moduleSetClockFrequency)
                  700076c4    0000000c     --HOLE-- [fill = 0]
                  700076d0    000001b0                                              : uart_v0.obj (.text.UART_close)
                  70007880    00000178                                              : uart_v0.obj (.text.UART_configInstance)
                  700079f8    00000008     --HOLE-- [fill = 0]
                  70007a00    00000172     nortos.am64x.r5f.ti-arm-clang.debug.lib : ClockP_nortos_r5.obj (.text.ClockP_init)
                  70007b72    0000000e     --HOLE-- [fill = 0]
                  70007b80    0000016c     drivers.am64x.r5f.ti-arm-clang.debug.lib : ospi_v0.obj (.text.OSPI_readDirect)
                  70007cec    00000004     --HOLE-- [fill = 0]
                  70007cf0    00000162                                              : lpddr4.obj (.text.LPDDR4_INTR_SanityFunction3)
                  70007e52    0000000e     --HOLE-- [fill = 0]
                  70007e60    0000015c                                              : ospi_v0.obj (.text.OSPI_readCmd)
                  70007fbc    00000004     --HOLE-- [fill = 0]
                  70007fc0    00000152                                              : lpddr4.obj (.text.LPDDR4_INTR_SanityFunction4)
                  70008112    0000000e     --HOLE-- [fill = 0]
                  70008120    00000150                                              : ospi_v0.obj (.text.OSPI_writeCmd)
                  70008270    00000150                                              : uart_v0.obj (.text.UART_procLineStatusErr)
                  700083c0    0000014e                                              : ospi_v0.obj (.text.OSPI_writeIndirect)
                  7000850e    00000002     --HOLE-- [fill = 0]
                  70008510    00000146                                              : ddr.obj (.text.DDR_start)
                  70008656    0000000a     --HOLE-- [fill = 0]
                  70008660    00000142                                              : sciclient.obj (.text.Sciclient_sendMessage)
                  700087a2    0000000e     --HOLE-- [fill = 0]
                  700087b0    0000013e                                              : lpddr4_16bit.obj (.text.LPDDR4_AckCtlInterrupt_4)
                  700088ee    00000002     --HOLE-- [fill = 0]
                  700088f0    0000013c     board.am64x.r5f.ti-arm-clang.debug.lib : flash_nor_xspi.obj (.text.Flash_norXspiWrite)
                  70008a2c    00000004     --HOLE-- [fill = 0]
                  70008a30    0000013a     drivers.am64x.r5f.ti-arm-clang.debug.lib : lpddr4_16bit.obj (.text.LPDDR4_AckCtlInterrupt)
                  70008b6a    00000006     --HOLE-- [fill = 0]
                  70008b70    00000138     nortos.am64x.r5f.ti-arm-clang.debug.lib : printf.obj (.text._ntoa_long_long)
                  70008ca8    00000008     --HOLE-- [fill = 0]
                  70008cb0    00000134     drivers.am64x.r5f.ti-arm-clang.debug.lib : mmcsd_v0.obj (.text.MMCSD_xferStatusPollingFxnCMD19)
                  70008de4    0000000c     --HOLE-- [fill = 0]
                  70008df0    0000012e                                              : sciclient.obj (.text.Sciclient_recvMessage)
                  70008f1e    00000002     --HOLE-- [fill = 0]
                  70008f20    00000128                                              : mmcsd_v0.obj (.text.MMCSD_read)
                  70009048    00000008     --HOLE-- [fill = 0]
                  70009050    00000126                                              : mmcsd_v0.obj (.text.MMCSD_getModeSd)
                  70009176    0000000a     --HOLE-- [fill = 0]
                  70009180    00000120                                              : mmcsd_v0.obj (.text.MMCSD_write)
                  700092a0    00000118                                              : lpddr4_16bit.obj (.text.LPDDR4_CheckCtlInterrupt)
                  700093b8    00000118     libclang_rt.builtins.a : udivmoddi4.S.obj (.text)
                  700094d0    00000116     drivers.am64x.r5f.ti-arm-clang.debug.lib : uart_v0.obj (.text.UART_divisorLatchWrite)
                  700095e6    0000000a     --HOLE-- [fill = 0]
                  700095f0    00000114     nortos.am64x.r5f.ti-arm-clang.debug.lib : printf.obj (.text._ntoa_long)
                  70009704    0000000c     --HOLE-- [fill = 0]
                  70009710    0000010e     drivers.am64x.r5f.ti-arm-clang.debug.lib : ddr.obj (.text.DDR_changeFreqAck)
                  7000981e    00000002     --HOLE-- [fill = 0]
                  70009820    00000106                                              : lpddr4_16bit.obj (.text.LPDDR4_AckCtlInterrupt_3)
                  70009926    0000000a     --HOLE-- [fill = 0]
                  70009930    00000106                                              : mmcsd_priv.obj (.text.MMCSD_parseCSDSd)
                  70009a36    0000000a     --HOLE-- [fill = 0]
                  70009a40    00000102                                              : bootloader_uniflash.obj (.text.Bootloader_uniflashFlashFile)
                  70009b42    0000000e     --HOLE-- [fill = 0]
                  70009b50    000000fe                                              : bootloader_uniflash.obj (.text.Bootloader_uniflashFlashErase)
                  70009c4e    00000002     --HOLE-- [fill = 0]
                  70009c50    000000fa     board.am64x.r5f.ti-arm-clang.debug.lib : flash_nor_xspi.obj (.text.Flash_norXspiReadId)
                  70009d4a    00000006     --HOLE-- [fill = 0]
                  70009d50    000000fa                                            : flash_nor_xspi.obj (.text.Flash_norXspiWaitReady)
                  70009e4a    00000006     --HOLE-- [fill = 0]
                  70009e50    000000fa     drivers.am64x.r5f.ti-arm-clang.debug.lib : mmcsd_priv.obj (.text.MMCSD_parseCIDEmmc)
                  70009f4a    00000006     --HOLE-- [fill = 0]
                  70009f50    000000f8                                              : sciclient_pm.obj (.text.Sciclient_pmQueryModuleClkFreq)
                  7000a048    00000008     --HOLE-- [fill = 0]
                  7000a050    000000f0                                              : mmcsd_v0.obj (.text.MMCSD_phyTuneAuto)
                  7000a140    000000f0     nortos.am64x.r5f.ti-arm-clang.debug.lib : SemaphoreP_nortos.obj (.text.SemaphoreP_pend)
                  7000a230    000000ee     board.am64x.r5f.ti-arm-clang.debug.lib : flash_nor_xspi.obj (.text.Flash_norXspiErase)
                  7000a31e    00000002     --HOLE-- [fill = 0]
                  7000a320    000000ee     main.obj (.text.main)
                  7000a40e    00000002     --HOLE-- [fill = 0]
                  7000a410    000000ec     drivers.am64x.r5f.ti-arm-clang.debug.lib : mmcsd_priv.obj (.text.MMCSD_parseECSDEmmc)
                  7000a4fc    00000004     --HOLE-- [fill = 0]
                  7000a500    000000ea     nortos.am64x.r5f.ti-arm-clang.debug.lib : AddrTranslateP.obj (.text.AddrTranslateP_getLocalAddr)
                  7000a5ea    00000006     --HOLE-- [fill = 0]
                  7000a5f0    000000ea     drivers.am64x.r5f.ti-arm-clang.debug.lib : lpddr4_16bit.obj (.text.LPDDR4_CheckCtlInterrupt_2)
                  7000a6da    00000006     --HOLE-- [fill = 0]
                  7000a6e0    000000e8                                              : lpddr4_16bit.obj (.text.LPDDR4_AckCtlInterrupt_2)
                  7000a7c8    00000008     --HOLE-- [fill = 0]
                  7000a7d0    000000e6                                              : mmcsd_v0.obj (.text.MMCSD_getModeEmmc)
                  7000a8b6    0000000a     --HOLE-- [fill = 0]
                  7000a8c0    000000e4                                              : mmcsd_v0.obj (.text.MMCSD_halSetBusFreq)
                  7000a9a4    0000000c     --HOLE-- [fill = 0]
                  7000a9b0    000000e2                                              : bootloader_uniflash.obj (.text.Bootloader_uniflashFlashVerifyFile)
                  7000aa92    0000000e     --HOLE-- [fill = 0]
                  7000aaa0    000000e2                                              : mmcsd_v0.obj (.text.MMCSD_phyInit)
                  7000ab82    0000000e     --HOLE-- [fill = 0]
                  7000ab90    000000e0                                              : bootloader_uniflash.obj (.text.Bootloader_uniflashFlashVerifyFileMMCSDRaw)
                  7000ac70    000000de                                              : mmcsd_v0.obj (.text.MMCSD_cmdStatusPollingFxn)
                  7000ad4e    00000002     --HOLE-- [fill = 0]
                  7000ad50    000000de                                              : sciclient_pm.obj (.text.Sciclient_pmSetModuleClkFreq)
                  7000ae2e    00000002     --HOLE-- [fill = 0]
                  7000ae30    000000de                                              : sciclient.obj (.text.Sciclient_waitForMessage)
                  7000af0e    00000002     --HOLE-- [fill = 0]
                  7000af10    000000de                                              : uart_v0.obj (.text.UART_intrEnable)
                  7000afee    00000002     --HOLE-- [fill = 0]
                  7000aff0    000000dc                                              : bootloader_uniflash.obj (.text.Bootloader_uniflashFlashOrVerifyXipFile)
                  7000b0cc    00000004     --HOLE-- [fill = 0]
                  7000b0d0    000000da                                              : uart_v0.obj (.text.UART_intrDisable)
                  7000b1aa    00000006     --HOLE-- [fill = 0]
                  7000b1b0    000000d4                                              : bootloader_soc.obj (.text.Bootloader_socOpenFirewalls)
                  7000b284    0000000c     --HOLE-- [fill = 0]
                  7000b290    000000d4                                              : pinmux.obj (.text.Pinmux_unlockMMR)
                  7000b364    0000000c     --HOLE-- [fill = 0]
                  7000b370    000000ce                                              : mmcsd_v0.obj (.text.MMCSD_enableBootPartition)
                  7000b43e    00000002     --HOLE-- [fill = 0]
                  7000b440    000000ce                                              : mmcsd_priv.obj (.text.MMCSD_parseCIDSd)
                  7000b50e    00000002     --HOLE-- [fill = 0]
                  7000b510    000000cc                                              : uart_v0.obj (.text.UART_flushTxFifo)
                  7000b5dc    00000004     --HOLE-- [fill = 0]
                  7000b5e0    000000ca                                              : ospi_phy.obj (.text.OSPI_phyResyncDLL)
                  7000b6aa    00000006     --HOLE-- [fill = 0]
                  7000b6b0    000000c2     board.am64x.r5f.ti-arm-clang.debug.lib : flash_nor_xspi.obj (.text.Flash_norXspiSetDummyCycles)
                  7000b772    0000000e     --HOLE-- [fill = 0]
                  7000b780    000000c2     drivers.am64x.r5f.ti-arm-clang.debug.lib : mmcsd_v0.obj (.text.MMCSD_setupADMA2)
                  7000b842    0000000e     --HOLE-- [fill = 0]
                  7000b850    000000c2                                              : uart_v0.obj (.text.UART_writePolling)
                  7000b912    0000000e     --HOLE-- [fill = 0]
                  7000b920    000000c0                                              : lpddr4_16bit.obj (.text.LPDDR4_CheckCtlInterrupt_4)
                  7000b9e0    000000c0                                              : lpddr4.obj (.text.LPDDR4_ReadReg)
                  7000baa0    000000c0     nortos.am64x.r5f.ti-arm-clang.debug.lib : printf.obj (.text._out_rev)
                  7000bb60    000000bc     drivers.am64x.r5f.ti-arm-clang.debug.lib : ddr.obj (.text.DDR_setClock)
                  7000bc1c    00000004     --HOLE-- [fill = 0]
                  7000bc20    000000ba     nortos.am64x.r5f.ti-arm-clang.debug.lib : ClockP_nortos.obj (.text.ClockP_stop)
                  7000bcda    00000006     --HOLE-- [fill = 0]
                  7000bce0    000000ba     drivers.am64x.r5f.ti-arm-clang.debug.lib : uart_v0.obj (.text.UART_init)
                  7000bd9a    00000006     --HOLE-- [fill = 0]
                  7000bda0    000000b8     ti_board_open_close.obj (.text.Board_flashOpen)
                  7000be58    00000008     --HOLE-- [fill = 0]
                  7000be60    000000b8     nortos.am64x.r5f.ti-arm-clang.debug.lib : ClockP_nortos.obj (.text.ClockP_timerTickIsr)
                  7000bf18    00000008     --HOLE-- [fill = 0]
                  7000bf20    000000b8     board.am64x.r5f.ti-arm-clang.debug.lib : flash.obj (.text.Flash_offsetToBlkPage)
                  7000bfd8    00000008     --HOLE-- [fill = 0]
                  7000bfe0    000000b8     drivers.am64x.r5f.ti-arm-clang.debug.lib : lpddr4.obj (.text.LPDDR4_WriteReg)
                  7000c098    00000008     --HOLE-- [fill = 0]
                  7000c0a0    000000b6                                              : bootloader_uniflash.obj (.text.Bootloader_uniflashFlashOrVerifyRprcXipFile)
                  7000c156    0000000a     --HOLE-- [fill = 0]
                  7000c160    000000b6                                              : ddr.obj (.text.DDR_initDrv)
                  7000c216    0000000a     --HOLE-- [fill = 0]
                  7000c220    000000b6                                              : mmcsd_v0.obj (.text.MMCSD_halSendCommand)
                  7000c2d6    0000000a     --HOLE-- [fill = 0]
                  7000c2e0    000000b6                                              : ospi_phy.obj (.text.OSPI_phyTuneDDR)
                  7000c396    0000000a     --HOLE-- [fill = 0]
                  7000c3a0    000000b6                                              : uart_v0.obj (.text.UART_readPolling)
                  7000c456    0000000a     --HOLE-- [fill = 0]
                  7000c460    000000b4                                              : ospi_v0.obj (.text.OSPI_close)
                  7000c514    0000000c     --HOLE-- [fill = 0]
                  7000c520    000000b2                                              : sciclient.obj (.text.Sciclient_getCurrentContext)
                  7000c5d2    0000000e     --HOLE-- [fill = 0]
                  7000c5e0    000000ac     ti_drivers_open_close.obj (.text.Drivers_uartOpen)
                  7000c68c    00000004     --HOLE-- [fill = 0]
                  7000c690    000000ac     drivers.am64x.r5f.ti-arm-clang.debug.lib : uart_v0.obj (.text.UART_readCancelNoCB)
                  7000c73c    00000004     --HOLE-- [fill = 0]
                  7000c740    000000aa     ti_drivers_open_close.obj (.text.Drivers_mmcsdOpen)
                  7000c7ea    00000006     --HOLE-- [fill = 0]
                  7000c7f0    000000aa     ti_drivers_open_close.obj (.text.Drivers_ospiOpen)
                  7000c89a    00000006     --HOLE-- [fill = 0]
                  7000c8a0    000000aa     drivers.am64x.r5f.ti-arm-clang.debug.lib : uart_v0.obj (.text.UART_fifoWrite)
                  7000c94a    00000006     --HOLE-- [fill = 0]
                  7000c950    000000a8     nortos.am64x.r5f.ti-arm-clang.debug.lib : ClockP_nortos.obj (.text.ClockP_addToList)
                  7000c9f8    00000008     --HOLE-- [fill = 0]
                  7000ca00    000000a8                                             : ClockP_nortos.obj (.text.ClockP_destruct)
                  7000caa8    00000008     --HOLE-- [fill = 0]
                  7000cab0    000000a8     board.am64x.r5f.ti-arm-clang.debug.lib : flash_nor_xspi.obj (.text.Flash_norXspiHybridSectorConfig)
                  7000cb58    00000008     --HOLE-- [fill = 0]
                  7000cb60    000000a6     drivers.am64x.r5f.ti-arm-clang.debug.lib : ospi_v0.obj (.text.OSPI_setXferOpCodes)
                  7000cc06    0000000a     --HOLE-- [fill = 0]
                  7000cc10    000000a6                                              : sciclient_pm.obj (.text.Sciclient_pmGetModuleClkNumParent)
                  7000ccb6    0000000a     --HOLE-- [fill = 0]
                  7000ccc0    000000a4                                              : bootloader_soc.obj (.text.Bootloader_socOpenFirewallRegion)
                  7000cd64    0000000c     --HOLE-- [fill = 0]
                  7000cd70    000000a4                                              : ospi_v0.obj (.text.OSPI_flashExecCmd)
                  7000ce14    0000000c     --HOLE-- [fill = 0]
                  7000ce20    0000009e                                              : mmcsd_v0.obj (.text.MMCSD_halCmdResponseGet)
                  7000cebe    00000002     --HOLE-- [fill = 0]
                  7000cec0    0000009e                                              : sciclient_soc_priv.obj (.text.Sciclient_getContext)
                  7000cf5e    00000002     --HOLE-- [fill = 0]
                  7000cf60    0000009a     board.am64x.r5f.ti-arm-clang.debug.lib : flash_nor_xspi.obj (.text.Flash_norXspiRegWrite)
                  7000cffa    00000006     --HOLE-- [fill = 0]
                  7000d000    0000009a     drivers.am64x.r5f.ti-arm-clang.debug.lib : soc.obj (.text.SOC_controlModuleUnlockMMR)
                  7000d09a    00000006     --HOLE-- [fill = 0]
                  7000d0a0    0000009a                                              : sciclient_pm.obj (.text.Sciclient_pmGetModuleClkParent)
                  7000d13a    00000006     --HOLE-- [fill = 0]
                  7000d140    0000009a                                              : sciclient_pm.obj (.text.Sciclient_pmSetModuleClkParent)
                  7000d1da    00000006     --HOLE-- [fill = 0]
                  7000d1e0    00000098                                              : mmcsd_v0.obj (.text.MMCSD_init)
                  7000d278    00000008     --HOLE-- [fill = 0]
                  7000d280    00000098                                              : ospi_v0.obj (.text.OSPI_init)
                  7000d318    00000008     --HOLE-- [fill = 0]
                  7000d320    00000098                                              : sciclient_pm.obj (.text.Sciclient_pmModuleGetClkStatus)
                  7000d3b8    00000008     --HOLE-- [fill = 0]
                  7000d3c0    00000096                                              : sciclient.obj (.text.Sciclient_init)
                  7000d456    0000000a     --HOLE-- [fill = 0]
                  7000d460    00000096                                              : uart_v0.obj (.text.UART_subConfigTCRTLRModeEn)
                  7000d4f6    0000000a     --HOLE-- [fill = 0]
                  7000d500    00000096                                              : xmodem.obj (.text.check)
                  7000d596    0000000a     --HOLE-- [fill = 0]
                  7000d5a0    00000092                                              : soc.obj (.text.SOC_moduleClockEnable)
                  7000d632    0000000e     --HOLE-- [fill = 0]
                  7000d640    00000092                                              : sciclient.obj (.text.Sciclient_waitForBootNotification)
                  7000d6d2    0000000e     --HOLE-- [fill = 0]
                  7000d6e0    00000092                                              : uart_v0.obj (.text.UART_writeCancelNoCB)
                  7000d772    0000000e     --HOLE-- [fill = 0]
                  7000d780    00000090                                              : ddr.obj (.text.DDR_initHwRegs)
                  7000d810    00000090                                              : mmcsd_v0.obj (.text.MMCSD_halBusPower)
                  7000d8a0    00000090                                              : mmcsd_v0.obj (.text.MMCSD_isReadyForTransfer)
                  7000d930    0000008e     board.am64x.r5f.ti-arm-clang.debug.lib : flash_nor_xspi.obj (.text.Flash_norXspiRead)
                  7000d9be    00000002     --HOLE-- [fill = 0]
                  7000d9c0    0000008c     drivers.am64x.r5f.ti-arm-clang.debug.lib : sciclient_pm.obj (.text.Sciclient_pmGetModuleState)
                  7000da4c    00000004     --HOLE-- [fill = 0]
                  7000da50    0000008c                                              : sciclient_pm.obj (.text.Sciclient_pmModuleClkRequest)
                  7000dadc    00000004     --HOLE-- [fill = 0]
                  7000dae0    0000008c                                              : sciclient_pm.obj (.text.Sciclient_pmSetModuleState)
                  7000db6c    00000004     --HOLE-- [fill = 0]
                  7000db70    0000008a                                              : lpddr4.obj (.text.LPDDR4_PollCtlIrq)
                  7000dbfa    00000006     --HOLE-- [fill = 0]
                  7000dc00    0000008a                                              : lpddr4.obj (.text.LPDDR4_PollPhyIndepIrq)
                  7000dc8a    00000006     --HOLE-- [fill = 0]
                  7000dc90    0000008a                                              : ospi_phy.obj (.text.OSPI_phySetRdDelayTxRxDLL)
                  7000dd1a    00000006     --HOLE-- [fill = 0]
                  7000dd20    00000088     nortos.am64x.r5f.ti-arm-clang.debug.lib : ClockP_nortos.obj (.text.ClockP_getTimeUsec)
                  7000dda8    00000008     --HOLE-- [fill = 0]
                  7000ddb0    00000086     drivers.am64x.r5f.ti-arm-clang.debug.lib : lpddr4_16bit.obj (.text.LPDDR4_CheckCtlInterrupt_3)
                  7000de36    0000000a     --HOLE-- [fill = 0]
                  7000de40    00000086                                              : mmcsd_v0.obj (.text.MMCSD_halSetBusWidth)
                  7000dec6    0000000a     --HOLE-- [fill = 0]
                  7000ded0    00000086                                              : ospi_v0.obj (.text.OSPI_enablePhy)
                  7000df56    0000000a     --HOLE-- [fill = 0]
                  7000df60    00000086                                              : uart_v0.obj (.text.UART_tcrTlrBitValRestore)
                  7000dfe6    0000000a     --HOLE-- [fill = 0]
                  7000dff0    00000084                                              : mmcsd_v0.obj (.text.MMCSD_halLinesResetCmd)
                  7000e074    0000000c     --HOLE-- [fill = 0]
                  7000e080    00000084                                              : mmcsd_v0.obj (.text.MMCSD_halLinesResetDat)
                  7000e104    0000000c     --HOLE-- [fill = 0]
                  7000e110    00000084                                              : uart_dma.obj (.text.UART_dmaDisableChannel)
                  7000e194    0000000c     --HOLE-- [fill = 0]
                  7000e1a0    00000082                                              : mmcsd_v0.obj (.text.MMCSD_halSoftReset)
                  7000e222    0000000e     --HOLE-- [fill = 0]
                  7000e230    00000082                                              : mmcsd_v0.obj (.text.MMCSD_sendTuningDataEMMC)
                  7000e2b2    0000000e     --HOLE-- [fill = 0]
                  7000e2c0    00000082                                              : ospi_phy.obj (.text.OSPI_phyFindRxHigh)
                  7000e342    0000000e     --HOLE-- [fill = 0]
                  7000e350    00000082                                              : ospi_phy.obj (.text.OSPI_phyFindRxLow)
                  7000e3d2    0000000e     --HOLE-- [fill = 0]
                  7000e3e0    00000082                                              : ospi_phy.obj (.text.OSPI_phyFindTxHigh)
                  7000e462    0000000e     --HOLE-- [fill = 0]
                  7000e470    00000082                                              : ospi_phy.obj (.text.OSPI_phyFindTxLow)
                  7000e4f2    0000000e     --HOLE-- [fill = 0]
                  7000e500    00000082                                              : ospi_v0.obj (.text.OSPI_setXferLines)
                  7000e582    0000000e     --HOLE-- [fill = 0]
                  7000e590    00000080                                              : uart_dma.obj (.text.UART_dmaClose)
                  7000e610    00000080                                              : uart_v0.obj (.text.UART_readData)
                  7000e690    0000007e                                              : lpddr4.obj (.text.LPDDR4_StartSequenceController)
                  7000e70e    00000002     --HOLE-- [fill = 0]
                  7000e710    0000007a                                              : ospi_v0.obj (.text.OSPI_disablePhy)
                  7000e78a    00000006     --HOLE-- [fill = 0]
                  7000e790    0000007a                                              : uart_v0.obj (.text.UART_Params_init)
                  7000e80a    00000006     --HOLE-- [fill = 0]
                  7000e810    0000007a     nortos.am64x.r5f.ti-arm-clang.debug.lib : DebugP_log.obj (.text._DebugP_assert)
                  7000e88a    00000006     --HOLE-- [fill = 0]
                  7000e890    00000078     drivers.am64x.r5f.ti-arm-clang.debug.lib : ospi_v0.obj (.text.OSPI_waitIndWriteComplete)
                  7000e908    00000008     --HOLE-- [fill = 0]
                  7000e910    00000076                                              : mmcsd_priv.obj (.text.MMCSD_parseCSDEmmc)
                  7000e986    0000000a     --HOLE-- [fill = 0]
                  7000e990    00000076                                              : ospi_v0.obj (.text.OSPI_isDmaRestrictedRegion)
                  7000ea06    0000000a     --HOLE-- [fill = 0]
                  7000ea10    00000076                                              : ospi_phy.obj (.text.OSPI_phyReadAttackVector)
                  7000ea86    0000000a     --HOLE-- [fill = 0]
                  7000ea90    00000076                                              : ospi_v0.obj (.text.OSPI_waitIdle)
                  7000eb06    0000000a     --HOLE-- [fill = 0]
                  7000eb10    00000076                                              : uart_v0.obj (.text.UART_fifoRead)
                  7000eb86    0000000a     --HOLE-- [fill = 0]
                  7000eb90    00000074                                              : bootloader_uniflash.obj (.text.Bootloader_uniflashFlashPhyTuningData)
                  7000ec04    0000000c     --HOLE-- [fill = 0]
                  7000ec10    00000074     nortos.am64x.r5f.ti-arm-clang.debug.lib : ClockP_nortos.obj (.text.ClockP_construct)
                  7000ec84    0000000c     --HOLE-- [fill = 0]
                  7000ec90    00000074     drivers.am64x.r5f.ti-arm-clang.debug.lib : ddr.obj (.text.DDR_init)
                  7000ed04    0000000c     --HOLE-- [fill = 0]
                  7000ed10    00000074                                              : uart_v0.obj (.text.UART_readInterrupt)
                  7000ed84    00000074     libc.a : snprintf.c.obj (.text.snprintf)
                  7000edf8    00000008     --HOLE-- [fill = 0]
                  7000ee00    00000072     nortos.am64x.r5f.ti-arm-clang.debug.lib : ClockP_nortos.obj (.text.ClockP_usleep)
                  7000ee72    0000000e     --HOLE-- [fill = 0]
                  7000ee80    00000072     drivers.am64x.r5f.ti-arm-clang.debug.lib : mmcsd_v0.obj (.text.MMCSD_close)
                  7000eef2    0000000e     --HOLE-- [fill = 0]
                  7000ef00    00000070     board.am64x.r5f.ti-arm-clang.debug.lib : flash_nor_xspi.obj (.text.Flash_norXspiSetOpcodes)
                  7000ef70    00000070     drivers.am64x.r5f.ti-arm-clang.debug.lib : mmcsd_v0.obj (.text.MMCSD_halSetUHSMode)
                  7000efe0    00000070                                              : pinmux.obj (.text.Pinmux_config)
                  7000f050    00000070                                              : uart_dma.obj (.text.UART_dmaOpen)
                  7000f0c0    00000070                                              : uart_v0.obj (.text.UART_readByte)
                  7000f130    0000006e                                              : lpddr4_16bit.obj (.text.LPDDR4_EnablePIInitiator)
                  7000f19e    00000002     --HOLE-- [fill = 0]
                  7000f1a0    0000006e                                              : mmcsd_v0.obj (.text.MMCSD_phyGetOtapDelay)
                  7000f20e    00000002     --HOLE-- [fill = 0]
                  7000f210    0000006c                                              : ddr_soc.obj (.text.DDR_socEnableVttRegulator)
                  7000f27c    00000004     --HOLE-- [fill = 0]
                  7000f280    0000006c                                              : ospi_dma.obj (.text.OSPI_dmaOpen)
                  7000f2ec    0000006c     libc.a : atoi.c.obj (.text.atoi)
                  7000f358    00000008     --HOLE-- [fill = 0]
                  7000f360    0000006a     board.am64x.r5f.ti-arm-clang.debug.lib : flash_nor_xspi.obj (.text.Flash_norXspiEnableDDR)
                  7000f3ca    00000006     --HOLE-- [fill = 0]
                  7000f3d0    0000006a                                            : flash_nor_xspi.obj (.text.Flash_norXspiEnableSDR)
                  7000f43a    00000006     --HOLE-- [fill = 0]
                  7000f440    0000006a     drivers.am64x.r5f.ti-arm-clang.debug.lib : lpddr4.obj (.text.LPDDR4_WriteCtlConfig)
                  7000f4aa    00000006     --HOLE-- [fill = 0]
                  7000f4b0    0000006a                                              : lpddr4.obj (.text.LPDDR4_WritePhyConfig)
                  7000f51a    00000006     --HOLE-- [fill = 0]
                  7000f520    0000006a                                              : lpddr4.obj (.text.LPDDR4_WritePhyIndepConfig)
                  7000f58a    00000006     --HOLE-- [fill = 0]
                  7000f590    0000006a                                              : pinmux.obj (.text.Pinmux_lockMMR)
                  7000f5fa    00000006     --HOLE-- [fill = 0]
                  7000f600    00000068                                              : ospi_v0.obj (.text.OSPI_waitWriteSRAMLevel)
                  7000f668    00000008     --HOLE-- [fill = 0]
                  7000f670    00000068                                              : uart_v0.obj (.text.UART_divisorValCompute)
                  7000f6d8    00000008     --HOLE-- [fill = 0]
                  7000f6e0    00000066                                              : bootloader_uniflash.obj (.text.Bootloader_uniflashFlashFileMMCSDRaw)
                  7000f746    0000000a     --HOLE-- [fill = 0]
                  7000f750    00000066                                              : ddr.obj (.text.DDR_probe)
                  7000f7b6    0000000a     --HOLE-- [fill = 0]
                  7000f7c0    00000064                                              : mmcsd_v0.obj (.text.MMCSD_getXferSpeedFromModeEmmc)
                  7000f824    0000000c     --HOLE-- [fill = 0]
                  7000f830    00000064                                              : ospi_v0.obj (.text.OSPI_getCmdExt)
                  7000f894    0000000c     --HOLE-- [fill = 0]
                  7000f8a0    00000062     board.am64x.r5f.ti-arm-clang.debug.lib : flash.obj (.text.Flash_open)
                  7000f902    0000000e     --HOLE-- [fill = 0]
                  7000f910    00000062     drivers.am64x.r5f.ti-arm-clang.debug.lib : bootloader_xmodem.obj (.text._inbyte)
                  7000f972    0000000e     --HOLE-- [fill = 0]
                  7000f980    00000060                                              : bootloader_xmodem.obj (.text.Bootloader_xmodemReceive)
                  7000f9e0    00000060                                              : uart_v0.obj (.text.UART_getChar)
                  7000fa40    0000005e                                              : lpddr4.obj (.text.LPDDR4_PollAndAckIrq)
                  7000fa9e    00000002     --HOLE-- [fill = 0]
                  7000faa0    0000005e                                              : sciclient_pm.obj (.text.Sciclient_pmSetModuleRst)
                  7000fafe    00000002     --HOLE-- [fill = 0]
                  7000fb00    0000005e                                              : uart_v0.obj (.text.UART_writeData)
                  7000fb5e    00000002     --HOLE-- [fill = 0]
                  7000fb60    0000005c                                              : lpddr4.obj (.text.LPDDR4_CheckPhyIndepInterrupt)
                  7000fbbc    00000004     --HOLE-- [fill = 0]
                  7000fbc0    0000005c                                              : lpddr4.obj (.text.LPDDR4_SanityFunction4)
                  7000fc1c    00000004     --HOLE-- [fill = 0]
                  7000fc20    0000005c     ti_power_clock_config.obj (.text.Module_clockSetFrequency)
                  7000fc7c    0000005c     libc.a : autoinit.c.obj (.text:__TI_auto_init_nobinit_nopinit)
                  7000fcd8    00000008     --HOLE-- [fill = 0]
                  7000fce0    0000005a     board.am64x.r5f.ti-arm-clang.debug.lib : flash_nor_xspi.obj (.text.Flash_norXspiResetMemory)
                  7000fd3a    00000006     --HOLE-- [fill = 0]
                  7000fd40    0000005a     drivers.am64x.r5f.ti-arm-clang.debug.lib : mmcsd_v0.obj (.text.MMCSD_halIsClockStable)
                  7000fd9a    00000006     --HOLE-- [fill = 0]
                  7000fda0    0000005a     nortos.am64x.r5f.ti-arm-clang.debug.lib : SemaphoreP_nortos.obj (.text.SemaphoreP_post)
                  7000fdfa    00000006     --HOLE-- [fill = 0]
                  7000fe00    0000005a     drivers.am64x.r5f.ti-arm-clang.debug.lib : uart_v0.obj (.text.UART_regConfigModeEnable)
                  7000fe5a    00000006     --HOLE-- [fill = 0]
                  7000fe60    00000058                                              : bootloader_xmodem.obj (.text.Bootloader_xmodemTransmit)
                  7000feb8    00000008     --HOLE-- [fill = 0]
                  7000fec0    00000058     board.am64x.r5f.ti-arm-clang.debug.lib : flash_nor_xspi.obj (.text.Flash_norXspiCmdRead)
                  7000ff18    00000008     --HOLE-- [fill = 0]
                  7000ff20    00000058                                            : flash_nor_xspi.obj (.text.Flash_norXspiCmdWrite)
                  7000ff78    00000008     --HOLE-- [fill = 0]
                  7000ff80    00000058     drivers.am64x.r5f.ti-arm-clang.debug.lib : ospi_v0.obj (.text.OSPI_writeFifoData)
                  7000ffd8    00000008     --HOLE-- [fill = 0]
                  7000ffe0    00000058                                              : sciclient_firewall.obj (.text.Sciclient_firewallChangeOwnerInfo)
                  70010038    00000008     --HOLE-- [fill = 0]
                  70010040    00000058                                              : sciclient_firewall.obj (.text.Sciclient_firewallSetRegion)
                  70010098    00000058     libc.a : snprintf.c.obj (.text._outs)
                  700100f0    00000056     drivers.am64x.r5f.ti-arm-clang.debug.lib : mmcsd_v0.obj (.text.CSL_REG64_FEXT_RAW)
                  70010146    0000000a     --HOLE-- [fill = 0]
                  70010150    00000056     nortos.am64x.r5f.ti-arm-clang.debug.lib : SemaphoreP_nortos.obj (.text.SemaphoreP_construct)
                  700101a6    0000000a     --HOLE-- [fill = 0]
                  700101b0    00000054     drivers.am64x.r5f.ti-arm-clang.debug.lib : mmcsd_v0.obj (.text.MMCSD_halEnableInternalClock)
                  70010204    0000000c     --HOLE-- [fill = 0]
                  70010210    00000054                                              : ospi_v0.obj (.text.OSPI_setNumAddrBytes)
                  70010264    0000000c     --HOLE-- [fill = 0]
                  70010270    00000052                                              : lpddr4.obj (.text.LPDDR4_AckPhyIndepInterrupt)
                  700102c2    0000000e     --HOLE-- [fill = 0]
                  700102d0    00000052                                              : ospi_dma.obj (.text.OSPI_dmaCopy)
                  70010322    0000000e     --HOLE-- [fill = 0]
                  70010330    00000052                                              : soc.obj (.text.SOC_controlModuleLockMMR)
                  70010382    0000000e     --HOLE-- [fill = 0]
                  70010390    00000052                                              : crc16.obj (.text.crc16_ccitt)
                  700103e2    0000000e     --HOLE-- [fill = 0]
                  700103f0    00000050     ti_board_open_close.obj (.text.Board_flashClose)
                  70010440    00000050     ti_drivers_open_close.obj (.text.Drivers_mmcsdClose)
                  70010490    00000050     ti_drivers_open_close.obj (.text.Drivers_ospiClose)
                  700104e0    00000050     ti_drivers_open_close.obj (.text.Drivers_uartClose)
                  70010530    00000050     drivers.am64x.r5f.ti-arm-clang.debug.lib : uart_dma.obj (.text.UART_readInterruptDma)
                  70010580    00000050                                              : uart_dma.obj (.text.UART_writeInterruptDma)
                  700105d0    0000004e                                              : mmcsd_v0.obj (.text.CSL_REG16_FINS_RAW)
                  7001061e    00000002     --HOLE-- [fill = 0]
                  70010620    0000004e                                              : mmcsd_v0.obj (.text.CSL_REG8_FINS_RAW)
                  7001066e    00000002     --HOLE-- [fill = 0]
                  70010670    0000004e                                              : mmcsd_v0.obj (.text.MMCSD_getHandle)
                  700106be    00000002     --HOLE-- [fill = 0]
                  700106c0    0000004e                                              : mmcsd_v0.obj (.text.MMCSD_initTransaction)
                  7001070e    00000002     --HOLE-- [fill = 0]
                  70010710    0000004e                                              : ospi_v0.obj (.text.OSPI_setDeviceSize)
                  7001075e    00000002     --HOLE-- [fill = 0]
                  70010760    0000004e                                              : uart_v0.obj (.text.UART_getHandle)
                  700107ae    00000002     --HOLE-- [fill = 0]
                  700107b0    0000004c                                              : lpddr4.obj (.text.LPDDR4_SanityFunction5)
                  700107fc    00000004     --HOLE-- [fill = 0]
                  70010800    0000004c     ti_power_clock_config.obj (.text.Module_clockDisable)
                  7001084c    00000004     --HOLE-- [fill = 0]
                  70010850    0000004c     ti_power_clock_config.obj (.text.Module_clockEnable)
                  7001089c    00000004     --HOLE-- [fill = 0]
                  700108a0    0000004c     drivers.am64x.r5f.ti-arm-clang.debug.lib : ospi_v0.obj (.text.OSPI_getHandle)
                  700108ec    00000004     --HOLE-- [fill = 0]
                  700108f0    0000004c                                              : uart_v0.obj (.text.UART_fifoRegisterWrite)
                  7001093c    00000004     --HOLE-- [fill = 0]
                  70010940    0000004c                                              : uart_v0.obj (.text.UART_statusIsDataReady)
                  7001098c    00000004     --HOLE-- [fill = 0]
                  70010990    0000004a                                              : mmcsd_priv.obj (.text.MMCSD_parseSCRSd)
                  700109da    00000006     --HOLE-- [fill = 0]
                  700109e0    0000004a                                              : sciclient_soc_priv.obj (.text.Sciclient_getDevId)
                  70010a2a    00000006     --HOLE-- [fill = 0]
                  70010a30    0000004a                                              : uart_v0.obj (.text.UART_getIntrIdentityStatus)
                  70010a7a    00000006     --HOLE-- [fill = 0]
                  70010a80    0000004a                                              : uart_v0.obj (.text.UART_lineCharConfig)
                  70010aca    00000006     --HOLE-- [fill = 0]
                  70010ad0    00000048                                              : ddr.obj (.text.DDR_setFreq)
                  70010b18    00000008     --HOLE-- [fill = 0]
                  70010b20    00000048     board.am64x.r5f.ti-arm-clang.debug.lib : flash.obj (.text.Flash_read)
                  70010b68    00000008     --HOLE-- [fill = 0]
                  70010b70    00000048                                            : flash.obj (.text.Flash_write)
                  70010bb8    00000008     --HOLE-- [fill = 0]
                  70010bc0    00000048     drivers.am64x.r5f.ti-arm-clang.debug.lib : lpddr4.obj (.text.LPDDR4_Init)
                  70010c08    00000008     --HOLE-- [fill = 0]
                  70010c10    00000048                                              : mmcsd_v0.obj (.text.MMCSD_halSetBusVolt)
                  70010c58    00000008     --HOLE-- [fill = 0]
                  70010c60    00000048                                              : ospi_v0.obj (.text.OSPI_setRdDataCaptureDelay)
                  70010ca8    00000048     libc.a : memccpy.c.obj (.text.memccpy)
                  70010cf0    00000046     drivers.am64x.r5f.ti-arm-clang.debug.lib : ospi_dma.obj (.text.OSPI_dmaClose)
                  70010d36    0000000a     --HOLE-- [fill = 0]
                  70010d40    00000046                                              : uart_v0.obj (.text.UART_readLineStatus)
                  70010d86    0000000a     --HOLE-- [fill = 0]
                  70010d90    00000044     ti_dpl_config.obj (.text.Dpl_init)
                  70010dd4    0000000c     --HOLE-- [fill = 0]
                  70010de0    00000044     drivers.am64x.r5f.ti-arm-clang.debug.lib : ospi_v0.obj (.text.OSPI_enableDacMode)
                  70010e24    0000000c     --HOLE-- [fill = 0]
                  70010e30    00000044     ti_drivers_config.obj (.text.System_init)
                  70010e74    0000000c     --HOLE-- [fill = 0]
                  70010e80    00000044     nortos.am64x.r5f.ti-arm-clang.debug.lib : DebugP_nortos.obj (.text._DebugP_logZone)
                  70010ec4    0000000c     --HOLE-- [fill = 0]
                  70010ed0    00000044                                             : printf.obj (.text._strnlen_s)
                  70010f14    0000000c     --HOLE-- [fill = 0]
                  70010f20    00000042                                             : ClockP_nortos.obj (.text.ClockP_start)
                  70010f62    0000000e     --HOLE-- [fill = 0]
                  70010f70    00000042     board.am64x.r5f.ti-arm-clang.debug.lib : flash_nor_xspi.obj (.text.Flash_norXspiRegRead)
                  70010fb2    0000000e     --HOLE-- [fill = 0]
                  70010fc0    00000042     drivers.am64x.r5f.ti-arm-clang.debug.lib : mmcsd_v0.obj (.text.MMCSD_halErrorIntrStatusEnable)
                  70011002    0000000e     --HOLE-- [fill = 0]
                  70011010    00000042                                              : mmcsd_v0.obj (.text.MMCSD_halErrorSigIntrDisable)
                  70011052    0000000e     --HOLE-- [fill = 0]
                  70011060    00000042                                              : mmcsd_v0.obj (.text.MMCSD_halErrorSigIntrEnable)
                  700110a2    0000000e     --HOLE-- [fill = 0]
                  700110b0    00000042                                              : mmcsd_v0.obj (.text.MMCSD_halNormalIntrStatusDisable)
                  700110f2    0000000e     --HOLE-- [fill = 0]
                  70011100    00000042                                              : mmcsd_v0.obj (.text.MMCSD_halNormalIntrStatusEnable)
                  70011142    0000000e     --HOLE-- [fill = 0]
                  70011150    00000042                                              : mmcsd_v0.obj (.text.MMCSD_halNormalSigIntrDisable)
                  70011192    0000000e     --HOLE-- [fill = 0]
                  700111a0    00000042                                              : mmcsd_v0.obj (.text.MMCSD_halNormalSigIntrEnable)
                  700111e2    0000000e     --HOLE-- [fill = 0]
                  700111f0    00000042                                              : uart_v0.obj (.text.UART_checkOpenParams)
                  70011232    0000000e     --HOLE-- [fill = 0]
                  70011240    00000042                                              : bootloader_xmodem.obj (.text._outbyte)
                  70011282    0000000e     --HOLE-- [fill = 0]
                  70011290    00000040                                              : uart_v0.obj (.text.UART_readDataPolling)
                  700112d0    0000003e     board.am64x.r5f.ti-arm-clang.debug.lib : flash.obj (.text.Flash_eraseBlk)
                  7001130e    00000002     --HOLE-- [fill = 0]
                  70011310    0000003e     drivers.am64x.r5f.ti-arm-clang.debug.lib : ospi_v0.obj (.text.OSPI_setCmdDummyCycles)
                  7001134e    00000002     --HOLE-- [fill = 0]
                  70011350    0000003e                                              : ospi_v0.obj (.text.OSPI_setReadDummyCycles)
                  7001138e    00000002     --HOLE-- [fill = 0]
                  70011390    0000003e                                              : sciclient.obj (.text.Sciclient_secProxyWaitThread)
                  700113ce    00000002     --HOLE-- [fill = 0]
                  700113d0    0000003e                                              : uart_v0.obj (.text.UART_spaceAvail)
                  7001140e    00000002     --HOLE-- [fill = 0]
                  70011410    0000003c                                              : uart_v0.obj (.text.UART_enhanFuncEnable)
                  7001144c    00000004     --HOLE-- [fill = 0]
                  70011450    0000003c                                              : uart_v0.obj (.text.UART_resetModule)
                  7001148c    00000004     --HOLE-- [fill = 0]
                  70011490    0000003c                                              : uart_v0.obj (.text.UART_writeDataPolling)
                  700114cc    00000004     --HOLE-- [fill = 0]
                  700114d0    0000003a     board.am64x.r5f.ti-arm-clang.debug.lib : flash.obj (.text.Flash_getAttrs)
                  7001150a    00000006     --HOLE-- [fill = 0]
                  70011510    0000003a     drivers.am64x.r5f.ti-arm-clang.debug.lib : lpddr4.obj (.text.LPDDR4_SanityFunction2)
                  7001154a    00000006     --HOLE-- [fill = 0]
                  70011550    0000003a                                              : ospi_v0.obj (.text.OSPI_disablePhyPipeline)
                  7001158a    00000006     --HOLE-- [fill = 0]
                  70011590    0000003a                                              : ospi_v0.obj (.text.OSPI_enableDDR)
                  700115ca    00000006     --HOLE-- [fill = 0]
                  700115d0    0000003a                                              : ospi_v0.obj (.text.OSPI_enableSDR)
                  7001160a    00000006     --HOLE-- [fill = 0]
                  70011610    0000003a     nortos.am64x.r5f.ti-arm-clang.debug.lib : printf.obj (.text._atoi)
                  7001164a    00000006     --HOLE-- [fill = 0]
                  70011650    00000038     drivers.am64x.r5f.ti-arm-clang.debug.lib : mmcsd_v0.obj (.text.CSL_REG32_FINS_RAW)
                  70011688    00000008     --HOLE-- [fill = 0]
                  70011690    00000038                                              : ospi_phy.obj (.text.CSL_REG32_FINS_RAW)
                  700116c8    00000008     --HOLE-- [fill = 0]
                  700116d0    00000038                                              : ospi_v0.obj (.text.CSL_REG32_FINS_RAW)
                  70011708    00000008     --HOLE-- [fill = 0]
                  70011710    00000038                                              : ospi_v0.obj (.text.OSPI_utilLog2)
                  70011748    00000008     --HOLE-- [fill = 0]
                  70011750    00000038                                              : sciclient.obj (.text.Sciclient_secProxyFlush)
                  70011788    00000038     libc.a : memcmp.c.obj (.text.memcmp)
                  700117c0    00000036     drivers.am64x.r5f.ti-arm-clang.debug.lib : uart_v0.obj (.text.UART_checkTransaction)
                  700117f6    0000000a     --HOLE-- [fill = 0]
                  70011800    00000034                                              : lpddr4.obj (.text.LPDDR4_SanityFunction1)
                  70011834    0000000c     --HOLE-- [fill = 0]
                  70011840    00000034     nortos.am64x.r5f.ti-arm-clang.debug.lib : TimerP.obj (.text.TimerP_Params_init)
                  70011874    0000000c     --HOLE-- [fill = 0]
                  70011880    00000034     drivers.am64x.r5f.ti-arm-clang.debug.lib : uart_v0.obj (.text.UART_getRxError)
                  700118b4    0000000c     --HOLE-- [fill = 0]
                  700118c0    00000032                                              : bootloader_uniflash.obj (.text.Bootloader_uniflashInitRespHeader)
                  700118f2    0000000e     --HOLE-- [fill = 0]
                  70011900    00000032     board.am64x.r5f.ti-arm-clang.debug.lib : flash.obj (.text.Flash_getHandle)
                  70011932    0000000e     --HOLE-- [fill = 0]
                  70011940    00000032     drivers.am64x.r5f.ti-arm-clang.debug.lib : uart_v0.obj (.text.HW_WR_FIELD32_RAW)
                  70011972    0000000e     --HOLE-- [fill = 0]
                  70011980    00000032                                              : mmcsd_v0.obj (.text.MMCSD_getBlockSize)
                  700119b2    0000000e     --HOLE-- [fill = 0]
                  700119c0    00000032     ti_drivers_config.obj (.text.System_deinit)
                  700119f2    0000000e     --HOLE-- [fill = 0]
                  70011a00    00000032     drivers.am64x.r5f.ti-arm-clang.debug.lib : uart_v0.obj (.text.UART_enhanFuncBitValRestore)
                  70011a32    0000000e     --HOLE-- [fill = 0]
                  70011a40    00000032                                              : uart_v0.obj (.text.UART_hardwareFlowCtrlOptSet)
                  70011a72    0000000e     --HOLE-- [fill = 0]
                  70011a80    00000030                                              : mmcsd_v0.obj (.text.CSL_REG16_FEXT_RAW)
                  70011ab0    00000030                                              : mmcsd_v0.obj (.text.CSL_REG8_FEXT_RAW)
                  70011ae0    00000030     board.am64x.r5f.ti-arm-clang.debug.lib : flash.obj (.text.Flash_close)
                  70011b10    00000030     drivers.am64x.r5f.ti-arm-clang.debug.lib : lpddr4.obj (.text.LPDDR4_Start)
                  70011b40    00000030                                              : uart_v0.obj (.text.UART_flowCtrlTrigLvlConfig)
                  70011b70    00000030     libc.a : snprintf.c.obj (.text._outc)
                  70011ba0    0000002e     drivers.am64x.r5f.ti-arm-clang.debug.lib : sciclient.obj (.text.CSL_secProxyGetMaxMsgSize)
                  70011bce    00000002     --HOLE-- [fill = 0]
                  70011bd0    0000002e                                              : mmcsd_v0.obj (.text.MMCSD_deinit)
                  70011bfe    00000002     --HOLE-- [fill = 0]
                  70011c00    0000002e                                              : mmcsd_v0.obj (.text.MMCSD_sendCmd23)
                  70011c2e    00000002     --HOLE-- [fill = 0]
                  70011c30    0000002e                                              : ospi_v0.obj (.text.OSPI_deinit)
                  70011c5e    00000002     --HOLE-- [fill = 0]
                  70011c60    0000002e                                              : ospi_v0.obj (.text.OSPI_setDualOpCodeMode)
                  70011c8e    00000002     --HOLE-- [fill = 0]
                  70011c90    0000002e                                              : sciclient.obj (.text.Sciclient_secProxyReadThread32)
                  70011cbe    00000002     --HOLE-- [fill = 0]
                  70011cc0    0000002e                                              : uart_v0.obj (.text.UART_deinit)
                  70011cee    00000002     --HOLE-- [fill = 0]
                  70011cf0    0000002e     nortos.am64x.r5f.ti-arm-clang.debug.lib : printf.obj (.text._is_digit)
                  70011d1e    00000002     --HOLE-- [fill = 0]
                  70011d20    0000002c     drivers.am64x.r5f.ti-arm-clang.debug.lib : lpddr4.obj (.text.CPS_FldSet)
                  70011d4c    00000004     --HOLE-- [fill = 0]
                  70011d50    0000002c                                              : lpddr4_16bit.obj (.text.CPS_FldSet)
                  70011d7c    00000004     --HOLE-- [fill = 0]
                  70011d80    0000002c     nortos.am64x.r5f.ti-arm-clang.debug.lib : DebugP_log.obj (.text.DebugP_logZoneEnable)
                  70011dac    00000004     --HOLE-- [fill = 0]
                  70011db0    0000002c                                             : SemaphoreP_nortos.obj (.text.SemaphoreP_constructBinary)
                  70011ddc    00000004     --HOLE-- [fill = 0]
                  70011de0    0000002c                                             : TimerP.obj (.text.TimerP_clearOverflowInt)
                  70011e0c    00000004     --HOLE-- [fill = 0]
                  70011e10    0000002c     drivers.am64x.r5f.ti-arm-clang.debug.lib : uart_v0.obj (.text.UART_moduleReset)
                  70011e3c    00000004     --HOLE-- [fill = 0]
                  70011e40    0000002a                                              : bootloader_uniflash.obj (.text.Bootloader_uniflashFlashVerifyXipFile)
                  70011e6a    00000006     --HOLE-- [fill = 0]
                  70011e70    0000002a     nortos.am64x.r5f.ti-arm-clang.debug.lib : ClockP_nortos.obj (.text.ClockP_sleepTicks)
                  70011e9a    00000006     --HOLE-- [fill = 0]
                  70011ea0    0000002a     drivers.am64x.r5f.ti-arm-clang.debug.lib : bootloader_xmodem.obj (.text.UART_Transaction_init)
                  70011eca    00000006     --HOLE-- [fill = 0]
                  70011ed0    0000002a                                              : uart_v0.obj (.text.UART_intr2Disable)
                  70011efa    00000006     --HOLE-- [fill = 0]
                  70011f00    0000002a                                              : uart_v0.obj (.text.UART_operatingModeSelect)
                  70011f2a    00000006     --HOLE-- [fill = 0]
                  70011f30    00000028                                              : lpddr4_16bit.obj (.text.CPS_FldWrite)
                  70011f58    00000008     --HOLE-- [fill = 0]
                  70011f60    00000028     board.am64x.r5f.ti-arm-clang.debug.lib : flash.obj (.text.Flash_getPhyTuningOffset)
                  70011f88    00000008     --HOLE-- [fill = 0]
                  70011f90    00000028     drivers.am64x.r5f.ti-arm-clang.debug.lib : mmcsd_v0.obj (.text.MMCSD_halErrorIntrStatusGet)
                  70011fb8    00000008     --HOLE-- [fill = 0]
                  70011fc0    00000028                                              : mmcsd_v0.obj (.text.MMCSD_halNormalIntrStatusGet)
                  70011fe8    00000008     --HOLE-- [fill = 0]
                  70011ff0    00000028                                              : sciclient.obj (.text.Sciclient_secProxyVerifyThread)
                  70012018    00000008     --HOLE-- [fill = 0]
                  70012020    00000028     nortos.am64x.r5f.ti-arm-clang.debug.lib : printf.obj (.text.vprintf_)
                  70012048    00000008     --HOLE-- [fill = 0]
                  70012050    00000026     drivers.am64x.r5f.ti-arm-clang.debug.lib : lpddr4.obj (.text.LPDDR4_Probe)
                  70012076    0000000a     --HOLE-- [fill = 0]
                  70012080    00000026                                              : ospi_v0.obj (.text.OSPI_ReadCmdParams_init)
                  700120a6    0000000a     --HOLE-- [fill = 0]
                  700120b0    00000026                                              : ospi_v0.obj (.text.OSPI_WriteCmdParams_init)
                  700120d6    0000000a     --HOLE-- [fill = 0]
                  700120e0    00000024                                              : mmcsd_v0.obj (.text.CSL_REG32_FEXT_RAW)
                  70012104    0000000c     --HOLE-- [fill = 0]
                  70012110    00000024                                              : ospi_phy.obj (.text.CSL_REG32_FEXT_RAW)
                  70012134    0000000c     --HOLE-- [fill = 0]
                  70012140    00000024                                              : ospi_v0.obj (.text.CSL_REG32_FEXT_RAW)
                  70012164    0000000c     --HOLE-- [fill = 0]
                  70012170    00000024                                              : sciclient.obj (.text.CSL_REG32_FEXT_RAW)
                  70012194    0000000c     --HOLE-- [fill = 0]
                  700121a0    00000024                                              : mmcsd_v0.obj (.text.MMCSD_halErrorIntrStatusClear)
                  700121c4    0000000c     --HOLE-- [fill = 0]
                  700121d0    00000024                                              : mmcsd_v0.obj (.text.MMCSD_halIsCardInserted)
                  700121f4    0000000c     --HOLE-- [fill = 0]
                  70012200    00000024                                              : mmcsd_v0.obj (.text.MMCSD_halNormalIntrStatusClear)
                  70012224    0000000c     --HOLE-- [fill = 0]
                  70012230    00000024                                              : ospi_v0.obj (.text.OSPI_Transaction_init)
                  70012254    0000000c     --HOLE-- [fill = 0]
                  70012260    00000024     nortos.am64x.r5f.ti-arm-clang.debug.lib : SemaphoreP_nortos.obj (.text.SemaphoreP_constructMutex)
                  70012284    0000000c     --HOLE-- [fill = 0]
                  70012290    00000024                                             : printf.obj (.text._out_char)
                  700122b4    0000000c     --HOLE-- [fill = 0]
                  700122c0    00000024                                             : boot_armv7r.obj (.text._system_pre_init)
                  700122e4    00000024     libclang_rt.builtins.a : aeabi_uldivmod.S.obj (.text)
                  70012308    00000008     --HOLE-- [fill = 0]
                  70012310    00000022     drivers.am64x.r5f.ti-arm-clang.debug.lib : lpddr4.obj (.text.LPDDR4_SanityFunction3)
                  70012332    0000000e     --HOLE-- [fill = 0]
                  70012340    00000022                                              : mmcsd_v0.obj (.text.MMCSD_phyDisableDLL)
                  70012362    0000000e     --HOLE-- [fill = 0]
                  70012370    00000022                                              : ospi_v0.obj (.text.OSPI_getFlashDataBaseAddr)
                  70012392    0000000e     --HOLE-- [fill = 0]
                  700123a0    00000022                                              : uart_v0.obj (.text.UART_writeInterrupt)
                  700123c2    0000000e     --HOLE-- [fill = 0]
                  700123d0    00000020                                              : bootloader_uniflash.obj (.text.Bootloader_uniflashFlashXipFile)
                  700123f0    00000020                                              : uart_v0.obj (.text.HW_RD_FIELD32_RAW)
                  70012410    00000020                                              : ospi_v0.obj (.text.OSPI_setCmdExtType)
                  70012430    00000020                                              : ospi_v0.obj (.text.OSPI_setPhyEnableSuccess)
                  70012450    00000020     ti_pinmux_config.obj (.text.Pinmux_init)
                  70012470    00000020     libc.a : wcslen.c.obj (.text.wcslen)
                  70012490    0000001e     nortos.am64x.r5f.ti-arm-clang.debug.lib : ClockP_nortos.obj (.text.ClockP_Params_init)
                  700124ae    00000002     --HOLE-- [fill = 0]
                  700124b0    0000001e     drivers.am64x.r5f.ti-arm-clang.debug.lib : uart_v0.obj (.text.UART_breakCtl)
                  700124ce    00000002     --HOLE-- [fill = 0]
                  700124d0    0000001c     ti_board_open_close.obj (.text.Board_driversOpen)
                  700124ec    00000004     --HOLE-- [fill = 0]
                  700124f0    0000001c     drivers.am64x.r5f.ti-arm-clang.debug.lib : csl_sec_proxy.obj (.text.CSL_secProxyGetDataAddr)
                  7001250c    00000004     --HOLE-- [fill = 0]
                  70012510    0000001c                                              : ospi_phy.obj (.text.OSPI_phyGetTuningData)
                  7001252c    0000001c     libc.a : _printfi.c.obj (.text.strlen)
                  70012548    0000001c     libsysbm.a : memcpy32.S.obj (.text:TI_memcpy_small)
                  70012564    0000001c     libclang_rt.builtins.a : aeabi_memset.S.obj (.text)
                  70012580    0000001a     drivers.am64x.r5f.ti-arm-clang.debug.lib : lpddr4_16bit.obj (.text.CPS_FldRead)
                  7001259a    00000006     --HOLE-- [fill = 0]
                  700125a0    0000001a                                              : lpddr4.obj (.text.LPDDR4_AddOffset)
                  700125ba    00000006     --HOLE-- [fill = 0]
                  700125c0    0000001a                                              : lpddr4.obj (.text.LPDDR4_ConfigSF)
                  700125da    00000006     --HOLE-- [fill = 0]
                  700125e0    0000001a                                              : lpddr4.obj (.text.LPDDR4_PrivateDataSF)
                  700125fa    00000006     --HOLE-- [fill = 0]
                  70012600    0000001a                                              : ospi_v0.obj (.text.OSPI_getXferLines)
                  7001261a    00000006     --HOLE-- [fill = 0]
                  70012620    0000001a                                              : ospi_v0.obj (.text.OSPI_isDtrEnable)
                  7001263a    00000006     --HOLE-- [fill = 0]
                  70012640    0000001a                                              : ospi_v0.obj (.text.OSPI_isPhyEnable)
                  7001265a    00000006     --HOLE-- [fill = 0]
                  70012660    0000001a                                              : uart_v0.obj (.text.UART_fifoCharGet)
                  7001267a    00000006     --HOLE-- [fill = 0]
                  70012680    00000018                                              : sciclient.obj (.text.Sciclient_secProxyThreadStatusReg)
                  70012698    00000008     --HOLE-- [fill = 0]
                  700126a0    00000018     nortos.am64x.r5f.ti-arm-clang.debug.lib : SemaphoreP_nortos.obj (.text.SemaphoreP_Params_init)
                  700126b8    00000008     --HOLE-- [fill = 0]
                  700126c0    00000018                                             : TimerP.obj (.text.TimerP_start)
                  700126d8    00000008     --HOLE-- [fill = 0]
                  700126e0    00000018                                             : TimerP.obj (.text.TimerP_stop)
                  700126f8    00000008     --HOLE-- [fill = 0]
                  70012700    00000018     drivers.am64x.r5f.ti-arm-clang.debug.lib : uart_v0.obj (.text.UART_divisorLatchDisable)
                  70012718    00000008     --HOLE-- [fill = 0]
                  70012720    00000018                                              : uart_v0.obj (.text.UART_modemControlReset)
                  70012738    00000008     --HOLE-- [fill = 0]
                  70012740    00000018                                              : uart_v0.obj (.text.UART_putChar)
                  70012758    00000018     libsysbm.a : memset32.S.obj (.text:TI_memset_small)
                  70012770    00000016     drivers.am64x.r5f.ti-arm-clang.debug.lib : mmcsd_v0.obj (.text.CSL_REG64_WR_RAW)
                  70012786    0000000a     --HOLE-- [fill = 0]
                  70012790    00000016     nortos.am64x.r5f.ti-arm-clang.debug.lib : ClockP_nortos.obj (.text.ClockP_isActive)
                  700127a6    0000000a     --HOLE-- [fill = 0]
                  700127b0    00000016     drivers.am64x.r5f.ti-arm-clang.debug.lib : sciclient.obj (.text.Sciclient_secProxyReadThreadCount)
                  700127c6    0000000a     --HOLE-- [fill = 0]
                  700127d0    00000016                                              : uart_v0.obj (.text.UART_divideRoundCloset)
                  700127e6    0000000a     --HOLE-- [fill = 0]
                  700127f0    00000016                                              : uart_v0.obj (.text.UART_regConfModeRestore)
                  70012806    0000000a     --HOLE-- [fill = 0]
                  70012810    00000016                                              : xmodem.obj (.text.flushinput)
                  70012826    0000000a     --HOLE-- [fill = 0]
                  70012830    00000014                                              : lpddr4.obj (.text.CPS_RegWrite)
                  70012844    0000000c     --HOLE-- [fill = 0]
                  70012850    00000014                                              : lpddr4_16bit.obj (.text.CPS_RegWrite)
                  70012864    0000000c     --HOLE-- [fill = 0]
                  70012870    00000014                                              : mmcsd_v0.obj (.text.CSL_REG16_WR_RAW)
                  70012884    0000000c     --HOLE-- [fill = 0]
                  70012890    00000014                                              : mmcsd_v0.obj (.text.CSL_REG8_WR_RAW)
                  700128a4    0000000c     --HOLE-- [fill = 0]
                  700128b0    00000014     board.am64x.r5f.ti-arm-clang.debug.lib : flash_nor_xspi.obj (.text.Flash_norXspiClose)
                  700128c4    0000000c     --HOLE-- [fill = 0]
                  700128d0    00000012     nortos.am64x.r5f.ti-arm-clang.debug.lib : TimerP.obj (.text.TimerP_getCount)
                  700128e2    0000000e     --HOLE-- [fill = 0]
                  700128f0    00000012                                             : TimerP.obj (.text.TimerP_getReloadCount)
                  70012902    0000000e     --HOLE-- [fill = 0]
                  70012910    00000010     drivers.am64x.r5f.ti-arm-clang.debug.lib : lpddr4.obj (.text.CPS_RegRead)
                  70012920    00000010                                              : lpddr4_16bit.obj (.text.CPS_RegRead)
                  70012930    00000010                                              : lpddr4.obj (.text.CPS_UncachedWrite32)
                  70012940    00000010                                              : mmcsd_v0.obj (.text.CSL_REG32_WR_RAW)
                  70012950    00000010                                              : ospi_phy.obj (.text.CSL_REG32_WR_RAW)
                  70012960    00000010                                              : ospi_v0.obj (.text.CSL_REG32_WR_RAW)
                  70012970    00000010                                              : pinmux.obj (.text.CSL_REG32_WR_RAW)
                  70012980    00000010                                              : sciclient.obj (.text.CSL_REG32_WR_RAW)
                  70012990    00000010                                              : soc.obj (.text.CSL_REG32_WR_RAW)
                  700129a0    00000010     nortos.am64x.r5f.ti-arm-clang.debug.lib : ClockP_nortos_r5.obj (.text.ClockP_getTimerCount)
                  700129b0    00000010                                             : ClockP_nortos_r5.obj (.text.ClockP_timerClearOverflowInt)
                  700129c0    00000010     ti_drivers_open_close.obj (.text.Drivers_close)
                  700129d0    00000010     ti_drivers_open_close.obj (.text.Drivers_open)
                  700129e0    00000010     drivers.am64x.r5f.ti-arm-clang.debug.lib : ddr.obj (.text.HW_RD_REG32_RAW)
                  700129f0    00000010                                              : ddr_soc.obj (.text.HW_RD_REG32_RAW)
                  70012a00    00000010                                              : uart_v0.obj (.text.HW_RD_REG32_RAW)
                  70012a10    00000010                                              : ddr.obj (.text.HW_WR_REG32_RAW)
                  70012a20    00000010                                              : ddr_soc.obj (.text.HW_WR_REG32_RAW)
                  70012a30    00000010                                              : uart_v0.obj (.text.HW_WR_REG32_RAW)
                  70012a40    00000010                                              : mmcsd_v0.obj (.text.MMCSD_switchSdMode)
                  70012a50    00000010     nortos.am64x.r5f.ti-arm-clang.debug.lib : printf.obj (.text._out_null)
                  70012a60    0000000e     drivers.am64x.r5f.ti-arm-clang.debug.lib : mmcsd_v0.obj (.text.CSL_REG64_RD_RAW)
                  70012a6e    00000002     --HOLE-- [fill = 0]
                  70012a70    0000000e                                              : mmcsd_v0.obj (.text.MMCSD_phyTuneManualEMMC)
                  70012a7e    00000002     --HOLE-- [fill = 0]
                  70012a80    0000000e                                              : mmcsd_v0.obj (.text.MMCSD_sendTuningDataSD)
                  70012a8e    00000002     --HOLE-- [fill = 0]
                  70012a90    0000000c                                              : lpddr4.obj (.text.CPS_UncachedRead32)
                  70012a9c    00000004     --HOLE-- [fill = 0]
                  70012aa0    0000000c                                              : mmcsd_v0.obj (.text.CSL_REG16_RD_RAW)
                  70012aac    00000004     --HOLE-- [fill = 0]
                  70012ab0    0000000c                                              : mmcsd_v0.obj (.text.CSL_REG32_RD_RAW)
                  70012abc    00000004     --HOLE-- [fill = 0]
                  70012ac0    0000000c                                              : ospi_phy.obj (.text.CSL_REG32_RD_RAW)
                  70012acc    00000004     --HOLE-- [fill = 0]
                  70012ad0    0000000c                                              : ospi_v0.obj (.text.CSL_REG32_RD_RAW)
                  70012adc    00000004     --HOLE-- [fill = 0]
                  70012ae0    0000000c                                              : sciclient.obj (.text.CSL_REG32_RD_RAW)
                  70012aec    00000004     --HOLE-- [fill = 0]
[...]
70016550  gUartConfig                            
70016584  gUartConfigNum                         
70013f00  gUartDmaConfig                         
70016588  gUartDmaConfigNum                      
70089a74  gUartHandle                            
700161f0  gUartParams                            
80000000  gUniflashFileBuf                       
70080000  gUniflashVerifyBuf                     
7000a321  main                                   
70010ca8  memccpy                                
70011788  memcmp                                 
70012b31  putchar_                               
7000ed84  snprintf                               
70012021  vprintf_                               
70012470  wcslen                                 
70005b81  xmodemReceive                          
700040d1  xmodemTransmit                         


GLOBAL SYMBOLS: SORTED BY Symbol Address 

address   name                                   
-------   ----                                   
00000100  __ABORT_STACK_SIZE                     
00000100  __FIQ_STACK_SIZE                       
00000100  __SVC_STACK_SIZE                       
00000100  __UNDEFINED_STACK_SIZE                 
00001000  __IRQ_STACK_SIZE                       
00004000  __STACK_SIZE                           
00008000  __SYSMEM_SIZE                          
70000000  __TI_static_base__                     
70000000  _vectors_sbl                           
70000100  __TI_printfi_nofloat                   
70000d28  C$$EXIT                                
70000d28  abort                                  
70001764  __aeabi_errno_addr                     
70001771  OSPI_phyFindOTP1                       
70001f98  __aeabi_memcpy                         
70001f98  __aeabi_memcpy4                        
70001f98  __aeabi_memcpy8                        
700025d1  OSPI_phyFindOTP2                       
700040d1  xmodemTransmit                         
700043c1  Bootloader_uniflashProcessFlashCommands
700046a1  Sciclient_service                      
70004c51  TimerP_setup                           
70004f01  Bootloader_MmcsdRaw_writeToOffset      
700051a1  UART_open                              
700056a1  MMCSD_open                             
70005b81  xmodemReceive                          
70006721  Bootloader_MmcsdRaw_readFromOffset     
70006d91  UART_write                             
70006f81  OSPI_open                              
7000716c  __aeabi_uidiv                          
7000716c  __udivsi3                              
70007341  UART_read                              
70007511  SOC_moduleSetClockFrequency            
700076d1  UART_close                             
70007a01  ClockP_init                            
70007b81  OSPI_readDirect                        
70007e61  OSPI_readCmd                           
70008121  OSPI_writeCmd                          
700083c1  OSPI_writeIndirect                     
70008a31  LPDDR4_AckCtlInterrupt                 
70008f21  MMCSD_read                             
70009181  MMCSD_write                            
700092a1  LPDDR4_CheckCtlInterrupt               
700093b8  __udivmoddi4                           
70009931  MMCSD_parseCSDSd                       
70009e51  MMCSD_parseCIDEmmc                     
70009f51  Sciclient_pmQueryModuleClkFreq         
7000a141  SemaphoreP_pend                        
7000a321  main                                   
7000a411  MMCSD_parseECSDEmmc                    
7000a501  AddrTranslateP_getLocalAddr            
7000ad51  Sciclient_pmSetModuleClkFreq           
7000b1b1  Bootloader_socOpenFirewalls            
7000b371  MMCSD_enableBootPartition              
7000b441  MMCSD_parseCIDSd                       
7000b511  UART_flushTxFifo                       
7000b5e1  OSPI_phyResyncDLL                      
7000b9e1  LPDDR4_ReadReg                         
7000bc21  ClockP_stop                            
7000bce1  UART_init                              
7000bda1  Board_flashOpen                        
7000be61  ClockP_timerTickIsr                    
7000bf21  Flash_offsetToBlkPage                  
7000bfe1  LPDDR4_WriteReg                        
7000c2e1  OSPI_phyTuneDDR                        
7000c461  OSPI_close                             
7000c521  Sciclient_getCurrentContext            
7000c5e1  Drivers_uartOpen                       
7000c741  Drivers_mmcsdOpen                      
7000c7f1  Drivers_ospiOpen                       
7000ca01  ClockP_destruct                        
7000cb61  OSPI_setXferOpCodes                    
7000cc11  Sciclient_pmGetModuleClkNumParent      
7000cec1  Sciclient_getContext                   
7000d001  SOC_controlModuleUnlockMMR             
7000d0a1  Sciclient_pmGetModuleClkParent         
7000d141  Sciclient_pmSetModuleClkParent         
7000d1e1  MMCSD_init                             
7000d281  OSPI_init                              
7000d321  Sciclient_pmModuleGetClkStatus         
7000d3c1  Sciclient_init                         
7000d5a1  SOC_moduleClockEnable                  
7000d641  Sciclient_waitForBootNotification      
7000d9c1  Sciclient_pmGetModuleState             
7000da51  Sciclient_pmModuleClkRequest           
7000dae1  Sciclient_pmSetModuleState             
7000db71  LPDDR4_PollCtlIrq                      
7000dc91  OSPI_phySetRdDelayTxRxDLL              
7000dd21  ClockP_getTimeUsec                     
7000ded1  OSPI_enablePhy                         
7000e111  UART_dmaDisableChannel                 
7000e2c1  OSPI_phyFindRxHigh                     
7000e351  OSPI_phyFindRxLow                      
7000e3e1  OSPI_phyFindTxHigh                     
7000e471  OSPI_phyFindTxLow                      
7000e501  OSPI_setXferLines                      
7000e591  UART_dmaClose                          
7000e711  OSPI_disablePhy                        
7000e811  _DebugP_assert                         
7000e911  MMCSD_parseCSDEmmc                     
7000ea11  OSPI_phyReadAttackVector               
7000ec11  ClockP_construct                       
7000ec91  DDR_init                               
7000ed84  snprintf                               
7000ee01  ClockP_usleep                          
7000ee81  MMCSD_close                            
7000efe1  Pinmux_config                          
7000f051  UART_dmaOpen                           
7000f131  LPDDR4_EnablePIInitiator               
7000f211  DDR_socEnableVttRegulator              
7000f281  OSPI_dmaOpen                           
7000f2ec  atoi                                   
7000f441  LPDDR4_WriteCtlConfig                  
7000f4b1  LPDDR4_WritePhyConfig                  
7000f521  LPDDR4_WritePhyIndepConfig             
7000f8a1  Flash_open                             
7000f911  _inbyte                                
7000f981  Bootloader_xmodemReceive               
7000faa1  Sciclient_pmSetModuleRst               
7000fb61  LPDDR4_CheckPhyIndepInterrupt          
7000fc21  Module_clockSetFrequency               
7000fc7c  __TI_auto_init_nobinit_nopinit         
7000fda1  SemaphoreP_post                        
7000fe61  Bootloader_xmodemTransmit              
7000ffe1  Sciclient_firewallChangeOwnerInfo      
70010041  Sciclient_firewallSetRegion            
70010151  SemaphoreP_construct                   
70010211  OSPI_setNumAddrBytes                   
70010271  LPDDR4_AckPhyIndepInterrupt            
700102d1  OSPI_dmaCopy                           
70010331  SOC_controlModuleLockMMR               
70010391  crc16_ccitt                            
700103f1  Board_flashClose                       
70010441  Drivers_mmcsdClose                     
70010491  Drivers_ospiClose                      
700104e1  Drivers_uartClose                      
70010531  UART_readInterruptDma                  
70010581  UART_writeInterruptDma                 
70010671  MMCSD_getHandle                        
70010711  OSPI_setDeviceSize                     
70010761  UART_getHandle                         
70010801  Module_clockDisable                    
70010851  Module_clockEnable                     
700108a1  OSPI_getHandle                         
70010991  MMCSD_parseSCRSd                       
700109e1  Sciclient_getDevId                     
70010b21  Flash_read                             
70010b71  Flash_write                            
70010bc1  LPDDR4_Init                            
70010c61  OSPI_setRdDataCaptureDelay             
70010ca8  memccpy                                
70010cf1  OSPI_dmaClose                          
70010d91  Dpl_init                               
70010de1  OSPI_enableDacMode                     
70010e31  System_init                            
70010e81  _DebugP_logZone                        
70010f21  ClockP_start                           
70011241  _outbyte                               
700112d1  Flash_eraseBlk                         
70011311  OSPI_setCmdDummyCycles                 
70011351  OSPI_setReadDummyCycles                
700114d1  Flash_getAttrs                         
70011551  OSPI_disablePhyPipeline                
70011591  OSPI_enableDDR                         
700115d1  OSPI_enableSDR                         
70011788  memcmp                                 
70011841  TimerP_Params_init                     
70011901  Flash_getHandle                        
70011981  MMCSD_getBlockSize                     
700119c1  System_deinit                          
70011ae1  Flash_close                            
70011b11  LPDDR4_Start                           
70011bd1  MMCSD_deinit                           
70011c31  OSPI_deinit                            
70011c61  OSPI_setDualOpCodeMode                 
70011cc1  UART_deinit                            
70011d81  DebugP_logZoneEnable                   
70011db1  SemaphoreP_constructBinary             
70011de1  TimerP_clearOverflowInt                
70011f61  Flash_getPhyTuningOffset               
70012021  vprintf_                               
70012051  LPDDR4_Probe                           
70012081  OSPI_ReadCmdParams_init                
700120b1  OSPI_WriteCmdParams_init               
70012231  OSPI_Transaction_init                  
70012261  SemaphoreP_constructMutex              
700122c1  _system_pre_init                       
700122e4  __aeabi_uldivmod                       
70012371  OSPI_getFlashDataBaseAddr              
70012411  OSPI_setCmdExtType                     
70012431  OSPI_setPhyEnableSuccess               
70012451  Pinmux_init                            
70012470  wcslen                                 
70012491  ClockP_Params_init                     
700124d1  Board_driversOpen                      
700124f1  CSL_secProxyGetDataAddr                
70012511  OSPI_phyGetTuningData                  
70012548  TI_memcpy_small                        
70012564  __aeabi_memset                         
70012564  __aeabi_memset4                        
70012564  __aeabi_memset8                        
70012574  __aeabi_memclr                         
70012574  __aeabi_memclr4                        
70012574  __aeabi_memclr8                        
700125a1  LPDDR4_AddOffset                       
70012601  OSPI_getXferLines                      
70012621  OSPI_isDtrEnable                       
70012641  OSPI_isPhyEnable                       
700126a1  SemaphoreP_Params_init                 
700126c1  TimerP_start                           
700126e1  TimerP_stop                            
70012758  TI_memset_small                        
70012791  ClockP_isActive                        
700128d1  TimerP_getCount                        
700128f1  TimerP_getReloadCount                  
70012931  CPS_UncachedWrite32                    
700129a1  ClockP_getTimerCount                   
700129b1  ClockP_timerClearOverflowInt           
700129c1  Drivers_close                          
700129d1  Drivers_open                           
70012a91  CPS_UncachedRead32                     
70012b01  ClockP_getTicks                        
70012b11  PowerClock_init                        
70012b21  Sciclient_deinit                       
70012b31  putchar_                               
70012b41  Bootloader_socWaitForFWBoot            
70012b51  Drivers_uartInit                       
70012b81  PowerClock_deinit                      
70012b91  SemaphoreP_destruct                    
70012ba0  __aeabi_idiv0                          
70012bb0  __aeabi_ldiv0                          
70012bc1  Dpl_deinit                             
70012bd1  TaskP_yield                            
70012be1  HwiP_enableInt                         
70012c21  HwiP_disableInt                        
70012c81  HwiP_restoreInt                        
70012cb1  HwiP_clearInt                          
70012cf1  HwiP_post                              
70012d31  HwiP_Params_init                       
70012d61  HwiP_construct                         
70012f61  HwiP_destruct                          
70012fd1  HwiP_init                              
70013141  HwiP_inISR                             
700131a1  HwiP_irq_handler_c                     
700132e1  HwiP_fiq_handler                       
70013421  HwiP_reserved_handler                  
70013461  HwiP_undefined_handler                 
700134a1  HwiP_svc_handler                       
700134e1  HwiP_prefetch_abort_handler            
70013521  HwiP_data_abort_handler                
70013578  HwiP_irq_handler                       
700135f0  HwiP_disable                           
70013600  HwiP_disableFIQ                        
70013610  HwiP_enable                            
70013620  HwiP_enableFIQ                         
70013630  HwiP_restore                           
70013638  HwiP_enableVIC                         
70013648  HwiP_disableVIC                        
70013658  HwiP_getCPSR                           
70013660  CacheP_disableL1d                      
70013688  CacheP_disableL1p                      
700136a0  CacheP_enableL1d                       
700136b8  CacheP_enableL1p                       
700136d0  CacheP_invL1d                          
70013708  CacheP_invL1p                          
70013744  CacheP_invL1dAll                       
7001374c  CacheP_invL1pAll                       
70013754  CacheP_wb                              
70013790  CacheP_wbInv                           
700137cc  CacheP_wbAll                           
70013874  CacheP_wbInvAll                        
7001388c  CacheP_wbInvAllAsm                     
7001392c  CacheP_getEnabled                      
70013964  CacheP_getCacheLevelInfo               
70013970  CacheP_configForceWrThru               
70013990  CacheP_setDLFO                         
700139a1  CacheP_init                            
70013a21  CacheP_disable                         
70013a71  CacheP_enable                          
70013ab1  CacheP_inv                             
70013af1  MpuP_RegionAttrs_init                  
70013b21  MpuP_setRegion                         
70013c11  MpuP_enable                            
70013c61  MpuP_disable                           
70013ca1  MpuP_isEnable                          
70013cb1  MpuP_init                              
70013d48  MpuP_disableAsm                        
70013d60  MpuP_disableBRAsm                      
70013d70  MpuP_enableAsm                         
70013d88  MpuP_enableBRAsm                       
70013d98  MpuP_isEnableAsm                       
70013dac  MpuP_setRegionAsm                      
70013dc0  _c_int00_sbl                           
70013de4  _c_int00                               
70013ec1  _DebugP_assertNoLog                    
70013ef1  __mpu_init                             
70013f00  DDRSS_phyReg                           
70013f00  gOspiDmaConfig                         
70013f00  gUartDmaConfig                         
700146ec  DDRSS_ctlReg                           
70014d88  DDRSS_phyIndepReg                      
700152ec  DDRSS_phyRegNum                        
700156e2  DDRSS_ctlRegNum                        
70015a30  DDRSS_phyIndepRegNum                   
70016100  gTuningPattern8Bit                     
700161f0  gUartParams                            
70016244  gMpuRegionConfig                       
700162e4  gFlashNorXspiDeviceDefines_S28HS512T   
700163c8  gSocModulesClockFrequency              
700163f8  gFlashNorXspiAttrs_S28HS512T           
70016420  gPhyTuneWindowParamsGTE133             
70016448  gPhyTuneWindowParamsLT133              
70016490  gSciclientSecProxyCfg                  
700164b0  gSocModules                            
700164d0  gClockConfig                           
700164e4  gFlashNorXspiFxns                      
700164f8  gFlashConfig                           
70016508  gAddrTranslateConfig                   
70016514  gMpuConfig                             
70016520  gCacheConfig                           
70016528  gMmcsdConfig                           
70016530  gMmcsdParams                           
70016538  gOspiConfig                            
70016550  gUartConfig                            
70016558  __aeabi_errno                          
7001655c  gCacheL1dCacheLineSize                 
70016560  gCacheL1pCacheLineSize                 
70016564  gDebugLogZone                          
70016568  gFlashConfigNum                        
7001656c  gHwiConfig                             
70016570  gMmcsdConfigNum                        
70016574  gOspiConfigNum                         
70016578  gOspiDmaConfigNum                      
7001657c  gOspiParams                            
70016580  gPhyTuneWindowParams                   
70016584  gUartConfigNum                         
70016588  gUartDmaConfigNum                      
70016ad8  gSciclientMap                          
70016d10  __aeabi_ctype_table_                   
70016d10  __aeabi_ctype_table_C                  
70080000  __BSS_START                            
70080000  __start___llvm_prf_cnts                
70080000  __stop___llvm_prf_cnts                 
70080000  gUniflashVerifyBuf                     
70088000  gHwiCtrl                               
70089640  gClockCtrl                             
70089680  gMmcsdDataBuf0                         
70089a04  gEmmcData0                             
70089a50  gADMA2Desc                             
70089a5c  gFlashObject_S28HS512T                 
70089a68  gFlashHandle                           
70089a6c  gMmcsdHandle                           
70089a70  gOspiHandle                            
70089a74  gUartHandle                            
70089a80  __BSS_END                              
70089a80  _sys_memory                            
70091a80  __stack                                
70095a80  __IRQ_STACK_START                      
70095a80  __STACK_END                            
70096a80  __FIQ_STACK_START                      
70096a80  __IRQ_STACK_END                        
70096b80  __FIQ_STACK_END                        
70096b80  __SVC_STACK_START                      
70096c80  __ABORT_STACK_START                    
70096c80  __SVC_STACK_END                        
70096d80  __ABORT_STACK_END                      
70096d80  __UNDEFINED_STACK_START                
70096e80  __UNDEFINED_STACK_END                  
80000000  gUniflashFileBuf                       
ffffffff  __TI_pprof_out_hndl                    
ffffffff  __TI_prof_data_size                    
ffffffff  __TI_prof_data_start                   
ffffffff  __binit__                              
ffffffff  binit                                  
UNDEFED   __TI_CINIT_Base                        
UNDEFED   __TI_CINIT_Limit                       
UNDEFED   __TI_Handler_Table_Base                
UNDEFED   __TI_Handler_Table_Limit               
UNDEFED   _system_post_cinit                     

[379 symbols]
