******************************************************************************
            TI ARM Clang Linker Unix v1.3.0                    
******************************************************************************
>> Linked Fri Mar 25 02:50:15 2022

OUTPUT FILE NAME:   <sbl_null.debug.out>
ENTRY POINT SYMBOL: "_vectors_sbl"  address: 70000000


MEMORY CONFIGURATION

         name            origin    length      used     unused   attr    fill
----------------------  --------  ---------  --------  --------  ----  --------
  R5F_VECS              00000000   00000040  00000000  00000040  RWIX
  R5F_TCMA              00000040   00007fc0  00000000  00007fc0  RWIX
  R5F_TCMB0             41010000   00008000  00000000  00008000  RWIX
  MSRAM_VECS            70000000   00000100  00000040  000000c0  RWIX
  MSRAM_0               70000100   0004ff00  00014de8  0003b118  RWIX
  MSRAM_1               70050000   00030000  000066e8  00029918  RWIX


SEGMENT ALLOCATION MAP

run origin  load origin   length   init length attrs members
----------  ----------- ---------- ----------- ----- -------
70000000    70000000    00000040   00000040    r-x
  70000000    70000000    00000040   00000040    r-x .vectors
70000100    70000100    00011c80   00011c80    r-x
  70000100    70000100    00010350   00010350    r-x .text
  70010450    70010450    00000e90   00000e90    r-x .text.hwi
  700112e0    700112e0    00000550   00000550    r-x .text.cache
  70011830    70011830    000003f0   000003f0    r-x .text.mpu
  70011c20    70011c20    00000160   00000160    r-x .text.boot
70011d80    70011d80    00002320   00002320    rw-
  70011d80    70011d80    00002320   00002320    rw- .data
700140a0    700140a0    00000e48   00000e48    r--
  700140a0    700140a0    00000e48   00000e48    r-- .rodata
70050000    70050000    000052e8   00000000    rw-
  70050000    70050000    00004000   00000000    rw- .stack
  70054000    70054000    000012e8   00000000    rw- .bss
700552e8    700552e8    00001400   00000000    r--
  700552e8    700552e8    00001000   00000000    r-- .irqstack
  700562e8    700562e8    00000100   00000000    r-- .fiqstack
  700563e8    700563e8    00000100   00000000    r-- .svcstack
  700564e8    700564e8    00000100   00000000    r-- .abortstack
  700565e8    700565e8    00000100   00000000    r-- .undefinedstack


SECTION ALLOCATION MAP

 output                                  attributes/
section   page    origin      length       input sections
--------  ----  ----------  ----------   ----------------
.vectors   0    70000000    00000040     
                  70000000    00000040     nortos.am64x.r5f.ti-arm-clang.debug.lib : HwiP_armv7r_vectors_nortos_sbl_asm.obj (.vectors)

.text      0    70000100    00010350     
                  70000100    000011d0     nortos.am64x.r5f.ti-arm-clang.debug.lib : printf.obj (.text._vsnprintf)
                  700012d0    0000078c                                             : printf.obj (.text._ftoa)
                  70001a5c    00000004     libclang_rt.builtins.a : aeabi_memcpy.S.obj (.text)
                  70001a60    00000620     nortos.am64x.r5f.ti-arm-clang.debug.lib : printf.obj (.text._etoa)
                  70002080    000004e8     drivers.am64x.r5f.ti-arm-clang.debug.lib : sciclient.obj (.text.Sciclient_service)
                  70002568    00000008     libc.a : exit.c.obj (.text:abort)
                  70002570    0000042c     nortos.am64x.r5f.ti-arm-clang.debug.lib : TimerP.obj (.text.TimerP_setup)
                  7000299c    00000004     --HOLE-- [fill = 0]
                  700029a0    00000408     drivers.am64x.r5f.ti-arm-clang.debug.lib : uart_v0.obj (.text.UART_open)
                  70002da8    00000008     --HOLE-- [fill = 0]
                  70002db0    00000404     nortos.am64x.r5f.ti-arm-clang.debug.lib : printf.obj (.text._ntoa_format)
                  700031b4    0000000c     --HOLE-- [fill = 0]
                  700031c0    000003d4     drivers.am64x.r5f.ti-arm-clang.debug.lib : uart_v0.obj (.text.UART_fifoConfig)
                  70003594    0000000c     --HOLE-- [fill = 0]
                  700035a0    000003c0                                              : uart_v0.obj (.text.UART_masterIsr)
                  70003960    000003a4                                              : lpddr4_16bit.obj (.text.LPDDR4_INTR_SanityFunction1)
                  70003d04    0000000c     --HOLE-- [fill = 0]
                  70003d10    00000380                                              : lpddr4_16bit.obj (.text.LPDDR4_INTR_SanityFunction2)
                  70004090    0000036c                                              : uart_v0.obj (.text.UART_write)
                  700043fc    00000004     --HOLE-- [fill = 0]
                  70004400    00000334                                              : bootloader_soc.obj (.text.Bootloader_socCpuResetRelease)
                  70004734    0000000c     --HOLE-- [fill = 0]
                  70004740    0000032c                                              : soc.obj (.text.SOC_moduleSetClockFrequency)
                  70004a6c    00000004     --HOLE-- [fill = 0]
                  70004a70    000002e0                                              : bootloader_soc.obj (.text.Bootloader_socCpuPowerOnResetR5f)
                  70004d50    00000284                                              : bootloader_soc.obj (.text.Bootloader_socCpuResetReleaseSelf)
                  70004fd4    0000000c     --HOLE-- [fill = 0]
                  70004fe0    0000027c                                              : uart_v0.obj (.text.UART_close)
                  7000525c    00000004     --HOLE-- [fill = 0]
                  70005260    00000260                                              : uart_v0.obj (.text.UART_procLineStatusErr)
                  700054c0    00000250                                              : uart_v0.obj (.text.UART_configInstance)
                  70005710    00000244                                              : lpddr4.obj (.text.LPDDR4_INTR_SanityFunction3)
                  70005954    0000000c     --HOLE-- [fill = 0]
                  70005960    0000023c                                              : sciclient.obj (.text.Sciclient_sendMessage)
                  70005b9c    00000004     --HOLE-- [fill = 0]
                  70005ba0    00000220                                              : lpddr4.obj (.text.LPDDR4_INTR_SanityFunction4)
                  70005dc0    00000204                                              : bootloader.obj (.text.Bootloader_rprcImageLoad)
                  70005fc4    0000000c     --HOLE-- [fill = 0]
                  70005fd0    00000200     nortos.am64x.r5f.ti-arm-clang.debug.lib : ClockP_nortos_r5.obj (.text.ClockP_init)
                  700061d0    000001f8     drivers.am64x.r5f.ti-arm-clang.debug.lib : sciclient.obj (.text.Sciclient_recvMessage)
                  700063c8    00000008     --HOLE-- [fill = 0]
                  700063d0    000001f4     nortos.am64x.r5f.ti-arm-clang.debug.lib : printf.obj (.text._ntoa_long_long)
                  700065c4    0000000c     --HOLE-- [fill = 0]
                  700065d0    000001ec     drivers.am64x.r5f.ti-arm-clang.debug.lib : ddr.obj (.text.DDR_start)
                  700067bc    00000004     --HOLE-- [fill = 0]
                  700067c0    000001e0                                              : bootloader.obj (.text.Bootloader_loadSelfCpu)
                  700069a0    000001d4     main.obj (.text.main)
                  70006b74    0000000c     --HOLE-- [fill = 0]
                  70006b80    000001cc     drivers.am64x.r5f.ti-arm-clang.debug.lib : lpddr4_16bit.obj (.text.LPDDR4_AckCtlInterrupt_4)
                  70006d4c    00000004     --HOLE-- [fill = 0]
                  70006d50    000001c4                                              : lpddr4_16bit.obj (.text.LPDDR4_AckCtlInterrupt)
                  70006f14    0000000c     --HOLE-- [fill = 0]
                  70006f20    000001c4                                              : sciclient_pm.obj (.text.Sciclient_pmQueryModuleClkFreq)
                  700070e4    0000000c     --HOLE-- [fill = 0]
                  700070f0    000001c4     nortos.am64x.r5f.ti-arm-clang.debug.lib : SemaphoreP_nortos.obj (.text.SemaphoreP_pend)
                  700072b4    0000000c     --HOLE-- [fill = 0]
                  700072c0    000001c4     drivers.am64x.r5f.ti-arm-clang.debug.lib : uart_v0.obj (.text.UART_divisorLatchWrite)
                  70007484    0000000c     --HOLE-- [fill = 0]
                  70007490    000001b4                                              : lpddr4_16bit.obj (.text.LPDDR4_CheckCtlInterrupt)
                  70007644    0000000c     --HOLE-- [fill = 0]
                  70007650    000001b0                                              : bootloader_soc.obj (.text.Bootloader_socCpuPowerOnResetM4f)
                  70007800    000001a8     nortos.am64x.r5f.ti-arm-clang.debug.lib : printf.obj (.text._ntoa_long)
                  700079a8    00000008     --HOLE-- [fill = 0]
                  700079b0    0000018c                                             : AddrTranslateP.obj (.text.AddrTranslateP_getLocalAddr)
                  70007b3c    00000004     --HOLE-- [fill = 0]
                  70007b40    0000018c     drivers.am64x.r5f.ti-arm-clang.debug.lib : sciclient.obj (.text.Sciclient_getVersionCheck)
                  70007ccc    00000004     --HOLE-- [fill = 0]
                  70007cd0    00000188                                              : sciclient_pm.obj (.text.Sciclient_pmSetModuleClkFreq)
                  70007e58    00000008     --HOLE-- [fill = 0]
                  70007e60    00000184                                              : ddr.obj (.text.DDR_changeFreqAck)
                  70007fe4    0000000c     --HOLE-- [fill = 0]
                  70007ff0    00000180                                              : lpddr4_16bit.obj (.text.LPDDR4_AckCtlInterrupt_3)
                  70008170    0000017c                                              : lpddr4_16bit.obj (.text.LPDDR4_CheckCtlInterrupt_2)
                  700082ec    00000004     --HOLE-- [fill = 0]
                  700082f0    0000017c                                              : sciclient.obj (.text.Sciclient_waitForMessage)
                  7000846c    00000004     --HOLE-- [fill = 0]
                  70008470    00000170                                              : uart_v0.obj (.text.UART_writePolling)
                  700085e0    00000168                                              : uart_v0.obj (.text.UART_intrEnable)
                  70008748    00000008     --HOLE-- [fill = 0]
                  70008750    00000164                                              : sciclient_soc_priv.obj (.text.Sciclient_getContext)
                  700088b4    0000000c     --HOLE-- [fill = 0]
                  700088c0    00000160                                              : uart_v0.obj (.text.UART_intrDisable)
                  70008a20    00000154     nortos.am64x.r5f.ti-arm-clang.debug.lib : printf.obj (.text._out_rev)
                  70008b74    0000000c     --HOLE-- [fill = 0]
                  70008b80    00000150     drivers.am64x.r5f.ti-arm-clang.debug.lib : lpddr4_16bit.obj (.text.LPDDR4_AckCtlInterrupt_2)
                  70008cd0    00000150                                              : pinmux.obj (.text.Pinmux_unlockMMR)
                  70008e20    0000014c     nortos.am64x.r5f.ti-arm-clang.debug.lib : ClockP_nortos.obj (.text.ClockP_stop)
                  70008f6c    00000004     --HOLE-- [fill = 0]
                  70008f70    0000014c     drivers.am64x.r5f.ti-arm-clang.debug.lib : sciclient_procboot.obj (.text.Sciclient_procBootWaitProcessorState)
                  700090bc    00000004     --HOLE-- [fill = 0]
                  700090c0    00000148                                              : lpddr4.obj (.text.LPDDR4_ReadReg)
                  70009208    00000008     --HOLE-- [fill = 0]
                  70009210    00000140                                              : uart_v0.obj (.text.UART_fifoWrite)
                  70009350    00000140                                              : uart_v0.obj (.text.UART_flushTxFifo)
                  70009490    0000013c     nortos.am64x.r5f.ti-arm-clang.debug.lib : ClockP_nortos.obj (.text.ClockP_timerTickIsr)
                  700095cc    00000004     --HOLE-- [fill = 0]
                  700095d0    0000013c     drivers.am64x.r5f.ti-arm-clang.debug.lib : lpddr4_16bit.obj (.text.LPDDR4_CheckCtlInterrupt_4)
                  7000970c    00000004     --HOLE-- [fill = 0]
                  70009710    00000138     nortos.am64x.r5f.ti-arm-clang.debug.lib : ClockP_nortos.obj (.text.ClockP_addToList)
                  70009848    00000008     --HOLE-- [fill = 0]
                  70009850    00000138     drivers.am64x.r5f.ti-arm-clang.debug.lib : lpddr4.obj (.text.LPDDR4_WriteReg)
                  70009988    00000008     --HOLE-- [fill = 0]
                  70009990    00000128                                              : sciclient_pm.obj (.text.Sciclient_pmGetModuleClkNumParent)
                  70009ab8    00000008     --HOLE-- [fill = 0]
                  70009ac0    00000124     nortos.am64x.r5f.ti-arm-clang.debug.lib : ClockP_nortos.obj (.text.ClockP_destruct)
                  70009be4    0000000c     --HOLE-- [fill = 0]
                  70009bf0    0000011c     ti_drivers_open_close.obj (.text.Drivers_uartOpen)
                  70009d0c    00000004     --HOLE-- [fill = 0]
                  70009d10    0000011c     drivers.am64x.r5f.ti-arm-clang.debug.lib : sciclient_pm.obj (.text.Sciclient_pmGetModuleClkFreq)
                  70009e2c    00000118     libclang_rt.builtins.a : udivmoddi4.S.obj (.text)
                  70009f44    0000000c     --HOLE-- [fill = 0]
                  70009f50    00000114     drivers.am64x.r5f.ti-arm-clang.debug.lib : bootloader.obj (.text.Bootloader_runCpu)
                  7000a064    0000000c     --HOLE-- [fill = 0]
                  7000a070    00000114                                              : sciclient_pm.obj (.text.Sciclient_pmGetModuleClkParent)
                  7000a184    0000000c     --HOLE-- [fill = 0]
                  7000a190    00000114                                              : uart_v0.obj (.text.UART_init)
                  7000a2a4    0000000c     --HOLE-- [fill = 0]
                  7000a2b0    00000114                                              : uart_v0.obj (.text.UART_writeCancelNoCB)
                  7000a3c4    0000000c     --HOLE-- [fill = 0]
                  7000a3d0    00000110                                              : soc.obj (.text.SOC_moduleClockEnable)
                  7000a4e0    00000110                                              : sciclient_pm.obj (.text.Sciclient_pmModuleGetClkStatus)
                  7000a5f0    00000110                                              : sciclient_procboot.obj (.text.Sciclient_procBootSetSequenceCtrl)
                  7000a700    0000010c                                              : bootloader_soc.obj (.text.Bootloader_socTranslateSectionAddr)
                  7000a80c    00000004     --HOLE-- [fill = 0]
                  7000a810    0000010c                                              : ddr.obj (.text.DDR_initDrv)
                  7000a91c    00000004     --HOLE-- [fill = 0]
                  7000a920    0000010c                                              : sciclient_pm.obj (.text.Sciclient_pmSetModuleClkParent)
                  7000aa2c    00000004     --HOLE-- [fill = 0]
                  7000aa30    00000108                                              : sciclient_pm.obj (.text.Sciclient_pmSetModuleState)
                  7000ab38    00000008     --HOLE-- [fill = 0]
                  7000ab40    00000100                                              : sciclient_pm.obj (.text.Sciclient_pmGetModuleState)
                  7000ac40    000000fc                                              : sciclient.obj (.text.Sciclient_init)
                  7000ad3c    00000004     --HOLE-- [fill = 0]
                  7000ad40    000000fc                                              : uart_v0.obj (.text.UART_subConfigTCRTLRModeEn)
                  7000ae3c    00000004     --HOLE-- [fill = 0]
                  7000ae40    000000f8                                              : bootloader_soc.obj (.text.Bootloader_socCpuSetClock)
                  7000af38    00000008     --HOLE-- [fill = 0]
                  7000af40    000000f8                                              : ddr.obj (.text.DDR_setClock)
                  7000b038    00000008     --HOLE-- [fill = 0]
                  7000b040    000000f8                                              : sciclient_procboot.obj (.text.Sciclient_procBootReleaseProcessor)
                  7000b138    00000008     --HOLE-- [fill = 0]
                  7000b140    000000f0                                              : sciclient.obj (.text.Sciclient_waitForBootNotification)
                  7000b230    000000ec                                              : ddr.obj (.text.DDR_initHwRegs)
                  7000b31c    00000004     --HOLE-- [fill = 0]
                  7000b320    000000ec                                              : sciclient_pm.obj (.text.Sciclient_pmModuleClkRequest)
                  7000b40c    00000004     --HOLE-- [fill = 0]
                  7000b410    000000ec                                              : uart_v0.obj (.text.UART_Params_init)
                  7000b4fc    00000004     --HOLE-- [fill = 0]
                  7000b500    000000ec                                              : uart_dma.obj (.text.UART_dmaDisableChannel)
                  7000b5ec    00000004     --HOLE-- [fill = 0]
                  7000b5f0    000000ec                                              : uart_v0.obj (.text.UART_readData)
                  7000b6dc    00000004     --HOLE-- [fill = 0]
                  7000b6e0    000000e8                                              : lpddr4.obj (.text.LPDDR4_PollCtlIrq)
                  7000b7c8    00000008     --HOLE-- [fill = 0]
                  7000b7d0    000000e8                                              : lpddr4.obj (.text.LPDDR4_PollPhyIndepIrq)
                  7000b8b8    00000008     --HOLE-- [fill = 0]
                  7000b8c0    000000e8                                              : soc.obj (.text.SOC_controlModuleUnlockMMR)
                  7000b9a8    00000008     --HOLE-- [fill = 0]
                  7000b9b0    000000e4     nortos.am64x.r5f.ti-arm-clang.debug.lib : ClockP_nortos.obj (.text.ClockP_getTimeUsec)
                  7000ba94    0000000c     --HOLE-- [fill = 0]
                  7000baa0    000000e4     drivers.am64x.r5f.ti-arm-clang.debug.lib : uart_dma.obj (.text.UART_dmaClose)
                  7000bb84    0000000c     --HOLE-- [fill = 0]
                  7000bb90    000000e4                                              : uart_v0.obj (.text.UART_tcrTlrBitValRestore)
                  7000bc74    0000000c     --HOLE-- [fill = 0]
                  7000bc80    000000e0                                              : uart_dma.obj (.text.UART_dmaOpen)
                  7000bd60    000000dc                                              : bootloader_soc.obj (.text.Bootloader_socCpuGetClock)
                  7000be3c    00000004     --HOLE-- [fill = 0]
                  7000be40    000000d8                                              : bootloader.obj (.text.Bootloader_open)
                  7000bf18    00000008     --HOLE-- [fill = 0]
                  7000bf20    000000d8                                              : lpddr4_16bit.obj (.text.LPDDR4_CheckCtlInterrupt_3)
                  7000bff8    00000008     --HOLE-- [fill = 0]
                  7000c000    000000d4                                              : lpddr4.obj (.text.LPDDR4_StartSequenceController)
                  7000c0d4    0000000c     --HOLE-- [fill = 0]
                  7000c0e0    000000d0                                              : uart_v0.obj (.text.UART_divisorValCompute)
                  7000c1b0    000000cc     nortos.am64x.r5f.ti-arm-clang.debug.lib : ClockP_nortos.obj (.text.ClockP_construct)
                  7000c27c    00000004     --HOLE-- [fill = 0]
                  7000c280    000000cc     drivers.am64x.r5f.ti-arm-clang.debug.lib : lpddr4.obj (.text.LPDDR4_WriteCtlConfig)
                  7000c34c    00000004     --HOLE-- [fill = 0]
                  7000c350    000000cc                                              : lpddr4.obj (.text.LPDDR4_WritePhyConfig)
                  7000c41c    00000004     --HOLE-- [fill = 0]
                  7000c420    000000cc                                              : lpddr4.obj (.text.LPDDR4_WritePhyIndepConfig)
                  7000c4ec    00000004     --HOLE-- [fill = 0]
                  7000c4f0    000000c8                                              : bootloader_soc.obj (.text.Bootloader_socCpuSetEntryPoint)
                  7000c5b8    00000008     --HOLE-- [fill = 0]
                  7000c5c0    000000c8                                              : bootloader_soc.obj (.text.Bootloader_socGetR5fBtcmAddrAndSize)
                  7000c688    00000008     --HOLE-- [fill = 0]
                  7000c690    000000c8     nortos.am64x.r5f.ti-arm-clang.debug.lib : DebugP_log.obj (.text._DebugP_assert)
                  7000c758    00000008     --HOLE-- [fill = 0]
                  7000c760    000000c4     drivers.am64x.r5f.ti-arm-clang.debug.lib : bootloader_soc.obj (.text.Bootloader_socGetR5fAtcmAddrAndSize)
                  7000c824    0000000c     --HOLE-- [fill = 0]
                  7000c830    000000c4                                              : ddr.obj (.text.DDR_init)
                  7000c8f4    0000000c     --HOLE-- [fill = 0]
                  7000c900    000000c4                                              : pinmux.obj (.text.Pinmux_config)
                  7000c9c4    0000000c     --HOLE-- [fill = 0]
                  7000c9d0    000000c0                                              : sciclient_pm.obj (.text.Sciclient_pmSetModuleRst_flags)
                  7000ca90    000000bc                                              : bootloader.obj (.text.Bootloader_bootSelfCpu)
                  7000cb4c    00000004     --HOLE-- [fill = 0]
                  7000cb50    000000bc     nortos.am64x.r5f.ti-arm-clang.debug.lib : ClockP_nortos.obj (.text.ClockP_usleep)
                  7000cc0c    00000004     --HOLE-- [fill = 0]
                  7000cc10    000000bc     drivers.am64x.r5f.ti-arm-clang.debug.lib : pinmux.obj (.text.Pinmux_lockMMR)
                  7000cccc    00000004     --HOLE-- [fill = 0]
                  7000ccd0    000000bc                                              : sciclient.obj (.text.Sciclient_getCurrentContext)
                  7000cd8c    00000004     --HOLE-- [fill = 0]
                  7000cd90    000000bc                                              : uart_v0.obj (.text.UART_writeData)
                  7000ce4c    00000004     --HOLE-- [fill = 0]
                  7000ce50    000000b8                                              : lpddr4_16bit.obj (.text.LPDDR4_EnablePIInitiator)
                  7000cf08    00000008     --HOLE-- [fill = 0]
                  7000cf10    000000b4     nortos.am64x.r5f.ti-arm-clang.debug.lib : SemaphoreP_nortos.obj (.text.SemaphoreP_post)
                  7000cfc4    0000000c     --HOLE-- [fill = 0]
                  7000cfd0    000000b0     drivers.am64x.r5f.ti-arm-clang.debug.lib : bootloader.obj (.text.Bootloader_loadCpu)
                  7000d080    000000b0                                              : bootloader_soc.obj (.text.Bootloader_socCpuPowerOnResetA53)
                  7000d130    000000b0                                              : bootloader_soc.obj (.text.Bootloader_socInitR5FAtcmBtcm)
                  7000d1e0    000000ac                                              : lpddr4.obj (.text.LPDDR4_SanityFunction4)
                  7000d28c    00000004     --HOLE-- [fill = 0]
                  7000d290    000000ac                                              : sciclient_pm.obj (.text.Sciclient_pmSetModuleRst)
                  7000d33c    00000004     --HOLE-- [fill = 0]
                  7000d340    000000ac                                              : sciclient_procboot.obj (.text.Sciclient_procBootGetProcessorState)
                  7000d3ec    00000004     --HOLE-- [fill = 0]
                  7000d3f0    000000a8                                              : lpddr4.obj (.text.LPDDR4_PollAndAckIrq)
                  7000d498    00000008     --HOLE-- [fill = 0]
                  7000d4a0    000000a4                                              : bootloader_soc.obj (.text.Bootloader_socCpuRelease)
                  7000d544    0000000c     --HOLE-- [fill = 0]
                  7000d550    000000a4                                              : uart_v0.obj (.text.UART_getChar)
                  7000d5f4    0000000c     --HOLE-- [fill = 0]
                  7000d600    000000a4                                              : uart_dma.obj (.text.UART_writeInterruptDma)
                  7000d6a4    0000000c     --HOLE-- [fill = 0]
                  7000d6b0    000000a0                                              : bootloader_soc.obj (.text.Bootloader_socCpuRequest)
                  7000d750    000000a0                                              : sciclient_soc_priv.obj (.text.Sciclient_getDevId)
                  7000d7f0    000000a0                                              : sciclient_procboot.obj (.text.Sciclient_procBootRequestProcessor)
                  7000d890    0000009c                                              : bootloader_soc.obj (.text.Bootloader_socCpuPowerOnReset)
                  7000d92c    00000004     --HOLE-- [fill = 0]
                  7000d930    0000009c                                              : lpddr4.obj (.text.LPDDR4_CheckPhyIndepInterrupt)
                  7000d9cc    00000004     --HOLE-- [fill = 0]
                  7000d9d0    0000009c                                              : uart_v0.obj (.text.UART_regConfigModeEnable)
                  7000da6c    00000004     --HOLE-- [fill = 0]
                  7000da70    00000098                                              : ddr.obj (.text.DDR_probe)
                  7000db08    00000008     --HOLE-- [fill = 0]
                  7000db10    00000098                                              : sciclient_procboot.obj (.text.Sciclient_procBootSetProcessorCfg)
                  7000dba8    00000008     --HOLE-- [fill = 0]
                  7000dbb0    00000090                                              : lpddr4.obj (.text.LPDDR4_Init)
                  7000dc40    00000090                                              : soc.obj (.text.SOC_controlModuleLockMMR)
                  7000dcd0    00000090     nortos.am64x.r5f.ti-arm-clang.debug.lib : SemaphoreP_nortos.obj (.text.SemaphoreP_construct)
                  7000dd60    0000008c     drivers.am64x.r5f.ti-arm-clang.debug.lib : lpddr4.obj (.text.LPDDR4_AckPhyIndepInterrupt)
                  7000ddec    00000004     --HOLE-- [fill = 0]
                  7000ddf0    00000088     ti_drivers_open_close.obj (.text.Drivers_uartClose)
                  7000de78    00000008     --HOLE-- [fill = 0]
                  7000de80    00000088     drivers.am64x.r5f.ti-arm-clang.debug.lib : lpddr4.obj (.text.LPDDR4_SanityFunction5)
                  7000df08    00000008     --HOLE-- [fill = 0]
                  7000df10    00000088                                              : uart_v0.obj (.text.UART_getHandle)
                  7000df98    00000008     --HOLE-- [fill = 0]
                  7000dfa0    00000088     nortos.am64x.r5f.ti-arm-clang.debug.lib : printf.obj (.text._strnlen_s)
                  7000e028    00000008     --HOLE-- [fill = 0]
                  7000e030    00000084     ti_power_clock_config.obj (.text.Module_clockSetFrequency)
                  7000e0b4    0000000c     --HOLE-- [fill = 0]
                  7000e0c0    00000084     drivers.am64x.r5f.ti-arm-clang.debug.lib : uart_v0.obj (.text.UART_checkOpenParams)
                  7000e144    0000000c     --HOLE-- [fill = 0]
                  7000e150    0000007c                                              : ddr.obj (.text.DDR_setFreq)
                  7000e1cc    00000004     --HOLE-- [fill = 0]
                  7000e1d0    0000007c                                              : uart_v0.obj (.text.UART_fifoRegisterWrite)
                  7000e24c    00000004     --HOLE-- [fill = 0]
                  7000e250    0000007c                                              : uart_v0.obj (.text.UART_lineCharConfig)
                  7000e2cc    00000004     --HOLE-- [fill = 0]
                  7000e2d0    00000078                                              : bootloader.obj (.text.Bootloader_BootImageInfo_init)
                  7000e348    00000008     --HOLE-- [fill = 0]
                  7000e350    00000078                                              : uart_v0.obj (.text.UART_getIntrIdentityStatus)
                  7000e3c8    00000008     --HOLE-- [fill = 0]
                  7000e3d0    00000078     nortos.am64x.r5f.ti-arm-clang.debug.lib : DebugP_nortos.obj (.text._DebugP_logZone)
                  7000e448    00000008     --HOLE-- [fill = 0]
                  7000e450    00000074     drivers.am64x.r5f.ti-arm-clang.debug.lib : bootloader.obj (.text.Bootloader_close)
                  7000e4c4    0000000c     --HOLE-- [fill = 0]
                  7000e4d0    00000074                                              : bootloader.obj (.text.Bootloader_rprcImageParseEntryPoint)
                  7000e544    0000000c     --HOLE-- [fill = 0]
                  7000e550    00000074     ti_power_clock_config.obj (.text.Module_clockDisable)
                  7000e5c4    0000000c     --HOLE-- [fill = 0]
                  7000e5d0    00000074     ti_power_clock_config.obj (.text.Module_clockEnable)
                  7000e644    0000000c     --HOLE-- [fill = 0]
                  7000e650    00000074     drivers.am64x.r5f.ti-arm-clang.debug.lib : sciclient.obj (.text.Sciclient_secProxyWaitThread)
                  7000e6c4    0000000c     --HOLE-- [fill = 0]
                  7000e6d0    00000074                                              : uart_v0.obj (.text.UART_readLineStatus)
                  7000e744    0000000c     --HOLE-- [fill = 0]
                  7000e750    00000074                                              : uart_v0.obj (.text.UART_writeDataPolling)
                  7000e7c4    0000000c     --HOLE-- [fill = 0]
                  7000e7d0    00000070     nortos.am64x.r5f.ti-arm-clang.debug.lib : ClockP_nortos.obj (.text.ClockP_start)
                  7000e840    0000006c     drivers.am64x.r5f.ti-arm-clang.debug.lib : lpddr4.obj (.text.LPDDR4_SanityFunction2)
                  7000e8ac    00000004     --HOLE-- [fill = 0]
                  7000e8b0    0000006c                                              : uart_v0.obj (.text.UART_checkTransaction)
                  7000e91c    00000004     --HOLE-- [fill = 0]
                  7000e920    0000006c                                              : uart_v0.obj (.text.UART_spaceAvail)
                  7000e98c    00000004     --HOLE-- [fill = 0]
                  7000e990    0000006c     nortos.am64x.r5f.ti-arm-clang.debug.lib : printf.obj (.text._atoi)
                  7000e9fc    00000004     --HOLE-- [fill = 0]
                  7000ea00    00000068     ti_dpl_config.obj (.text.Dpl_init)
                  7000ea68    00000008     --HOLE-- [fill = 0]
                  7000ea70    00000068     drivers.am64x.r5f.ti-arm-clang.debug.lib : lpddr4.obj (.text.LPDDR4_SanityFunction1)
                  7000ead8    00000008     --HOLE-- [fill = 0]
                  7000eae0    00000068                                              : bootloader_mem.obj (.text.Mem_imgOpen)
                  7000eb48    00000008     --HOLE-- [fill = 0]
                  7000eb50    00000068                                              : bootloader_mem.obj (.text.Mem_imgRead)
                  7000ebb8    00000008     --HOLE-- [fill = 0]
                  7000ebc0    00000064     nortos.am64x.r5f.ti-arm-clang.debug.lib : DebugP_uartLogWriter.obj (.text.DebugP_uartLogWriterPutChar)
                  7000ec24    0000000c     --HOLE-- [fill = 0]
                  7000ec30    00000064     drivers.am64x.r5f.ti-arm-clang.debug.lib : uart_v0.obj (.text.UART_enhanFuncEnable)
                  7000ec94    0000000c     --HOLE-- [fill = 0]
                  7000eca0    00000060                                              : bootloader_soc.obj (.text.Bootloader_socMemInitCpu)
                  7000ed00    00000060                                              : uart_v0.obj (.text.HW_WR_FIELD32_RAW)
                  7000ed60    0000005c                                              : lpddr4.obj (.text.CPS_FldSet)
                  7000edbc    00000004     --HOLE-- [fill = 0]
                  7000edc0    0000005c                                              : lpddr4_16bit.obj (.text.CPS_FldSet)
                  7000ee1c    00000004     --HOLE-- [fill = 0]
                  7000ee20    0000005c     nortos.am64x.r5f.ti-arm-clang.debug.lib : TimerP.obj (.text.TimerP_Params_init)
                  7000ee7c    00000004     --HOLE-- [fill = 0]
                  7000ee80    0000005c     drivers.am64x.r5f.ti-arm-clang.debug.lib : uart_v0.obj (.text.UART_resetModule)
                  7000eedc    0000005c     libc.a : autoinit.c.obj (.text:__TI_auto_init_nobinit_nopinit)
                  7000ef38    00000008     --HOLE-- [fill = 0]
                  7000ef40    00000058     drivers.am64x.r5f.ti-arm-clang.debug.lib : bootloader.obj (.text.Bootloader_bootCpu)
                  7000ef98    00000008     --HOLE-- [fill = 0]
                  7000efa0    00000058                                              : sciclient.obj (.text.CSL_secProxyGetMaxMsgSize)
                  7000eff8    00000008     --HOLE-- [fill = 0]
                  7000f000    00000058                                              : lpddr4.obj (.text.LPDDR4_Start)
                  7000f058    00000008     --HOLE-- [fill = 0]
                  7000f060    00000058     nortos.am64x.r5f.ti-arm-clang.debug.lib : TimerP.obj (.text.TimerP_clearOverflowInt)
                  7000f0b8    00000008     --HOLE-- [fill = 0]
                  7000f0c0    00000058     drivers.am64x.r5f.ti-arm-clang.debug.lib : uart_v0.obj (.text.UART_flowCtrlTrigLvlConfig)
                  7000f118    00000008     --HOLE-- [fill = 0]
                  7000f120    00000058                                              : uart_v0.obj (.text.UART_hardwareFlowCtrlOptSet)
                  7000f178    00000008     --HOLE-- [fill = 0]
                  7000f180    00000054                                              : sciclient.obj (.text.Sciclient_secProxyFlush)
                  7000f1d4    0000000c     --HOLE-- [fill = 0]
                  7000f1e0    00000054     nortos.am64x.r5f.ti-arm-clang.debug.lib : DebugP_uartLogWriter.obj (.text.UART_Transaction_init)
                  7000f234    0000000c     --HOLE-- [fill = 0]
                  7000f240    00000054     drivers.am64x.r5f.ti-arm-clang.debug.lib : uart_v0.obj (.text.UART_enhanFuncBitValRestore)
                  7000f294    0000000c     --HOLE-- [fill = 0]
                  7000f2a0    00000054                                              : uart_v0.obj (.text.UART_moduleReset)
                  7000f2f4    0000000c     --HOLE-- [fill = 0]
                  7000f300    00000050                                              : bootloader.obj (.text.Bootloader_runSelfCpu)
                  7000f350    00000050                                              : bootloader_soc.obj (.text.Bootloader_socGetSciclientCpuClkId)
                  7000f3a0    00000050                                              : bootloader_soc.obj (.text.Bootloader_socGetSciclientCpuDevId)
                  7000f3f0    00000050     ti_drivers_config.obj (.text.System_init)
                  7000f440    0000004c     drivers.am64x.r5f.ti-arm-clang.debug.lib : bootloader_soc.obj (.text.Bootloader_socCpuGetClkDefault)
                  7000f48c    00000004     --HOLE-- [fill = 0]
                  7000f490    0000004c                                              : bootloader_soc.obj (.text.Bootloader_socGetCoreName)
                  7000f4dc    00000004     --HOLE-- [fill = 0]
                  7000f4e0    0000004c                                              : bootloader_soc.obj (.text.Bootloader_socGetSciclientCpuProcId)
                  7000f52c    00000004     --HOLE-- [fill = 0]
                  7000f530    0000004c                                              : lpddr4_16bit.obj (.text.CPS_FldWrite)
                  7000f57c    00000004     --HOLE-- [fill = 0]
                  7000f580    0000004c     nortos.am64x.r5f.ti-arm-clang.debug.lib : ClockP_nortos.obj (.text.ClockP_sleepTicks)
                  7000f5cc    00000004     --HOLE-- [fill = 0]
                  7000f5d0    0000004c     drivers.am64x.r5f.ti-arm-clang.debug.lib : lpddr4.obj (.text.LPDDR4_Probe)
                  7000f61c    00000004     --HOLE-- [fill = 0]
                  7000f620    0000004c     nortos.am64x.r5f.ti-arm-clang.debug.lib : SemaphoreP_nortos.obj (.text.SemaphoreP_constructBinary)
                  7000f66c    00000004     --HOLE-- [fill = 0]
                  7000f670    0000004c     drivers.am64x.r5f.ti-arm-clang.debug.lib : uart_v0.obj (.text.UART_deinit)
                  7000f6bc    00000004     --HOLE-- [fill = 0]
                  7000f6c0    00000048     nortos.am64x.r5f.ti-arm-clang.debug.lib : DebugP_log.obj (.text.DebugP_logZoneEnable)
                  7000f708    00000008     --HOLE-- [fill = 0]
                  7000f710    00000048     drivers.am64x.r5f.ti-arm-clang.debug.lib : uart_v0.obj (.text.UART_intr2Disable)
                  7000f758    00000008     --HOLE-- [fill = 0]
                  7000f760    00000048                                              : uart_v0.obj (.text.UART_operatingModeSelect)
                  7000f7a8    00000008     --HOLE-- [fill = 0]
                  7000f7b0    00000048     nortos.am64x.r5f.ti-arm-clang.debug.lib : printf.obj (.text._is_digit)
                  7000f7f8    00000008     --HOLE-- [fill = 0]
                  7000f800    00000044     drivers.am64x.r5f.ti-arm-clang.debug.lib : sciclient.obj (.text.CSL_REG32_FEXT_RAW)
                  7000f844    0000000c     --HOLE-- [fill = 0]
                  7000f850    00000044                                              : sciclient.obj (.text.Sciclient_secProxyVerifyThread)
                  7000f894    0000000c     --HOLE-- [fill = 0]
                  7000f8a0    00000040                                              : bootloader.obj (.text.Bootloader_CpuInfo_init)
                  7000f8e0    00000040                                              : uart_v0.obj (.text.HW_RD_FIELD32_RAW)
                  7000f920    00000040                                              : lpddr4.obj (.text.LPDDR4_SanityFunction3)
                  7000f960    00000040                                              : sciclient.obj (.text.Sciclient_secProxyReadThread32)
                  7000f9a0    00000040     nortos.am64x.r5f.ti-arm-clang.debug.lib : SemaphoreP_nortos.obj (.text.SemaphoreP_constructMutex)
                  7000f9e0    00000040     drivers.am64x.r5f.ti-arm-clang.debug.lib : uart_v0.obj (.text.UART_writeInterrupt)
                  7000fa20    0000003c                                              : bootloader_soc.obj (.text.Bootloader_socInitM4fIram)
                  7000fa5c    00000004     --HOLE-- [fill = 0]
                  7000fa60    0000003c     nortos.am64x.r5f.ti-arm-clang.debug.lib : ClockP_nortos.obj (.text.ClockP_Params_init)
                  7000fa9c    00000004     --HOLE-- [fill = 0]
                  7000faa0    0000003c     ti_drivers_config.obj (.text.System_deinit)
                  7000fadc    00000004     --HOLE-- [fill = 0]
                  7000fae0    0000003c     nortos.am64x.r5f.ti-arm-clang.debug.lib : printf.obj (.text._out_char)
                  7000fb1c    00000004     --HOLE-- [fill = 0]
                  7000fb20    0000003c                                             : printf.obj (.text.vprintf_)
                  7000fb5c    00000004     --HOLE-- [fill = 0]
                  7000fb60    00000038     drivers.am64x.r5f.ti-arm-clang.debug.lib : lpddr4.obj (.text.LPDDR4_ConfigSF)
                  7000fb98    00000008     --HOLE-- [fill = 0]
                  7000fba0    00000038                                              : lpddr4.obj (.text.LPDDR4_PrivateDataSF)
                  7000fbd8    00000008     --HOLE-- [fill = 0]
                  7000fbe0    00000034                                              : lpddr4_16bit.obj (.text.CPS_FldRead)
                  7000fc14    0000000c     --HOLE-- [fill = 0]
                  7000fc20    00000034                                              : csl_sec_proxy.obj (.text.CSL_secProxyGetDataAddr)
                  7000fc54    0000000c     --HOLE-- [fill = 0]
                  7000fc60    00000034                                              : uart_v0.obj (.text.UART_breakCtl)
                  7000fc94    0000000c     --HOLE-- [fill = 0]
                  7000fca0    00000034     nortos.am64x.r5f.ti-arm-clang.debug.lib : boot_armv7r.obj (.text._system_pre_init)
                  7000fcd4    0000000c     --HOLE-- [fill = 0]
                  7000fce0    00000030     drivers.am64x.r5f.ti-arm-clang.debug.lib : lpddr4.obj (.text.LPDDR4_AddOffset)
                  7000fd10    00000030     nortos.am64x.r5f.ti-arm-clang.debug.lib : SemaphoreP_nortos.obj (.text.SemaphoreP_Params_init)
                  7000fd40    0000002c                                             : TimerP.obj (.text.TimerP_start)
                  7000fd6c    00000004     --HOLE-- [fill = 0]
                  7000fd70    0000002c                                             : TimerP.obj (.text.TimerP_stop)
                  7000fd9c    00000004     --HOLE-- [fill = 0]
                  7000fda0    0000002c     drivers.am64x.r5f.ti-arm-clang.debug.lib : uart_v0.obj (.text.UART_divisorLatchDisable)
                  7000fdcc    00000004     --HOLE-- [fill = 0]
                  7000fdd0    0000002c                                              : uart_v0.obj (.text.UART_fifoCharGet)
                  7000fdfc    00000004     --HOLE-- [fill = 0]
                  7000fe00    0000002c                                              : uart_v0.obj (.text.UART_modemControlReset)
                  7000fe2c    00000004     --HOLE-- [fill = 0]
                  7000fe30    00000028     nortos.am64x.r5f.ti-arm-clang.debug.lib : ClockP_nortos.obj (.text.ClockP_isActive)
                  7000fe58    00000008     --HOLE-- [fill = 0]
                  7000fe60    00000028     drivers.am64x.r5f.ti-arm-clang.debug.lib : bootloader_mem.obj (.text.Mem_imgSeek)
                  7000fe88    00000008     --HOLE-- [fill = 0]
                  7000fe90    00000028     ti_pinmux_config.obj (.text.Pinmux_init)
                  7000feb8    00000008     --HOLE-- [fill = 0]
                  7000fec0    00000028     drivers.am64x.r5f.ti-arm-clang.debug.lib : uart_v0.obj (.text.UART_regConfModeRestore)
                  7000fee8    00000008     --HOLE-- [fill = 0]
                  7000fef0    00000024                                              : lpddr4.obj (.text.CPS_RegWrite)
                  7000ff14    0000000c     --HOLE-- [fill = 0]
                  7000ff20    00000024                                              : lpddr4_16bit.obj (.text.CPS_RegWrite)
                  7000ff44    0000000c     --HOLE-- [fill = 0]
                  7000ff50    00000024                                              : sciclient.obj (.text.Sciclient_secProxyReadThreadCount)
                  7000ff74    0000000c     --HOLE-- [fill = 0]
                  7000ff80    00000024                                              : sciclient.obj (.text.Sciclient_secProxyThreadStatusReg)
                  7000ffa4    0000000c     --HOLE-- [fill = 0]
                  7000ffb0    00000024     nortos.am64x.r5f.ti-arm-clang.debug.lib : TimerP.obj (.text.TimerP_getCount)
                  7000ffd4    0000000c     --HOLE-- [fill = 0]
                  7000ffe0    00000024                                             : TimerP.obj (.text.TimerP_getReloadCount)
                  70010004    0000000c     --HOLE-- [fill = 0]
                  70010010    00000024     drivers.am64x.r5f.ti-arm-clang.debug.lib : uart_v0.obj (.text.UART_divideRoundCloset)
                  70010034    0000000c     --HOLE-- [fill = 0]
                  70010040    00000024                                              : uart_v0.obj (.text.UART_putChar)
                  70010064    00000024     libclang_rt.builtins.a : aeabi_uldivmod.S.obj (.text)
                  70010088    00000008     --HOLE-- [fill = 0]
                  70010090    00000020     drivers.am64x.r5f.ti-arm-clang.debug.lib : bootloader.obj (.text.Bootloader_Params_init)
                  700100b0    00000020                                              : lpddr4.obj (.text.CPS_UncachedWrite32)
                  700100d0    00000020                                              : pinmux.obj (.text.CSL_REG32_WR_RAW)
                  700100f0    00000020                                              : sciclient.obj (.text.CSL_REG32_WR_RAW)
                  70010110    00000020                                              : soc.obj (.text.CSL_REG32_WR_RAW)
                  70010130    00000020     nortos.am64x.r5f.ti-arm-clang.debug.lib : DebugP_uartLogWriter.obj (.text.DebugP_uartSetDrvIndex)
                  70010150    00000020     drivers.am64x.r5f.ti-arm-clang.debug.lib : ddr.obj (.text.HW_RD_REG32_RAW)
                  70010170    00000020                                              : uart_v0.obj (.text.HW_RD_REG32_RAW)
                  70010190    00000020                                              : ddr.obj (.text.HW_WR_REG32_RAW)
                  700101b0    00000020                                              : uart_v0.obj (.text.HW_WR_REG32_RAW)
                  700101d0    00000020                                              : bootloader_mem.obj (.text.Mem_imgGetCurOffset)
                  700101f0    0000001c                                              : lpddr4.obj (.text.CPS_RegRead)
                  7001020c    00000004     --HOLE-- [fill = 0]
                  70010210    0000001c                                              : lpddr4_16bit.obj (.text.CPS_RegRead)
                  7001022c    00000004     --HOLE-- [fill = 0]
                  70010230    0000001c     nortos.am64x.r5f.ti-arm-clang.debug.lib : ClockP_nortos_r5.obj (.text.ClockP_getTimerCount)
                  7001024c    00000004     --HOLE-- [fill = 0]
                  70010250    0000001c                                             : ClockP_nortos_r5.obj (.text.ClockP_timerClearOverflowInt)
                  7001026c    00000004     --HOLE-- [fill = 0]
                  70010270    0000001c                                             : printf.obj (.text._out_null)
                  7001028c    00000004     --HOLE-- [fill = 0]
                  70010290    0000001c     ti_dpl_config.obj (.text.putchar_)
                  700102ac    0000001c     libsysbm.a : memcpy32.S.obj (.text:TI_memcpy_small)
                  700102c8    0000001c     libclang_rt.builtins.a : aeabi_memset.S.obj (.text)
                  700102e4    0000000c     --HOLE-- [fill = 0]
                  700102f0    00000018     drivers.am64x.r5f.ti-arm-clang.debug.lib : lpddr4.obj (.text.CPS_UncachedRead32)
                  70010308    00000008     --HOLE-- [fill = 0]
                  70010310    00000018                                              : sciclient.obj (.text.CSL_REG32_RD_RAW)
                  70010328    00000008     --HOLE-- [fill = 0]
                  70010330    00000018                                              : sciclient.obj (.text.Sciclient_deinit)
                  70010348    00000018     libsysbm.a : memset32.S.obj (.text:TI_memset_small)
                  70010360    00000014     drivers.am64x.r5f.ti-arm-clang.debug.lib : bootloader_mem.obj (.text.Mem_imgClose)
                  70010374    0000000c     --HOLE-- [fill = 0]
                  70010380    00000010     nortos.am64x.r5f.ti-arm-clang.debug.lib : ClockP_nortos.obj (.text.ClockP_getTicks)
                  70010390    00000010     ti_power_clock_config.obj (.text.PowerClock_init)
                  700103a0    00000010     nortos.am64x.r5f.ti-arm-clang.debug.lib : SemaphoreP_nortos.obj (.text.SemaphoreP_destruct)
                  700103b0    0000000c     drivers.am64x.r5f.ti-arm-clang.debug.lib : bootloader_soc.obj (.text.Bootloader_socGetSBLMem)
                  700103bc    00000004     --HOLE-- [fill = 0]
                  700103c0    0000000c                                              : bootloader_soc.obj (.text.Bootloader_socGetSelfCpuList)
                  700103cc    00000004     --HOLE-- [fill = 0]
                  700103d0    0000000c                                              : bootloader_soc.obj (.text.Bootloader_socWaitForFWBoot)
                  700103dc    00000004     --HOLE-- [fill = 0]
                  700103e0    0000000c     ti_drivers_open_close.obj (.text.Drivers_close)
                  700103ec    00000004     --HOLE-- [fill = 0]
                  700103f0    0000000c     ti_drivers_open_close.obj (.text.Drivers_open)
                  700103fc    00000004     --HOLE-- [fill = 0]
                  70010400    0000000c     ti_drivers_config.obj (.text.Drivers_uartInit)
                  7001040c    00000004     --HOLE-- [fill = 0]
                  70010410    0000000c     ti_power_clock_config.obj (.text.PowerClock_deinit)
                  7001041c    00000004     --HOLE-- [fill = 0]
                  70010420    00000004     ti_dpl_config.obj (.text.Dpl_deinit)
                  70010424    0000000c     --HOLE-- [fill = 0]
                  70010430    00000004     nortos.am64x.r5f.ti-arm-clang.debug.lib : TaskP_nortos.obj (.text.TaskP_yield)
                  70010434    0000000c     --HOLE-- [fill = 0]
                  70010440    00000004     libclang_rt.builtins.a : aeabi_div0.c.obj (.text.__aeabi_ldiv0)
                  70010444    0000000c     --HOLE-- [fill = 0]

.text.hwi 
*          0    70010450    00000e90     
                  70010450    00000888     nortos.am64x.r5f.ti-arm-clang.debug.lib : HwiP_armv7r_vim.obj (.text.hwi)
                  70010cd8    00000008     --HOLE-- [fill = 0]
                  70010ce0    00000518                                             : HwiP_armv7r_handlers_nortos.obj (.text.hwi)
                  700111f8    00000078                                             : HwiP_armv7r_handlers_nortos_asm.obj (.text.hwi)
                  70011270    00000070                                             : HwiP_armv7r_asm.obj (.text.hwi)

.text.cache 
*          0    700112e0    00000550     
                  700112e0    00000340     nortos.am64x.r5f.ti-arm-clang.debug.lib : CacheP_armv7r_asm.obj (.text.cache)
                  70011620    0000020c                                             : CacheP_armv7r.obj (.text.cache)
                  7001182c    00000004     --HOLE-- [fill = 0]

.text.mpu 
*          0    70011830    000003f0     
                  70011830    00000374     nortos.am64x.r5f.ti-arm-clang.debug.lib : MpuP_armv7r.obj (.text.mpu)
                  70011ba4    00000078                                             : MpuP_armv7r_asm.obj (.text.mpu)
                  70011c1c    00000004     --HOLE-- [fill = 0]

.text.boot 
*          0    70011c20    00000160     
                  70011c20    000000fc     nortos.am64x.r5f.ti-arm-clang.debug.lib : boot_armv7r_asm.obj (.text.boot)
                  70011d1c    00000004     --HOLE-- [fill = 0]
                  70011d20    0000004c                                             : DebugP_log.obj (.text.boot)
                  70011d6c    00000004     --HOLE-- [fill = 0]
                  70011d70    00000010     ti_dpl_config.obj (.text.boot)

.data      0    70011d80    00002320     
                  70011d80    000007ec     ti_drivers_config.obj (.data.DDRSS_phyReg)
                  7001256c    0000069c     ti_drivers_config.obj (.data.DDRSS_ctlReg)
                  70012c08    00000564     ti_drivers_config.obj (.data.DDRSS_phyIndepReg)
                  7001316c    000003f6     ti_drivers_config.obj (.data.DDRSS_phyRegNum)
                  70013562    0000034e     ti_drivers_config.obj (.data.DDRSS_ctlRegNum)
                  700138b0    000002b2     ti_drivers_config.obj (.data.DDRSS_phyIndepRegNum)
                  70013b62    00000132     drivers.am64x.r5f.ti-arm-clang.debug.lib : lpddr4_16bit.obj (.data.CtlIntMap)
                  70013c94    000000c4                                              : bootloader_soc.obj (.data.gAddrTranslateInfo)
                  70013d58    000000a8                                              : bootloader_soc.obj (.data.gCoreBootInfo)
                  70013e00    0000009c                                              : uart_v0.obj (.data.gUartDrvObj)
                  70013e9c    00000054     ti_drivers_open_close.obj (.data.gUartParams)
                  70013ef0    00000050     ti_dpl_config.obj (.data.gMpuRegionConfig)
                  70013f40    00000030     ti_drivers_config.obj (.data.gDdrParams)
                  70013f70    00000020     drivers.am64x.r5f.ti-arm-clang.debug.lib : sciclient_soc_priv.obj (.data.gSciclientSecProxyCfg)
                  70013f90    00000018     ti_pinmux_config.obj (.data.gPinMuxMainDomainCfg)
                  70013fa8    00000018     drivers.am64x.r5f.ti-arm-clang.debug.lib : sciclient.obj (.data.gSciclientHandle)
                  70013fc0    00000018     ti_power_clock_config.obj (.data.gSocModulesClockFrequency)
                  70013fd8    00000014     drivers.am64x.r5f.ti-arm-clang.debug.lib : bootloader_mem.obj (.data.gBootloaderMemFxns)
                  70013fec    00000014     ti_dpl_config.obj (.data.gClockConfig)
                  70014000    00000014     drivers.am64x.r5f.ti-arm-clang.debug.lib : bootloader_soc.obj (.data.gResMemSection)
                  70014014    00000010     ti_power_clock_config.obj (.data.gSocModules)
                  70014024    0000000c     nortos.am64x.r5f.ti-arm-clang.debug.lib : AddrTranslateP.obj (.data.gAddrTranslateConfig)
                  70014030    0000000c     ti_drivers_config.obj (.data.gBootloaderConfig)
                  7001403c    0000000c     drivers.am64x.r5f.ti-arm-clang.debug.lib : bootloader_soc.obj (.data.gBootloaderSelfCpuList)
                  70014048    0000000c     ti_dpl_config.obj (.data.gMpuConfig)
                  70014054    00000008     ti_drivers_config.obj (.data.gBootloader0Args)
                  7001405c    00000008     ti_dpl_config.obj (.data.gCacheConfig)
                  70014064    00000008     ti_pinmux_config.obj (.data.gPinMuxMcuDomainCfg)
                  7001406c    00000008     ti_drivers_config.obj (.data.gUartAttrs)
                  70014074    00000008     ti_drivers_config.obj (.data.gUartConfig)
                  7001407c    00000004     ti_drivers_config.obj (.data.gBootloaderConfigNum)
                  70014080    00000004     nortos.am64x.r5f.ti-arm-clang.debug.lib : CacheP_armv7r.obj (.data.gCacheL1dCacheLineSize)
                  70014084    00000004                                             : CacheP_armv7r.obj (.data.gCacheL1pCacheLineSize)
                  70014088    00000004                                             : DebugP_log.obj (.data.gDebugLogZone)
                  7001408c    00000004                                             : DebugP_uartLogWriter.obj (.data.gDebugP_uartDrvIndex)
                  70014090    00000004     ti_dpl_config.obj (.data.gHwiConfig)
                  70014094    00000004     ti_drivers_config.obj (.data.gUartConfigNum)
                  70014098    00000004     ti_drivers_config.obj (.data.gUartDmaConfigNum)
                  7001409c    00000001     drivers.am64x.r5f.ti-arm-clang.debug.lib : sciclient.obj (.data.gSecHeaderSizeWords)
                  7001409d    00000003     --HOLE-- [fill = 0]

.rodata    0    700140a0    00000e48     
                  700140a0    0000043b     drivers.am64x.r5f.ti-arm-clang.debug.lib : bootloader_soc.obj (.rodata.str1.1)
                  700144db    000001a2                                              : ddr.obj (.rodata.str1.1)
                  7001467d    00000136                                              : bootloader.obj (.rodata.str1.1)
                  700147b3    00000135                                              : uart_v0.obj (.rodata.str1.1)
                  700148e8    0000012c                                              : sciclient_fmwSecureProxyMap.obj (.rodata.gSciclientMap)
                  70014a14    00000103     nortos.am64x.r5f.ti-arm-clang.debug.lib : TimerP.obj (.rodata.str1.1)
                  70014b17    000000ac                                             : ClockP_nortos_r5.obj (.rodata.str1.1)
                  70014bc3    000000a9     drivers.am64x.r5f.ti-arm-clang.debug.lib : sciclient.obj (.rodata.str1.1)
                  70014c6c    0000006b     nortos.am64x.r5f.ti-arm-clang.debug.lib : SemaphoreP_nortos.obj (.rodata.str1.1)
                  70014cd7    0000005a                                             : ClockP_nortos.obj (.rodata.str1.1)
                  70014d31    00000007     --HOLE-- [fill = 0]
                  70014d38    00000050                                             : printf.obj (.rodata._ftoa.pow10)
                  70014d88    0000004b     drivers.am64x.r5f.ti-arm-clang.debug.lib : uart_dma.obj (.rodata.str1.1)
                  70014dd3    00000001     --HOLE-- [fill = 0]
                  70014dd4    00000048                                              : bootloader_soc.obj (.rodata.gSOC_r5fVectors)
                  70014e1c    00000046     ti_drivers_open_close.obj (.rodata.str1.1)
                  70014e62    0000003e     main.obj (.rodata.str1.1)
                  70014ea0    0000002d     nortos.am64x.r5f.ti-arm-clang.debug.lib : DebugP_log.obj (.rodata.str1.1)
                  70014ecd    00000012                                             : printf.obj (.rodata.str1.1)
                  70014edf    00000001     --HOLE-- [fill = 0]
                  70014ee0    00000008     drivers.am64x.r5f.ti-arm-clang.debug.lib : bootloader_soc.obj (.rodata.gSOC_a53WhileLoop)

.bss       0    70054000    000012e8     UNINITIALIZED
                  70054000    00001008     (.common:gHwiCtrl)
                  70055008    00000280     ti_drivers_config.obj (.bss.gUartObjects)
                  70055288    00000038     (.common:gClockCtrl)
                  700552c0    00000014     drivers.am64x.r5f.ti-arm-clang.debug.lib : ddr.obj (.bss.gLpddrPd)
                  700552d4    00000010                                              : ddr.obj (.bss.gLpddrCfg)
                  700552e4    00000004     (.common:gUartHandle)

.stack     0    70050000    00004000     UNINITIALIZED
                  70050000    00000004     nortos.am64x.r5f.ti-arm-clang.debug.lib : boot_armv7r_asm.obj (.stack)
                  70050004    00003ffc     --HOLE--

.irqstack 
*          0    700552e8    00001000     UNINITIALIZED
                  700552e8    00001000     --HOLE--

.fiqstack 
*          0    700562e8    00000100     UNINITIALIZED
                  700562e8    00000100     --HOLE--

.svcstack 
*          0    700563e8    00000100     UNINITIALIZED
                  700563e8    00000100     --HOLE--

.abortstack 
*          0    700564e8    00000100     UNINITIALIZED
                  700564e8    00000100     --HOLE--

.undefinedstack 
*          0    700565e8    00000100     UNINITIALIZED
                  700565e8    00000100     --HOLE--

__llvm_prf_cnts 
*          0    70050000    00000000     UNINITIALIZED

MODULE SUMMARY

       Module                                   code    ro data   rw data
       ------                                   ----    -------   -------
    obj/debug/
       ti_drivers_config.obj                    152     0         8386   
       ti_drivers_open_close.obj                444     70        88     
       main.obj                                 468     62        0      
       ti_power_clock_config.obj                392     0         40     
       ti_dpl_config.obj                        152     0         124    
       ti_pinmux_config.obj                     40      0         32     
    +--+----------------------------------------+-------+---------+---------+
       Total:                                   1648    132       8670   
                                                                         
    /home/gtbldadm/nightlybuilds/repo_manifests/scripts/jenkins/mcu_plus_sdk_am64x_08_02_00_31/source/drivers/lib/drivers.am64x.r5f.ti-arm-clang.debug.lib
       uart_v0.obj                              12500   309       156    
       bootloader_soc.obj                       5376    1163      396    
       lpddr4_16bit.obj                         5276    0         306    
       lpddr4.obj                               4780    0         0      
       sciclient.obj                            4428    169       25     
       sciclient_pm.obj                         3360    0         0      
       bootloader.obj                           2468    310       0      
       ddr.obj                                  2168    418       36     
       soc.obj                                  1492    0         0      
       sciclient_procboot.obj                   1336    0         0      
       uart_dma.obj                             852     75        0      
       pinmux.obj                               752     0         0      
       sciclient_soc_priv.obj                   516     0         32     
       bootloader_mem.obj                       300     0         20     
       sciclient_fmwSecureProxyMap.obj          0       300       0      
       csl_sec_proxy.obj                        52      0         0      
    +--+----------------------------------------+-------+---------+---------+
       Total:                                   45656   2744      971    
                                                                         
    /home/gtbldadm/nightlybuilds/repo_manifests/scripts/jenkins/mcu_plus_sdk_am64x_08_02_00_31/source/kernel/nortos/lib/nortos.am64x.r5f.ti-arm-clang.debug.lib
       printf.obj                               10816   98        0      
       HwiP_armv7r_vim.obj                      2184    0         4104   
       ClockP_nortos.obj                        2176    90        56     
       TimerP.obj                               1408    259       0      
       HwiP_armv7r_handlers_nortos.obj          1304    0         0      
       SemaphoreP_nortos.obj                    980     107       0      
       MpuP_armv7r.obj                          884     0         0      
       CacheP_armv7r_asm.obj                    832     0         0      
       ClockP_nortos_r5.obj                     568     172       0      
       CacheP_armv7r.obj                        524     0         8      
       AddrTranslateP.obj                       396     0         12     
       DebugP_log.obj                           348     45        4      
       boot_armv7r_asm.obj                      252     0         0      
       DebugP_uartLogWriter.obj                 216     0         4      
       DebugP_nortos.obj                        120     0         0      
       HwiP_armv7r_handlers_nortos_asm.obj      120     0         0      
       MpuP_armv7r_asm.obj                      120     0         0      
       HwiP_armv7r_asm.obj                      112     0         0      
       HwiP_armv7r_vectors_nortos_sbl_asm.obj   64      0         0      
       boot_armv7r.obj                          52      0         0      
       TaskP_nortos.obj                         4       0         0      
    +--+----------------------------------------+-------+---------+---------+
       Total:                                   23480   771       4188   
                                                                         
    /home/gtbldadm/ti/ccs1110/ccs/tools/compiler/ti-cgt-armllvm_1.3.0.LTS/lib/armv7r-ti-none-eabihf/c/libc.a
       autoinit.c.obj                           92      0         0      
       exit.c.obj                               8       0         0      
    +--+----------------------------------------+-------+---------+---------+
       Total:                                   100     0         0      
                                                                         
    /home/gtbldadm/ti/ccs1110/ccs/tools/compiler/ti-cgt-armllvm_1.3.0.LTS/lib/armv7r-ti-none-eabihf/c/libsysbm.a
       memcpy32.S.obj                           28      0         0      
       memset32.S.obj                           24      0         0      
    +--+----------------------------------------+-------+---------+---------+
       Total:                                   52      0         0      
                                                                         
    /home/gtbldadm/ti/ccs1110/ccs/tools/compiler/ti-cgt-armllvm_1.3.0.LTS/lib/clang/12.0.1/lib/armv7r-ti-none-eabihf/libclang_rt.builtins.a
       udivmoddi4.S.obj                         280     0         0      
       aeabi_uldivmod.S.obj                     36      0         0      
       aeabi_memset.S.obj                       28      0         0      
       aeabi_div0.c.obj                         4       0         0      
       aeabi_memcpy.S.obj                       4       0         0      
    +--+----------------------------------------+-------+---------+---------+
       Total:                                   352     0         0      
                                                                         
       Stack:                                   0       0         16384  
    +--+----------------------------------------+-------+---------+---------+
       Grand Total:                             71288   3647      30213  


GLOBAL SYMBOLS: SORTED ALPHABETICALLY BY Name 

address   name                                
-------   ----                                
700079b0  AddrTranslateP_getLocalAddr         
7000e2d0  Bootloader_BootImageInfo_init       
7000f8a0  Bootloader_CpuInfo_init             
70010090  Bootloader_Params_init              
7000ef40  Bootloader_bootCpu                  
7000ca90  Bootloader_bootSelfCpu              
7000e450  Bootloader_close                    
7000cfd0  Bootloader_loadCpu                  
700067c0  Bootloader_loadSelfCpu              
7000be40  Bootloader_open                     
70005dc0  Bootloader_rprcImageLoad            
7000e4d0  Bootloader_rprcImageParseEntryPoint 
70009f50  Bootloader_runCpu                   
7000f300  Bootloader_runSelfCpu               
7000f440  Bootloader_socCpuGetClkDefault      
7000bd60  Bootloader_socCpuGetClock           
7000d890  Bootloader_socCpuPowerOnReset       
7000d080  Bootloader_socCpuPowerOnResetA53    
70007650  Bootloader_socCpuPowerOnResetM4f    
70004a70  Bootloader_socCpuPowerOnResetR5f    
7000d4a0  Bootloader_socCpuRelease            
7000d6b0  Bootloader_socCpuRequest            
70004400  Bootloader_socCpuResetRelease       
70004d50  Bootloader_socCpuResetReleaseSelf   
7000ae40  Bootloader_socCpuSetClock           
7000c4f0  Bootloader_socCpuSetEntryPoint      
7000f490  Bootloader_socGetCoreName           
7000c760  Bootloader_socGetR5fAtcmAddrAndSize 
7000c5c0  Bootloader_socGetR5fBtcmAddrAndSize 
700103b0  Bootloader_socGetSBLMem             
7000f350  Bootloader_socGetSciclientCpuClkId  
7000f3a0  Bootloader_socGetSciclientCpuDevId  
7000f4e0  Bootloader_socGetSciclientCpuProcId 
700103c0  Bootloader_socGetSelfCpuList        
7000fa20  Bootloader_socInitM4fIram           
7000d130  Bootloader_socInitR5FAtcmBtcm       
7000eca0  Bootloader_socMemInitCpu            
7000a700  Bootloader_socTranslateSectionAddr  
700103d0  Bootloader_socWaitForFWBoot         
70002568  C$$EXIT                             
700102f0  CPS_UncachedRead32                  
700100b0  CPS_UncachedWrite32                 
7000fc20  CSL_secProxyGetDataAddr             
700115f0  CacheP_configForceWrThru            
700116f0  CacheP_disable                      
700112e0  CacheP_disableL1d                   
70011308  CacheP_disableL1p                   
70011770  CacheP_enable                       
70011320  CacheP_enableL1d                    
70011338  CacheP_enableL1p                    
700115e4  CacheP_getCacheLevelInfo            
700115ac  CacheP_getEnabled                   
70011620  CacheP_init                         
700117d0  CacheP_inv                          
70011350  CacheP_invL1d                       
700113c4  CacheP_invL1dAll                    
70011388  CacheP_invL1p                       
700113cc  CacheP_invL1pAll                    
70011610  CacheP_setDLFO                      
700113d4  CacheP_wb                           
7001144c  CacheP_wbAll                        
70011410  CacheP_wbInv                        
700114f4  CacheP_wbInvAll                     
7001150c  CacheP_wbInvAllAsm                  
7000fa60  ClockP_Params_init                  
7000c1b0  ClockP_construct                    
70009ac0  ClockP_destruct                     
70010380  ClockP_getTicks                     
7000b9b0  ClockP_getTimeUsec                  
70010230  ClockP_getTimerCount                
70005fd0  ClockP_init                         
7000fe30  ClockP_isActive                     
7000e7d0  ClockP_start                        
70008e20  ClockP_stop                         
70010250  ClockP_timerClearOverflowInt        
70009490  ClockP_timerTickIsr                 
7000cb50  ClockP_usleep                       
7001256c  DDRSS_ctlReg                        
70013562  DDRSS_ctlRegNum                     
70012c08  DDRSS_phyIndepReg                   
700138b0  DDRSS_phyIndepRegNum                
70011d80  DDRSS_phyReg                        
7001316c  DDRSS_phyRegNum                     
7000c830  DDR_init                            
7000f6c0  DebugP_logZoneEnable                
7000ebc0  DebugP_uartLogWriterPutChar         
70010130  DebugP_uartSetDrvIndex              
70010420  Dpl_deinit                          
7000ea00  Dpl_init                            
700103e0  Drivers_close                       
700103f0  Drivers_open                        
7000ddf0  Drivers_uartClose                   
70010400  Drivers_uartInit                    
70009bf0  Drivers_uartOpen                    
70010640  HwiP_Params_init                    
70010580  HwiP_clearInt                       
70010690  HwiP_construct                      
70011190  HwiP_data_abort_handler             
70010980  HwiP_destruct                       
70011270  HwiP_disable                        
70011280  HwiP_disableFIQ                     
700104b0  HwiP_disableInt                     
700112c8  HwiP_disableVIC                     
70011290  HwiP_enable                         
700112a0  HwiP_enableFIQ                      
70010450  HwiP_enableInt                      
700112b8  HwiP_enableVIC                      
70010ee0  HwiP_fiq_handler                    
700112d8  HwiP_getCPSR                        
70010c50  HwiP_inISR                          
70010a30  HwiP_init                           
700111f8  HwiP_irq_handler                    
70010ce0  HwiP_irq_handler_c                  
700105e0  HwiP_post                           
70011150  HwiP_prefetch_abort_handler         
70011090  HwiP_reserved_handler               
700112b0  HwiP_restore                        
70010540  HwiP_restoreInt                     
70011110  HwiP_svc_handler                    
700110d0  HwiP_undefined_handler              
70006d50  LPDDR4_AckCtlInterrupt              
7000dd60  LPDDR4_AckPhyIndepInterrupt         
7000fce0  LPDDR4_AddOffset                    
70007490  LPDDR4_CheckCtlInterrupt            
7000d930  LPDDR4_CheckPhyIndepInterrupt       
7000ce50  LPDDR4_EnablePIInitiator            
7000dbb0  LPDDR4_Init                         
7000b6e0  LPDDR4_PollCtlIrq                   
7000f5d0  LPDDR4_Probe                        
700090c0  LPDDR4_ReadReg                      
7000f000  LPDDR4_Start                        
7000c280  LPDDR4_WriteCtlConfig               
7000c350  LPDDR4_WritePhyConfig               
7000c420  LPDDR4_WritePhyIndepConfig          
70009850  LPDDR4_WriteReg                     
7000e550  Module_clockDisable                 
7000e5d0  Module_clockEnable                  
7000e030  Module_clockSetFrequency            
70011830  MpuP_RegionAttrs_init               
70011a50  MpuP_disable                        
70011ba4  MpuP_disableAsm                     
70011bbc  MpuP_disableBRAsm                   
700119e0  MpuP_enable                         
70011bcc  MpuP_enableAsm                      
70011be4  MpuP_enableBRAsm                    
70011ac0  MpuP_init                           
70011ab0  MpuP_isEnable                       
70011bf4  MpuP_isEnableAsm                    
70011890  MpuP_setRegion                      
70011c08  MpuP_setRegionAsm                   
7000c900  Pinmux_config                       
7000fe90  Pinmux_init                         
70010410  PowerClock_deinit                   
70010390  PowerClock_init                     
7000dc40  SOC_controlModuleLockMMR            
7000b8c0  SOC_controlModuleUnlockMMR          
7000a3d0  SOC_moduleClockEnable               
70004740  SOC_moduleSetClockFrequency         
70010330  Sciclient_deinit                    
70008750  Sciclient_getContext                
7000ccd0  Sciclient_getCurrentContext         
7000d750  Sciclient_getDevId                  
70007b40  Sciclient_getVersionCheck           
7000ac40  Sciclient_init                      
70009d10  Sciclient_pmGetModuleClkFreq        
70009990  Sciclient_pmGetModuleClkNumParent   
7000a070  Sciclient_pmGetModuleClkParent      
7000ab40  Sciclient_pmGetModuleState          
7000b320  Sciclient_pmModuleClkRequest        
7000a4e0  Sciclient_pmModuleGetClkStatus      
70006f20  Sciclient_pmQueryModuleClkFreq      
70007cd0  Sciclient_pmSetModuleClkFreq        
7000a920  Sciclient_pmSetModuleClkParent      
7000d290  Sciclient_pmSetModuleRst            
7000c9d0  Sciclient_pmSetModuleRst_flags      
7000aa30  Sciclient_pmSetModuleState          
7000d340  Sciclient_procBootGetProcessorState 
7000b040  Sciclient_procBootReleaseProcessor  
7000d7f0  Sciclient_procBootRequestProcessor  
7000db10  Sciclient_procBootSetProcessorCfg   
7000a5f0  Sciclient_procBootSetSequenceCtrl   
70008f70  Sciclient_procBootWaitProcessorState
70002080  Sciclient_service                   
7000b140  Sciclient_waitForBootNotification   
7000fd10  SemaphoreP_Params_init              
7000dcd0  SemaphoreP_construct                
7000f620  SemaphoreP_constructBinary          
7000f9a0  SemaphoreP_constructMutex           
700103a0  SemaphoreP_destruct                 
700070f0  SemaphoreP_pend                     
7000cf10  SemaphoreP_post                     
7000faa0  System_deinit                       
7000f3f0  System_init                         
700102ac  TI_memcpy_small                     
70010348  TI_memset_small                     
70010430  TaskP_yield                         
7000ee20  TimerP_Params_init                  
7000f060  TimerP_clearOverflowInt             
7000ffb0  TimerP_getCount                     
7000ffe0  TimerP_getReloadCount               
70002570  TimerP_setup                        
7000fd40  TimerP_start                        
7000fd70  TimerP_stop                         
70004fe0  UART_close                          
7000f670  UART_deinit                         
7000baa0  UART_dmaClose                       
7000b500  UART_dmaDisableChannel              
7000bc80  UART_dmaOpen                        
70009350  UART_flushTxFifo                    
7000df10  UART_getHandle                      
7000a190  UART_init                           
700029a0  UART_open                           
70004090  UART_write                          
7000d600  UART_writeInterruptDma              
7000c690  _DebugP_assert                      
70011d20  _DebugP_assertNoLog                 
7000e3d0  _DebugP_logZone                     
700565e8  __ABORT_STACK_END                   
00000100  __ABORT_STACK_SIZE                  
700564e8  __ABORT_STACK_START                 
700552e8  __BSS_END                           
70054000  __BSS_START                         
700563e8  __FIQ_STACK_END                     
00000100  __FIQ_STACK_SIZE                    
700562e8  __FIQ_STACK_START                   
700562e8  __IRQ_STACK_END                     
00001000  __IRQ_STACK_SIZE                    
700552e8  __IRQ_STACK_START                   
70054000  __STACK_END                         
00004000  __STACK_SIZE                        
700564e8  __SVC_STACK_END                     
00000100  __SVC_STACK_SIZE                    
700563e8  __SVC_STACK_START                   
UNDEFED   __TI_CINIT_Base                     
UNDEFED   __TI_CINIT_Limit                    
UNDEFED   __TI_Handler_Table_Base             
UNDEFED   __TI_Handler_Table_Limit            
7000eedc  __TI_auto_init_nobinit_nopinit      
ffffffff  __TI_pprof_out_hndl                 
ffffffff  __TI_prof_data_size                 
ffffffff  __TI_prof_data_start                
70000000  __TI_static_base__                  
700566e8  __UNDEFINED_STACK_END               
00000100  __UNDEFINED_STACK_SIZE              
700565e8  __UNDEFINED_STACK_START             
70010440  __aeabi_ldiv0                       
700102d8  __aeabi_memclr                      
700102d8  __aeabi_memclr4                     
700102d8  __aeabi_memclr8                     
70001a5c  __aeabi_memcpy                      
70001a5c  __aeabi_memcpy4                     
70001a5c  __aeabi_memcpy8                     
700102c8  __aeabi_memset                      
700102c8  __aeabi_memset4                     
700102c8  __aeabi_memset8                     
70010064  __aeabi_uldivmod                    
ffffffff  __binit__                           
70011d70  __mpu_init                          
70050000  __stack                             
70050000  __start___llvm_prf_cnts             
70050000  __stop___llvm_prf_cnts              
70009e2c  __udivmoddi4                        
70011c44  _c_int00                            
70011c20  _c_int00_sbl                        
UNDEFED   _system_post_cinit                  
7000fca0  _system_pre_init                    
70000000  _vectors_sbl                        
70002568  abort                               
ffffffff  binit                               
70014024  gAddrTranslateConfig                
70013c94  gAddrTranslateInfo                  
70014054  gBootloader0Args                    
70014030  gBootloaderConfig                   
7001407c  gBootloaderConfigNum                
70013fd8  gBootloaderMemFxns                  
7001403c  gBootloaderSelfCpuList              
7001405c  gCacheConfig                        
70014080  gCacheL1dCacheLineSize              
70014084  gCacheL1pCacheLineSize              
70013fec  gClockConfig                        
70055288  gClockCtrl                          
70013d58  gCoreBootInfo                       
70014088  gDebugLogZone                       
7001408c  gDebugP_uartDrvIndex                
70014090  gHwiConfig                          
70054000  gHwiCtrl                            
70014048  gMpuConfig                          
70013ef0  gMpuRegionConfig                    
70014000  gResMemSection                      
70014ee0  gSOC_a53WhileLoop                   
70014dd4  gSOC_r5fVectors                     
700148e8  gSciclientMap                       
70013f70  gSciclientSecProxyCfg               
70014014  gSocModules                         
70013fc0  gSocModulesClockFrequency           
70014074  gUartConfig                         
70014094  gUartConfigNum                      
70011d80  gUartDmaConfig                      
70014098  gUartDmaConfigNum                   
700552e4  gUartHandle                         
70013e9c  gUartParams                         
700069a0  main                                
70010290  putchar_                            
7000fb20  vprintf_                            


GLOBAL SYMBOLS: SORTED BY Symbol Address 

address   name                                
-------   ----                                
00000100  __ABORT_STACK_SIZE                  
00000100  __FIQ_STACK_SIZE                    
00000100  __SVC_STACK_SIZE                    
00000100  __UNDEFINED_STACK_SIZE              
00001000  __IRQ_STACK_SIZE                    
00004000  __STACK_SIZE                        
70000000  __TI_static_base__                  
70000000  _vectors_sbl                        
70001a5c  __aeabi_memcpy                      
70001a5c  __aeabi_memcpy4                     
70001a5c  __aeabi_memcpy8                     
70002080  Sciclient_service                   
70002568  C$$EXIT                             
70002568  abort                               
70002570  TimerP_setup                        
700029a0  UART_open                           
70004090  UART_write                          
70004400  Bootloader_socCpuResetRelease       
70004740  SOC_moduleSetClockFrequency         
70004a70  Bootloader_socCpuPowerOnResetR5f    
70004d50  Bootloader_socCpuResetReleaseSelf   
70004fe0  UART_close                          
70005dc0  Bootloader_rprcImageLoad            
70005fd0  ClockP_init                         
700067c0  Bootloader_loadSelfCpu              
700069a0  main                                
70006d50  LPDDR4_AckCtlInterrupt              
70006f20  Sciclient_pmQueryModuleClkFreq      
700070f0  SemaphoreP_pend                     
70007490  LPDDR4_CheckCtlInterrupt            
70007650  Bootloader_socCpuPowerOnResetM4f    
700079b0  AddrTranslateP_getLocalAddr         
70007b40  Sciclient_getVersionCheck           
70007cd0  Sciclient_pmSetModuleClkFreq        
70008750  Sciclient_getContext                
70008e20  ClockP_stop                         
70008f70  Sciclient_procBootWaitProcessorState
700090c0  LPDDR4_ReadReg                      
70009350  UART_flushTxFifo                    
70009490  ClockP_timerTickIsr                 
70009850  LPDDR4_WriteReg                     
70009990  Sciclient_pmGetModuleClkNumParent   
70009ac0  ClockP_destruct                     
70009bf0  Drivers_uartOpen                    
70009d10  Sciclient_pmGetModuleClkFreq        
70009e2c  __udivmoddi4                        
70009f50  Bootloader_runCpu                   
7000a070  Sciclient_pmGetModuleClkParent      
7000a190  UART_init                           
7000a3d0  SOC_moduleClockEnable               
7000a4e0  Sciclient_pmModuleGetClkStatus      
7000a5f0  Sciclient_procBootSetSequenceCtrl   
7000a700  Bootloader_socTranslateSectionAddr  
7000a920  Sciclient_pmSetModuleClkParent      
7000aa30  Sciclient_pmSetModuleState          
7000ab40  Sciclient_pmGetModuleState          
7000ac40  Sciclient_init                      
7000ae40  Bootloader_socCpuSetClock           
7000b040  Sciclient_procBootReleaseProcessor  
7000b140  Sciclient_waitForBootNotification   
7000b320  Sciclient_pmModuleClkRequest        
7000b500  UART_dmaDisableChannel              
7000b6e0  LPDDR4_PollCtlIrq                   
7000b8c0  SOC_controlModuleUnlockMMR          
7000b9b0  ClockP_getTimeUsec                  
7000baa0  UART_dmaClose                       
7000bc80  UART_dmaOpen                        
7000bd60  Bootloader_socCpuGetClock           
7000be40  Bootloader_open                     
7000c1b0  ClockP_construct                    
7000c280  LPDDR4_WriteCtlConfig               
7000c350  LPDDR4_WritePhyConfig               
7000c420  LPDDR4_WritePhyIndepConfig          
7000c4f0  Bootloader_socCpuSetEntryPoint      
7000c5c0  Bootloader_socGetR5fBtcmAddrAndSize 
7000c690  _DebugP_assert                      
7000c760  Bootloader_socGetR5fAtcmAddrAndSize 
7000c830  DDR_init                            
7000c900  Pinmux_config                       
7000c9d0  Sciclient_pmSetModuleRst_flags      
7000ca90  Bootloader_bootSelfCpu              
7000cb50  ClockP_usleep                       
7000ccd0  Sciclient_getCurrentContext         
7000ce50  LPDDR4_EnablePIInitiator            
7000cf10  SemaphoreP_post                     
7000cfd0  Bootloader_loadCpu                  
7000d080  Bootloader_socCpuPowerOnResetA53    
7000d130  Bootloader_socInitR5FAtcmBtcm       
7000d290  Sciclient_pmSetModuleRst            
7000d340  Sciclient_procBootGetProcessorState 
7000d4a0  Bootloader_socCpuRelease            
7000d600  UART_writeInterruptDma              
7000d6b0  Bootloader_socCpuRequest            
7000d750  Sciclient_getDevId                  
7000d7f0  Sciclient_procBootRequestProcessor  
7000d890  Bootloader_socCpuPowerOnReset       
7000d930  LPDDR4_CheckPhyIndepInterrupt       
7000db10  Sciclient_procBootSetProcessorCfg   
7000dbb0  LPDDR4_Init                         
7000dc40  SOC_controlModuleLockMMR            
7000dcd0  SemaphoreP_construct                
7000dd60  LPDDR4_AckPhyIndepInterrupt         
7000ddf0  Drivers_uartClose                   
7000df10  UART_getHandle                      
7000e030  Module_clockSetFrequency            
7000e2d0  Bootloader_BootImageInfo_init       
7000e3d0  _DebugP_logZone                     
7000e450  Bootloader_close                    
7000e4d0  Bootloader_rprcImageParseEntryPoint 
7000e550  Module_clockDisable                 
7000e5d0  Module_clockEnable                  
7000e7d0  ClockP_start                        
7000ea00  Dpl_init                            
7000ebc0  DebugP_uartLogWriterPutChar         
7000eca0  Bootloader_socMemInitCpu            
7000ee20  TimerP_Params_init                  
7000eedc  __TI_auto_init_nobinit_nopinit      
7000ef40  Bootloader_bootCpu                  
7000f000  LPDDR4_Start                        
7000f060  TimerP_clearOverflowInt             
7000f300  Bootloader_runSelfCpu               
7000f350  Bootloader_socGetSciclientCpuClkId  
7000f3a0  Bootloader_socGetSciclientCpuDevId  
7000f3f0  System_init                         
7000f440  Bootloader_socCpuGetClkDefault      
7000f490  Bootloader_socGetCoreName           
7000f4e0  Bootloader_socGetSciclientCpuProcId 
7000f5d0  LPDDR4_Probe                        
7000f620  SemaphoreP_constructBinary          
7000f670  UART_deinit                         
7000f6c0  DebugP_logZoneEnable                
7000f8a0  Bootloader_CpuInfo_init             
7000f9a0  SemaphoreP_constructMutex           
7000fa20  Bootloader_socInitM4fIram           
7000fa60  ClockP_Params_init                  
7000faa0  System_deinit                       
7000fb20  vprintf_                            
7000fc20  CSL_secProxyGetDataAddr             
7000fca0  _system_pre_init                    
7000fce0  LPDDR4_AddOffset                    
7000fd10  SemaphoreP_Params_init              
7000fd40  TimerP_start                        
7000fd70  TimerP_stop                         
7000fe30  ClockP_isActive                     
7000fe90  Pinmux_init                         
7000ffb0  TimerP_getCount                     
7000ffe0  TimerP_getReloadCount               
70010064  __aeabi_uldivmod                    
70010090  Bootloader_Params_init              
700100b0  CPS_UncachedWrite32                 
70010130  DebugP_uartSetDrvIndex              
70010230  ClockP_getTimerCount                
70010250  ClockP_timerClearOverflowInt        
70010290  putchar_                            
700102ac  TI_memcpy_small                     
700102c8  __aeabi_memset                      
700102c8  __aeabi_memset4                     
700102c8  __aeabi_memset8                     
700102d8  __aeabi_memclr                      
700102d8  __aeabi_memclr4                     
700102d8  __aeabi_memclr8                     
700102f0  CPS_UncachedRead32                  
70010330  Sciclient_deinit                    
70010348  TI_memset_small                     
70010380  ClockP_getTicks                     
70010390  PowerClock_init                     
700103a0  SemaphoreP_destruct                 
700103b0  Bootloader_socGetSBLMem             
700103c0  Bootloader_socGetSelfCpuList        
700103d0  Bootloader_socWaitForFWBoot         
700103e0  Drivers_close                       
700103f0  Drivers_open                        
70010400  Drivers_uartInit                    
70010410  PowerClock_deinit                   
70010420  Dpl_deinit                          
70010430  TaskP_yield                         
70010440  __aeabi_ldiv0                       
70010450  HwiP_enableInt                      
700104b0  HwiP_disableInt                     
70010540  HwiP_restoreInt                     
70010580  HwiP_clearInt                       
700105e0  HwiP_post                           
70010640  HwiP_Params_init                    
70010690  HwiP_construct                      
70010980  HwiP_destruct                       
70010a30  HwiP_init                           
70010c50  HwiP_inISR                          
70010ce0  HwiP_irq_handler_c                  
70010ee0  HwiP_fiq_handler                    
70011090  HwiP_reserved_handler               
700110d0  HwiP_undefined_handler              
70011110  HwiP_svc_handler                    
70011150  HwiP_prefetch_abort_handler         
70011190  HwiP_data_abort_handler             
700111f8  HwiP_irq_handler                    
70011270  HwiP_disable                        
70011280  HwiP_disableFIQ                     
70011290  HwiP_enable                         
700112a0  HwiP_enableFIQ                      
700112b0  HwiP_restore                        
700112b8  HwiP_enableVIC                      
700112c8  HwiP_disableVIC                     
700112d8  HwiP_getCPSR                        
700112e0  CacheP_disableL1d                   
70011308  CacheP_disableL1p                   
70011320  CacheP_enableL1d                    
70011338  CacheP_enableL1p                    
70011350  CacheP_invL1d                       
70011388  CacheP_invL1p                       
700113c4  CacheP_invL1dAll                    
700113cc  CacheP_invL1pAll                    
700113d4  CacheP_wb                           
70011410  CacheP_wbInv                        
7001144c  CacheP_wbAll                        
700114f4  CacheP_wbInvAll                     
7001150c  CacheP_wbInvAllAsm                  
700115ac  CacheP_getEnabled                   
700115e4  CacheP_getCacheLevelInfo            
700115f0  CacheP_configForceWrThru            
70011610  CacheP_setDLFO                      
70011620  CacheP_init                         
700116f0  CacheP_disable                      
70011770  CacheP_enable                       
700117d0  CacheP_inv                          
70011830  MpuP_RegionAttrs_init               
70011890  MpuP_setRegion                      
700119e0  MpuP_enable                         
70011a50  MpuP_disable                        
70011ab0  MpuP_isEnable                       
70011ac0  MpuP_init                           
70011ba4  MpuP_disableAsm                     
70011bbc  MpuP_disableBRAsm                   
70011bcc  MpuP_enableAsm                      
70011be4  MpuP_enableBRAsm                    
70011bf4  MpuP_isEnableAsm                    
70011c08  MpuP_setRegionAsm                   
70011c20  _c_int00_sbl                        
70011c44  _c_int00                            
70011d20  _DebugP_assertNoLog                 
70011d70  __mpu_init                          
70011d80  DDRSS_phyReg                        
70011d80  gUartDmaConfig                      
7001256c  DDRSS_ctlReg                        
70012c08  DDRSS_phyIndepReg                   
7001316c  DDRSS_phyRegNum                     
70013562  DDRSS_ctlRegNum                     
700138b0  DDRSS_phyIndepRegNum                
70013c94  gAddrTranslateInfo                  
70013d58  gCoreBootInfo                       
70013e9c  gUartParams                         
70013ef0  gMpuRegionConfig                    
70013f70  gSciclientSecProxyCfg               
70013fc0  gSocModulesClockFrequency           
70013fd8  gBootloaderMemFxns                  
70013fec  gClockConfig                        
70014000  gResMemSection                      
70014014  gSocModules                         
70014024  gAddrTranslateConfig                
70014030  gBootloaderConfig                   
7001403c  gBootloaderSelfCpuList              
70014048  gMpuConfig                          
70014054  gBootloader0Args                    
7001405c  gCacheConfig                        
70014074  gUartConfig                         
7001407c  gBootloaderConfigNum                
70014080  gCacheL1dCacheLineSize              
70014084  gCacheL1pCacheLineSize              
70014088  gDebugLogZone                       
7001408c  gDebugP_uartDrvIndex                
70014090  gHwiConfig                          
70014094  gUartConfigNum                      
70014098  gUartDmaConfigNum                   
700148e8  gSciclientMap                       
70014dd4  gSOC_r5fVectors                     
70014ee0  gSOC_a53WhileLoop                   
70050000  __stack                             
70050000  __start___llvm_prf_cnts             
70050000  __stop___llvm_prf_cnts              
70054000  __BSS_START                         
70054000  __STACK_END                         
70054000  gHwiCtrl                            
70055288  gClockCtrl                          
700552e4  gUartHandle                         
700552e8  __BSS_END                           
700552e8  __IRQ_STACK_START                   
700562e8  __FIQ_STACK_START                   
700562e8  __IRQ_STACK_END                     
700563e8  __FIQ_STACK_END                     
700563e8  __SVC_STACK_START                   
700564e8  __ABORT_STACK_START                 
700564e8  __SVC_STACK_END                     
700565e8  __ABORT_STACK_END                   
700565e8  __UNDEFINED_STACK_START             
700566e8  __UNDEFINED_STACK_END               
ffffffff  __TI_pprof_out_hndl                 
ffffffff  __TI_prof_data_size                 
ffffffff  __TI_prof_data_start                
ffffffff  __binit__                           
ffffffff  binit                               
UNDEFED   __TI_CINIT_Base                     
UNDEFED   __TI_CINIT_Limit                    
UNDEFED   __TI_Handler_Table_Base             
UNDEFED   __TI_Handler_Table_Limit            
UNDEFED   _system_post_cinit                  

[304 symbols]
