******************************************************************************
            TI ARM Clang Linker Unix v1.3.1                    
******************************************************************************
>> Linked Mon Jun 20 12:49:10 2022

OUTPUT FILE NAME:   <sbl_uart_uniflash.release.out>
ENTRY POINT SYMBOL: "_vectors_sbl"  address: 70000000


MEMORY CONFIGURATION

         name            origin    length      used     unused   attr    fill
----------------------  --------  ---------  --------  --------  ----  --------
  R5F_VECS              00000000   00000040  00000000  00000040  RWIX
  R5F_TCMA              00000040   00007fc0  00000000  00007fc0  RWIX
  R5F_TCMB0             41010000   00008000  00000000  00008000  RWIX
  MSRAM_VECS            70000000   00000100  00000040  000000c0  RWIX
  MSRAM_0               70000100   0007ff00  00015140  0006adc0  RWIX
  MSRAM_1               70080000   00018000  00017a80  00000580  RWIX
  DDR                   80000000   00800000  00800000  00000000  RWIX


SEGMENT ALLOCATION MAP

run origin  load origin   length   init length attrs members
----------  ----------- ---------- ----------- ----- -------
70000000    70000000    00000040   00000040    r-x
  70000000    70000000    00000040   00000040    r-x .vectors
70000100    70000100    00010f90   00010f90    r-x
  70000100    70000100    00010050   00010050    r-x .text
  70010150    70010150    00000770   00000770    r-x .text.hwi
  700108c0    700108c0    00000460   00000460    r-x .text.cache
  70010d20    70010d20    00000240   00000240    r-x .text.mpu
  70010f60    70010f60    00000130   00000130    r-x .text.boot
70011090    70011090    00002690   00002690    rw-
  70011090    70011090    00002690   00002690    rw- .data
70013720    70013720    00001b20   00001b20    r--
  70013720    70013720    00001b20   00001b20    r-- .rodata
70080000    70080000    00016680   00000000    rw-
  70080000    70080000    0000a680   00000000    rw- .bss
  7008a680    7008a680    00008000   00000000    rw- .sysmem
  70092680    70092680    00004000   00000000    rw- .stack
70096680    70096680    00001400   00000000    r--
  70096680    70096680    00001000   00000000    r-- .irqstack
  70097680    70097680    00000100   00000000    r-- .fiqstack
  70097780    70097780    00000100   00000000    r-- .svcstack
  70097880    70097880    00000100   00000000    r-- .abortstack
  70097980    70097980    00000100   00000000    r-- .undefinedstack


SECTION ALLOCATION MAP

 output                                  attributes/
section   page    origin      length       input sections
--------  ----  ----------  ----------   ----------------
.vectors   0    70000000    00000040     
                  70000000    00000040     nortos.am64x.r5f.ti-arm-clang.release.lib : HwiP_armv7r_vectors_nortos_sbl_asm.obj (.vectors)

.text      0    70000100    00010050     
                  70000100    00000edc     drivers.am64x.r5f.ti-arm-clang.release.lib : mmcsd_v0.obj (.text.MMCSD_open)
                  70000fdc    00000c28     libc.a : _printfi.c.obj (.text:__TI_printfi_nofloat)
                  70001c04    0000000c            : aeabi_portable.c.obj (.text.__aeabi_errno_addr)
                  70001c10    00000898     drivers.am64x.r5f.ti-arm-clang.release.lib : mmcsd_v0.obj (.text.MMCSD_transfer)
                  700024a8    00000008     libc.a : exit.c.obj (.text:abort)
                  700024b0    000006be     drivers.am64x.r5f.ti-arm-clang.release.lib : sciclient_rm_irq.obj (.text.Sciclient_rmIrqFindRoute)
                  70002b6e    00000002     --HOLE-- [fill = 0]
                  70002b70    000005d4                                                : ospi_phy.obj (.text.OSPI_phyFindOTP1)
                  70003144    00000004     libclang_rt.builtins.a : aeabi_memcpy.S.obj (.text)
                  70003148    00000008     nortos.am64x.r5f.ti-arm-clang.release.lib : CacheP_armv7r_asm.obj (.tramp.CacheP_wb.1)
                  70003150    0000055e                                               : printf.obj (.text._vsnprintf)
                  700036ae    00000002     --HOLE-- [fill = 0]
                  700036b0    0000052a     drivers.am64x.r5f.ti-arm-clang.release.lib : udma_ch.obj (.text.Udma_chDisable)
                  70003bda    00000006     --HOLE-- [fill = 0]
                  70003be0    0000048e                                                : csl_bcdma.obj (.text.CSL_bcdmaChanOp)
                  7000406e    00000002     --HOLE-- [fill = 0]
                  70004070    0000046e                                                : udma_event.obj (.text.Udma_eventRegister)
                  700044de    00000002     --HOLE-- [fill = 0]
                  700044e0    000003d8                                                : uart_v0.obj (.text.UART_open)
                  700048b8    00000008     nortos.am64x.r5f.ti-arm-clang.release.lib : HwiP_armv7r_asm.obj (.tramp.HwiP_enable.1)
                  700048c0    000003b4     drivers.am64x.r5f.ti-arm-clang.release.lib : udma_ch.obj (.text.Udma_chOpen)
                  70004c74    00000008     nortos.am64x.r5f.ti-arm-clang.release.lib : HwiP_armv7r_asm.obj (.tramp.HwiP_restore.1)
                  70004c7c    00000004     --HOLE-- [fill = 0]
                  70004c80    0000039c     board.am64x.r5f.ti-arm-clang.release.lib : flash_nor_xspi.obj (.text.Flash_norXspiOpen)
                  7000501c    00000004     --HOLE-- [fill = 0]
                  70005020    00000376     drivers.am64x.r5f.ti-arm-clang.release.lib : sciclient.obj (.text.Sciclient_service)
                  70005396    0000000a     --HOLE-- [fill = 0]
                  700053a0    00000360                                                : udma_rm.obj (.text.Udma_rmInit)
                  70005700    00000350     nortos.am64x.r5f.ti-arm-clang.release.lib : printf.obj (.text._ftoa)
                  70005a50    00000326     drivers.am64x.r5f.ti-arm-clang.release.lib : ospi_phy.obj (.text.OSPI_phyFindOTP2)
                  70005d76    0000000a     --HOLE-- [fill = 0]
                  70005d80    000002e8     nortos.am64x.r5f.ti-arm-clang.release.lib : printf.obj (.text._etoa)
                  70006068    00000008     --HOLE-- [fill = 0]
                  70006070    000002ba     drivers.am64x.r5f.ti-arm-clang.release.lib : ddr.obj (.text.DDR_init)
                  7000632a    00000006     --HOLE-- [fill = 0]
                  70006330    000002a0                                                : udma_rmcfg_common.obj (.text.UdmaRmInitPrms_init)
                  700065d0    00000290                                                : ospi_v0.obj (.text.OSPI_open)
                  70006860    00000282                                                : udma_soc.obj (.text.Udma_initDrvHandle)
                  70006ae2    0000000e     --HOLE-- [fill = 0]
                  70006af0    00000276                                                : uart_v0.obj (.text.UART_read)
                  70006d66    0000000a     --HOLE-- [fill = 0]
                  70006d70    00000250                                                : bootloader_uniflash.obj (.text.Bootloader_uniflashProcessFlashCommands)
                  70006fc0    0000024c                                                : sciclient_rm_irq.obj (.text.Sciclient_rmProgramInterruptRoute)
                  7000720c    00000004     --HOLE-- [fill = 0]
                  70007210    0000022e                                                : xmodem.obj (.text.xmodemReceive)
                  7000743e    00000002     --HOLE-- [fill = 0]
                  70007440    0000021a                                                : uart_v0.obj (.text.UART_masterIsr)
                  7000765a    00000006     --HOLE-- [fill = 0]
                  70007660    0000020e                                                : xmodem.obj (.text.xmodemTransmit)
                  7000786e    00000002     --HOLE-- [fill = 0]
                  70007870    000001de                                                : uart_v0.obj (.text.UART_write)
                  70007a4e    00000002     --HOLE-- [fill = 0]
                  70007a50    000001d0                                                : uart_v0.obj (.text.UART_fifoConfig)
                  70007c20    000001d0     libclang_rt.builtins.a : udivsi3.S.obj (.text)
                  70007df0    000001cc     nortos.am64x.r5f.ti-arm-clang.release.lib : TimerP.obj (.text.TimerP_setup)
                  70007fbc    00000004     --HOLE-- [fill = 0]
                  70007fc0    0000019e     drivers.am64x.r5f.ti-arm-clang.release.lib : udma_ring_common.obj (.text.Udma_ringAlloc)
                  7000815e    00000002     --HOLE-- [fill = 0]
                  70008160    00000174                                                : sciclient_rm_irq.obj (.text.Sciclient_rmIrqProgramRoute)
                  700082d4    0000000c     --HOLE-- [fill = 0]
                  700082e0    00000146     nortos.am64x.r5f.ti-arm-clang.release.lib : printf.obj (.text._ntoa_format)
                  70008426    0000000a     --HOLE-- [fill = 0]
                  70008430    00000144     drivers.am64x.r5f.ti-arm-clang.release.lib : ospi_dma_udma.obj (.text.OspiDma_udmaOpen)
                  70008574    0000000c     --HOLE-- [fill = 0]
                  70008580    00000144                                                : uart_v0.obj (.text.UART_close)
                  700086c4    0000000c     --HOLE-- [fill = 0]
                  700086d0    00000140                                                : udma_ch.obj (.text.Udma_chConfigRx)
                  70008810    0000012c                                                : soc.obj (.text.SOC_moduleSetClockFrequency)
                  7000893c    00000004     --HOLE-- [fill = 0]
                  70008940    00000124                                                : lpddr4_16bit.obj (.text.LPDDR4_CheckCtlInterrupt)
                  70008a64    0000000c     --HOLE-- [fill = 0]
                  70008a70    0000011a                                                : ospi_dma_udma.obj (.text.OspiDma_udmaUpdateSubmitTR)
                  70008b8a    00000006     --HOLE-- [fill = 0]
                  70008b90    00000118                                                : lpddr4_16bit.obj (.text.LPDDR4_AckCtlInterrupt)
                  70008ca8    00000008     --HOLE-- [fill = 0]
                  70008cb0    00000118                                                : ospi_v0.obj (.text.OSPI_readCmd)
                  70008dc8    00000008     --HOLE-- [fill = 0]
                  70008dd0    00000118                                                : ospi_v0.obj (.text.OSPI_writeCmd)
                  70008ee8    00000118     libclang_rt.builtins.a : udivmoddi4.S.obj (.text)
                  70009000    0000010a     board.am64x.r5f.ti-arm-clang.release.lib : flash_nor_xspi.obj (.text.Flash_norXspiWrite)
                  7000910a    00000006     --HOLE-- [fill = 0]
                  70009110    00000102     drivers.am64x.r5f.ti-arm-clang.release.lib : udma_flow.obj (.text.Udma_flowConfig)
                  70009212    0000000e     --HOLE-- [fill = 0]
                  70009220    00000100                                                : csl_lcdma_ringacc.obj (.text.CSL_lcdma_ringaccPop64MultiAccess)
                  70009320    00000100                                                : udma_rm.obj (.text.Udma_rmSetSharedResRmInitPrms)
                  70009420    000000fc     nortos.am64x.r5f.ti-arm-clang.release.lib : ClockP_nortos_r5.obj (.text.ClockP_init)
                  7000951c    00000004     --HOLE-- [fill = 0]
                  70009520    000000f2     drivers.am64x.r5f.ti-arm-clang.release.lib : udma_ch.obj (.text.Udma_chEnable)
                  70009612    0000000e     --HOLE-- [fill = 0]
                  70009620    000000f0                                                : udma_ch.obj (.text.Udma_chFreeResource)
                  70009710    000000ee                                                : mmcsd_v0.obj (.text.MMCSD_read)
                  700097fe    00000002     --HOLE-- [fill = 0]
                  70009800    000000ee                                                : mmcsd_v0.obj (.text.MMCSD_write)
                  700098ee    00000002     --HOLE-- [fill = 0]
                  700098f0    000000e6                                                : bootloader_mmcsd_raw.obj (.text.Bootloader_MmcsdRaw_writeToOffset)
                  700099d6    0000000a     --HOLE-- [fill = 0]
                  700099e0    000000e6                                                : mmcsd_v0.obj (.text.MMCSD_phyConfigure)
                  70009ac6    0000000a     --HOLE-- [fill = 0]
                  70009ad0    000000e6                                                : ospi_v0.obj (.text.OSPI_writeIndirect)
                  70009bb6    0000000a     --HOLE-- [fill = 0]
                  70009bc0    000000d8                                                : bootloader_uniflash.obj (.text.Bootloader_uniflashFlashOrVerifyXipFile)
                  70009c98    00000008     --HOLE-- [fill = 0]
                  70009ca0    000000d8                                                : csl_lcdma_ringacc.obj (.text.CSL_lcdma_ringaccPush64MultiAccess)
                  70009d78    00000008     --HOLE-- [fill = 0]
                  70009d80    000000d8                                                : udma_ch.obj (.text.Udma_chConfigTx)
                  70009e58    00000008     --HOLE-- [fill = 0]
                  70009e60    000000d0                                                : bootloader_mmcsd_raw.obj (.text.Bootloader_MmcsdRaw_readFromOffset)
                  70009f30    000000ca                                                : csl_lcdma_ringacc.obj (.text.CSL_lcdma_ringaccDequeue)
                  70009ffa    00000006     --HOLE-- [fill = 0]
                  7000a000    000000c0                                                : mmcsd_v0.obj (.text.MMCSD_enableBootPartition)
                  7000a0c0    000000be                                                : ospi_v0.obj (.text.OSPI_readDirect)
                  7000a17e    00000002     --HOLE-- [fill = 0]
                  7000a180    000000b6     board.am64x.r5f.ti-arm-clang.release.lib : flash_nor_xspi.obj (.text.Flash_norXspiErase)
                  7000a236    0000000a     --HOLE-- [fill = 0]
                  7000a240    000000b6                                              : flash_nor_xspi.obj (.text.Flash_norXspiWaitReady)
                  7000a2f6    0000000a     --HOLE-- [fill = 0]
                  7000a300    000000b6     drivers.am64x.r5f.ti-arm-clang.release.lib : uart_v0.obj (.text.UART_divisorLatchWrite)
                  7000a3b6    0000000a     --HOLE-- [fill = 0]
                  7000a3c0    000000b2                                                : mmcsd_v0.obj (.text.MMCSD_halSetBusFreq)
                  7000a472    0000000e     --HOLE-- [fill = 0]
                  7000a480    000000b2                                                : uart_v0.obj (.text.UART_flushTxFifo)
                  7000a532    0000000e     --HOLE-- [fill = 0]
                  7000a540    000000ac     board.am64x.r5f.ti-arm-clang.release.lib : flash_nor_xspi.obj (.text.Flash_norXspiReadId)
                  7000a5ec    00000004     --HOLE-- [fill = 0]
                  7000a5f0    000000ac     main.obj (.text.main)
                  7000a69c    00000004     --HOLE-- [fill = 0]
                  7000a6a0    000000aa     drivers.am64x.r5f.ti-arm-clang.release.lib : udma_rm.obj (.text.Udma_rmAllocMappedRxCh)
                  7000a74a    00000006     --HOLE-- [fill = 0]
                  7000a750    000000aa                                                : udma_rm.obj (.text.Udma_rmAllocMappedTxCh)
                  7000a7fa    00000006     --HOLE-- [fill = 0]
                  7000a800    000000a8                                                : pinmux.obj (.text.Pinmux_config)
                  7000a8a8    00000008     --HOLE-- [fill = 0]
                  7000a8b0    000000a4                                                : sciclient_rm_irq.obj (.text.Sciclient_rmIrInpIsFree)
                  7000a954    0000000c     --HOLE-- [fill = 0]
                  7000a960    000000a4                                                : uart_v0.obj (.text.UART_procLineStatusErr)
                  7000aa04    0000000c     --HOLE-- [fill = 0]
                  7000aa10    000000a2                                                : udma_rm.obj (.text.Udma_rmAllocBlkCopyCh)
                  7000aab2    0000000e     --HOLE-- [fill = 0]
                  7000aac0    000000a2                                                : udma_rm.obj (.text.Udma_rmAllocBlkCopyHcCh)
                  7000ab62    0000000e     --HOLE-- [fill = 0]
                  7000ab70    000000a2                                                : udma_rm.obj (.text.Udma_rmAllocBlkCopyUhcCh)
                  7000ac12    0000000e     --HOLE-- [fill = 0]
                  7000ac20    000000a2                                                : udma_rm.obj (.text.Udma_rmAllocIrIntr)
                  7000acc2    0000000e     --HOLE-- [fill = 0]
                  7000acd0    000000a2                                                : udma_rm.obj (.text.Udma_rmAllocRxCh)
                  7000ad72    0000000e     --HOLE-- [fill = 0]
                  7000ad80    000000a2                                                : udma_rm.obj (.text.Udma_rmAllocRxHcCh)
                  7000ae22    0000000e     --HOLE-- [fill = 0]
                  7000ae30    000000a2                                                : udma_rm.obj (.text.Udma_rmAllocRxUhcCh)
                  7000aed2    0000000e     --HOLE-- [fill = 0]
                  7000aee0    000000a2                                                : udma_rm.obj (.text.Udma_rmAllocTxCh)
                  7000af82    0000000e     --HOLE-- [fill = 0]
                  7000af90    000000a2                                                : udma_rm.obj (.text.Udma_rmAllocTxHcCh)
                  7000b032    0000000e     --HOLE-- [fill = 0]
                  7000b040    000000a2                                                : udma_rm.obj (.text.Udma_rmAllocTxUhcCh)
                  7000b0e2    0000000e     --HOLE-- [fill = 0]
                  7000b0f0    000000a2     nortos.am64x.r5f.ti-arm-clang.release.lib : printf.obj (.text._ntoa_long_long)
                  7000b192    0000000e     --HOLE-- [fill = 0]
                  7000b1a0    000000a0     drivers.am64x.r5f.ti-arm-clang.release.lib : bootloader_uniflash.obj (.text.Bootloader_uniflashFlashVerifyFile)
                  7000b240    0000009e                                                : sciclient_pm.obj (.text.Sciclient_pmQueryModuleClkFreq)
                  7000b2de    00000002     --HOLE-- [fill = 0]
                  7000b2e0    0000009e                                                : udma.obj (.text.Udma_init)
                  7000b37e    00000002     --HOLE-- [fill = 0]
                  7000b380    0000009a                                                : bootloader_uniflash.obj (.text.Bootloader_uniflashFlashFile)
                  7000b41a    00000006     --HOLE-- [fill = 0]
                  7000b420    0000009a                                                : bootloader_uniflash.obj (.text.Bootloader_uniflashFlashVerifyFileMMCSDRaw)
                  7000b4ba    00000006     --HOLE-- [fill = 0]
                  7000b4c0    0000009a                                                : mmcsd_priv.obj (.text.MMCSD_parseCSDSd)
                  7000b55a    00000006     --HOLE-- [fill = 0]
                  7000b560    0000009a                                                : udma_rm.obj (.text.Udma_rmAllocMappedRing)
                  7000b5fa    00000006     --HOLE-- [fill = 0]
                  7000b600    00000098                                                : sciclient.obj (.text.Sciclient_init)
                  7000b698    00000008     --HOLE-- [fill = 0]
                  7000b6a0    00000096                                                : mmcsd_priv.obj (.text.MMCSD_parseECSDEmmc)
                  7000b736    0000000a     --HOLE-- [fill = 0]
                  7000b740    00000094                                                : ospi_phy.obj (.text.OSPI_phyTuneDDR)
                  7000b7d4    0000000c     --HOLE-- [fill = 0]
                  7000b7e0    00000094                                                : sciclient_rm_irq.obj (.text.Sciclient_rmTranslateIntOutput)
                  7000b874    0000000c     --HOLE-- [fill = 0]
                  7000b880    00000094                                                : sciclient.obj (.text.Sciclient_sendMessage)
                  7000b914    0000000c     --HOLE-- [fill = 0]
                  7000b920    00000094     nortos.am64x.r5f.ti-arm-clang.release.lib : SemaphoreP_nortos.obj (.text.SemaphoreP_pend)
                  7000b9b4    0000000c     --HOLE-- [fill = 0]
                  7000b9c0    00000094     drivers.am64x.r5f.ti-arm-clang.release.lib : uart_v0.obj (.text.UART_init)
                  7000ba54    0000000c     --HOLE-- [fill = 0]
                  7000ba60    00000092                                                : udma_ch.obj (.text.Udma_chClose)
                  7000baf2    0000000e     --HOLE-- [fill = 0]
                  7000bb00    00000092                                                : udma_event.obj (.text.Udma_eventFreeResource)
                  7000bb92    0000000e     --HOLE-- [fill = 0]
                  7000bba0    00000092     nortos.am64x.r5f.ti-arm-clang.release.lib : printf.obj (.text._ntoa_long)
                  7000bc32    0000000e     --HOLE-- [fill = 0]
                  7000bc40    0000008c     drivers.am64x.r5f.ti-arm-clang.release.lib : sciclient_pm.obj (.text.Sciclient_pmSetModuleClkFreq)
                  7000bccc    00000004     --HOLE-- [fill = 0]
                  7000bcd0    0000008c                                                : uart_v0.obj (.text.UART_readCancelNoCB)
                  7000bd5c    00000004     --HOLE-- [fill = 0]
                  7000bd60    0000008c                                                : udma_ring_lcdma.obj (.text.Udma_ringSetCfgLcdma)
                  7000bdec    00000004     --HOLE-- [fill = 0]
                  7000bdf0    0000008a     board.am64x.r5f.ti-arm-clang.release.lib : flash_nor_xspi.obj (.text.Flash_norXspiRegWrite)
                  7000be7a    00000006     --HOLE-- [fill = 0]
                  7000be80    0000008a     drivers.am64x.r5f.ti-arm-clang.release.lib : udma_rm.obj (.text.Udma_rmGetSciclientDefaultBoardCfgRmRange)
                  7000bf0a    00000006     --HOLE-- [fill = 0]
                  7000bf10    0000008a     nortos.am64x.r5f.ti-arm-clang.release.lib : printf.obj (.text._out_rev)
                  7000bf9a    00000006     --HOLE-- [fill = 0]
                  7000bfa0    00000086     drivers.am64x.r5f.ti-arm-clang.release.lib : udma_event.obj (.text.Udma_eventIsrFxn)
                  7000c026    0000000a     --HOLE-- [fill = 0]
                  7000c030    00000084                                                : csl_pktdma.obj (.text.CSL_pktdmaTeardownChan)
                  7000c0b4    0000000c     --HOLE-- [fill = 0]
                  7000c0c0    00000084                                                : ospi_dma_udma.obj (.text.OspiDma_udmaCopy)
                  7000c144    0000000c     --HOLE-- [fill = 0]
                  7000c150    00000082                                                : mmcsd_v0.obj (.text.MMCSD_init)
                  7000c1d2    0000000e     --HOLE-- [fill = 0]
                  7000c1e0    00000082                                                : mmcsd_priv.obj (.text.MMCSD_parseCIDEmmc)
                  7000c262    0000000e     --HOLE-- [fill = 0]
                  7000c270    00000082                                                : ospi_v0.obj (.text.OSPI_init)
                  7000c2f2    0000000e     --HOLE-- [fill = 0]
                  7000c300    0000007e                                                : sciclient_rm_irq.obj (.text.Sciclient_rmIrOutpIsFree)
                  7000c37e    00000002     --HOLE-- [fill = 0]
                  7000c380    0000007c                                                : bootloader_soc.obj (.text.Bootloader_socOpenFirewalls)
                  7000c3fc    00000004     --HOLE-- [fill = 0]
                  7000c400    0000007a                                                : sciclient_pm.obj (.text.Sciclient_pmGetModuleClkNumParent)
                  7000c47a    00000006     --HOLE-- [fill = 0]
                  7000c480    00000078                                                : bootloader_soc.obj (.text.Bootloader_socOpenFirewallRegion)
                  7000c4f8    00000008     --HOLE-- [fill = 0]
                  7000c500    00000078                                                : mmcsd_v0.obj (.text.MMCSD_phyInit)
                  7000c578    00000008     --HOLE-- [fill = 0]
                  7000c580    00000078     ti_drivers_config.obj (.text.System_init)
                  7000c5f8    00000008     --HOLE-- [fill = 0]
                  7000c600    00000078     drivers.am64x.r5f.ti-arm-clang.release.lib : udma_rm.obj (.text.Udma_rmAllocVintrBit)
                  7000c678    00000008     --HOLE-- [fill = 0]
                  7000c680    00000076                                                : sciclient_rm_irq.obj (.text.Sciclient_rmIrqGetNode)
                  7000c6f6    00000002     --HOLE-- [fill = 0]
                  7000c6f8    00000074     libc.a : snprintf.c.obj (.text.snprintf)
                  7000c76c    00000004     --HOLE-- [fill = 0]
                  7000c770    00000070     drivers.am64x.r5f.ti-arm-clang.release.lib : mmcsd_v0.obj (.text.MMCSD_isReadyForTransfer)
                  7000c7e0    00000070                                                : ospi_phy.obj (.text.OSPI_phyResyncDLL)
                  7000c850    00000070                                                : soc.obj (.text.SOC_moduleClockEnable)
                  7000c8c0    0000006e                                                : csl_pktdma.obj (.text.CSL_pktdmaAccessChanPeerReg)
                  7000c92e    00000002     --HOLE-- [fill = 0]
                  7000c930    0000006e                                                : lpddr4.obj (.text.LPDDR4_Start)
                  7000c99e    00000002     --HOLE-- [fill = 0]
                  7000c9a0    0000006e                                                : mmcsd_priv.obj (.text.MMCSD_parseCIDSd)
                  7000ca0e    00000002     --HOLE-- [fill = 0]
                  7000ca10    0000006e                                                : sciclient_pm.obj (.text.Sciclient_pmGetModuleState)
                  7000ca7e    00000002     --HOLE-- [fill = 0]
                  7000ca80    0000006c     nortos.am64x.r5f.ti-arm-clang.release.lib : ClockP_nortos.obj (.text.ClockP_timerTickIsr)
                  7000caec    0000006c     libc.a : atoi.c.obj (.text.atoi)
                  7000cb58    00000008     --HOLE-- [fill = 0]
                  7000cb60    0000006a     drivers.am64x.r5f.ti-arm-clang.release.lib : ospi_dma_udma.obj (.text.OspiDma_udmaClose)
                  7000cbca    00000006     --HOLE-- [fill = 0]
                  7000cbd0    0000006a                                                : uart_v0.obj (.text.UART_writeCancelNoCB)
                  7000cc3a    00000006     --HOLE-- [fill = 0]
                  7000cc40    00000068     nortos.am64x.r5f.ti-arm-clang.release.lib : AddrTranslateP.obj (.text.AddrTranslateP_getLocalAddr)
                  7000cca8    00000008     --HOLE-- [fill = 0]
                  7000ccb0    00000066     drivers.am64x.r5f.ti-arm-clang.release.lib : csl_bcdma.obj (.text.CSL_bcdmaDoChanOp)
                  7000cd16    0000000a     --HOLE-- [fill = 0]
                  7000cd20    00000066                                                : sciclient_pm.obj (.text.Sciclient_pmGetModuleClkParent)
                  7000cd86    0000000a     --HOLE-- [fill = 0]
                  7000cd90    00000064                                                : mmcsd_v0.obj (.text.MMCSD_cmdStatusPollingFxn)
                  7000cdf4    0000000c     --HOLE-- [fill = 0]
                  7000ce00    00000064                                                : ospi_v0.obj (.text.OSPI_close)
                  7000ce64    0000000c     --HOLE-- [fill = 0]
                  7000ce70    00000064                                                : sciclient_pm.obj (.text.Sciclient_pmModuleGetClkStatus)
                  7000ced4    0000000c     --HOLE-- [fill = 0]
                  7000cee0    00000064                                                : udma_utils.obj (.text.UdmaUtils_makeTrpd)
                  7000cf44    0000000c     --HOLE-- [fill = 0]
                  7000cf50    00000062     ti_board_open_close.obj (.text.Board_flashOpen)
                  7000cfb2    0000000e     --HOLE-- [fill = 0]
                  7000cfc0    00000062     drivers.am64x.r5f.ti-arm-clang.release.lib : ospi_v0.obj (.text.OSPI_setXferOpCodes)
                  7000d022    0000000e     --HOLE-- [fill = 0]
                  7000d030    00000062                                                : udma_ring_lcdma.obj (.text.Udma_ringFlushRawLcdma)
                  7000d092    0000000e     --HOLE-- [fill = 0]
                  7000d0a0    00000062                                                : udma_ring_common.obj (.text.Udma_ringFree)
                  7000d102    0000000e     --HOLE-- [fill = 0]
                  7000d110    00000062                                                : udma_ring_common.obj (.text.Udma_ringQueueRaw)
                  7000d172    0000000e     --HOLE-- [fill = 0]
                  7000d180    00000060                                                : sciclient_pm.obj (.text.Sciclient_pmSetModuleClkParent)
                  7000d1e0    00000060                                                : sciclient.obj (.text.Sciclient_waitForBootNotification)
                  7000d240    0000005e                                                : ospi_phy.obj (.text.OSPI_phyFindRxHigh)
                  7000d29e    00000002     --HOLE-- [fill = 0]
                  7000d2a0    0000005e                                                : ospi_phy.obj (.text.OSPI_phyFindRxLow)
                  7000d2fe    00000002     --HOLE-- [fill = 0]
                  7000d300    0000005e                                                : ospi_phy.obj (.text.OSPI_phyFindTxHigh)
                  7000d35e    00000002     --HOLE-- [fill = 0]
                  7000d360    0000005e                                                : ospi_phy.obj (.text.OSPI_phyFindTxLow)
                  7000d3be    00000002     --HOLE-- [fill = 0]
                  7000d3c0    0000005e                                                : sciclient_pm.obj (.text.Sciclient_pmModuleClkRequest)
                  7000d41e    00000002     --HOLE-- [fill = 0]
                  7000d420    0000005e                                                : udma_rm.obj (.text.Udma_rmFreeMappedRing)
                  7000d47e    00000002     --HOLE-- [fill = 0]
                  7000d480    0000005c     board.am64x.r5f.ti-arm-clang.release.lib : flash_nor_xspi.obj (.text.Flash_norXspiRead)
                  7000d4dc    00000004     --HOLE-- [fill = 0]
                  7000d4e0    0000005c     drivers.am64x.r5f.ti-arm-clang.release.lib : udma_rm.obj (.text.Udma_rmAllocEvent)
                  7000d53c    00000004     --HOLE-- [fill = 0]
                  7000d540    0000005c                                                : udma_rm.obj (.text.Udma_rmAllocVintr)
                  7000d59c    00000004     --HOLE-- [fill = 0]
                  7000d5a0    0000005c     nortos.am64x.r5f.ti-arm-clang.release.lib : DebugP_log.obj (.text._DebugP_assert)
                  7000d5fc    0000005c     libc.a : autoinit.c.obj (.text:__TI_auto_init_nobinit_nopinit)
                  7000d658    00000008     --HOLE-- [fill = 0]
                  7000d660    0000005a     drivers.am64x.r5f.ti-arm-clang.release.lib : udma_ring_common.obj (.text.Udma_ringDequeueRaw)
                  7000d6ba    00000006     --HOLE-- [fill = 0]
                  7000d6c0    00000058                                                : lpddr4.obj (.text.LPDDR4_ReadReg)
                  7000d718    00000008     --HOLE-- [fill = 0]
                  7000d720    00000058                                                : mmcsd_v0.obj (.text.MMCSD_halSendCommand)
                  7000d778    00000008     --HOLE-- [fill = 0]
                  7000d780    00000058                                                : uart_dma.obj (.text.UART_dmaDisableChannel)
                  7000d7d8    00000008     --HOLE-- [fill = 0]
                  7000d7e0    00000058                                                : udma_rm.obj (.text.Udma_rmFreeVintrBit)
                  7000d838    00000058     libc.a : snprintf.c.obj (.text._outs)
                  7000d890    00000056     board.am64x.r5f.ti-arm-clang.release.lib : flash.obj (.text.Flash_offsetToBlkPage)
                  7000d8e6    0000000a     --HOLE-- [fill = 0]
                  7000d8f0    00000054     drivers.am64x.r5f.ti-arm-clang.release.lib : csl_intaggr.obj (.text.CSL_intaggrIsIntrPending)
                  7000d944    0000000c     --HOLE-- [fill = 0]
                  7000d950    00000054                                                : uart_dma.obj (.text.UART_dmaClose)
                  7000d9a4    0000000c     --HOLE-- [fill = 0]
                  7000d9b0    00000052                                                : mmcsd_v0.obj (.text.MMCSD_close)
                  7000da02    0000000e     --HOLE-- [fill = 0]
                  7000da10    00000052                                                : sciclient_pm.obj (.text.Sciclient_pmSetModuleState)
                  7000da62    0000000e     --HOLE-- [fill = 0]
                  7000da70    0000004e                                                : csl_intaggr.obj (.text.CSL_intaggrClrIntr)
                  7000dabe    00000002     --HOLE-- [fill = 0]
                  7000dac0    0000004e                                                : mmcsd_v0.obj (.text.MMCSD_halSetBusWidth)
                  7000db0e    00000002     --HOLE-- [fill = 0]
                  7000db10    0000004e                                                : sciclient_soc_priv.obj (.text.Sciclient_getContext)
                  7000db5e    00000002     --HOLE-- [fill = 0]
                  7000db60    0000004c     nortos.am64x.r5f.ti-arm-clang.release.lib : ClockP_nortos.obj (.text.ClockP_addToList)
                  7000dbac    00000004     --HOLE-- [fill = 0]
                  7000dbb0    0000004c                                               : ClockP_nortos.obj (.text.ClockP_getTimeUsec)
                  7000dbfc    00000004     --HOLE-- [fill = 0]
                  7000dc00    0000004c     ti_drivers_open_close.obj (.text.Drivers_mmcsdOpen)
                  7000dc4c    00000004     --HOLE-- [fill = 0]
                  7000dc50    0000004c     ti_drivers_open_close.obj (.text.Drivers_ospiOpen)
                  7000dc9c    00000004     --HOLE-- [fill = 0]
                  7000dca0    0000004c     ti_drivers_open_close.obj (.text.Drivers_uartOpen)
                  7000dcec    00000004     --HOLE-- [fill = 0]
                  7000dcf0    0000004c     drivers.am64x.r5f.ti-arm-clang.release.lib : ospi_phy.obj (.text.OSPI_phyReadAttackVector)
                  7000dd3c    00000004     --HOLE-- [fill = 0]
                  7000dd40    0000004c                                                : sciclient_rm.obj (.text.Sciclient_rmGetResourceRange)
                  7000dd8c    00000004     --HOLE-- [fill = 0]
                  7000dd90    0000004c                                                : udma_ring_lcdma.obj (.text.Udma_ringSetDoorBellLcdma)
                  7000dddc    00000004     --HOLE-- [fill = 0]
                  7000dde0    0000004a     nortos.am64x.r5f.ti-arm-clang.release.lib : ClockP_nortos.obj (.text.ClockP_construct)
                  7000de2a    00000006     --HOLE-- [fill = 0]
                  7000de30    00000048     drivers.am64x.r5f.ti-arm-clang.release.lib : ospi_phy.obj (.text.OSPI_phySetRdDelayTxRxDLL)
                  7000de78    00000008     --HOLE-- [fill = 0]
                  7000de80    00000048                                                : udma_ch.obj (.text.UdmaChTxPrms_init)
                  7000dec8    00000008     --HOLE-- [fill = 0]
                  7000ded0    00000048                                                : udma_rm.obj (.text.Udma_rmFreeMappedRxCh)
                  7000df18    00000008     --HOLE-- [fill = 0]
                  7000df20    00000048                                                : udma_rm.obj (.text.Udma_rmFreeMappedTxCh)
                  7000df68    00000048     libc.a : memccpy.c.obj (.text.memccpy)
                  7000dfb0    00000046     drivers.am64x.r5f.ti-arm-clang.release.lib : csl_bcdma.obj (.text.CSL_bcdmaChanOpSetChanPause)
                  7000dff6    0000000a     --HOLE-- [fill = 0]
                  7000e000    00000046                                                : udma_flow.obj (.text.UdmaFlowPrms_init)
                  7000e046    0000000a     --HOLE-- [fill = 0]
                  7000e050    00000046                                                : bootloader_xmodem.obj (.text._inbyte)
                  7000e096    0000000a     --HOLE-- [fill = 0]
                  7000e0a0    00000044     nortos.am64x.r5f.ti-arm-clang.release.lib : ClockP_nortos.obj (.text.ClockP_stop)
                  7000e0e4    0000000c     --HOLE-- [fill = 0]
                  7000e0f0    00000044     drivers.am64x.r5f.ti-arm-clang.release.lib : lpddr4.obj (.text.LPDDR4_WritePhyIndepConfig)
                  7000e134    0000000c     --HOLE-- [fill = 0]
                  7000e140    00000044                                                : sciclient_pm.obj (.text.Sciclient_pmSetModuleRst)
                  7000e184    0000000c     --HOLE-- [fill = 0]
                  7000e190    00000042                                                : ddr_soc.obj (.text.DDR_socEnableVttRegulator)
                  7000e1d2    0000000e     --HOLE-- [fill = 0]
                  7000e1e0    00000042                                                : lpddr4.obj (.text.LPDDR4_WritePhyConfig)
                  7000e222    0000000e     --HOLE-- [fill = 0]
                  7000e230    00000042                                                : ospi_v0.obj (.text.OSPI_enablePhy)
                  7000e272    0000000e     --HOLE-- [fill = 0]
                  7000e280    00000042                                                : sciclient_rm.obj (.text.Sciclient_rmPsilPair)
                  7000e2c2    0000000e     --HOLE-- [fill = 0]
                  7000e2d0    00000042                                                : sciclient_rm.obj (.text.Sciclient_rmPsilUnpair)
                  7000e312    0000000e     --HOLE-- [fill = 0]
                  7000e320    00000042                                                : udma_ch.obj (.text.UdmaChPrms_init)
                  7000e362    0000000e     --HOLE-- [fill = 0]
                  7000e370    00000042                                                : udma_ch.obj (.text.UdmaChRxPrms_init)
                  7000e3b2    0000000e     --HOLE-- [fill = 0]
                  7000e3c0    00000040     ti_dpl_config.obj (.text.Dpl_init)
                  7000e400    00000040     drivers.am64x.r5f.ti-arm-clang.release.lib : mmcsd_priv.obj (.text.MMCSD_parseCSDEmmc)
                  7000e440    00000040                                                : sciclient_firewall.obj (.text.Sciclient_firewallChangeOwnerInfo)
                  7000e480    00000040                                                : sciclient_firewall.obj (.text.Sciclient_firewallSetRegion)
                  7000e4c0    00000040                                                : sciclient_rm.obj (.text.Sciclient_rmIrqSetRaw)
                  7000e500    00000040                                                : sciclient_rm.obj (.text.Sciclient_rmRingCfg)
                  7000e540    00000040                                                : sciclient_rm.obj (.text.Sciclient_rmUdmapFlowCfg)
                  7000e580    00000040                                                : sciclient_rm.obj (.text.Sciclient_rmUdmapFlowSizeThreshCfg)
                  7000e5c0    00000040                                                : sciclient_rm.obj (.text.Sciclient_rmUdmapRxChCfg)
                  7000e600    00000040                                                : sciclient_rm.obj (.text.Sciclient_rmUdmapTxChCfg)
                  7000e640    00000040     nortos.am64x.r5f.ti-arm-clang.release.lib : SemaphoreP_nortos.obj (.text.SemaphoreP_constructBinary)
                  7000e680    00000040     drivers.am64x.r5f.ti-arm-clang.release.lib : udma_ring_lcdma.obj (.text.Udma_ringPrimeReadLcdma)
                  7000e6c0    00000040                                                : udma_rm.obj (.text.Udma_rmFreeBlkCopyCh)
                  7000e700    00000040                                                : udma_rm.obj (.text.Udma_rmFreeBlkCopyHcCh)
                  7000e740    00000040                                                : udma_rm.obj (.text.Udma_rmFreeBlkCopyUhcCh)
                  7000e780    00000040                                                : udma_rm.obj (.text.Udma_rmFreeEvent)
                  7000e7c0    00000040                                                : udma_rm.obj (.text.Udma_rmFreeIrIntr)
                  7000e800    00000040                                                : udma_rm.obj (.text.Udma_rmFreeRxCh)
                  7000e840    00000040                                                : udma_rm.obj (.text.Udma_rmFreeRxHcCh)
                  7000e880    00000040                                                : udma_rm.obj (.text.Udma_rmFreeRxUhcCh)
                  7000e8c0    00000040                                                : udma_rm.obj (.text.Udma_rmFreeTxCh)
                  7000e900    00000040                                                : udma_rm.obj (.text.Udma_rmFreeTxHcCh)
                  7000e940    00000040                                                : udma_rm.obj (.text.Udma_rmFreeTxUhcCh)
                  7000e980    00000040                                                : udma_rm.obj (.text.Udma_rmFreeVintr)
                  7000e9c0    0000003e                                                : lpddr4.obj (.text.LPDDR4_WriteCtlConfig)
                  7000e9fe    00000002     --HOLE-- [fill = 0]
                  7000ea00    0000003e                                                : soc.obj (.text.SOC_controlModuleUnlockMMR)
                  7000ea3e    00000002     --HOLE-- [fill = 0]
                  7000ea40    0000003e                                                : udma_soc.obj (.text.Udma_getMappedChRingAttributes)
                  7000ea7e    00000002     --HOLE-- [fill = 0]
                  7000ea80    0000003c                                                : mmcsd_v0.obj (.text.MMCSD_halBusPower)
                  7000eabc    00000004     --HOLE-- [fill = 0]
                  7000eac0    0000003c     nortos.am64x.r5f.ti-arm-clang.release.lib : SemaphoreP_nortos.obj (.text.SemaphoreP_constructMutex)
                  7000eafc    00000004     --HOLE-- [fill = 0]
                  7000eb00    0000003c     drivers.am64x.r5f.ti-arm-clang.release.lib : udma_event.obj (.text.UdmaEventPrms_init)
                  7000eb3c    00000004     --HOLE-- [fill = 0]
                  7000eb40    0000003c                                                : udma_ring_common.obj (.text.Udma_ringFlushRaw)
                  7000eb7c    00000004     --HOLE-- [fill = 0]
                  7000eb80    0000003a     nortos.am64x.r5f.ti-arm-clang.release.lib : ClockP_nortos.obj (.text.ClockP_destruct)
                  7000ebba    00000006     --HOLE-- [fill = 0]
                  7000ebc0    0000003a     drivers.am64x.r5f.ti-arm-clang.release.lib : mmcsd_v0.obj (.text.MMCSD_halSoftReset)
                  7000ebfa    00000006     --HOLE-- [fill = 0]
                  7000ec00    0000003a                                                : ospi_dma.obj (.text.OSPI_dmaOpen)
                  7000ec3a    00000006     --HOLE-- [fill = 0]
                  7000ec40    0000003a                                                : uart_dma.obj (.text.UART_dmaOpen)
                  7000ec7a    00000006     --HOLE-- [fill = 0]
                  7000ec80    00000038     ti_power_clock_config.obj (.text.Module_clockSetFrequency)
                  7000ecb8    00000008     --HOLE-- [fill = 0]
                  7000ecc0    00000038     drivers.am64x.r5f.ti-arm-clang.release.lib : sciclient.obj (.text.Sciclient_getCurrentContext)
                  7000ecf8    00000008     --HOLE-- [fill = 0]
                  7000ed00    00000038                                                : udma_ring_lcdma.obj (.text.Udma_lcdmaRingaccMemOps)
                  7000ed38    00000008     --HOLE-- [fill = 0]
                  7000ed40    00000038     nortos.am64x.r5f.ti-arm-clang.release.lib : DebugP_nortos.obj (.text._DebugP_logZone)
                  7000ed78    00000008     --HOLE-- [fill = 0]
                  7000ed80    00000036     drivers.am64x.r5f.ti-arm-clang.release.lib : csl_bcdma.obj (.text.CSL_bcdmaGetCfg)
                  7000edb6    0000000a     --HOLE-- [fill = 0]
                  7000edc0    00000036                                                : csl_pktdma.obj (.text.CSL_pktdmaGetCfg)
                  7000edf6    0000000a     --HOLE-- [fill = 0]
                  7000ee00    00000036     board.am64x.r5f.ti-arm-clang.release.lib : flash.obj (.text.Flash_open)
                  7000ee36    0000000a     --HOLE-- [fill = 0]
                  7000ee40    00000036     drivers.am64x.r5f.ti-arm-clang.release.lib : mmcsd_v0.obj (.text.MMCSD_halCmdResponseGet)
                  7000ee76    0000000a     --HOLE-- [fill = 0]
                  7000ee80    00000036                                                : bootloader_xmodem.obj (.text._outbyte)
                  7000eeb6    0000000a     --HOLE-- [fill = 0]
                  7000eec0    00000034     nortos.am64x.r5f.ti-arm-clang.release.lib : ClockP_nortos.obj (.text.ClockP_start)
                  7000eef4    0000000c     --HOLE-- [fill = 0]
                  7000ef00    00000034     drivers.am64x.r5f.ti-arm-clang.release.lib : lpddr4_16bit.obj (.text.LPDDR4_EnablePIInitiator)
                  7000ef34    0000000c     --HOLE-- [fill = 0]
                  7000ef40    00000034                                                : lpddr4.obj (.text.LPDDR4_PollCtlIrq)
                  7000ef74    0000000c     --HOLE-- [fill = 0]
                  7000ef80    00000034                                                : ospi_v0.obj (.text.OSPI_disablePhy)
                  7000efb4    0000000c     --HOLE-- [fill = 0]
                  7000efc0    00000034                                                : ospi_v0.obj (.text.OSPI_setXferLines)
                  7000eff4    0000000c     --HOLE-- [fill = 0]
                  7000f000    00000034                                                : udma_rmcfg.obj (.text.Udma_rmGetSharedResPrms)
                  7000f034    0000000c     --HOLE-- [fill = 0]
                  7000f040    00000032                                                : bootloader_xmodem.obj (.text.Bootloader_xmodemTransmit)
                  7000f072    0000000e     --HOLE-- [fill = 0]
                  7000f080    00000032     nortos.am64x.r5f.ti-arm-clang.release.lib : ClockP_nortos.obj (.text.ClockP_usleep)
                  7000f0b2    0000000e     --HOLE-- [fill = 0]
                  7000f0c0    00000032                                               : SemaphoreP_nortos.obj (.text.SemaphoreP_post)
                  7000f0f2    0000000e     --HOLE-- [fill = 0]
                  7000f100    00000030     drivers.am64x.r5f.ti-arm-clang.release.lib : bootloader_xmodem.obj (.text.Bootloader_xmodemReceive)
                  7000f130    00000030                                                : csl_intaggr.obj (.text.CSL_intaggrGetCfg)
                  7000f160    00000030     ti_power_clock_config.obj (.text.Module_clockEnable)
                  7000f190    00000030     libc.a : snprintf.c.obj (.text._outc)
                  7000f1c0    0000002e     drivers.am64x.r5f.ti-arm-clang.release.lib : ddr.obj (.text.DDR_setFreq)
                  7000f1ee    00000002     --HOLE-- [fill = 0]
                  7000f1f0    0000002e                                                : mmcsd_v0.obj (.text.MMCSD_getHandle)
                  7000f21e    00000002     --HOLE-- [fill = 0]
                  7000f220    0000002e                                                : mmcsd_v0.obj (.text.MMCSD_halLinesResetCmd)
                  7000f24e    00000002     --HOLE-- [fill = 0]
                  7000f250    0000002e                                                : mmcsd_v0.obj (.text.MMCSD_halLinesResetDat)
                  7000f27e    00000002     --HOLE-- [fill = 0]
                  7000f280    0000002e                                                : uart_v0.obj (.text.UART_getHandle)
                  7000f2ae    00000002     --HOLE-- [fill = 0]
                  7000f2b0    0000002e                                                : udma_ring_common.obj (.text.UdmaRingPrms_init)
                  7000f2de    00000002     --HOLE-- [fill = 0]
                  7000f2e0    0000002e                                                : udma_ch.obj (.text.Udma_chGetCqRingNum)
                  7000f30e    00000002     --HOLE-- [fill = 0]
                  7000f310    0000002c                                                : csl_pktdma.obj (.text.CSL_pktdmaGetRxRT)
                  7000f33c    00000004     --HOLE-- [fill = 0]
                  7000f340    0000002c                                                : csl_pktdma.obj (.text.CSL_pktdmaGetTxRT)
                  7000f36c    00000004     --HOLE-- [fill = 0]
                  7000f370    0000002c                                                : ospi_v0.obj (.text.OSPI_getHandle)
                  7000f39c    00000004     --HOLE-- [fill = 0]
                  7000f3a0    0000002a                                                : ospi_v0.obj (.text.OSPI_setDeviceSize)
                  7000f3ca    00000006     --HOLE-- [fill = 0]
                  7000f3d0    0000002a                                                : soc.obj (.text.SOC_controlModuleLockMMR)
                  7000f3fa    00000006     --HOLE-- [fill = 0]
                  7000f400    0000002a                                                : udma_utils.obj (.text.Udma_phyToVirtFxn)
                  7000f42a    00000006     --HOLE-- [fill = 0]
                  7000f430    0000002a                                                : crc16.obj (.text.crc16_ccitt)
                  7000f45a    00000006     --HOLE-- [fill = 0]
                  7000f460    00000028     nortos.am64x.r5f.ti-arm-clang.release.lib : ClockP_nortos.obj (.text.ClockP_sleepTicks)
                  7000f488    00000008     --HOLE-- [fill = 0]
                  7000f490    00000028     drivers.am64x.r5f.ti-arm-clang.release.lib : udma_ch.obj (.text.Udma_chGetCqRingHandle)
                  7000f4b8    00000008     --HOLE-- [fill = 0]
                  7000f4c0    00000028                                                : udma_ch.obj (.text.Udma_chGetFqRingHandle)
                  7000f4e8    00000008     --HOLE-- [fill = 0]
                  7000f4f0    00000028                                                : udma_ring_lcdma.obj (.text.Udma_ringGetForwardRingOccLcdma)
                  7000f518    00000008     --HOLE-- [fill = 0]
                  7000f520    00000028                                                : udma_ring_lcdma.obj (.text.Udma_ringGetReverseRingOccLcdma)
                  7000f548    00000008     --HOLE-- [fill = 0]
                  7000f550    00000026                                                : csl_bcdma.obj (.text.CSL_bcdmaGetChanPeerReg)
                  7000f576    0000000a     --HOLE-- [fill = 0]
                  7000f580    00000026                                                : mmcsd_priv.obj (.text.MMCSD_parseSCRSd)
                  7000f5a6    0000000a     --HOLE-- [fill = 0]
                  7000f5b0    00000026                                                : udma_ring_lcdma.obj (.text.Udma_ringPrimeLcdma)
                  7000f5d6    0000000a     --HOLE-- [fill = 0]
                  7000f5e0    00000024                                                : ospi_dma.obj (.text.OSPI_dmaCopy)
                  7000f604    0000000c     --HOLE-- [fill = 0]
                  7000f610    00000024                                                : uart_v0.obj (.text.UART_statusIsDataReady)
                  7000f634    00000024     libclang_rt.builtins.a : aeabi_uldivmod.S.obj (.text)
                  7000f658    00000008     --HOLE-- [fill = 0]
                  7000f660    00000022     drivers.am64x.r5f.ti-arm-clang.release.lib : csl_bcdma.obj (.text.CSL_bcdmaChanOpIsChanEnabled)
                  7000f682    0000000e     --HOLE-- [fill = 0]
                  7000f690    00000022                                                : csl_bcdma.obj (.text.CSL_bcdmaSetChanPeerReg)
                  7000f6b2    0000000e     --HOLE-- [fill = 0]
                  7000f6c0    00000022                                                : ospi_v0.obj (.text.OSPI_setNumAddrBytes)
                  7000f6e2    0000000e     --HOLE-- [fill = 0]
                  7000f6f0    00000022     ti_pinmux_config.obj (.text.Pinmux_init)
                  7000f712    0000000e     --HOLE-- [fill = 0]
                  7000f720    00000022     drivers.am64x.r5f.ti-arm-clang.release.lib : udma_utils.obj (.text.Udma_virtToPhyFxn)
                  7000f742    0000000e     --HOLE-- [fill = 0]
                  7000f750    00000020                                                : csl_bcdma.obj (.text.CSL_bcdmaTeardownRxChan)
                  7000f770    00000020                                                : csl_bcdma.obj (.text.CSL_bcdmaTeardownTxChan)
                  7000f790    00000020                                                : csl_pktdma.obj (.text.CSL_pktdmaSetRxRT)
                  7000f7b0    00000020                                                : csl_pktdma.obj (.text.CSL_pktdmaSetTxRT)
                  7000f7d0    00000020     nortos.am64x.r5f.ti-arm-clang.release.lib : DebugP_log.obj (.text.DebugP_logZoneEnable)
                  7000f7f0    00000020     board.am64x.r5f.ti-arm-clang.release.lib : flash.obj (.text.Flash_getAttrs)
                  7000f810    00000020                                              : flash.obj (.text.Flash_getHandle)
                  7000f830    00000020     drivers.am64x.r5f.ti-arm-clang.release.lib : udma_utils.obj (.text.UdmaUtils_makeTrpdTr15)
                  7000f850    00000020     nortos.am64x.r5f.ti-arm-clang.release.lib : printf.obj (.text.vprintf_)
                  7000f870    00000020     libc.a : wcslen.c.obj (.text.wcslen)
                  7000f890    0000001e     board.am64x.r5f.ti-arm-clang.release.lib : flash.obj (.text.Flash_read)
                  7000f8ae    00000002     --HOLE-- [fill = 0]
                  7000f8b0    0000001e                                              : flash.obj (.text.Flash_write)
                  7000f8ce    00000002     --HOLE-- [fill = 0]
                  7000f8d0    0000001e     drivers.am64x.r5f.ti-arm-clang.release.lib : ospi_v0.obj (.text.OSPI_enableDacMode)
                  7000f8ee    00000002     --HOLE-- [fill = 0]
                  7000f8f0    0000001e     nortos.am64x.r5f.ti-arm-clang.release.lib : TimerP.obj (.text.TimerP_Params_init)
                  7000f90e    00000002     --HOLE-- [fill = 0]
                  7000f910    0000001e     drivers.am64x.r5f.ti-arm-clang.release.lib : udma_ring_lcdma.obj (.text.Udma_ringDequeueRawLcdma)
                  7000f92e    00000002     --HOLE-- [fill = 0]
                  7000f930    0000001e                                                : udma_ring_common.obj (.text.Udma_ringGetNum)
                  7000f94e    00000002     --HOLE-- [fill = 0]
                  7000f950    0000001e                                                : udma_ring_lcdma.obj (.text.Udma_ringQueueRawLcdma)
                  7000f96e    00000002     --HOLE-- [fill = 0]
                  7000f970    0000001c                                                : csl_lcdma_ringacc.obj (.text.CSL_lcdma_ringaccPush64)
                  7000f98c    00000004     --HOLE-- [fill = 0]
                  7000f990    0000001c                                                : ospi_v0.obj (.text.OSPI_setRdDataCaptureDelay)
                  7000f9ac    00000004     --HOLE-- [fill = 0]
                  7000f9b0    0000001c                                                : udma_utils.obj (.text.UdmaUtils_getRingMemSize)
                  7000f9cc    00000004     --HOLE-- [fill = 0]
                  7000f9d0    0000001c     nortos.am64x.r5f.ti-arm-clang.release.lib : boot_armv7r.obj (.text._system_pre_init)
                  7000f9ec    0000001c     libc.a : _printfi.c.obj (.text.strlen)
                  7000fa08    0000001c     libsysbm.a : memcpy32.S.obj (.text:TI_memcpy_small)
                  7000fa24    0000001c     libclang_rt.builtins.a : aeabi_memset.S.obj (.text)
                  7000fa40    0000001a     drivers.am64x.r5f.ti-arm-clang.release.lib : csl_pktdma.obj (.text.CSL_pktdmaGetChanPeerReg)
                  7000fa5a    00000006     --HOLE-- [fill = 0]
                  7000fa60    0000001a                                                : csl_pktdma.obj (.text.CSL_pktdmaSetChanPeerReg)
                  7000fa7a    00000006     --HOLE-- [fill = 0]
                  7000fa80    0000001a                                                : uart_dma.obj (.text.UART_readInterruptDma)
                  7000fa9a    00000006     --HOLE-- [fill = 0]
                  7000faa0    0000001a                                                : uart_dma.obj (.text.UART_writeInterruptDma)
                  7000faba    00000006     --HOLE-- [fill = 0]
                  7000fac0    0000001a                                                : udma_rmcfg.obj (.text.Udma_rmGetDefBoardCfgPrms)
                  7000fada    00000006     --HOLE-- [fill = 0]
                  7000fae0    00000018                                                : lpddr4.obj (.text.LPDDR4_Init)
                  7000faf8    00000008     --HOLE-- [fill = 0]
                  7000fb00    00000018                                                : ospi_v0.obj (.text.OSPI_disablePhyPipeline)
                  7000fb18    00000008     --HOLE-- [fill = 0]
                  7000fb20    00000018                                                : ospi_dma.obj (.text.OSPI_dmaClose)
                  7000fb38    00000008     --HOLE-- [fill = 0]
                  7000fb40    00000018                                                : ospi_v0.obj (.text.OSPI_enableDDR)
                  7000fb58    00000008     --HOLE-- [fill = 0]
                  7000fb60    00000018                                                : ospi_v0.obj (.text.OSPI_enableSDR)
                  7000fb78    00000008     --HOLE-- [fill = 0]
                  7000fb80    00000018                                                : ospi_v0.obj (.text.OSPI_setCmdDummyCycles)
                  7000fb98    00000008     --HOLE-- [fill = 0]
                  7000fba0    00000018                                                : sciclient_soc_priv.obj (.text.Sciclient_getDevId)
                  7000fbb8    00000008     --HOLE-- [fill = 0]
                  7000fbc0    00000018                                                : udma_ring_lcdma.obj (.text.Udma_ringGetElementCntLcdma)
                  7000fbd8    00000008     --HOLE-- [fill = 0]
                  7000fbe0    00000018                                                : udma_ring_lcdma.obj (.text.Udma_ringGetMemPtrLcdma)
                  7000fbf8    00000008     --HOLE-- [fill = 0]
                  7000fc00    00000018                                                : udma_ring_lcdma.obj (.text.Udma_ringGetModeLcdma)
                  7000fc18    00000008     --HOLE-- [fill = 0]
                  7000fc20    00000018                                                : udma_ring_lcdma.obj (.text.Udma_ringGetRdIdxLcdma)
                  7000fc38    00000008     --HOLE-- [fill = 0]
                  7000fc40    00000018                                                : udma_ring_lcdma.obj (.text.Udma_ringGetWrIdxLcdma)
                  7000fc58    00000018     libsysbm.a : memset32.S.obj (.text:TI_memset_small)
                  7000fc70    00000016     drivers.am64x.r5f.ti-arm-clang.release.lib : csl_bcdma.obj (.text.CSL_bcdmaGetRxRT)
                  7000fc86    0000000a     --HOLE-- [fill = 0]
                  7000fc90    00000016                                                : csl_bcdma.obj (.text.CSL_bcdmaGetTxRT)
                  7000fca6    0000000a     --HOLE-- [fill = 0]
                  7000fcb0    00000016                                                : csl_bcdma.obj (.text.CSL_bcdmaSetRxRT)
                  7000fcc6    0000000a     --HOLE-- [fill = 0]
                  7000fcd0    00000016                                                : csl_bcdma.obj (.text.CSL_bcdmaSetTxRT)
                  7000fce6    0000000a     --HOLE-- [fill = 0]
                  7000fcf0    00000016                                                : ospi_v0.obj (.text.OSPI_ReadCmdParams_init)
                  7000fd06    0000000a     --HOLE-- [fill = 0]
                  7000fd10    00000016                                                : ospi_v0.obj (.text.OSPI_WriteCmdParams_init)
                  7000fd26    0000000a     --HOLE-- [fill = 0]
                  7000fd30    00000014     board.am64x.r5f.ti-arm-clang.release.lib : flash.obj (.text.Flash_getPhyTuningOffset)
                  7000fd44    0000000c     --HOLE-- [fill = 0]
                  7000fd50    00000014     drivers.am64x.r5f.ti-arm-clang.release.lib : ospi_v0.obj (.text.OSPI_Transaction_init)
                  7000fd64    0000000c     --HOLE-- [fill = 0]
                  7000fd70    00000014                                                : ospi_v0.obj (.text.OSPI_setReadDummyCycles)
                  7000fd84    0000000c     --HOLE-- [fill = 0]
                  7000fd90    00000012                                                : csl_lcdma_ringacc.obj (.text.CSL_lcdma_ringaccGetReverseRingOcc)
                  7000fda2    0000000e     --HOLE-- [fill = 0]
                  7000fdb0    00000012     ti_drivers_open_close.obj (.text.Drivers_open)
                  7000fdc2    0000000e     --HOLE-- [fill = 0]
                  7000fdd0    00000012     board.am64x.r5f.ti-arm-clang.release.lib : flash.obj (.text.Flash_eraseBlk)
                  7000fde2    0000000e     --HOLE-- [fill = 0]
                  7000fdf0    00000012     drivers.am64x.r5f.ti-arm-clang.release.lib : mmcsd_v0.obj (.text.MMCSD_getBlockSize)
                  7000fe02    0000000e     --HOLE-- [fill = 0]
                  7000fe10    00000010                                                : csl_lcdma_ringacc.obj (.text.CSL_lcdma_ringaccIsTeardownComplete)
                  7000fe20    00000010                                                : csl_lcdma_ringacc.obj (.text.CSL_lcdma_ringaccPop64)
                  7000fe30    00000010                                                : lpddr4.obj (.text.LPDDR4_Probe)
                  7000fe40    00000010                                                : ospi_phy.obj (.text.OSPI_phyGetTuningData)
                  7000fe50    00000010                                                : ospi_v0.obj (.text.OSPI_setDualOpCodeMode)
                  7000fe60    00000010     nortos.am64x.r5f.ti-arm-clang.release.lib : TimerP.obj (.text.TimerP_clearOverflowInt)
                  7000fe70    00000010     drivers.am64x.r5f.ti-arm-clang.release.lib : udma_rm.obj (.text.Udma_rmTranslateCoreIntrInput)
                  7000fe80    00000010                                                : udma_rm.obj (.text.Udma_rmTranslateIrOutput)
                  7000fe90    0000000e                                                : csl_lcdma_ringacc.obj (.text.CSL_lcdma_ringaccGetForwardRingOcc)
                  7000fe9e    00000002     --HOLE-- [fill = 0]
                  7000fea0    0000000e                                                : csl_lcdma_ringacc.obj (.text.CSL_lcdma_ringaccInitRingObj)
                  7000feae    00000002     --HOLE-- [fill = 0]
                  7000feb0    0000000e     board.am64x.r5f.ti-arm-clang.release.lib : flash.obj (.text.Flash_close)
                  7000febe    00000002     --HOLE-- [fill = 0]
                  7000fec0    0000000e     ti_power_clock_config.obj (.text.PowerClock_init)
                  7000fece    00000002     --HOLE-- [fill = 0]
                  7000fed0    0000000c     nortos.am64x.r5f.ti-arm-clang.release.lib : ClockP_nortos.obj (.text.ClockP_getTicks)
                  7000fedc    00000004     --HOLE-- [fill = 0]
                  7000fee0    0000000c     drivers.am64x.r5f.ti-arm-clang.release.lib : ospi_v0.obj (.text.OSPI_getFlashDataBaseAddr)
                  7000feec    00000004     --HOLE-- [fill = 0]
                  7000fef0    0000000c                                                : sciclient.obj (.text.Sciclient_getSelfDevIdCore)
                  7000fefc    00000004     --HOLE-- [fill = 0]
                  7000ff00    0000000a                                                : csl_sec_proxy.obj (.text.CSL_secProxyGetDataAddr)
                  7000ff0a    00000006     --HOLE-- [fill = 0]
                  7000ff10    0000000a     nortos.am64x.r5f.ti-arm-clang.release.lib : ClockP_nortos.obj (.text.ClockP_Params_init)
                  7000ff1a    00000006     --HOLE-- [fill = 0]
                  7000ff20    0000000a                                               : ClockP_nortos.obj (.text.ClockP_isActive)
                  7000ff2a    00000006     --HOLE-- [fill = 0]
                  7000ff30    0000000a     drivers.am64x.r5f.ti-arm-clang.release.lib : ospi_v0.obj (.text.OSPI_setPhyEnableSuccess)
                  7000ff3a    00000006     --HOLE-- [fill = 0]
                  7000ff40    0000000a     nortos.am64x.r5f.ti-arm-clang.release.lib : TimerP.obj (.text.TimerP_start)
                  7000ff4a    00000006     --HOLE-- [fill = 0]
                  7000ff50    0000000a                                               : printf.obj (.text._out_char)
                  7000ff5a    00000006     --HOLE-- [fill = 0]
                  7000ff60    00000008     board.am64x.r5f.ti-arm-clang.release.lib : flash_nor_xspi.obj (.text.Flash_norXspiClose)
                  7000ff68    00000008     --HOLE-- [fill = 0]
                  7000ff70    00000008     drivers.am64x.r5f.ti-arm-clang.release.lib : ospi_v0.obj (.text.OSPI_setCmdExtType)
                  7000ff78    00000008     --HOLE-- [fill = 0]
                  7000ff80    00000008                                                : udma_ring_lcdma.obj (.text.Udma_ringHandleClearRegsLcdma)
                  7000ff88    00000008     --HOLE-- [fill = 0]
                  7000ff90    00000006                                                : csl_pktdma.obj (.text.CSL_pktdmaTeardownRxChan)
                  7000ff96    0000000a     --HOLE-- [fill = 0]
                  7000ffa0    00000006                                                : csl_pktdma.obj (.text.CSL_pktdmaTeardownTxChan)
                  7000ffa6    0000000a     --HOLE-- [fill = 0]
                  7000ffb0    00000006                                                : ospi_v0.obj (.text.OSPI_getXferLines)
                  7000ffb6    0000000a     --HOLE-- [fill = 0]
                  7000ffc0    00000006                                                : ospi_v0.obj (.text.OSPI_isDtrEnable)
                  7000ffc6    0000000a     --HOLE-- [fill = 0]
                  7000ffd0    00000006                                                : ospi_v0.obj (.text.OSPI_isPhyEnable)
                  7000ffd6    0000000a     --HOLE-- [fill = 0]
                  7000ffe0    00000006                                                : udma_rm.obj (.text.Udma_rmAllocFreeRing)
                  7000ffe6    0000000a     --HOLE-- [fill = 0]
                  7000fff0    00000004     ti_board_open_close.obj (.text.Board_driversOpen)
                  7000fff4    0000000c     --HOLE-- [fill = 0]
                  70010000    00000004     drivers.am64x.r5f.ti-arm-clang.release.lib : bootloader_soc.obj (.text.Bootloader_socWaitForFWBoot)
                  70010004    0000000c     --HOLE-- [fill = 0]
                  70010010    00000004                                                : lpddr4.obj (.text.CPS_UncachedRead32)
                  70010014    0000000c     --HOLE-- [fill = 0]
                  70010020    00000004                                                : lpddr4.obj (.text.CPS_UncachedWrite32)
                  70010024    0000000c     --HOLE-- [fill = 0]
                  70010030    00000004     nortos.am64x.r5f.ti-arm-clang.release.lib : ClockP_nortos_r5.obj (.text.ClockP_getTimerCount)
                  70010034    0000000c     --HOLE-- [fill = 0]
                  70010040    00000004                                               : ClockP_nortos_r5.obj (.text.ClockP_timerClearOverflowInt)
                  70010044    0000000c     --HOLE-- [fill = 0]
                  70010050    00000004     drivers.am64x.r5f.ti-arm-clang.release.lib : sciclient_rm.obj (.text.Sciclient_rmIrqSet)
                  70010054    0000000c     --HOLE-- [fill = 0]
                  70010060    00000004                                                : sciclient_rm.obj (.text.Sciclient_rmIrqTranslateIaOutput)
                  70010064    0000000c     --HOLE-- [fill = 0]
                  70010070    00000004     nortos.am64x.r5f.ti-arm-clang.release.lib : TimerP.obj (.text.TimerP_getCount)
                  70010074    0000000c     --HOLE-- [fill = 0]
                  70010080    00000004                                               : TimerP.obj (.text.TimerP_getReloadCount)
                  70010084    0000000c     --HOLE-- [fill = 0]
                  70010090    00000004     drivers.am64x.r5f.ti-arm-clang.release.lib : udma_utils.obj (.text.Udma_defaultVirtToPhyFxn)
                  70010094    0000000c     --HOLE-- [fill = 0]
                  700100a0    00000004                                                : udma_soc.obj (.text.Udma_isCacheCoherent)
                  700100a4    0000000c     --HOLE-- [fill = 0]
                  700100b0    00000004     libclang_rt.builtins.a : aeabi_div0.c.obj (.text.__aeabi_idiv0)
                  700100b4    0000000c     --HOLE-- [fill = 0]
                  700100c0    00000004                            : aeabi_div0.c.obj (.text.__aeabi_ldiv0)
                  700100c4    0000000c     --HOLE-- [fill = 0]
                  700100d0    00000002     drivers.am64x.r5f.ti-arm-clang.release.lib : mmcsd_v0.obj (.text.MMCSD_isr)
                  700100d2    0000000e     --HOLE-- [fill = 0]
                  700100e0    00000002                                                : ospi_v0.obj (.text.OSPI_isr)
                  700100e2    0000000e     --HOLE-- [fill = 0]
                  700100f0    00000002     nortos.am64x.r5f.ti-arm-clang.release.lib : SemaphoreP_nortos.obj (.text.SemaphoreP_destruct)
                  700100f2    0000000e     --HOLE-- [fill = 0]
                  70010100    00000002                                               : TaskP_nortos.obj (.text.TaskP_yield)
                  70010102    0000000e     --HOLE-- [fill = 0]
                  70010110    00000002     drivers.am64x.r5f.ti-arm-clang.release.lib : udma_utils.obj (.text.Udma_defaultPhyToVirtFxn)
                  70010112    0000000e     --HOLE-- [fill = 0]
                  70010120    00000002                                                : udma_rm.obj (.text.Udma_rmFreeFreeRing)
                  70010122    0000000e     --HOLE-- [fill = 0]
                  70010130    00000002     nortos.am64x.r5f.ti-arm-clang.release.lib : printf.obj (.text._out_null)
                  70010132    0000000e     --HOLE-- [fill = 0]
                  70010140    00000002     ti_dpl_config.obj (.text.putchar_)
                  70010142    0000000e     --HOLE-- [fill = 0]

.text.hwi 
*          0    70010150    00000770     
                  70010150    00000442     nortos.am64x.r5f.ti-arm-clang.release.lib : HwiP_armv7r_vim.obj (.text.hwi)
                  70010592    00000002     --HOLE-- [fill = 0]
                  70010594    00000008                                               : HwiP_armv7r_asm.obj (.tramp.HwiP_enableFIQ.1)
                  7001059c    00000004     --HOLE-- [fill = 0]
                  700105a0    0000022e                                               : HwiP_armv7r_handlers_nortos.obj (.text.hwi)
                  700107ce    00000002     --HOLE-- [fill = 0]
                  700107d0    00000078                                               : HwiP_armv7r_handlers_nortos_asm.obj (.text.hwi)
                  70010848    00000070                                               : HwiP_armv7r_asm.obj (.text.hwi)
                  700108b8    00000008     --HOLE-- [fill = 0]

.text.cache 
*          0    700108c0    00000460     
                  700108c0    00000340     nortos.am64x.r5f.ti-arm-clang.release.lib : CacheP_armv7r_asm.obj (.text.cache)
                  70010c00    00000106                                               : CacheP_armv7r.obj (.text.cache)
                  70010d06    00000002     --HOLE-- [fill = 0]
                  70010d08    00000008                                               : CacheP_armv7r_asm.obj (.tramp.CacheP_invL1d.1)
                  70010d10    00000008                                               : HwiP_armv7r_asm.obj (.tramp.HwiP_restore.2)
                  70010d18    00000008                                               : CacheP_armv7r_asm.obj (.tramp.CacheP_enableL1p.1)

.text.mpu 
*          0    70010d20    00000240     
                  70010d20    000001b4     nortos.am64x.r5f.ti-arm-clang.release.lib : MpuP_armv7r.obj (.text.mpu)
                  70010ed4    00000078                                               : MpuP_armv7r_asm.obj (.text.mpu)
                  70010f4c    00000008                                               : MpuP_armv7r_asm.obj (.tramp.MpuP_isEnableAsm.1)
                  70010f54    00000008                                               : HwiP_armv7r_asm.obj (.tramp.HwiP_restore.3)
                  70010f5c    00000004     --HOLE-- [fill = 0]

.text.boot 
*          0    70010f60    00000130     
                  70010f60    000000fc     nortos.am64x.r5f.ti-arm-clang.release.lib : boot_armv7r_asm.obj (.text.boot)
                  7001105c    00000004     --HOLE-- [fill = 0]
                  70011060    0000001e                                               : DebugP_log.obj (.text.boot)
                  7001107e    00000002     --HOLE-- [fill = 0]
                  70011080    0000000e     ti_dpl_config.obj (.text.boot)
                  7001108e    00000002     --HOLE-- [fill = 0]

.data      0    70011090    00002690     
                  70011090    000007ec     ti_drivers_config.obj (.data.DDRSS_phyReg)
                  7001187c    0000069c     ti_drivers_config.obj (.data.DDRSS_ctlReg)
                  70011f18    00000564     ti_drivers_config.obj (.data.DDRSS_phyIndepReg)
                  7001247c    000003f6     ti_drivers_config.obj (.data.DDRSS_phyRegNum)
                  70012872    0000034e     ti_drivers_config.obj (.data.DDRSS_ctlRegNum)
                  70012bc0    000002b2     ti_drivers_config.obj (.data.DDRSS_phyIndepRegNum)
                  70012e72    000000b8     drivers.am64x.r5f.ti-arm-clang.release.lib : sciclient_irq_rm.obj (.data.vint_usage_count_DMASS0_INTAGGR_0)
                  70012f2a    00000001                                                : sciclient.obj (.data.gSecHeaderSizeWords)
                  70012f2b    00000001     --HOLE-- [fill = 0]
                  70012f2c    0000009c                                                : mmcsd_v0.obj (.data.gMmcsdDrvObj)
                  70012fc8    0000009c                                                : ospi_v0.obj (.data.gOspiDrvObj)
                  70013064    0000009c                                                : uart_v0.obj (.data.gUartDrvObj)
                  70013100    00000080                                                : ospi_phy.obj (.data.gOspiFlashAttackVector)
                  70013180    00000080                                                : ospi_phy.obj (.data.gReadBuf)
                  70013200    00000070     ti_pinmux_config.obj (.data.gPinMuxMainDomainCfg)
                  70013270    00000060     drivers.am64x.r5f.ti-arm-clang.release.lib : sciclient_irq_rm.obj (.data.gRmIrInstances)
                  700132d0    00000058                                                : udma_rmcfg.obj (.data.gUdmaRmSharedResPrms)
                  70013328    00000054     ti_drivers_open_close.obj (.data.gUartParams)
                  7001337c    00000050     ti_dpl_config.obj (.data.gMpuRegionConfig)
                  700133cc    00000050     ti_drivers_config.obj (.data.gOspiAttrs)
                  7001341c    00000048     board.am64x.r5f.ti-arm-clang.release.lib : flash_nor_xspi_device_S28HS512T.obj (.data.gFlashNorXspiDeviceDefines_S28HS512T)
                  70013464    0000003c     ti_drivers_config.obj (.data.gMmcsdAttrs)
                  700134a0    00000030     ti_drivers_config.obj (.data.gDdrParams)
                  700134d0    00000030     ti_power_clock_config.obj (.data.gSocModulesClockFrequency)
                  70013500    00000028     board.am64x.r5f.ti-arm-clang.release.lib : flash_nor_xspi_device_S28HS512T.obj (.data.gFlashNorXspiAttrs_S28HS512T)
                  70013528    00000028     drivers.am64x.r5f.ti-arm-clang.release.lib : ospi_phy.obj (.data.gPhyTuneWindowParamsGTE133)
                  70013550    00000028                                                : ospi_phy.obj (.data.gPhyTuneWindowParamsLT133)
                  70013578    00000020     ti_drivers_config.obj (.data.gOspiDmaRestrictRegions)
                  70013598    00000020     drivers.am64x.r5f.ti-arm-clang.release.lib : sciclient_irq_rm.obj (.data.gRmIaInstances)
                  700135b8    00000020                                                : sciclient_soc_priv.obj (.data.gSciclientSecProxyCfg)
                  700135d8    00000020     ti_power_clock_config.obj (.data.gSocModules)
[...]
70011f18  DDRSS_phyIndepReg                                                             
7001247c  DDRSS_phyRegNum                                                               
70012872  DDRSS_ctlRegNum                                                               
70012bc0  DDRSS_phyIndepRegNum                                                          
70012e72  vint_usage_count_DMASS0_INTAGGR_0                                             
70013270  gRmIrInstances                                                                
700132d0  gUdmaRmSharedResPrms                                                          
70013328  gUartParams                                                                   
7001337c  gMpuRegionConfig                                                              
7001341c  gFlashNorXspiDeviceDefines_S28HS512T                                          
700134d0  gSocModulesClockFrequency                                                     
70013500  gFlashNorXspiAttrs_S28HS512T                                                  
70013528  gPhyTuneWindowParamsGTE133                                                    
70013550  gPhyTuneWindowParamsLT133                                                     
70013598  gRmIaInstances                                                                
700135b8  gSciclientSecProxyCfg                                                         
700135d8  gSocModules                                                                   
700135f8  gOspiUdma0Args                                                                
70013614  gClockConfig                                                                  
70013628  gFlashNorXspiFxns                                                             
70013650  gFlashConfig                                                                  
70013670  gAddrTranslateConfig                                                          
7001367c  gMpuConfig                                                                    
70013688  gOspiDmaUdmaFxns                                                              
70013694  gCacheConfig                                                                  
7001369c  gMmcsdConfig                                                                  
700136a4  gMmcsdParams                                                                  
700136ac  gOspiConfig                                                                   
700136b4  gOspiDmaConfig                                                                
700136cc  gUartConfig                                                                   
700136d4  __aeabi_errno                                                                 
700136d8  gCacheL1dCacheLineSize                                                        
700136dc  gCacheL1pCacheLineSize                                                        
700136e0  gDebugLogZone                                                                 
700136e4  gFlashConfigNum                                                               
700136e8  gHwiConfig                                                                    
700136ec  gMmcsdConfigNum                                                               
700136f0  gOspiConfigNum                                                                
700136f4  gOspiDmaConfigNum                                                             
700136f8  gOspiParams                                                                   
700136fc  gPhyTuneWindowParams                                                          
70013714  gUartConfigNum                                                                
70013718  gUartDmaConfigNum                                                             
70013920  gUdmaRmDefBoardCfg_Pktdma                                                     
70013c68  gUdmaTxMappedChRingAttributes                                                 
70014008  gSciclientMap                                                                 
70014238  CMP_EVENT_INTROUTER0_outp_0_15_to_GICSS0_spi_48_63                            
70014240  __aeabi_ctype_table_                                                          
70014240  __aeabi_ctype_table_C                                                         
70014654  gUdmaRxMappedChRingAttributes                                                 
700146f0  gUdmaRmDefBoardCfg_Bcdma                                                      
700148d0  tisci_if_TIMESYNC_EVENT_INTROUTER0                                            
700149f8  gRmIrqTree                                                                    
70014bb4  tisci_if_MAIN_GPIOMUX_INTROUTER0                                              
70014c18  tisci_if_DMASS0_INTAGGR_0                                                     
70014ca0  tisci_if_MCU_MCU_GPIOMUX_INTROUTER0                                           
70014d08  tisci_if_CPTS0                                                                
70014d28  tisci_if_PRU_ICSSG0                                                           
70014d44  tisci_if_PRU_ICSSG1                                                           
70014d78  tisci_if_CMP_EVENT_INTROUTER0                                                 
70014d90  tisci_if_PCIE0                                                                
70014db8  tisci_if_CPSW0                                                                
70014dc8  CMP_EVENT_INTROUTER0_outp_16_23_to_R5FSS0_CORE0_intr_48_55                    
70014dd0  CMP_EVENT_INTROUTER0_outp_16_23_to_R5FSS0_CORE1_intr_48_55                    
70014dd8  CMP_EVENT_INTROUTER0_outp_24_31_to_R5FSS1_CORE0_intr_48_55                    
70014de0  CMP_EVENT_INTROUTER0_outp_24_31_to_R5FSS1_CORE1_intr_48_55                    
70014de8  CMP_EVENT_INTROUTER0_outp_32_39_to_DMASS0_INTAGGR_0_intaggr_levi_pend_0_7     
70014df0  CPSW0_cpts_comp_0_0_to_CMP_EVENT_INTROUTER0_in_80_80                          
70014df8  CPSW0_cpts_genf0_1_1_to_TIMESYNC_EVENT_INTROUTER0_in_21_21                    
70014e00  CPSW0_cpts_genf1_2_2_to_TIMESYNC_EVENT_INTROUTER0_in_22_22                    
70014e08  CPSW0_cpts_sync_3_3_to_TIMESYNC_EVENT_INTROUTER0_in_34_34                     
70014e10  CPTS0_cpts_comp_0_0_to_CMP_EVENT_INTROUTER0_in_82_82                          
70014e18  CPTS0_cpts_genf0_1_1_to_TIMESYNC_EVENT_INTROUTER0_in_16_16                    
70014e20  CPTS0_cpts_genf1_2_2_to_TIMESYNC_EVENT_INTROUTER0_in_17_17                    
70014e28  CPTS0_cpts_genf2_3_3_to_TIMESYNC_EVENT_INTROUTER0_in_18_18                    
70014e30  CPTS0_cpts_genf3_4_4_to_TIMESYNC_EVENT_INTROUTER0_in_19_19                    
70014e38  CPTS0_cpts_genf4_5_5_to_TIMESYNC_EVENT_INTROUTER0_in_20_20                    
70014e40  CPTS0_cpts_genf5_6_6_to_TIMESYNC_EVENT_INTROUTER0_in_24_24                    
70014e48  CPTS0_cpts_sync_7_7_to_TIMESYNC_EVENT_INTROUTER0_in_35_35                     
70014e50  DMASS0_INTAGGR_0_intaggr_vintr_pend_0_39_to_GICSS0_spi_64_103                 
70014e58  DMASS0_INTAGGR_0_intaggr_vintr_pend_120_127_to_R5FSS1_CORE0_intr_8_15         
70014e60  DMASS0_INTAGGR_0_intaggr_vintr_pend_128_135_to_R5FSS1_CORE1_intr_8_15         
70014e68  DMASS0_INTAGGR_0_intaggr_vintr_pend_152_159_to_PRU_ICSSG0_pr1_slv_intr_16_23  
70014e70  DMASS0_INTAGGR_0_intaggr_vintr_pend_160_167_to_PRU_ICSSG1_pr1_slv_intr_16_23  
70014e78  DMASS0_INTAGGR_0_intaggr_vintr_pend_168_183_to_MCU_M4FSS0_CORE0_nvic_32_47    
70014e80  DMASS0_INTAGGR_0_intaggr_vintr_pend_40_71_to_R5FSS0_CORE0_intr_64_95          
70014e88  DMASS0_INTAGGR_0_intaggr_vintr_pend_40_71_to_R5FSS0_CORE1_intr_64_95          
70014e90  DMASS0_INTAGGR_0_intaggr_vintr_pend_72_79_to_R5FSS0_CORE0_intr_8_15           
70014e98  DMASS0_INTAGGR_0_intaggr_vintr_pend_80_87_to_R5FSS0_CORE1_intr_8_15           
70014ea0  DMASS0_INTAGGR_0_intaggr_vintr_pend_88_119_to_R5FSS1_CORE0_intr_64_95         
70014ea8  DMASS0_INTAGGR_0_intaggr_vintr_pend_88_119_to_R5FSS1_CORE1_intr_64_95         
70014eb0  EPWM0_epwm_synco_o_0_0_to_TIMESYNC_EVENT_INTROUTER0_in_39_39                  
70014eb8  EPWM3_epwm_synco_o_0_0_to_TIMESYNC_EVENT_INTROUTER0_in_40_40                  
70014ec0  EPWM6_epwm_synco_o_0_0_to_TIMESYNC_EVENT_INTROUTER0_in_41_41                  
70014ec8  GPIO0_gpio_0_89_to_MAIN_GPIOMUX_INTROUTER0_in_0_89                            
70014ed0  GPIO0_gpio_bank_90_98_to_MAIN_GPIOMUX_INTROUTER0_in_190_198                   
70014ed8  GPIO1_gpio_0_89_to_MAIN_GPIOMUX_INTROUTER0_in_90_179                          
70014ee0  GPIO1_gpio_bank_90_98_to_MAIN_GPIOMUX_INTROUTER0_in_180_188                   
70014ee8  GPMC0_gpmc_sdmareq_0_0_to_DMASS0_INTAGGR_0_intaggr_levi_pend_29_29            
70014ef0  GTC0_gtc_push_event_0_0_to_TIMESYNC_EVENT_INTROUTER0_in_36_36                 
70014ef8  MAIN_GPIOMUX_INTROUTER0_outp_0_15_to_GICSS0_spi_32_47                         
70014f00  MAIN_GPIOMUX_INTROUTER0_outp_0_15_to_R5FSS0_CORE0_intr_32_47                  
70014f08  MAIN_GPIOMUX_INTROUTER0_outp_0_15_to_R5FSS0_CORE1_intr_32_47                  
70014f10  MAIN_GPIOMUX_INTROUTER0_outp_0_15_to_R5FSS1_CORE0_intr_32_47                  
70014f18  MAIN_GPIOMUX_INTROUTER0_outp_0_15_to_R5FSS1_CORE1_intr_32_47                  
70014f20  MAIN_GPIOMUX_INTROUTER0_outp_16_17_to_DMASS0_INTAGGR_0_intaggr_levi_pend_24_25
70014f28  MAIN_GPIOMUX_INTROUTER0_outp_18_23_to_PRU_ICSSG0_pr1_iep0_cap_intr_req_4_9    
70014f30  MAIN_GPIOMUX_INTROUTER0_outp_18_23_to_PRU_ICSSG1_pr1_iep0_cap_intr_req_4_9    
70014f38  MAIN_GPIOMUX_INTROUTER0_outp_24_29_to_PRU_ICSSG0_pr1_iep1_cap_intr_req_10_15  
70014f40  MAIN_GPIOMUX_INTROUTER0_outp_24_29_to_PRU_ICSSG1_pr1_iep1_cap_intr_req_10_15  
70014f48  MAIN_GPIOMUX_INTROUTER0_outp_30_37_to_DMASS0_INTAGGR_0_intaggr_levi_pend_16_23
70014f50  MAIN_GPIOMUX_INTROUTER0_outp_38_45_to_PRU_ICSSG0_pr1_slv_intr_46_53           
70014f58  MAIN_GPIOMUX_INTROUTER0_outp_46_53_to_PRU_ICSSG1_pr1_slv_intr_46_53           
70014f60  MCU_GPIO0_gpio_0_29_to_MCU_MCU_GPIOMUX_INTROUTER0_in_0_29                     
70014f68  MCU_GPIO0_gpio_bank_30_31_to_MCU_MCU_GPIOMUX_INTROUTER0_in_30_31              
70014f70  MCU_MCU_GPIOMUX_INTROUTER0_outp_0_3_to_GICSS0_spi_104_107                     
70014f78  MCU_MCU_GPIOMUX_INTROUTER0_outp_0_3_to_R5FSS0_CORE0_intr_104_107              
70014f80  MCU_MCU_GPIOMUX_INTROUTER0_outp_0_3_to_R5FSS0_CORE1_intr_104_107              
70014f88  MCU_MCU_GPIOMUX_INTROUTER0_outp_0_3_to_R5FSS1_CORE0_intr_104_107              
70014f90  MCU_MCU_GPIOMUX_INTROUTER0_outp_0_3_to_R5FSS1_CORE1_intr_104_107              
70014f98  MCU_MCU_GPIOMUX_INTROUTER0_outp_4_7_to_MCU_M4FSS0_CORE0_nvic_0_3              
70014fa0  MCU_MCU_GPIOMUX_INTROUTER0_outp_8_11_to_MCU_ESM0_esm_pls_event0_88_91         
70014fa8  MCU_MCU_GPIOMUX_INTROUTER0_outp_8_11_to_MCU_ESM0_esm_pls_event1_92_95         
70014fb0  MCU_MCU_GPIOMUX_INTROUTER0_outp_8_11_to_MCU_ESM0_esm_pls_event2_96_99         
70014fb8  PCIE0_pcie_cpts_comp_0_0_to_CMP_EVENT_INTROUTER0_in_81_81                     
70014fc0  PCIE0_pcie_cpts_genf0_1_1_to_TIMESYNC_EVENT_INTROUTER0_in_23_23               
70014fc8  PCIE0_pcie_cpts_hw1_push_2_2_to_TIMESYNC_EVENT_INTROUTER0_in_37_37            
70014fd0  PCIE0_pcie_cpts_sync_3_3_to_TIMESYNC_EVENT_INTROUTER0_in_33_33                
70014fd8  PCIE0_pcie_ptm_valid_pulse_4_4_to_TIMESYNC_EVENT_INTROUTER0_in_38_38          
70014fe0  PRU_ICSSG0_pr1_edc0_sync0_out_0_0_to_TIMESYNC_EVENT_INTROUTER0_in_25_25       
70014fe8  PRU_ICSSG0_pr1_edc0_sync1_out_1_1_to_TIMESYNC_EVENT_INTROUTER0_in_26_26       
70014ff0  PRU_ICSSG0_pr1_edc1_sync0_out_2_2_to_TIMESYNC_EVENT_INTROUTER0_in_27_27       
70014ff8  PRU_ICSSG0_pr1_edc1_sync1_out_3_3_to_TIMESYNC_EVENT_INTROUTER0_in_28_28       
70015000  PRU_ICSSG0_pr1_host_intr_req_4_11_to_CMP_EVENT_INTROUTER0_in_0_7              
70015008  PRU_ICSSG0_pr1_iep0_cmp_intr_req_12_27_to_CMP_EVENT_INTROUTER0_in_16_31       
70015010  PRU_ICSSG0_pr1_iep1_cmp_intr_req_28_43_to_CMP_EVENT_INTROUTER0_in_32_47       
70015018  PRU_ICSSG1_pr1_edc0_sync0_out_0_0_to_TIMESYNC_EVENT_INTROUTER0_in_29_29       
70015020  PRU_ICSSG1_pr1_edc0_sync1_out_1_1_to_TIMESYNC_EVENT_INTROUTER0_in_30_30       
70015028  PRU_ICSSG1_pr1_edc1_sync0_out_2_2_to_TIMESYNC_EVENT_INTROUTER0_in_31_31       
70015030  PRU_ICSSG1_pr1_edc1_sync1_out_3_3_to_TIMESYNC_EVENT_INTROUTER0_in_32_32       
70015038  PRU_ICSSG1_pr1_host_intr_req_4_11_to_CMP_EVENT_INTROUTER0_in_8_15             
70015040  PRU_ICSSG1_pr1_iep0_cmp_intr_req_12_27_to_CMP_EVENT_INTROUTER0_in_48_63       
70015048  PRU_ICSSG1_pr1_iep1_cmp_intr_req_28_43_to_CMP_EVENT_INTROUTER0_in_64_79       
70015050  TIMER0_timer_pwm_0_0_to_TIMESYNC_EVENT_INTROUTER0_in_0_0                      
70015058  TIMER1_timer_pwm_0_0_to_TIMESYNC_EVENT_INTROUTER0_in_1_1                      
70015060  TIMER2_timer_pwm_0_0_to_TIMESYNC_EVENT_INTROUTER0_in_2_2                      
70015068  TIMER3_timer_pwm_0_0_to_TIMESYNC_EVENT_INTROUTER0_in_3_3                      
70015070  TIMESYNC_EVENT_INTROUTER0_outl_0_7_to_DMASS0_INTAGGR_0_intaggr_levi_pend_8_15 
70015078  TIMESYNC_EVENT_INTROUTER0_outl_10_10_to_PRU_ICSSG0_pr1_edc1_latch0_in_2_2     
70015080  TIMESYNC_EVENT_INTROUTER0_outl_11_11_to_PRU_ICSSG0_pr1_edc1_latch1_in_3_3     
70015088  TIMESYNC_EVENT_INTROUTER0_outl_12_12_to_PRU_ICSSG1_pr1_edc0_latch0_in_0_0     
70015090  TIMESYNC_EVENT_INTROUTER0_outl_13_13_to_PRU_ICSSG1_pr1_edc0_latch1_in_1_1     
70015098  TIMESYNC_EVENT_INTROUTER0_outl_14_14_to_PRU_ICSSG1_pr1_edc1_latch0_in_2_2     
700150a0  TIMESYNC_EVENT_INTROUTER0_outl_15_15_to_PRU_ICSSG1_pr1_edc1_latch1_in_3_3     
700150a8  TIMESYNC_EVENT_INTROUTER0_outl_16_16_to_CPTS0_cpts_hw1_push_0_0               
700150b0  TIMESYNC_EVENT_INTROUTER0_outl_17_17_to_CPTS0_cpts_hw2_push_1_1               
700150b8  TIMESYNC_EVENT_INTROUTER0_outl_18_18_to_CPTS0_cpts_hw3_push_2_2               
700150c0  TIMESYNC_EVENT_INTROUTER0_outl_19_19_to_CPTS0_cpts_hw4_push_3_3               
700150c8  TIMESYNC_EVENT_INTROUTER0_outl_20_20_to_CPTS0_cpts_hw5_push_4_4               
700150d0  TIMESYNC_EVENT_INTROUTER0_outl_21_21_to_CPTS0_cpts_hw6_push_5_5               
700150d8  TIMESYNC_EVENT_INTROUTER0_outl_22_22_to_CPTS0_cpts_hw7_push_6_6               
700150e0  TIMESYNC_EVENT_INTROUTER0_outl_23_23_to_CPTS0_cpts_hw8_push_7_7               
700150e8  TIMESYNC_EVENT_INTROUTER0_outl_29_29_to_PCIE0_pcie_cpts_hw2_push_0_0          
700150f0  TIMESYNC_EVENT_INTROUTER0_outl_30_30_to_CPSW0_cpts_hw1_push_0_0               
700150f8  TIMESYNC_EVENT_INTROUTER0_outl_31_31_to_CPSW0_cpts_hw2_push_1_1               
70015100  TIMESYNC_EVENT_INTROUTER0_outl_32_32_to_CPSW0_cpts_hw3_push_2_2               
70015108  TIMESYNC_EVENT_INTROUTER0_outl_33_33_to_CPSW0_cpts_hw4_push_3_3               
70015110  TIMESYNC_EVENT_INTROUTER0_outl_34_34_to_CPSW0_cpts_hw5_push_4_4               
70015118  TIMESYNC_EVENT_INTROUTER0_outl_35_35_to_CPSW0_cpts_hw6_push_5_5               
70015120  TIMESYNC_EVENT_INTROUTER0_outl_36_36_to_CPSW0_cpts_hw7_push_6_6               
70015128  TIMESYNC_EVENT_INTROUTER0_outl_37_37_to_CPSW0_cpts_hw8_push_7_7               
70015130  TIMESYNC_EVENT_INTROUTER0_outl_8_8_to_PRU_ICSSG0_pr1_edc0_latch0_in_0_0       
70015138  TIMESYNC_EVENT_INTROUTER0_outl_9_9_to_PRU_ICSSG0_pr1_edc0_latch1_in_1_1       
70015140  tisci_if_GPIO0                                                                
70015148  tisci_if_GPIO1                                                                
70015150  tisci_if_MCU_GPIO0                                                            
70015210  gRmIrqTreeCount                                                               
70015214  tisci_if_EPWM0                                                                
70015218  tisci_if_EPWM3                                                                
7001521c  tisci_if_EPWM6                                                                
70015220  tisci_if_GPMC0                                                                
70015224  tisci_if_GTC0                                                                 
70015228  tisci_if_TIMER0                                                               
7001522c  tisci_if_TIMER1                                                               
70015230  tisci_if_TIMER2                                                               
70015234  tisci_if_TIMER3                                                               
70080000  __BSS_START                                                                   
70080000  __start___llvm_prf_cnts                                                       
70080000  __stop___llvm_prf_cnts                                                        
70080000  gUniflashVerifyBuf                                                            
70088000  gHwiCtrl                                                                      
70089008  gUdmaDrvObj                                                                   
7008a410  gClockCtrl                                                                    
7008a614  gADMA2Desc                                                                    
7008a620  gFlashObject_S28HS512T                                                        
7008a62c  gFlashHandle                                                                  
7008a630  gMmcsdHandle                                                                  
7008a634  gOspiHandle                                                                   
7008a638  gUartHandle                                                                   
7008a680  __BSS_END                                                                     
7008a680  _sys_memory                                                                   
70092680  __stack                                                                       
70096680  __IRQ_STACK_START                                                             
70096680  __STACK_END                                                                   
70097680  __FIQ_STACK_START                                                             
70097680  __IRQ_STACK_END                                                               
70097780  __FIQ_STACK_END                                                               
70097780  __SVC_STACK_START                                                             
70097880  __ABORT_STACK_START                                                           
70097880  __SVC_STACK_END                                                               
70097980  __ABORT_STACK_END                                                             
70097980  __UNDEFINED_STACK_START                                                       
70097a80  __UNDEFINED_STACK_END                                                         
80000000  gUniflashFileBuf                                                              
ffffffff  __TI_pprof_out_hndl                                                           
ffffffff  __TI_prof_data_size                                                           
ffffffff  __TI_prof_data_start                                                          
ffffffff  __binit__                                                                     
ffffffff  binit                                                                         
UNDEFED   __TI_CINIT_Base                                                               
UNDEFED   __TI_CINIT_Limit                                                              
UNDEFED   __TI_Handler_Table_Base                                                       
UNDEFED   __TI_Handler_Table_Limit                                                      
UNDEFED   _system_post_cinit                                                            

[637 symbols]
